Component: ARM Compiler 5.06 update 4 (build 422) Tool: armlink [4d35d2]

==============================================================================

Section Cross References

    bsd_server.o(.text) refers to net_bsd.o(i.socket) for socket
    bsd_server.o(.text) refers to net_bsd.o(i.bind) for bind
    bsd_server.o(.text) refers to net_bsd.o(i.listen) for listen
    bsd_server.o(.text) refers to net_bsd.o(i.accept) for accept
    bsd_server.o(.text) refers to net_bsd.o(i.closesocket) for closesocket
    bsd_server.o(.text) refers to net_bsd.o(i.recv) for recv
    bsd_server.o(.text) refers to led_mcb1700.o(.text) for LED_SetOut
    bsd_server.o(.text) refers to glcd_mcb1700.o(.text) for GLCD_Initialize
    bsd_server.o(.text) refers to net_sys.o(i.net_initialize) for net_initialize
    bsd_server.o(.text) refers to rt_cmsis.o(i.osThreadCreate) for osThreadCreate
    bsd_server.o(.text) refers to net_sys.o(i.net_main) for net_main
    bsd_server.o(.text) refers to rt_cmsis.o(i.osThreadYield) for osThreadYield
    bsd_server.o(.text) refers to glcd_fonts.o(.constdata) for GLCD_Font_16x24
    bsd_server.o(.text) refers to bsd_server.o(.constdata) for .constdata
    bsd_server.o(.constdata) refers to bsd_server.o(.text) for Server
    glcd_fonts.o(.constdata) refers to glcd_fonts.o(.constdata) for Font_6x8_h
    glcd_fonts.o(.constdata) refers to glcd_fonts.o(.constdata) for Font_16x24_h
    glcd_mcb1700.o(.text) refers to gpio_lpc17xx.o(.text) for GPIO_SetDir
    glcd_mcb1700.o(.text) refers to pin_lpc17xx.o(.text) for PIN_Configure
    glcd_mcb1700.o(.text) refers to glcd_mcb1700.o(.data) for .data
    glcd_mcb1700.o(.text) refers to ssp_lpc17xx.o(.constdata) for Driver_SPI1
    glcd_mcb1700.o(.text) refers to system_lpc17xx.o(.data) for SystemCoreClock
    led_mcb1700.o(.text) refers to gpio_lpc17xx.o(.text) for GPIO_PortClock
    led_mcb1700.o(.text) refers to pin_lpc17xx.o(.text) for PIN_Configure
    led_mcb1700.o(.text) refers to led_mcb1700.o(.constdata) for .constdata
    rtx_conf_cm.o(.ARM.Collect$$$$000000FF) refers to rt_cmsis.o(i.osKernelInitialize) for osKernelInitialize
    rtx_conf_cm.o(.ARM.Collect$$$$000000FF) refers to rt_cmsis.o(i.osThreadCreate) for osThreadCreate
    rtx_conf_cm.o(.ARM.Collect$$$$000000FF) refers to rt_cmsis.o(i.osKernelStart) for osKernelStart
    rtx_conf_cm.o(.ARM.Collect$$$$000000FF) refers to rtx_conf_cm.o(.constdata) for .constdata
    rtx_conf_cm.o(.constdata) refers to bsd_server.o(.text) for main
    rtx_conf_cm.o(.constdata) refers to rt_cmsis.o(i.osTimerThread) for osTimerThread
    rtx_conf_cm.o(.constdata) refers to rtx_conf_cm.o(.bss) for os_messageQ_q_osTimerMessageQ
    emac_lpc17xx.o(.text) refers to gpio_lpc17xx.o(.text) for GPIO_PinWrite
    emac_lpc17xx.o(.text) refers to pin_lpc17xx.o(.text) for PIN_Configure
    emac_lpc17xx.o(.text) refers to emac_lpc17xx.o(.data) for .data
    emac_lpc17xx.o(.text) refers to emac_lpc17xx.o(.bss) for .bss
    emac_lpc17xx.o(.text) refers to emac_lpc17xx.o(.constdata) for .constdata
    emac_lpc17xx.o(.text) refers to system_lpc17xx.o(.data) for SystemCoreClock
    emac_lpc17xx.o(.text) refers to rt_cmsis.o(i.osKernelSysTick) for osKernelSysTick
    emac_lpc17xx.o(.text) refers to rtx_conf_cm.o(.constdata) for os_tickus_i
    emac_lpc17xx.o(.text) refers to rtx_conf_cm.o(.constdata) for os_tickus_f
    emac_lpc17xx.o(.constdata) refers to emac_lpc17xx.o(.text) for GetVersion
    ssp_lpc17xx.o(.text) refers to memseta.o(.text) for __aeabi_memclr4
    ssp_lpc17xx.o(.text) refers to pin_lpc17xx.o(.text) for PIN_Configure
    ssp_lpc17xx.o(.text) refers to gpdma_lpc17xx.o(.text) for GPDMA_Initialize
    ssp_lpc17xx.o(.text) refers to system_lpc17xx.o(.data) for SystemCoreClock
    ssp_lpc17xx.o(.text) refers to ssp_lpc17xx.o(.constdata) for .constdata
    ssp_lpc17xx.o(.text) refers to ssp_lpc17xx.o(.data) for .data
    ssp_lpc17xx.o(.text) refers to gpio_lpc17xx.o(.text) for GPIO_PinWrite
    ssp_lpc17xx.o(.constdata) refers to ssp_lpc17xx.o(.data) for SSP1_pin_ssel
    ssp_lpc17xx.o(.constdata) refers to ssp_lpc17xx.o(.data) for SSP1_pin_sck
    ssp_lpc17xx.o(.constdata) refers to ssp_lpc17xx.o(.data) for SSP1_pin_miso
    ssp_lpc17xx.o(.constdata) refers to ssp_lpc17xx.o(.data) for SSP1_pin_mosi
    ssp_lpc17xx.o(.constdata) refers to ssp_lpc17xx.o(.text) for SSP1_GPDMA_Tx_SignalEvent
    ssp_lpc17xx.o(.constdata) refers to ssp_lpc17xx.o(.bss) for SSP1_Info
    ssp_lpc17xx.o(.constdata) refers to ssp_lpc17xx.o(.bss) for SSP1_Xfer
    ssp_lpc17xx.o(.constdata) refers to ssp_lpc17xx.o(.text) for SSP_GetVersion
    phy_dp83848c.o(.text) refers to phy_dp83848c.o(.constdata) for .constdata
    phy_dp83848c.o(.text) refers to phy_dp83848c.o(.bss) for .bss
    phy_dp83848c.o(.constdata) refers to phy_dp83848c.o(.text) for GetVersion
    gpdma_lpc17xx.o(.text) refers to gpdma_lpc17xx.o(.data) for .data
    gpdma_lpc17xx.o(.text) refers to gpdma_lpc17xx.o(.bss) for .bss
[...]
    DriverCapabilities                       0x000089f0   Data           4  emac_lpc17xx.o(.constdata)
    .constdata                               0x000089f4   Section       68  emac_lpc17xx.o(.constdata)
    .constdata                               0x00008a38   Section       80  ssp_lpc17xx.o(.constdata)
    DriverVersion                            0x00008a38   Data           4  ssp_lpc17xx.o(.constdata)
    DriverCapabilities                       0x00008a3c   Data           4  ssp_lpc17xx.o(.constdata)
    SSP1_Resources                           0x00008a40   Data          72  ssp_lpc17xx.o(.constdata)
    .constdata                               0x00008a88   Section       44  ssp_lpc17xx.o(.constdata)
    .constdata                               0x00008ab4   Section        4  phy_dp83848c.o(.constdata)
    DriverVersion                            0x00008ab4   Data           4  phy_dp83848c.o(.constdata)
    .constdata                               0x00008ab8   Section       32  phy_dp83848c.o(.constdata)
    .constdata                               0x00008ad8   Section       60  net_config.o(.constdata)
    .constdata                               0x00008b14   Section       16  net_config.o(.constdata)
    .constdata                               0x00008b24   Section       40  net_config.o(.constdata)
    .constdata                               0x00008b4c   Section        8  net_config.o(.constdata)
    .constdata                               0x00008b54   Section       24  net_config.o(.constdata)
    .constdata                               0x00008b6c   Section        8  net_config.o(.constdata)
    .constdata                               0x00008b74   Section       28  net_eth.o(.constdata)
    link_evt                                 0x00008b7a   Data           6  net_eth.o(.constdata)
    .constdata                               0x00008b90   Section        8  net_ip.o(.constdata)
    ip_lhost                                 0x00008b94   Data           4  net_ip.o(.constdata)
    .constdata                               0x00008b98   Section        4  net_bsd.o(.constdata)
    .constdata                               0x00008b9c   Section        8  net_sys.o(.constdata)
    .constdata                               0x00008ba4   Section        4  net_mem.o(.constdata)
    .constdata                               0x00008ba8   Section        8  net_addr4.o(.constdata)
    .data                                    0x10000000   Section       20  glcd_mcb1700.o(.data)
    Himax                                    0x10000000   Data           1  glcd_mcb1700.o(.data)
    foreground_color                         0x10000002   Data           2  glcd_mcb1700.o(.data)
    background_color                         0x10000004   Data           2  glcd_mcb1700.o(.data)
    active_font                              0x10000008   Data           4  glcd_mcb1700.o(.data)
    spi1_pins                                0x1000000c   Data           8  glcd_mcb1700.o(.data)
    .data                                    0x10000014   Section        4  rtx_conf_cm.o(.data)
    .data                                    0x10000018   Section        4  rtx_conf_cm.o(.data)
    .data                                    0x1000001c   Section        4  rtx_conf_cm.o(.data)
    .data                                    0x10000020   Section       24  emac_lpc17xx.o(.data)
    eth_pins                                 0x10000024   Data          20  emac_lpc17xx.o(.data)
    .data                                    0x10000038   Section        2  ssp_lpc17xx.o(.data)
    SSP1_pin_sck                             0x10000038   Data           2  ssp_lpc17xx.o(.data)
    .data                                    0x1000003a   Section        2  ssp_lpc17xx.o(.data)
    SSP1_pin_miso                            0x1000003a   Data           2  ssp_lpc17xx.o(.data)
    .data                                    0x1000003c   Section        2  ssp_lpc17xx.o(.data)
    SSP1_pin_mosi                            0x1000003c   Data           2  ssp_lpc17xx.o(.data)
    .data                                    0x1000003e   Section        2  ssp_lpc17xx.o(.data)
    SSP1_pin_ssel                            0x1000003e   Data           2  ssp_lpc17xx.o(.data)
    .data                                    0x10000040   Section        8  ssp_lpc17xx.o(.data)
    dummy_data                               0x10000040   Data           4  ssp_lpc17xx.o(.data)
    dummy_data                               0x10000044   Data           4  ssp_lpc17xx.o(.data)
    .data                                    0x10000048   Section        8  gpdma_lpc17xx.o(.data)
    Channel_active                           0x10000048   Data           4  gpdma_lpc17xx.o(.data)
    Init_cnt                                 0x1000004c   Data           4  gpdma_lpc17xx.o(.data)
    .data                                    0x10000050   Section        4  system_lpc17xx.o(.data)
    .data                                    0x10000054   Section       16  net_config.o(.data)
    .data                                    0x10000064   Section        6  net_config.o(.data)
    eth0_mac_addr                            0x10000064   Data           6  net_config.o(.data)
    .data                                    0x1000006c   Section        8  rt_cmsis.o(.data)
    .data                                    0x10000074   Section        4  net_eth.o(.data)
    eth_thread_id                            0x10000074   Data           4  net_eth.o(.data)
    .data                                    0x10000078   Section        8  net_arp.o(.data)
    entry                                    0x10000078   Data           1  net_arp.o(.data)
    probe_ip                                 0x1000007c   Data           4  net_arp.o(.data)
    .data                                    0x10000080   Section        2  net_udp.o(.data)
    port                                     0x10000080   Data           2  net_udp.o(.data)
    .data                                    0x10000082   Section        4  net_tcp.o(.data)
    socket                                   0x10000082   Data           1  net_tcp.o(.data)
    no_ack                                   0x10000083   Data           1  net_tcp.o(.data)
    port                                     0x10000084   Data           2  net_tcp.o(.data)
    .data                                    0x10000088   Section        4  net_bsd.o(.data)
    mutex_id                                 0x10000088   Data           4  net_bsd.o(.data)
    .data                                    0x1000008c   Section        8  rt_task.o(.data)
    .data                                    0x10000094   Section        8  rt_system.o(.data)
    os_lock                                  0x10000094   Data           1  rt_system.o(.data)
    os_psh_flag                              0x10000095   Data           1  rt_system.o(.data)
    pend_flags                               0x10000096   Data           1  rt_system.o(.data)
    .data                                    0x1000009c   Section        4  rt_time.o(.data)
    .data                                    0x100000a0   Section        1  hal_cm.o(.data)
    .data                                    0x100000a4   Section        8  rt_robin.o(.data)
    .bss                                     0x100000ac   Section       32  rtx_conf_cm.o(.bss)
    .bss                                     0x100000cc   Section      272  rtx_conf_cm.o(.bss)
    .bss                                     0x100001e0   Section     1232  rtx_conf_cm.o(.bss)
    .bss                                     0x100006b0   Section     1032  rtx_conf_cm.o(.bss)
    .bss                                     0x10000ab8   Section      132  rtx_conf_cm.o(.bss)
    .bss                                     0x10000b3c   Section       20  rtx_conf_cm.o(.bss)
    .bss                                     0x10000b50   Section    10868  emac_lpc17xx.o(.bss)
    emac_control                             0x10000b50   Data          16  emac_lpc17xx.o(.bss)
    Rx_Desc                                  0x10000b60   Data          32  emac_lpc17xx.o(.bss)
    Rx_Stat                                  0x10000b80   Data          32  emac_lpc17xx.o(.bss)
    Tx_Desc                                  0x10000ba0   Data          24  emac_lpc17xx.o(.bss)
    Tx_Stat                                  0x10000bb8   Data          12  emac_lpc17xx.o(.bss)
    rx_buf                                   0x10000bc4   Data        6144  emac_lpc17xx.o(.bss)
    tx_buf                                   0x100023c4   Data        4608  emac_lpc17xx.o(.bss)
    .bss                                     0x100035c4   Section       12  ssp_lpc17xx.o(.bss)
    SSP1_Info                                0x100035c4   Data          12  ssp_lpc17xx.o(.bss)
    .bss                                     0x100035d0   Section       28  ssp_lpc17xx.o(.bss)
    SSP1_Xfer                                0x100035d0   Data          28  ssp_lpc17xx.o(.bss)
    .bss                                     0x100035ec   Section       12  phy_dp83848c.o(.bss)
    PHY                                      0x100035ec   Data          12  phy_dp83848c.o(.bss)
    .bss                                     0x100035f8   Section      160  gpdma_lpc17xx.o(.bss)
    Channel_info                             0x100035f8   Data         160  gpdma_lpc17xx.o(.bss)
    .bss                                     0x10003698   Section     8000  net_config.o(.bss)
    mem_pool                                 0x10003698   Data        8000  net_config.o(.bss)
    .bss                                     0x100055d8   Section      140  net_config.o(.bss)
    eth0_arp_table                           0x100055d8   Data         140  net_config.o(.bss)
    .bss                                     0x10005664   Section       60  net_config.o(.bss)
    udp_scb                                  0x10005664   Data          60  net_config.o(.bss)
    .bss                                     0x100056a0   Section      340  net_config.o(.bss)
    tcp_scb                                  0x100056a0   Data         340  net_config.o(.bss)
    .bss                                     0x100057f4   Section      108  net_config.o(.bss)
    bsd_scb                                  0x100057f4   Data         108  net_config.o(.bss)
    .bss                                     0x10005860   Section      136  net_eth.o(.bss)
    .bss                                     0x100058e8   Section       12  net_ip.o(.bss)
    ip_control                               0x100058e8   Data          12  net_ip.o(.bss)
    .bss                                     0x100058f4   Section       16  net_icmp.o(.bss)
    icmp_control                             0x100058f4   Data          16  net_icmp.o(.bss)
    .bss                                     0x10005904   Section       16  net_bsd.o(.bss)
    os_mutex_cb_bsd_lock                     0x10005904   Data          16  net_bsd.o(.bss)
    .bss                                     0x10005914   Section       84  net_sys.o(.bss)
    .bss                                     0x10005968   Section       24  net_sys.o(.bss)
    .bss                                     0x10005980   Section       52  rt_task.o(.bss)
    .bss                                     0x100059b4   Section       48  rt_list.o(.bss)
    .bss                                     0x100059e4   Section       16  net_mem.o(.bss)
    os_mutex_cb_mem_lock                     0x100059e4   Data          16  net_mem.o(.bss)
    .bss                                     0x100059f4   Section       20  net_mem.o(.bss)
    mem_control                              0x100059f4   Data          20  net_mem.o(.bss)
    STACK                                    0x10005a08   Section      512  startup_lpc17xx.o(STACK)

    Global Symbols

    Symbol Name                              Value     Ov Type        Size  Object(Section)

    BuildAttributes$$THM_ISAv4$P$D$K$B$S$PE$A:L22UL41UL21$X:L11$S22US41US21$IEEE1$IW$~IW$USESV6$~STKCKD$USESV7$~SHL$OSPACE$ROPI$EBA8$MICROLIB$REQ8$PRES8$EABIv2 0x00000000   Number         0  anon$$obj.o ABSOLUTE
    __ARM_use_no_argv                        0x00000000   Number         0  bsd_server.o ABSOLUTE
    __Vectors                                0x00000000   Data           4  startup_lpc17xx.o(RESET)
    _printf_a                                0x00000000   Number         0  stubs.o ABSOLUTE
    _printf_c                                0x00000000   Number         0  stubs.o ABSOLUTE
    _printf_charcount                        0x00000000   Number         0  stubs.o ABSOLUTE
    _printf_d                                0x00000000   Number         0  stubs.o ABSOLUTE
    _printf_e                                0x00000000   Number         0  stubs.o ABSOLUTE
    _printf_f                                0x00000000   Number         0  stubs.o ABSOLUTE
    _printf_flags                            0x00000000   Number         0  stubs.o ABSOLUTE
    _printf_fp_dec                           0x00000000   Number         0  stubs.o ABSOLUTE
    _printf_fp_hex                           0x00000000   Number         0  stubs.o ABSOLUTE
    _printf_g                                0x00000000   Number         0  stubs.o ABSOLUTE
    _printf_i                                0x00000000   Number         0  stubs.o ABSOLUTE
    _printf_int_dec                          0x00000000   Number         0  stubs.o ABSOLUTE
    _printf_l                                0x00000000   Number         0  stubs.o ABSOLUTE
    _printf_lc                               0x00000000   Number         0  stubs.o ABSOLUTE
    _printf_ll                               0x00000000   Number         0  stubs.o ABSOLUTE
    _printf_lld                              0x00000000   Number         0  stubs.o ABSOLUTE
    _printf_lli                              0x00000000   Number         0  stubs.o ABSOLUTE
    _printf_llo                              0x00000000   Number         0  stubs.o ABSOLUTE
    _printf_llu                              0x00000000   Number         0  stubs.o ABSOLUTE
    _printf_llx                              0x00000000   Number         0  stubs.o ABSOLUTE
    _printf_longlong_dec                     0x00000000   Number         0  stubs.o ABSOLUTE
    _printf_longlong_hex                     0x00000000   Number         0  stubs.o ABSOLUTE
    _printf_longlong_oct                     0x00000000   Number         0  stubs.o ABSOLUTE
    _printf_ls                               0x00000000   Number         0  stubs.o ABSOLUTE
    _printf_mbtowc                           0x00000000   Number         0  stubs.o ABSOLUTE
    _printf_n                                0x00000000   Number         0  stubs.o ABSOLUTE
    _printf_o                                0x00000000   Number         0  stubs.o ABSOLUTE
    _printf_p                                0x00000000   Number         0  stubs.o ABSOLUTE
    _printf_percent                          0x00000000   Number         0  stubs.o ABSOLUTE
    _printf_pre_padding                      0x00000000   Number         0  stubs.o ABSOLUTE
    _printf_return_value                     0x00000000   Number         0  stubs.o ABSOLUTE
    _printf_s                                0x00000000   Number         0  stubs.o ABSOLUTE
    _printf_sizespec                         0x00000000   Number         0  stubs.o ABSOLUTE
    _printf_str                              0x00000000   Number         0  stubs.o ABSOLUTE
    _printf_truncate_signed                  0x00000000   Number         0  stubs.o ABSOLUTE
    _printf_truncate_unsigned                0x00000000   Number         0  stubs.o ABSOLUTE
    _printf_u                                0x00000000   Number         0  stubs.o ABSOLUTE
    _printf_wc                               0x00000000   Number         0  stubs.o ABSOLUTE
    _printf_wctomb                           0x00000000   Number         0  stubs.o ABSOLUTE
    _printf_widthprec                        0x00000000   Number         0  stubs.o ABSOLUTE
    _printf_x                                0x00000000   Number         0  stubs.o ABSOLUTE
    __cpp_initialize__aeabi_                  - Undefined Weak Reference
    __cxa_finalize                            - Undefined Weak Reference
    __decompress                              - Undefined Weak Reference
    _clock_init                               - Undefined Weak Reference
    _microlib_exit                            - Undefined Weak Reference
    _scanf_longlong                           - Undefined Weak Reference
    _scanf_real                               - Undefined Weak Reference
    _scanf_string                             - Undefined Weak Reference
    __main                                   0x000000cd   Thumb Code     0  entry.o(.ARM.Collect$$$$00000000)
    _main_stk                                0x000000cd   Thumb Code     0  entry2.o(.ARM.Collect$$$$00000001)
    _main_scatterload                        0x000000d1   Thumb Code     0  entry5.o(.ARM.Collect$$$$00000004)
    __main_after_scatterload                 0x000000d5   Thumb Code     0  entry5.o(.ARM.Collect$$$$00000004)
    __rt_final_cpp                           0x000000d5   Thumb Code     0  entry10a.o(.ARM.Collect$$$$0000000D)
    __rt_final_exit                          0x000000d5   Thumb Code     0  entry11a.o(.ARM.Collect$$$$0000000F)
    _main_clock                              0x000000d5   Thumb Code     0  entry7b.o(.ARM.Collect$$$$00000008)
    _main_cpp_init                           0x000000d5   Thumb Code     0  entry8b.o(.ARM.Collect$$$$0000000A)
    _main_init                               0x000000d5   Thumb Code    18  rtx_conf_cm.o(.ARM.Collect$$$$000000FF)
    rt_set_PSP                               0x000000f1   Thumb Code     6  hal_cm3.o(.emb_text)
    rt_get_PSP                               0x000000f7   Thumb Code     6  hal_cm3.o(.emb_text)
    os_set_env                               0x000000fd   Thumb Code    24  hal_cm3.o(.emb_text)
    _alloc_box                               0x00000119   Thumb Code    28  hal_cm3.o(.emb_text)
    _free_box                                0x00000139   Thumb Code    28  hal_cm3.o(.emb_text)
    SVC_Handler                              0x00000159   Thumb Code   108  hal_cm3.o(.emb_text)
    PendSV_Handler                           0x000001d1   Thumb Code    56  hal_cm3.o(.emb_text)
    SysTick_Handler                          0x0000020d   Thumb Code     8  hal_cm3.o(.emb_text)
    OS_Tick_Handler                          0x00000215   Thumb Code    12  hal_cm3.o(.emb_text)
    LED_Initialize                           0x00000221   Thumb Code    70  led_mcb1700.o(.text)
    LED_Uninitialize                         0x00000267   Thumb Code    40  led_mcb1700.o(.text)
    LED_On                                   0x0000028f   Thumb Code    24  led_mcb1700.o(.text)
    LED_Off                                  0x000002a7   Thumb Code    24  led_mcb1700.o(.text)
    LED_SetOut                               0x000002bf   Thumb Code    40  led_mcb1700.o(.text)
    LED_GetCount                             0x000002e7   Thumb Code     4  led_mcb1700.o(.text)
    os_idle_demon                            0x000002f1   Thumb Code     2  rtx_conf_cm.o(.text)
    os_error                                 0x000002f3   Thumb Code     2  rtx_conf_cm.o(.text)
    SVC_Count                                0x000002f4   Data           4  svc_table.o(SVC_TABLE)
    SVC_Table                                0x000002f8   Data           0  svc_table.o(SVC_TABLE)
    __scatterload_null                       0x000002f9   Thumb Code     2  handlers.o(i.__scatterload_null)
    eth_link_notify                          0x000002fb   Thumb Code     2  net_eth.o(i.eth_link_notify)
    main                                     0x0000037b   Thumb Code    76  bsd_server.o(.text)
    __RL_RTX_VER                             0x00000482   Number         0  rt_system.o ABSOLUTE
    GLCD_SetWindow                           0x000005c1   Thumb Code   148  glcd_mcb1700.o(.text)
    GLCD_WindowMax                           0x00000655   Thumb Code    12  glcd_mcb1700.o(.text)
    GLCD_Initialize                          0x00000661   Thumb Code  1456  glcd_mcb1700.o(.text)
    GLCD_Uninitialize                        0x00000c11   Thumb Code    28  glcd_mcb1700.o(.text)
    GLCD_SetForegroundColor                  0x00000c2d   Thumb Code     8  glcd_mcb1700.o(.text)
    GLCD_SetBackgroundColor                  0x00000c35   Thumb Code     8  glcd_mcb1700.o(.text)
    GLCD_ClearScreen                         0x00000c3d   Thumb Code    44  glcd_mcb1700.o(.text)
    GLCD_SetFont                             0x00000c69   Thumb Code     8  glcd_mcb1700.o(.text)
    GLCD_DrawPixel                           0x00000c71   Thumb Code   160  glcd_mcb1700.o(.text)
    GLCD_DrawHLine                           0x00000d11   Thumb Code    42  glcd_mcb1700.o(.text)
    GLCD_DrawVLine                           0x00000d3b   Thumb Code    44  glcd_mcb1700.o(.text)
    GLCD_DrawRectangle                       0x00000d67   Thumb Code    52  glcd_mcb1700.o(.text)
    GLCD_DrawChar                            0x00000d9b   Thumb Code   128  glcd_mcb1700.o(.text)
    GLCD_DrawString                          0x00000e1b   Thumb Code    40  glcd_mcb1700.o(.text)
    GLCD_DrawBargraph                        0x00000e43   Thumb Code    88  glcd_mcb1700.o(.text)
    GLCD_DrawBitmap                          0x00000e9b   Thumb Code    78  glcd_mcb1700.o(.text)
    GLCD_VScroll                             0x00000ee9   Thumb Code     6  glcd_mcb1700.o(.text)
    GLCD_FrameBufferAccess                   0x00000eef   Thumb Code     6  glcd_mcb1700.o(.text)
    GLCD_FrameBufferAddress                  0x00000ef5   Thumb Code     4  glcd_mcb1700.o(.text)
    ENET_IRQHandler                          0x0000164d   Thumb Code    50  emac_lpc17xx.o(.text)
    SSPx_GPDMA_Tx_SignalEvent                0x0000230b   Thumb Code    12  ssp_lpc17xx.o(.text)
    SSPx_GPDMA_Rx_SignalEvent                0x00002317   Thumb Code    30  ssp_lpc17xx.o(.text)
    SSP1_GPDMA_Tx_SignalEvent                0x00002491   Thumb Code     4  ssp_lpc17xx.o(.text)
    SSP1_GPDMA_Rx_SignalEvent                0x00002495   Thumb Code     4  ssp_lpc17xx.o(.text)
    SSP1_IRQHandler                          0x00002499   Thumb Code     4  ssp_lpc17xx.o(.text)
    GPDMA_Initialize                         0x000026ed   Thumb Code    98  gpdma_lpc17xx.o(.text)
    GPDMA_Uninitialize                       0x0000274f   Thumb Code    64  gpdma_lpc17xx.o(.text)
    GPDMA_PeripheralSelect                   0x0000278f   Thumb Code    48  gpdma_lpc17xx.o(.text)
    GPDMA_ChannelConfigure                   0x000027bf   Thumb Code   186  gpdma_lpc17xx.o(.text)
    GPDMA_ChannelEnable                      0x00002879   Thumb Code    46  gpdma_lpc17xx.o(.text)
    GPDMA_ChannelDisable                     0x000028a7   Thumb Code    40  gpdma_lpc17xx.o(.text)
    GPDMA_ChannelGetStatus                   0x000028cf   Thumb Code    24  gpdma_lpc17xx.o(.text)
    GPDMA_ChannelGetCount                    0x000028e7   Thumb Code    38  gpdma_lpc17xx.o(.text)
    DMA_IRQHandler                           0x0000290d   Thumb Code   220  gpdma_lpc17xx.o(.text)
    GPIO_PortClock                           0x00002a55   Thumb Code    24  gpio_lpc17xx.o(.text)
    GPIO_SetDir                              0x00002a6d   Thumb Code    26  gpio_lpc17xx.o(.text)
    GPIO_PinWrite                            0x00002a87   Thumb Code    20  gpio_lpc17xx.o(.text)
    GPIO_PinRead                             0x00002a9b   Thumb Code    20  gpio_lpc17xx.o(.text)
    GPIO_PortWrite                           0x00002aaf   Thumb Code    14  gpio_lpc17xx.o(.text)
    GPIO_PortRead                            0x00002abd   Thumb Code    10  gpio_lpc17xx.o(.text)
    PIN_Configure                            0x00002ad1   Thumb Code   100  pin_lpc17xx.o(.text)
    PIN_ConfigureTPIU                        0x00002b35   Thumb Code    24  pin_lpc17xx.o(.text)
    PIN_ConfigureI2C0Pins                    0x00002b4d   Thumb Code    22  pin_lpc17xx.o(.text)
    Reset_Handler                            0x00002b69   Thumb Code     8  startup_lpc17xx.o(.text)
    NMI_Handler                              0x00002b71   Thumb Code     2  startup_lpc17xx.o(.text)
    HardFault_Handler                        0x00002b73   Thumb Code     2  startup_lpc17xx.o(.text)
    MemManage_Handler                        0x00002b75   Thumb Code     2  startup_lpc17xx.o(.text)
    BusFault_Handler                         0x00002b77   Thumb Code     2  startup_lpc17xx.o(.text)
    UsageFault_Handler                       0x00002b79   Thumb Code     2  startup_lpc17xx.o(.text)
    DebugMon_Handler                         0x00002b7d   Thumb Code     2  startup_lpc17xx.o(.text)
    ADC_IRQHandler                           0x00002b83   Thumb Code     0  startup_lpc17xx.o(.text)
    BOD_IRQHandler                           0x00002b83   Thumb Code     0  startup_lpc17xx.o(.text)
    CANActivity_IRQHandler                   0x00002b83   Thumb Code     0  startup_lpc17xx.o(.text)
    CAN_IRQHandler                           0x00002b83   Thumb Code     0  startup_lpc17xx.o(.text)
    EINT0_IRQHandler                         0x00002b83   Thumb Code     0  startup_lpc17xx.o(.text)
    EINT1_IRQHandler                         0x00002b83   Thumb Code     0  startup_lpc17xx.o(.text)
    EINT2_IRQHandler                         0x00002b83   Thumb Code     0  startup_lpc17xx.o(.text)
    EINT3_IRQHandler                         0x00002b83   Thumb Code     0  startup_lpc17xx.o(.text)
    I2C0_IRQHandler                          0x00002b83   Thumb Code     0  startup_lpc17xx.o(.text)
    I2C1_IRQHandler                          0x00002b83   Thumb Code     0  startup_lpc17xx.o(.text)
    I2C2_IRQHandler                          0x00002b83   Thumb Code     0  startup_lpc17xx.o(.text)
    I2S_IRQHandler                           0x00002b83   Thumb Code     0  startup_lpc17xx.o(.text)
    MCPWM_IRQHandler                         0x00002b83   Thumb Code     0  startup_lpc17xx.o(.text)
    PLL0_IRQHandler                          0x00002b83   Thumb Code     0  startup_lpc17xx.o(.text)
    PLL1_IRQHandler                          0x00002b83   Thumb Code     0  startup_lpc17xx.o(.text)
    PWM1_IRQHandler                          0x00002b83   Thumb Code     0  startup_lpc17xx.o(.text)
    QEI_IRQHandler                           0x00002b83   Thumb Code     0  startup_lpc17xx.o(.text)
    RIT_IRQHandler                           0x00002b83   Thumb Code     0  startup_lpc17xx.o(.text)
    RTC_IRQHandler                           0x00002b83   Thumb Code     0  startup_lpc17xx.o(.text)
    SPI_IRQHandler                           0x00002b83   Thumb Code     0  startup_lpc17xx.o(.text)
    SSP0_IRQHandler                          0x00002b83   Thumb Code     0  startup_lpc17xx.o(.text)
    TIMER0_IRQHandler                        0x00002b83   Thumb Code     0  startup_lpc17xx.o(.text)
    TIMER1_IRQHandler                        0x00002b83   Thumb Code     0  startup_lpc17xx.o(.text)
    TIMER2_IRQHandler                        0x00002b83   Thumb Code     0  startup_lpc17xx.o(.text)
    TIMER3_IRQHandler                        0x00002b83   Thumb Code     0  startup_lpc17xx.o(.text)
    UART0_IRQHandler                         0x00002b83   Thumb Code     0  startup_lpc17xx.o(.text)
    UART1_IRQHandler                         0x00002b83   Thumb Code     0  startup_lpc17xx.o(.text)
    UART2_IRQHandler                         0x00002b83   Thumb Code     0  startup_lpc17xx.o(.text)
    UART3_IRQHandler                         0x00002b83   Thumb Code     0  startup_lpc17xx.o(.text)
    USBActivity_IRQHandler                   0x00002b83   Thumb Code     0  startup_lpc17xx.o(.text)
    USB_IRQHandler                           0x00002b83   Thumb Code     0  startup_lpc17xx.o(.text)
    WDT_IRQHandler                           0x00002b83   Thumb Code     0  startup_lpc17xx.o(.text)
    SystemCoreClockUpdate                    0x00002b8d   Thumb Code   184  system_lpc17xx.o(.text)
    SystemInit                               0x00002c45   Thumb Code   196  system_lpc17xx.o(.text)
    net_sys_init                             0x00002d29   Thumb Code    34  net_config.o(.text)
    net_sys_run                              0x00002d4b   Thumb Code    34  net_config.o(.text)
    igmp_is_member                           0x00002d6d   Thumb Code     4  net_config.o(.text)
    igmp_process                             0x00002d71   Thumb Code     2  net_config.o(.text)
    dhcp_disable                             0x00002d73   Thumb Code     4  net_config.o(.text)
    ppp_send_frame                           0x00002d77   Thumb Code     4  net_config.o(.text)
    slip_send_frame                          0x00002d7b   Thumb Code     4  net_config.o(.text)
    sntp_get_time                            0x00002d7f   Thumb Code     4  net_config.o(.text)
    net_sys_error                            0x00002d83   Thumb Code     2  net_config.o(.text)
    __aeabi_uldivmod                         0x00002d85   Thumb Code    98  uldiv.o(.text)
    __aeabi_memcpy                           0x00002de7   Thumb Code    36  memcpya.o(.text)
    __aeabi_memcpy4                          0x00002de7   Thumb Code     0  memcpya.o(.text)
    __aeabi_memcpy8                          0x00002de7   Thumb Code     0  memcpya.o(.text)
    __aeabi_memset                           0x00002e0b   Thumb Code    14  memseta.o(.text)
    __aeabi_memset4                          0x00002e0b   Thumb Code     0  memseta.o(.text)
    __aeabi_memset8                          0x00002e0b   Thumb Code     0  memseta.o(.text)
    __aeabi_memclr                           0x00002e19   Thumb Code     4  memseta.o(.text)
    __aeabi_memclr4                          0x00002e19   Thumb Code     0  memseta.o(.text)
    __aeabi_memclr8                          0x00002e19   Thumb Code     0  memseta.o(.text)
    _memset$wrapper                          0x00002e1d   Thumb Code    18  memseta.o(.text)
    __aeabi_llsl                             0x00002e2f   Thumb Code    30  llshl.o(.text)
    _ll_shift_l                              0x00002e2f   Thumb Code     0  llshl.o(.text)
    __aeabi_llsr                             0x00002e4d   Thumb Code    32  llushr.o(.text)
    _ll_ushift_r                             0x00002e4d   Thumb Code     0  llushr.o(.text)
    __scatterload                            0x00002e6d   Thumb Code    28  init.o(.text)
    __scatterload_rt2                        0x00002e6d   Thumb Code     0  init.o(.text)
    __scatterload_copy                       0x00002e91   Thumb Code    14  handlers.o(i.__scatterload_copy)
    __scatterload_zeroinit                   0x00002e9f   Thumb Code    14  handlers.o(i.__scatterload_zeroinit)
    _init_box                                0x00002ead   Thumb Code    70  rt_membox.o(i._init_box)
    accept                                   0x00002ef5   Thumb Code   216  net_bsd.o(i.accept)
    arp_cache_add                            0x00002ff9   Thumb Code   156  net_arp.o(i.arp_cache_add)
    arp_cache_early                          0x00003125   Thumb Code   128  net_arp.o(i.arp_cache_early)
    arp_cache_find                           0x000031ad   Thumb Code   148  net_arp.o(i.arp_cache_find)
    arp_cache_update                         0x0000324d   Thumb Code   212  net_arp.o(i.arp_cache_update)
    arp_init                                 0x00003331   Thumb Code    38  net_arp.o(i.arp_init)
    arp_notify                               0x0000339d   Thumb Code    26  net_arp.o(i.arp_notify)
    arp_process                              0x00003439   Thumb Code   276  net_arp.o(i.arp_process)
    bind                                     0x00003699   Thumb Code   146  net_bsd.o(i.bind)
    bsd_lock                                 0x00003825   Thumb Code    12  net_bsd.o(i.bsd_lock)
    bsd_resume                               0x00003877   Thumb Code    24  net_bsd.o(i.bsd_resume)
    bsd_socket_init                          0x00003891   Thumb Code    30  net_bsd.o(i.bsd_socket_init)
    bsd_socket_poll                          0x000038bd   Thumb Code   114  net_bsd.o(i.bsd_socket_poll)
    bsd_suspend                              0x00003939   Thumb Code    44  net_bsd.o(i.bsd_suspend)
    bsd_unlock                               0x00003965   Thumb Code     8  net_bsd.o(i.bsd_unlock)
    chksum16                                 0x00003999   Thumb Code    50  net_common.o(i.chksum16)
    closesocket                              0x000039cd   Thumb Code   242  net_bsd.o(i.closesocket)
    dbg_init                                 0x00003ac5   Thumb Code    34  hal_cm.o(i.dbg_init)
    dbg_task_notify                          0x00003af5   Thumb Code    32  hal_cm.o(i.dbg_task_notify)
    dbg_task_switch                          0x00003b15   Thumb Code    16  hal_cm.o(i.dbg_task_switch)
    eth_chk_addr                             0x00003be5   Thumb Code    28  net_eth.o(i.eth_chk_addr)
    eth_init_link                            0x00003c75   Thumb Code   222  net_eth.o(i.eth_init_link)
    eth_output                               0x00003d81   Thumb Code    86  net_eth.o(i.eth_output)
    eth_run_link                             0x00003de5   Thumb Code   210  net_eth.o(i.eth_run_link)
    eth_send_frame                           0x00003ec9   Thumb Code   146  net_eth.o(i.eth_send_frame)
    eth_thread                               0x00003f6d   Thumb Code    14  net_eth.o(i.eth_thread)
    get_rnd32                                0x00003f99   Thumb Code    18  net_sys.o(i.get_rnd32)
    icmp_process                             0x00003fb5   Thumb Code   210  net_icmp.o(i.icmp_process)
    icmp_service_init                        0x00004111   Thumb Code    10  net_icmp.o(i.icmp_service_init)
    icmp_service_run                         0x00004121   Thumb Code    58  net_icmp.o(i.icmp_service_run)
    ip4_checksum                             0x00004169   Thumb Code    76  net_ip.o(i.ip4_checksum)
    ip_chk_frame                             0x000041b5   Thumb Code   196  net_ip.o(i.ip_chk_frame)
    ip_get_locadr                            0x00004291   Thumb Code    54  net_ip.o(i.ip_get_locadr)
    ip_localhost_init                        0x00004351   Thumb Code    68  net_ip.o(i.ip_localhost_init)
    ip_localhost_run                         0x000043a1   Thumb Code    86  net_ip.o(i.ip_localhost_run)
    ip_send_frame                            0x00004401   Thumb Code   312  net_ip.o(i.ip_send_frame)
    ip_tx_offload                            0x00004541   Thumb Code    40  net_ip.o(i.ip_tx_offload)
    is_subnet                                0x00004571   Thumb Code    26  net_addr4.o(i.is_subnet)
    is_subnet_bcast                          0x0000458d   Thumb Code    34  net_ip.o(i.is_subnet_bcast)
    isrMessageGet                            0x000045b5   Thumb Code    42  rt_cmsis.o(i.isrMessageGet)
    isrMessagePut                            0x000045df   Thumb Code    44  rt_cmsis.o(i.isrMessagePut)
    isrSignalSet                             0x0000460b   Thumb Code    36  rt_cmsis.o(i.isrSignalSet)
    isr_evt_set                              0x00004631   Thumb Code    34  rt_event.o(i.isr_evt_set)
    isr_mbx_receive                          0x00004659   Thumb Code    86  rt_mailbox.o(i.isr_mbx_receive)
    isr_mbx_send                             0x000046af   Thumb Code    14  rt_mailbox.o(i.isr_mbx_send)
    listen                                   0x000046e5   Thumb Code   130  net_bsd.o(i.listen)
    mem_alloc                                0x00004771   Thumb Code   130  net_mem.o(i.mem_alloc)
    mem_avail                                0x000047fd   Thumb Code    22  net_mem.o(i.mem_avail)
    mem_crc32                                0x00004819   Thumb Code    32  net_common.o(i.mem_crc32)
    mem_free                                 0x00004839   Thumb Code   100  net_mem.o(i.mem_free)
    mem_init                                 0x000048a5   Thumb Code    86  net_mem.o(i.mem_init)
    net_initialize                           0x00004925   Thumb Code    58  net_sys.o(i.net_initialize)
    net_main                                 0x00004971   Thumb Code    86  net_sys.o(i.net_main)
    osKernelInitialize                       0x000049e9   Thumb Code    30  rt_cmsis.o(i.osKernelInitialize)
    osKernelStart                            0x00004a0d   Thumb Code    98  rt_cmsis.o(i.osKernelStart)
    osKernelSysTick                          0x00004a79   Thumb Code    18  rt_cmsis.o(i.osKernelSysTick)
    osMessageGet                             0x00004a91   Thumb Code    18  rt_cmsis.o(i.osMessageGet)
    osMutexCreate                            0x00004aa9   Thumb Code    36  rt_cmsis.o(i.osMutexCreate)
    osMutexRelease                           0x00004ad5   Thumb Code    18  rt_cmsis.o(i.osMutexRelease)
    osMutexWait                              0x00004aed   Thumb Code    18  rt_cmsis.o(i.osMutexWait)
    osSignalSet                              0x00004b05   Thumb Code    18  rt_cmsis.o(i.osSignalSet)
    osSignalWait                             0x00004b1d   Thumb Code    18  rt_cmsis.o(i.osSignalWait)
    osThreadCreate                           0x00004b35   Thumb Code    36  rt_cmsis.o(i.osThreadCreate)
    osThreadExit                             0x00004b61   Thumb Code    14  rt_cmsis.o(i.osThreadExit)
    osThreadGetId                            0x00004b79   Thumb Code    18  rt_cmsis.o(i.osThreadGetId)
    osThreadYield                            0x00004b91   Thumb Code    18  rt_cmsis.o(i.osThreadYield)
    osTimerCall                              0x00004ba9   Thumb Code     8  rt_cmsis.o(i.osTimerCall)
    osTimerCreate                            0x00004bb5   Thumb Code    36  rt_cmsis.o(i.osTimerCreate)
    osTimerStart                             0x00004be1   Thumb Code    18  rt_cmsis.o(i.osTimerStart)
    osTimerThread                            0x00004bf9   Thumb Code    38  rt_cmsis.o(i.osTimerThread)
    os_tick_init                             0x00004c25   Thumb Code    32  rt_system.o(i.os_tick_init)
    os_tick_irqack                           0x00004c4d   Thumb Code     2  rt_system.o(i.os_tick_irqack)
    os_tick_ovf                              0x00004c51   Thumb Code    10  rt_system.o(i.os_tick_ovf)
    os_tick_val                              0x00004c61   Thumb Code    14  rt_system.o(i.os_tick_val)
    recv                                     0x00004ca7   Thumb Code    14  net_bsd.o(i.recv)
    recvfrom                                 0x00004cb5   Thumb Code   354  net_bsd.o(i.recvfrom)
    rt_alloc_box                             0x00004e1d   Thumb Code    26  rt_membox.o(i.rt_alloc_box)
    rt_alloc_mem                             0x00004e37   Thumb Code    62  rt_memory.o(i.rt_alloc_mem)
    rt_block                                 0x00004e75   Thumb Code    48  rt_task.o(i.rt_block)
    rt_chk_robin                             0x00004ead   Thumb Code    60  rt_robin.o(i.rt_chk_robin)
    rt_dec_dly                               0x00004ef5   Thumb Code   102  rt_list.o(i.rt_dec_dly)
    rt_dispatch                              0x00004f65   Thumb Code    60  rt_task.o(i.rt_dispatch)
    rt_evt_psh                               0x00004fa9   Thumb Code    76  rt_event.o(i.rt_evt_psh)
    rt_evt_set                               0x00004ff9   Thumb Code    88  rt_event.o(i.rt_evt_set)
    rt_evt_wait                              0x00005055   Thumb Code    56  rt_event.o(i.rt_evt_wait)
    rt_free_box                              0x00005091   Thumb Code    44  rt_membox.o(i.rt_free_box)
    rt_free_mem                              0x000050bd   Thumb Code    40  rt_memory.o(i.rt_free_mem)
    rt_get_first                             0x000050e5   Thumb Code    40  rt_list.o(i.rt_get_first)
    rt_get_same_rdy_prio                     0x0000510d   Thumb Code    26  rt_list.o(i.rt_get_same_rdy_prio)
    rt_init_mem                              0x00005181   Thumb Code    26  rt_memory.o(i.rt_init_mem)
    rt_init_robin                            0x0000519d   Thumb Code    14  rt_robin.o(i.rt_init_robin)
    rt_init_stack                            0x000051b5   Thumb Code   118  hal_cm.o(i.rt_init_stack)
    rt_mbx_check                             0x00005235   Thumb Code     8  rt_mailbox.o(i.rt_mbx_check)
    rt_mbx_init                              0x0000523d   Thumb Code    26  rt_mailbox.o(i.rt_mbx_init)
    rt_mbx_psh                               0x00005259   Thumb Code   236  rt_mailbox.o(i.rt_mbx_psh)
    rt_mbx_wait                              0x00005349   Thumb Code   174  rt_mailbox.o(i.rt_mbx_wait)
    rt_mut_init                              0x00005441   Thumb Code    16  rt_mutex.o(i.rt_mut_init)
    rt_mut_release                           0x00005451   Thumb Code   208  rt_mutex.o(i.rt_mut_release)
    rt_mut_wait                              0x00005529   Thumb Code   114  rt_mutex.o(i.rt_mut_wait)
    rt_pop_req                               0x000055a1   Thumb Code   112  rt_system.o(i.rt_pop_req)
    rt_psh_req                               0x0000561d   Thumb Code    22  rt_system.o(i.rt_psh_req)
    rt_psq_enq                               0x0000563d   Thumb Code    88  rt_list.o(i.rt_psq_enq)
    rt_put_dly                               0x00005699   Thumb Code    68  rt_list.o(i.rt_put_dly)
    rt_put_prio                              0x000056e1   Thumb Code    54  rt_list.o(i.rt_put_prio)
    rt_put_rdy_first                         0x00005719   Thumb Code    14  rt_list.o(i.rt_put_rdy_first)
    rt_resort_prio                           0x0000572d   Thumb Code    46  rt_list.o(i.rt_resort_prio)
    rt_ret_val                               0x00005761   Thumb Code     6  hal_cm.o(i.rt_ret_val)
    rt_ret_val2                              0x00005767   Thumb Code     8  hal_cm.o(i.rt_ret_val2)
    rt_rmv_dly                               0x0000576f   Thumb Code    40  rt_list.o(i.rt_rmv_dly)
    rt_rmv_list                              0x00005799   Thumb Code    44  rt_list.o(i.rt_rmv_list)
    rt_sem_psh                               0x000057c9   Thumb Code    48  rt_semaphore.o(i.rt_sem_psh)
    rt_stk_check                             0x000057fd   Thumb Code    28  rt_system.o(i.rt_stk_check)
    rt_switch_req                            0x00005821   Thumb Code    30  rt_task.o(i.rt_switch_req)
    rt_sys_init                              0x00005849   Thumb Code   138  rt_task.o(i.rt_sys_init)
    rt_sys_start                             0x00005915   Thumb Code   110  rt_task.o(i.rt_sys_start)
    rt_systick                               0x0000598d   Thumb Code    50  rt_system.o(i.rt_systick)
    rt_tsk_create                            0x00005a51   Thumb Code   118  rt_task.o(i.rt_tsk_create)
    rt_tsk_delete                            0x00005ad9   Thumb Code   352  rt_task.o(i.rt_tsk_delete)
    rt_tsk_pass                              0x00005c55   Thumb Code    38  rt_task.o(i.rt_tsk_pass)
    rt_tsk_prio                              0x00005c85   Thumb Code   108  rt_task.o(i.rt_tsk_prio)
    rt_tsk_self                              0x00005d01   Thumb Code    12  rt_task.o(i.rt_tsk_self)
    socket                                   0x00005d35   Thumb Code   140  net_bsd.o(i.socket)
    svcKernelInitialize                      0x00005dcd   Thumb Code    80  rt_cmsis.o(i.svcKernelInitialize)
    svcKernelStart                           0x00005e3d   Thumb Code    62  rt_cmsis.o(i.svcKernelStart)
    svcKernelSysTick                         0x00005e85   Thumb Code    46  rt_cmsis.o(i.svcKernelSysTick)
    svcMessageCreate                         0x00005ebd   Thumb Code    36  rt_cmsis.o(i.svcMessageCreate)
    svcMessageGet                            0x00005ee1   Thumb Code    58  rt_cmsis.o(i.svcMessageGet)
    svcMutexCreate                           0x00005f1b   Thumb Code    28  rt_cmsis.o(i.svcMutexCreate)
    svcMutexRelease                          0x00005f37   Thumb Code    34  rt_cmsis.o(i.svcMutexRelease)
    svcMutexWait                             0x00005f59   Thumb Code    58  rt_cmsis.o(i.svcMutexWait)
    svcSignalSet                             0x00005f93   Thumb Code    36  rt_cmsis.o(i.svcSignalSet)
    svcSignalWait                            0x00005fb9   Thumb Code    80  rt_cmsis.o(i.svcSignalWait)
    svcThreadCreate                          0x0000600d   Thumb Code    96  rt_cmsis.o(i.svcThreadCreate)
    svcThreadGetId                           0x00006079   Thumb Code    22  rt_cmsis.o(i.svcThreadGetId)
    svcThreadTerminate                       0x00006095   Thumb Code    50  rt_cmsis.o(i.svcThreadTerminate)
    svcThreadYield                           0x000060cd   Thumb Code    10  rt_cmsis.o(i.svcThreadYield)
    svcTimerCall                             0x000060d7   Thumb Code    24  rt_cmsis.o(i.svcTimerCall)
    svcTimerCreate                           0x000060f1   Thumb Code    52  rt_cmsis.o(i.svcTimerCreate)
    svcTimerStart                            0x00006129   Thumb Code    96  rt_cmsis.o(i.svcTimerStart)
    sysTimerTick                             0x0000618d   Thumb Code    84  rt_cmsis.o(i.sysTimerTick)
    tcp_abort                                0x000061e9   Thumb Code    82  net_tcp.o(i.tcp_abort)
    tcp_close                                0x00006345   Thumb Code   154  net_tcp.o(i.tcp_close)
    tcp_get_socket                           0x000063e5   Thumb Code    76  net_tcp.o(i.tcp_get_socket)
    tcp_get_state                            0x00006435   Thumb Code    34  net_tcp.o(i.tcp_get_state)
    tcp_ioctl_socket                         0x0000645d   Thumb Code    54  net_tcp.o(i.tcp_ioctl_socket)
    tcp_listen                               0x00006499   Thumb Code   102  net_tcp.o(i.tcp_listen)
    tcp_no_ack                               0x00006581   Thumb Code     8  net_tcp.o(i.tcp_no_ack)
    tcp_process                              0x00006705   Thumb Code  1178  net_tcp.o(i.tcp_process)
    tcp_release_socket                       0x00006c69   Thumb Code    54  net_tcp.o(i.tcp_release_socket)
    tcp_reset_window                         0x00006ca5   Thumb Code    76  net_tcp.o(i.tcp_reset_window)
    tcp_socket_init                          0x00006e2d   Thumb Code    16  net_tcp.o(i.tcp_socket_init)
    tcp_socket_poll                          0x00006e41   Thumb Code   668  net_tcp.o(i.tcp_socket_poll)
    udp_close                                0x00007271   Thumb Code    40  net_udp.o(i.udp_close)
    udp_get_socket                           0x0000729d   Thumb Code    68  net_udp.o(i.udp_get_socket)
    udp_open                                 0x000072e5   Thumb Code    98  net_udp.o(i.udp_open)
    udp_process                              0x0000737d   Thumb Code   142  net_udp.o(i.udp_process)
    udp_release_socket                       0x00007415   Thumb Code    44  net_udp.o(i.udp_release_socket)
    udp_socket_init                          0x00007445   Thumb Code    16  net_udp.o(i.udp_socket_init)
    os_thread_def_Server                     0x00007458   Data          16  bsd_server.o(.constdata)
    GLCD_Font_16x24                          0x00008968   Data          16  glcd_fonts.o(.constdata)
    LED_PIN                                  0x00008978   Data          16  led_mcb1700.o(.constdata)
    os_maxtaskrun                            0x00008988   Data           2  rtx_conf_cm.o(.constdata)
    os_stackinfo                             0x0000898c   Data           4  rtx_conf_cm.o(.constdata)
    os_rrobin                                0x00008990   Data           4  rtx_conf_cm.o(.constdata)
    os_tickus_i                              0x00008994   Data           2  rtx_conf_cm.o(.constdata)
    os_tickus_f                              0x00008996   Data           2  rtx_conf_cm.o(.constdata)
    os_trv                                   0x00008998   Data           4  rtx_conf_cm.o(.constdata)
    os_flags                                 0x0000899c   Data           1  rtx_conf_cm.o(.constdata)
    CMSIS_RTOS_API_Version                   0x000089a0   Data           4  rtx_conf_cm.o(.constdata)
    CMSIS_RTOS_RTX_Version                   0x000089a4   Data           4  rtx_conf_cm.o(.constdata)
    os_clockrate                             0x000089a8   Data           4  rtx_conf_cm.o(.constdata)
    os_timernum                              0x000089ac   Data           4  rtx_conf_cm.o(.constdata)
    os_thread_def_main                       0x000089b0   Data          16  rtx_conf_cm.o(.constdata)
    mp_tcb_size                              0x000089c0   Data           2  rtx_conf_cm.o(.constdata)
    mp_stk_size                              0x000089c4   Data           4  rtx_conf_cm.o(.constdata)
    os_stack_sz                              0x000089c8   Data           4  rtx_conf_cm.o(.constdata)
    os_fifo_size                             0x000089cc   Data           1  rtx_conf_cm.o(.constdata)
    os_thread_def_osTimerThread              0x000089d0   Data          16  rtx_conf_cm.o(.constdata)
    os_messageQ_def_osTimerMessageQ          0x000089e0   Data           8  rtx_conf_cm.o(.constdata)
    mp_tmr_size                              0x000089e8   Data           2  rtx_conf_cm.o(.constdata)
    Driver_ETH_MAC0                          0x000089f4   Data          68  emac_lpc17xx.o(.constdata)
    Driver_SPI1                              0x00008a88   Data          44  ssp_lpc17xx.o(.constdata)
    Driver_ETH_PHY0                          0x00008ab8   Data          32  phy_dp83848c.o(.constdata)
    nlocalm                                  0x00008ad8   Data          60  net_config.o(.constdata)
    sys_config                               0x00008b14   Data          16  net_config.o(.constdata)
    eth0_config                              0x00008b24   Data          40  net_config.o(.constdata)
    udp_config                               0x00008b4c   Data           8  net_config.o(.constdata)
    tcp_config                               0x00008b54   Data          24  net_config.o(.constdata)
    bsd_config                               0x00008b6c   Data           8  net_config.o(.constdata)
    eth_bcast                                0x00008b74   Data           6  net_eth.o(.constdata)
    os_thread_def_eth_thread                 0x00008b80   Data          16  net_eth.o(.constdata)
    ip_bcast                                 0x00008b90   Data           4  net_ip.o(.constdata)
    os_mutex_def_bsd_lock                    0x00008b98   Data           4  net_bsd.o(.constdata)
    os_timer_def_net_tick                    0x00008b9c   Data           8  net_sys.o(.constdata)
    os_mutex_def_mem_lock                    0x00008ba4   Data           4  net_mem.o(.constdata)
    net_addr_null                            0x00008ba8   Data           8  net_addr4.o(.constdata)
    Region$$Table$$Base                      0x00008bb0   Number         0  anon$$obj.o(Region$$Table)
    Region$$Table$$Limit                     0x00008bd0   Number         0  anon$$obj.o(Region$$Table)
    __MW_NET_VER                             0x06070005   Number         0  net_version.o ABSOLUTE
    m_tmr                                    0x10000014   Data           4  rtx_conf_cm.o(.data)
    osThreadId_osTimerThread                 0x10000018   Data           4  rtx_conf_cm.o(.data)
    osMessageQId_osTimerMessageQ             0x1000001c   Data           4  rtx_conf_cm.o(.data)
    iap_entry                                0x10000020   Data           4  emac_lpc17xx.o(.data)
    SystemCoreClock                          0x10000050   Data           4  system_lpc17xx.o(.data)
    lhost_name                               0x10000054   Data          16  net_config.o(.data)
    os_initialized                           0x1000006c   Data           1  rt_cmsis.o(.data)
    os_running                               0x1000006d   Data           1  rt_cmsis.o(.data)
    os_timer_head                            0x10000070   Data           4  rt_cmsis.o(.data)
    os_tsk                                   0x1000008c   Data           8  rt_task.o(.data)
    os_tick_irqn                             0x10000098   Data           4  rt_system.o(.data)
    os_time                                  0x1000009c   Data           4  rt_time.o(.data)
    dbg_msg                                  0x100000a0   Data           1  hal_cm.o(.data)
    os_robin                                 0x100000a4   Data           8  rt_robin.o(.data)
    os_messageQ_q_osTimerMessageQ            0x100000ac   Data          32  rtx_conf_cm.o(.bss)
    mp_tcb                                   0x100000cc   Data         272  rtx_conf_cm.o(.bss)
    mp_stk                                   0x100001e0   Data        1232  rtx_conf_cm.o(.bss)
    os_stack_mem                             0x100006b0   Data        1032  rtx_conf_cm.o(.bss)
    os_fifo                                  0x10000ab8   Data         132  rtx_conf_cm.o(.bss)
    os_active_TCB                            0x10000b3c   Data          20  rtx_conf_cm.o(.bss)
    eth_control                              0x10005860   Data         136  net_eth.o(.bss)
    localm                                   0x10005914   Data          60  net_sys.o(.bss)
    sys_control                              0x10005950   Data          24  net_sys.o(.bss)
    os_timer_cb_net_tick                     0x10005968   Data          24  net_sys.o(.bss)
    os_idle_TCB                              0x10005980   Data          52  rt_task.o(.bss)
    os_rdy                                   0x100059b4   Data          24  rt_list.o(.bss)
    os_dly                                   0x100059cc   Data          24  rt_list.o(.bss)
    __initial_sp                             0x10005c08   Data           0  startup_lpc17xx.o(STACK)



==============================================================================

Memory Map of the image

  Image Entry point : 0x000000cd

  Load Region LR_IROM1 (Base: 0x00000000, Size: 0x00008c7c, Max: 0x00080000, ABSOLUTE)

    Execution Region ER_IROM1 (Base: 0x00000000, Size: 0x00008bd0, Max: 0x00080000, ABSOLUTE)

    Base Addr    Size         Type   Attr      Idx    E Section Name        Object

    0x00000000   0x000000cc   Data   RO          380    RESET               startup_lpc17xx.o
    0x000000cc   0x00000000   Code   RO         2083  * .ARM.Collect$$$$00000000  mc_w.l(entry.o)
    0x000000cc   0x00000004   Code   RO         2359    .ARM.Collect$$$$00000001  mc_w.l(entry2.o)
    0x000000d0   0x00000004   Code   RO         2362    .ARM.Collect$$$$00000004  mc_w.l(entry5.o)
    0x000000d4   0x00000000   Code   RO         2364    .ARM.Collect$$$$00000008  mc_w.l(entry7b.o)
    0x000000d4   0x00000000   Code   RO         2366    .ARM.Collect$$$$0000000A  mc_w.l(entry8b.o)
    0x000000d4   0x00000000   Code   RO         2367    .ARM.Collect$$$$0000000D  mc_w.l(entry10a.o)
    0x000000d4   0x00000000   Code   RO         2369    .ARM.Collect$$$$0000000F  mc_w.l(entry11a.o)
    0x000000d4   0x00000018   Code   RO          132    .ARM.Collect$$$$000000FF  rtx_conf_cm.o
    0x000000ec   0x00000004   Code   RO         2360    .ARM.Collect$$$$00002712  mc_w.l(entry2.o)
    0x000000f0   0x00000130   Code   RO         2070    .emb_text           RTX_CM3.lib(hal_cm3.o)
    0x00000220   0x000000d0   Code   RO          116    .text               led_mcb1700.o
    0x000002f0   0x00000004   Code   RO          133    .text               rtx_conf_cm.o
    0x000002f4   0x00000004   Code   RO         2080    SVC_TABLE           RTX_CM3.lib(svc_table.o)
    0x000002f8   0x00000002   Code   RO         2414    i.__scatterload_null  mc_w.l(handlers.o)
    0x000002fa   0x00000002   Code   RO         1097    i.eth_link_notify   Net_CM3_L.lib(net_eth.o)
    0x000002fc   0x00000004   Code   RO          381    .ARM.__at_0x02FC    startup_lpc17xx.o
    0x00000300   0x00000100   Code   RO            1    .text               bsd_server.o
    0x00000400   0x00000b84   Code   RO           62    .text               glcd_mcb1700.o
    0x00000f84   0x000009e4   Code   RO          187    .text               emac_lpc17xx.o
    0x00001968   0x00000bb8   Code   RO          242    .text               ssp_lpc17xx.o
    0x00002520   0x000001cc   Code   RO          281    .text               phy_dp83848c.o
    0x000026ec   0x00000368   Code   RO          306    .text               gpdma_lpc17xx.o
    0x00002a54   0x0000007c   Code   RO          333    .text               gpio_lpc17xx.o
    0x00002ad0   0x00000098   Code   RO          357    .text               pin_lpc17xx.o
    0x00002b68   0x00000024   Code   RO          382    .text               startup_lpc17xx.o
    0x00002b8c   0x0000019c   Code   RO          391    .text               system_lpc17xx.o
    0x00002d28   0x0000005c   Code   RO          418    .text               net_config.o
    0x00002d84   0x00000062   Code   RO         2086    .text               mc_w.l(uldiv.o)
    0x00002de6   0x00000024   Code   RO         2088    .text               mc_w.l(memcpya.o)
    0x00002e0a   0x00000024   Code   RO         2090    .text               mc_w.l(memseta.o)
    0x00002e2e   0x0000001e   Code   RO         2376    .text               mc_w.l(llshl.o)
    0x00002e4c   0x00000020   Code   RO         2378    .text               mc_w.l(llushr.o)
    0x00002e6c   0x00000024   Code   RO         2397    .text               mc_w.l(init.o)
    0x00002e90   0x0000000e   Code   RO         2413    i.__scatterload_copy  mc_w.l(handlers.o)
    0x00002e9e   0x0000000e   Code   RO         2415    i.__scatterload_zeroinit  mc_w.l(handlers.o)
    0x00002eac   0x00000046   Code   RO         1868    i._init_box         RTX_CM3.lib(rt_membox.o)
    0x00002ef2   0x00000002   PAD
    0x00002ef4   0x000000dc   Code   RO         1326    i.accept            Net_CM3_L.lib(net_bsd.o)
    0x00002fd0   0x00000028   Code   RO         1327    i.addr_from         Net_CM3_L.lib(net_bsd.o)
    0x00002ff8   0x000000a4   Code   RO         1125    i.arp_cache_add     Net_CM3_L.lib(net_arp.o)
    0x0000309c   0x00000088   Code   RO         1126    i.arp_cache_alloc   Net_CM3_L.lib(net_arp.o)
    0x00003124   0x00000088   Code   RO         1127    i.arp_cache_early   Net_CM3_L.lib(net_arp.o)
    0x000031ac   0x000000a0   Code   RO         1128    i.arp_cache_find    Net_CM3_L.lib(net_arp.o)
    0x0000324c   0x000000e4   Code   RO         1131    i.arp_cache_update  Net_CM3_L.lib(net_arp.o)
    0x00003330   0x00000030   Code   RO         1135    i.arp_init          Net_CM3_L.lib(net_arp.o)
    0x00003360   0x0000003c   Code   RO         1136    i.arp_is_cacheable  Net_CM3_L.lib(net_arp.o)
    0x0000339c   0x00000028   Code   RO         1137    i.arp_notify        Net_CM3_L.lib(net_arp.o)
    0x000033c4   0x00000074   Code   RO         1139    i.arp_proc_response  Net_CM3_L.lib(net_arp.o)
    0x00003438   0x00000120   Code   RO         1140    i.arp_process       Net_CM3_L.lib(net_arp.o)
    0x00003558   0x00000088   Code   RO         1141    i.arp_send_reply    Net_CM3_L.lib(net_arp.o)
    0x000035e0   0x000000b8   Code   RO         1142    i.arp_send_request  Net_CM3_L.lib(net_arp.o)
    0x00003698   0x00000098   Code   RO         1328    i.bind              Net_CM3_L.lib(net_bsd.o)
    0x00003730   0x00000070   Code   RO         1329    i.bsd_assign_socket  Net_CM3_L.lib(net_bsd.o)
    0x000037a0   0x0000002c   Code   RO         1330    i.bsd_enable        Net_CM3_L.lib(net_bsd.o)
    0x000037cc   0x00000056   Code   RO         1331    i.bsd_kill_socket   Net_CM3_L.lib(net_bsd.o)
    0x00003822   0x00000002   PAD
    0x00003824   0x00000010   Code   RO         1332    i.bsd_lock          Net_CM3_L.lib(net_bsd.o)
    0x00003834   0x0000002c   Code   RO         1333    i.bsd_map_socket    Net_CM3_L.lib(net_bsd.o)
    0x00003860   0x00000016   Code   RO         1334    i.bsd_open_udp      Net_CM3_L.lib(net_bsd.o)
    0x00003876   0x00000018   Code   RO         1335    i.bsd_resume        Net_CM3_L.lib(net_bsd.o)
    0x0000388e   0x00000002   PAD
    0x00003890   0x0000002c   Code   RO         1336    i.bsd_socket_init   Net_CM3_L.lib(net_bsd.o)
    0x000038bc   0x0000007c   Code   RO         1337    i.bsd_socket_poll   Net_CM3_L.lib(net_bsd.o)
    0x00003938   0x0000002c   Code   RO         1338    i.bsd_suspend       Net_CM3_L.lib(net_bsd.o)
    0x00003964   0x0000000c   Code   RO         1339    i.bsd_unlock        Net_CM3_L.lib(net_bsd.o)
    0x00003970   0x00000028   Code   RO         1340    i.bsd_wait          Net_CM3_L.lib(net_bsd.o)
    0x00003998   0x00000032   Code   RO         1995    i.chksum16          Net_CM3_L.lib(net_common.o)
    0x000039ca   0x00000002   PAD
    0x000039cc   0x000000f8   Code   RO         1341    i.closesocket       Net_CM3_L.lib(net_bsd.o)
    0x00003ac4   0x00000030   Code   RO         1921    i.dbg_init          RTX_CM3.lib(hal_cm.o)
    0x00003af4   0x00000020   Code   RO         1922    i.dbg_task_notify   RTX_CM3.lib(hal_cm.o)
    0x00003b14   0x00000010   Code   RO         1923    i.dbg_task_switch   RTX_CM3.lib(hal_cm.o)
    0x00003b24   0x000000c0   Code   RO         1092    i.eth_check_link    Net_CM3_L.lib(net_eth.o)
    0x00003be4   0x00000020   Code   RO         1093    i.eth_chk_addr      Net_CM3_L.lib(net_eth.o)
    0x00003c04   0x00000070   Code   RO         1094    i.eth_fetch_frame   Net_CM3_L.lib(net_eth.o)
    0x00003c74   0x000000f8   Code   RO         1096    i.eth_init_link     Net_CM3_L.lib(net_eth.o)
    0x00003d6c   0x00000014   Code   RO         1098    i.eth_notify        Net_CM3_L.lib(net_eth.o)
    0x00003d80   0x00000064   Code   RO         1099    i.eth_output        Net_CM3_L.lib(net_eth.o)
    0x00003de4   0x000000e4   Code   RO         1100    i.eth_run_link      Net_CM3_L.lib(net_eth.o)
    0x00003ec8   0x000000a4   Code   RO         1101    i.eth_send_frame    Net_CM3_L.lib(net_eth.o)
    0x00003f6c   0x0000000e   Code   RO         1103    i.eth_thread        Net_CM3_L.lib(net_eth.o)
    0x00003f7a   0x00000002   PAD
    0x00003f7c   0x0000001c   Code   RO         1997    i.get_crc32         Net_CM3_L.lib(net_common.o)
    0x00003f98   0x0000001c   Code   RO         1400    i.get_rnd32         Net_CM3_L.lib(net_sys.o)
    0x00003fb4   0x000000dc   Code   RO         1202    i.icmp_process      Net_CM3_L.lib(net_icmp.o)
    0x00004090   0x00000080   Code   RO         1203    i.icmp_send_message  Net_CM3_L.lib(net_icmp.o)
    0x00004110   0x00000010   Code   RO         1204    i.icmp_service_init  Net_CM3_L.lib(net_icmp.o)
    0x00004120   0x00000048   Code   RO         1205    i.icmp_service_run  Net_CM3_L.lib(net_icmp.o)
    0x00004168   0x0000004c   Code   RO         1169    i.ip4_checksum      Net_CM3_L.lib(net_ip.o)
    0x000041b4   0x000000d0   Code   RO         1170    i.ip_chk_frame      Net_CM3_L.lib(net_ip.o)
    0x00004284   0x0000000a   Code   RO         1172    i.ip_get_chksum     Net_CM3_L.lib(net_ip.o)
    0x0000428e   0x00000002   PAD
    0x00004290   0x00000044   Code   RO         1173    i.ip_get_locadr     Net_CM3_L.lib(net_ip.o)
    0x000042d4   0x0000007c   Code   RO         1174    i.ip_get_route      Net_CM3_L.lib(net_ip.o)
    0x00004350   0x00000050   Code   RO         1175    i.ip_localhost_init  Net_CM3_L.lib(net_ip.o)
    0x000043a0   0x00000060   Code   RO         1176    i.ip_localhost_run  Net_CM3_L.lib(net_ip.o)
    0x00004400   0x00000140   Code   RO         1177    i.ip_send_frame     Net_CM3_L.lib(net_ip.o)
    0x00004540   0x00000030   Code   RO         1178    i.ip_tx_offload     Net_CM3_L.lib(net_ip.o)
    0x00004570   0x0000001a   Code   RO         2026    i.is_subnet         Net_CM3_L.lib(net_addr4.o)
    0x0000458a   0x00000002   PAD
    0x0000458c   0x00000028   Code   RO         1179    i.is_subnet_bcast   Net_CM3_L.lib(net_ip.o)
    0x000045b4   0x0000002a   Code   RO          473    i.isrMessageGet     RTX_CM3.lib(rt_cmsis.o)
    0x000045de   0x0000002c   Code   RO          474    i.isrMessagePut     RTX_CM3.lib(rt_cmsis.o)
    0x0000460a   0x00000024   Code   RO          476    i.isrSignalSet      RTX_CM3.lib(rt_cmsis.o)
    0x0000462e   0x00000002   PAD
    0x00004630   0x00000028   Code   RO         1592    i.isr_evt_set       RTX_CM3.lib(rt_event.o)
    0x00004658   0x00000056   Code   RO         1714    i.isr_mbx_receive   RTX_CM3.lib(rt_mailbox.o)
    0x000046ae   0x0000000e   Code   RO         1715    i.isr_mbx_send      RTX_CM3.lib(rt_mailbox.o)
    0x000046bc   0x00000028   Code   RO         1346    i.list_get_first    Net_CM3_L.lib(net_bsd.o)
    0x000046e4   0x0000008c   Code   RO         1347    i.listen            Net_CM3_L.lib(net_bsd.o)
    0x00004770   0x0000008c   Code   RO         1969    i.mem_alloc         Net_CM3_L.lib(net_mem.o)
    0x000047fc   0x0000001c   Code   RO         1970    i.mem_avail         Net_CM3_L.lib(net_mem.o)
    0x00004818   0x00000020   Code   RO         1998    i.mem_crc32         Net_CM3_L.lib(net_common.o)
    0x00004838   0x0000006c   Code   RO         1971    i.mem_free          Net_CM3_L.lib(net_mem.o)
    0x000048a4   0x00000064   Code   RO         1972    i.mem_init          Net_CM3_L.lib(net_mem.o)
    0x00004908   0x00000010   Code   RO         1973    i.mem_lock          Net_CM3_L.lib(net_mem.o)
    0x00004918   0x0000000c   Code   RO         1975    i.mem_unlock        Net_CM3_L.lib(net_mem.o)
    0x00004924   0x0000004c   Code   RO         1401    i.net_initialize    Net_CM3_L.lib(net_sys.o)
    0x00004970   0x00000064   Code   RO         1402    i.net_main          Net_CM3_L.lib(net_sys.o)
    0x000049d4   0x00000014   Code   RO         1403    i.net_timer_tick    Net_CM3_L.lib(net_sys.o)
    0x000049e8   0x00000024   Code   RO          478    i.osKernelInitialize  RTX_CM3.lib(rt_cmsis.o)
    0x00004a0c   0x0000006c   Code   RO          480    i.osKernelStart     RTX_CM3.lib(rt_cmsis.o)
    0x00004a78   0x00000018   Code   RO          481    i.osKernelSysTick   RTX_CM3.lib(rt_cmsis.o)
    0x00004a90   0x00000018   Code   RO          489    i.osMessageGet      RTX_CM3.lib(rt_cmsis.o)
    0x00004aa8   0x0000002c   Code   RO          491    i.osMutexCreate     RTX_CM3.lib(rt_cmsis.o)
    0x00004ad4   0x00000018   Code   RO          493    i.osMutexRelease    RTX_CM3.lib(rt_cmsis.o)
    0x00004aec   0x00000018   Code   RO          494    i.osMutexWait       RTX_CM3.lib(rt_cmsis.o)
    0x00004b04   0x00000018   Code   RO          504    i.osSignalSet       RTX_CM3.lib(rt_cmsis.o)
    0x00004b1c   0x00000018   Code   RO          505    i.osSignalWait      RTX_CM3.lib(rt_cmsis.o)
    0x00004b34   0x0000002c   Code   RO          506    i.osThreadCreate    RTX_CM3.lib(rt_cmsis.o)
    0x00004b60   0x00000018   Code   RO          507    i.osThreadExit      RTX_CM3.lib(rt_cmsis.o)
    0x00004b78   0x00000018   Code   RO          508    i.osThreadGetId     RTX_CM3.lib(rt_cmsis.o)
    0x00004b90   0x00000018   Code   RO          512    i.osThreadYield     RTX_CM3.lib(rt_cmsis.o)
    0x00004ba8   0x0000000c   Code   RO          513    i.osTimerCall       RTX_CM3.lib(rt_cmsis.o)
    0x00004bb4   0x0000002c   Code   RO          514    i.osTimerCreate     RTX_CM3.lib(rt_cmsis.o)
    0x00004be0   0x00000018   Code   RO          516    i.osTimerStart      RTX_CM3.lib(rt_cmsis.o)
    0x00004bf8   0x0000002c   Code   RO          518    i.osTimerThread     RTX_CM3.lib(rt_cmsis.o)
    0x00004c24   0x00000028   Code   RO         1502    i.os_tick_init      RTX_CM3.lib(rt_system.o)
    0x00004c4c   0x00000002   Code   RO         1503    i.os_tick_irqack    RTX_CM3.lib(rt_system.o)
    0x00004c4e   0x00000002   PAD
    0x00004c50   0x00000010   Code   RO         1504    i.os_tick_ovf       RTX_CM3.lib(rt_system.o)
    0x00004c60   0x00000014   Code   RO         1505    i.os_tick_val       RTX_CM3.lib(rt_system.o)
    0x00004c74   0x00000018   Code   RO         1348    i.que_add_buf       Net_CM3_L.lib(net_bsd.o)
    0x00004c8c   0x0000001a   Code   RO         1349    i.que_clear_chain   Net_CM3_L.lib(net_bsd.o)
    0x00004ca6   0x0000000e   Code   RO         1350    i.recv              Net_CM3_L.lib(net_bsd.o)
    0x00004cb4   0x00000168   Code   RO         1351    i.recvfrom          Net_CM3_L.lib(net_bsd.o)
    0x00004e1c   0x0000001a   Code   RO         1869    i.rt_alloc_box      RTX_CM3.lib(rt_membox.o)
    0x00004e36   0x0000003e   Code   RO         1897    i.rt_alloc_mem      RTX_CM3.lib(rt_memory.o)
    0x00004e74   0x00000038   Code   RO         1417    i.rt_block          RTX_CM3.lib(rt_task.o)
    0x00004eac   0x00000048   Code   RO         2049    i.rt_chk_robin      RTX_CM3.lib(rt_robin.o)
    0x00004ef4   0x00000070   Code   RO         1638    i.rt_dec_dly        RTX_CM3.lib(rt_list.o)
    0x00004f64   0x00000044   Code   RO         1418    i.rt_dispatch       RTX_CM3.lib(rt_task.o)
    0x00004fa8   0x00000050   Code   RO         1595    i.rt_evt_psh        RTX_CM3.lib(rt_event.o)
    0x00004ff8   0x0000005c   Code   RO         1596    i.rt_evt_set        RTX_CM3.lib(rt_event.o)
    0x00005054   0x0000003c   Code   RO         1597    i.rt_evt_wait       RTX_CM3.lib(rt_event.o)
    0x00005090   0x0000002c   Code   RO         1870    i.rt_free_box       RTX_CM3.lib(rt_membox.o)
    0x000050bc   0x00000028   Code   RO         1898    i.rt_free_mem       RTX_CM3.lib(rt_memory.o)
    0x000050e4   0x00000028   Code   RO         1639    i.rt_get_first      RTX_CM3.lib(rt_list.o)
    0x0000510c   0x00000024   Code   RO         1640    i.rt_get_same_rdy_prio  RTX_CM3.lib(rt_list.o)
    0x00005130   0x00000008   Code   RO          523    i.rt_id2obj         RTX_CM3.lib(rt_cmsis.o)
    0x00005138   0x00000048   Code   RO         1419    i.rt_init_context   RTX_CM3.lib(rt_task.o)
    0x00005180   0x0000001a   Code   RO         1899    i.rt_init_mem       RTX_CM3.lib(rt_memory.o)
    0x0000519a   0x00000002   PAD
    0x0000519c   0x00000018   Code   RO         2050    i.rt_init_robin     RTX_CM3.lib(rt_robin.o)
    0x000051b4   0x00000080   Code   RO         1924    i.rt_init_stack     RTX_CM3.lib(hal_cm.o)
    0x00005234   0x00000008   Code   RO         1716    i.rt_mbx_check      RTX_CM3.lib(rt_mailbox.o)
    0x0000523c   0x0000001a   Code   RO         1717    i.rt_mbx_init       RTX_CM3.lib(rt_mailbox.o)
    0x00005256   0x00000002   PAD
    0x00005258   0x000000f0   Code   RO         1718    i.rt_mbx_psh        RTX_CM3.lib(rt_mailbox.o)
    0x00005348   0x000000b4   Code   RO         1720    i.rt_mbx_wait       RTX_CM3.lib(rt_mailbox.o)
    0x000053fc   0x00000044   Code   RO          524    i.rt_ms2tick        RTX_CM3.lib(rt_cmsis.o)
    0x00005440   0x00000010   Code   RO         1838    i.rt_mut_init       RTX_CM3.lib(rt_mutex.o)
    0x00005450   0x000000d8   Code   RO         1839    i.rt_mut_release    RTX_CM3.lib(rt_mutex.o)
    0x00005528   0x00000078   Code   RO         1840    i.rt_mut_wait       RTX_CM3.lib(rt_mutex.o)
    0x000055a0   0x0000007c   Code   RO         1506    i.rt_pop_req        RTX_CM3.lib(rt_system.o)
    0x0000561c   0x00000020   Code   RO         1507    i.rt_psh_req        RTX_CM3.lib(rt_system.o)
    0x0000563c   0x0000005c   Code   RO         1641    i.rt_psq_enq        RTX_CM3.lib(rt_list.o)
    0x00005698   0x00000048   Code   RO         1642    i.rt_put_dly        RTX_CM3.lib(rt_list.o)
    0x000056e0   0x00000036   Code   RO         1643    i.rt_put_prio       RTX_CM3.lib(rt_list.o)
    0x00005716   0x00000002   PAD
    0x00005718   0x00000014   Code   RO         1644    i.rt_put_rdy_first  RTX_CM3.lib(rt_list.o)
    0x0000572c   0x00000034   Code   RO         1645    i.rt_resort_prio    RTX_CM3.lib(rt_list.o)
    0x00005760   0x00000006   Code   RO         1925    i.rt_ret_val        RTX_CM3.lib(hal_cm.o)
    0x00005766   0x00000008   Code   RO         1926    i.rt_ret_val2       RTX_CM3.lib(hal_cm.o)
    0x0000576e   0x00000028   Code   RO         1646    i.rt_rmv_dly        RTX_CM3.lib(rt_list.o)
    0x00005796   0x00000002   PAD
    0x00005798   0x00000030   Code   RO         1647    i.rt_rmv_list       RTX_CM3.lib(rt_list.o)
    0x000057c8   0x00000034   Code   RO         1765    i.rt_sem_psh        RTX_CM3.lib(rt_semaphore.o)
    0x000057fc   0x00000024   Code   RO         1509    i.rt_stk_check      RTX_CM3.lib(rt_system.o)
    0x00005820   0x00000028   Code   RO         1420    i.rt_switch_req     RTX_CM3.lib(rt_task.o)
    0x00005848   0x000000cc   Code   RO         1421    i.rt_sys_init       RTX_CM3.lib(rt_task.o)
    0x00005914   0x00000078   Code   RO         1422    i.rt_sys_start      RTX_CM3.lib(rt_task.o)
    0x0000598c   0x00000040   Code   RO         1511    i.rt_systick        RTX_CM3.lib(rt_system.o)
    0x000059cc   0x00000012   Code   RO          525    i.rt_tid2ptcb       RTX_CM3.lib(rt_cmsis.o)
    0x000059de   0x00000002   PAD
    0x000059e0   0x00000034   Code   RO          526    i.rt_timer_insert   RTX_CM3.lib(rt_cmsis.o)
    0x00005a14   0x0000003c   Code   RO          527    i.rt_timer_remove   RTX_CM3.lib(rt_cmsis.o)
    0x00005a50   0x00000088   Code   RO         1423    i.rt_tsk_create     RTX_CM3.lib(rt_task.o)
    0x00005ad8   0x0000017c   Code   RO         1424    i.rt_tsk_delete     RTX_CM3.lib(rt_task.o)
    0x00005c54   0x00000030   Code   RO         1425    i.rt_tsk_pass       RTX_CM3.lib(rt_task.o)
    0x00005c84   0x0000007c   Code   RO         1426    i.rt_tsk_prio       RTX_CM3.lib(rt_task.o)
    0x00005d00   0x00000010   Code   RO         1427    i.rt_tsk_self       RTX_CM3.lib(rt_task.o)
    0x00005d10   0x00000024   Code   RO         1354    i.set_sock_type     Net_CM3_L.lib(net_bsd.o)
    0x00005d34   0x00000098   Code   RO         1355    i.socket            Net_CM3_L.lib(net_bsd.o)
    0x00005dcc   0x00000070   Code   RO          529    i.svcKernelInitialize  RTX_CM3.lib(rt_cmsis.o)
    0x00005e3c   0x00000048   Code   RO          531    i.svcKernelStart    RTX_CM3.lib(rt_cmsis.o)
    0x00005e84   0x00000038   Code   RO          532    i.svcKernelSysTick  RTX_CM3.lib(rt_cmsis.o)
    0x00005ebc   0x00000024   Code   RO          534    i.svcMessageCreate  RTX_CM3.lib(rt_cmsis.o)
    0x00005ee0   0x0000003a   Code   RO          535    i.svcMessageGet     RTX_CM3.lib(rt_cmsis.o)
    0x00005f1a   0x0000001c   Code   RO          537    i.svcMutexCreate    RTX_CM3.lib(rt_cmsis.o)
    0x00005f36   0x00000022   Code   RO          539    i.svcMutexRelease   RTX_CM3.lib(rt_cmsis.o)
    0x00005f58   0x0000003a   Code   RO          540    i.svcMutexWait      RTX_CM3.lib(rt_cmsis.o)
    0x00005f92   0x00000024   Code   RO          547    i.svcSignalSet      RTX_CM3.lib(rt_cmsis.o)
    0x00005fb6   0x00000002   PAD
    0x00005fb8   0x00000054   Code   RO          548    i.svcSignalWait     RTX_CM3.lib(rt_cmsis.o)
    0x0000600c   0x0000006c   Code   RO          549    i.svcThreadCreate   RTX_CM3.lib(rt_cmsis.o)
    0x00006078   0x0000001c   Code   RO          550    i.svcThreadGetId    RTX_CM3.lib(rt_cmsis.o)
    0x00006094   0x00000038   Code   RO          553    i.svcThreadTerminate  RTX_CM3.lib(rt_cmsis.o)
    0x000060cc   0x0000000a   Code   RO          554    i.svcThreadYield    RTX_CM3.lib(rt_cmsis.o)
    0x000060d6   0x00000018   Code   RO          555    i.svcTimerCall      RTX_CM3.lib(rt_cmsis.o)
    0x000060ee   0x00000002   PAD
    0x000060f0   0x00000038   Code   RO          556    i.svcTimerCreate    RTX_CM3.lib(rt_cmsis.o)
    0x00006128   0x00000064   Code   RO          558    i.svcTimerStart     RTX_CM3.lib(rt_cmsis.o)
    0x0000618c   0x0000005c   Code   RO          564    i.sysTimerTick      RTX_CM3.lib(rt_cmsis.o)
    0x000061e8   0x00000058   Code   RO         1249    i.tcp_abort         Net_CM3_L.lib(net_tcp.o)
    0x00006240   0x00000104   Code   RO         1356    i.tcp_cbfunc        Net_CM3_L.lib(net_bsd.o)
    0x00006344   0x000000a0   Code   RO         1251    i.tcp_close         Net_CM3_L.lib(net_tcp.o)
    0x000063e4   0x00000050   Code   RO         1256    i.tcp_get_socket    Net_CM3_L.lib(net_tcp.o)
    0x00006434   0x00000028   Code   RO         1257    i.tcp_get_state     Net_CM3_L.lib(net_tcp.o)
    0x0000645c   0x0000003c   Code   RO         1258    i.tcp_ioctl_socket  Net_CM3_L.lib(net_tcp.o)
    0x00006498   0x0000006c   Code   RO         1259    i.tcp_listen        Net_CM3_L.lib(net_tcp.o)
    0x00006504   0x0000007c   Code   RO         1260    i.tcp_map_socket    Net_CM3_L.lib(net_tcp.o)
    0x00006580   0x0000000c   Code   RO         1262    i.tcp_no_ack        Net_CM3_L.lib(net_tcp.o)
    0x0000658c   0x0000005e   Code   RO         1264    i.tcp_parse_opt     Net_CM3_L.lib(net_tcp.o)
    0x000065ea   0x00000002   PAD
    0x000065ec   0x000000c4   Code   RO         1265    i.tcp_proc_acknr    Net_CM3_L.lib(net_tcp.o)
    0x000066b0   0x00000052   Code   RO         1266    i.tcp_proc_dupack   Net_CM3_L.lib(net_tcp.o)
    0x00006702   0x00000002   PAD
    0x00006704   0x0000049a   Code   RO         1267    i.tcp_process       Net_CM3_L.lib(net_tcp.o)
    0x00006b9e   0x0000001a   Code   RO         1268    i.tcp_que_free      Net_CM3_L.lib(net_tcp.o)
    0x00006bb8   0x0000001a   Code   RO         1269    i.tcp_que_init      Net_CM3_L.lib(net_tcp.o)
    0x00006bd2   0x00000002   PAD
    0x00006bd4   0x00000094   Code   RO         1270    i.tcp_que_resend    Net_CM3_L.lib(net_tcp.o)
    0x00006c68   0x0000003c   Code   RO         1271    i.tcp_release_socket  Net_CM3_L.lib(net_tcp.o)
    0x00006ca4   0x00000050   Code   RO         1273    i.tcp_reset_window  Net_CM3_L.lib(net_tcp.o)
    0x00006cf4   0x00000066   Code   RO         1275    i.tcp_send_ctrl     Net_CM3_L.lib(net_tcp.o)
    0x00006d5a   0x0000004c   Code   RO         1276    i.tcp_send_data     Net_CM3_L.lib(net_tcp.o)
    0x00006da6   0x00000060   Code   RO         1277    i.tcp_send_reset    Net_CM3_L.lib(net_tcp.o)
    0x00006e06   0x00000026   Code   RO         1278    i.tcp_set_cwnd      Net_CM3_L.lib(net_tcp.o)
    0x00006e2c   0x00000014   Code   RO         1279    i.tcp_socket_init   Net_CM3_L.lib(net_tcp.o)
    0x00006e40   0x000002a8   Code   RO         1280    i.tcp_socket_poll   Net_CM3_L.lib(net_tcp.o)
    0x000070e8   0x00000068   Code   RO         1281    i.tcp_transit       Net_CM3_L.lib(net_tcp.o)
    0x00007150   0x000000a4   Code   RO         1282    i.tcp_write         Net_CM3_L.lib(net_tcp.o)
    0x000071f4   0x0000007c   Code   RO         1357    i.udp_cbfunc        Net_CM3_L.lib(net_bsd.o)
    0x00007270   0x0000002c   Code   RO         1218    i.udp_close         Net_CM3_L.lib(net_udp.o)
    0x0000729c   0x00000048   Code   RO         1221    i.udp_get_socket    Net_CM3_L.lib(net_udp.o)
    0x000072e4   0x0000006c   Code   RO         1224    i.udp_open          Net_CM3_L.lib(net_udp.o)
    0x00007350   0x0000002c   Code   RO         1225    i.udp_port_in_use   Net_CM3_L.lib(net_udp.o)
    0x0000737c   0x00000098   Code   RO         1226    i.udp_process       Net_CM3_L.lib(net_udp.o)
    0x00007414   0x00000030   Code   RO         1227    i.udp_release_socket  Net_CM3_L.lib(net_udp.o)
    0x00007444   0x00000014   Code   RO         1229    i.udp_socket_init   Net_CM3_L.lib(net_udp.o)
    0x00007458   0x00000010   Data   RO            2    .constdata          bsd_server.o
    0x00007468   0x00001500   Data   RO           48    .constdata          glcd_fonts.o
    0x00008968   0x00000010   Data   RO           50    .constdata          glcd_fonts.o
    0x00008978   0x00000010   Data   RO          117    .constdata          led_mcb1700.o
    0x00008988   0x00000002   Data   RO          140    .constdata          rtx_conf_cm.o
    0x0000898a   0x00000002   PAD
    0x0000898c   0x00000004   Data   RO          141    .constdata          rtx_conf_cm.o
    0x00008990   0x00000004   Data   RO          142    .constdata          rtx_conf_cm.o
    0x00008994   0x00000002   Data   RO          144    .constdata          rtx_conf_cm.o
    0x00008996   0x00000002   Data   RO          145    .constdata          rtx_conf_cm.o
    0x00008998   0x00000004   Data   RO          146    .constdata          rtx_conf_cm.o
    0x0000899c   0x00000001   Data   RO          147    .constdata          rtx_conf_cm.o
    0x0000899d   0x00000003   PAD
    0x000089a0   0x00000020   Data   RO          148    .constdata          rtx_conf_cm.o
    0x000089c0   0x00000002   Data   RO          149    .constdata          rtx_conf_cm.o
    0x000089c2   0x00000002   PAD
    0x000089c4   0x00000004   Data   RO          150    .constdata          rtx_conf_cm.o
    0x000089c8   0x00000004   Data   RO          151    .constdata          rtx_conf_cm.o
    0x000089cc   0x00000001   Data   RO          152    .constdata          rtx_conf_cm.o
    0x000089cd   0x00000003   PAD
    0x000089d0   0x00000010   Data   RO          153    .constdata          rtx_conf_cm.o
    0x000089e0   0x00000008   Data   RO          154    .constdata          rtx_conf_cm.o
    0x000089e8   0x00000002   Data   RO          155    .constdata          rtx_conf_cm.o
    0x000089ea   0x00000002   PAD
    0x000089ec   0x00000008   Data   RO          189    .constdata          emac_lpc17xx.o
    0x000089f4   0x00000044   Data   RO          190    .constdata          emac_lpc17xx.o
    0x00008a38   0x00000050   Data   RO          245    .constdata          ssp_lpc17xx.o
    0x00008a88   0x0000002c   Data   RO          246    .constdata          ssp_lpc17xx.o
    0x00008ab4   0x00000004   Data   RO          283    .constdata          phy_dp83848c.o
    0x00008ab8   0x00000020   Data   RO          284    .constdata          phy_dp83848c.o
    0x00008ad8   0x0000003c   Data   RO          424    .constdata          net_config.o
    0x00008b14   0x00000010   Data   RO          425    .constdata          net_config.o
    0x00008b24   0x00000028   Data   RO          426    .constdata          net_config.o
    0x00008b4c   0x00000008   Data   RO          427    .constdata          net_config.o
    0x00008b54   0x00000018   Data   RO          428    .constdata          net_config.o
    0x00008b6c   0x00000008   Data   RO          429    .constdata          net_config.o
    0x00008b74   0x0000001c   Data   RO         1105    .constdata          Net_CM3_L.lib(net_eth.o)
    0x00008b90   0x00000008   Data   RO         1182    .constdata          Net_CM3_L.lib(net_ip.o)
    0x00008b98   0x00000004   Data   RO         1359    .constdata          Net_CM3_L.lib(net_bsd.o)
    0x00008b9c   0x00000008   Data   RO         1406    .constdata          Net_CM3_L.lib(net_sys.o)
    0x00008ba4   0x00000004   Data   RO         1978    .constdata          Net_CM3_L.lib(net_mem.o)
    0x00008ba8   0x00000008   Data   RO         2030    .constdata          Net_CM3_L.lib(net_addr4.o)
    0x00008bb0   0x00000020   Data   RO         2412    Region$$Table       anon$$obj.o


    Execution Region RW_IRAM1 (Base: 0x10000000, Size: 0x00005c08, Max: 0x00008000, ABSOLUTE)

    Base Addr    Size         Type   Attr      Idx    E Section Name        Object

    0x10000000   0x00000014   Data   RW           63    .data               glcd_mcb1700.o
    0x10000014   0x00000004   Data   RW          157    .data               rtx_conf_cm.o
    0x10000018   0x00000004   Data   RW          158    .data               rtx_conf_cm.o
    0x1000001c   0x00000004   Data   RW          159    .data               rtx_conf_cm.o
    0x10000020   0x00000018   Data   RW          191    .data               emac_lpc17xx.o
    0x10000038   0x00000002   Data   RW          247    .data               ssp_lpc17xx.o
    0x1000003a   0x00000002   Data   RW          248    .data               ssp_lpc17xx.o
    0x1000003c   0x00000002   Data   RW          249    .data               ssp_lpc17xx.o
    0x1000003e   0x00000002   Data   RW          250    .data               ssp_lpc17xx.o
    0x10000040   0x00000008   Data   RW          251    .data               ssp_lpc17xx.o
    0x10000048   0x00000008   Data   RW          308    .data               gpdma_lpc17xx.o
    0x10000050   0x00000004   Data   RW          392    .data               system_lpc17xx.o
    0x10000054   0x00000010   Data   RW          430    .data               net_config.o
    0x10000064   0x00000006   Data   RW          431    .data               net_config.o
    0x1000006a   0x00000002   PAD
    0x1000006c   0x00000008   Data   RW          567    .data               RTX_CM3.lib(rt_cmsis.o)
    0x10000074   0x00000004   Data   RW         1106    .data               Net_CM3_L.lib(net_eth.o)
    0x10000078   0x00000008   Data   RW         1143    .data               Net_CM3_L.lib(net_arp.o)
    0x10000080   0x00000002   Data   RW         1230    .data               Net_CM3_L.lib(net_udp.o)
    0x10000082   0x00000004   Data   RW         1285    .data               Net_CM3_L.lib(net_tcp.o)
    0x10000086   0x00000002   PAD
    0x10000088   0x00000004   Data   RW         1360    .data               Net_CM3_L.lib(net_bsd.o)
    0x1000008c   0x00000008   Data   RW         1429    .data               RTX_CM3.lib(rt_task.o)
    0x10000094   0x00000008   Data   RW         1514    .data               RTX_CM3.lib(rt_system.o)
    0x1000009c   0x00000004   Data   RW         1808    .data               RTX_CM3.lib(rt_time.o)
    0x100000a0   0x00000001   Data   RW         1927    .data               RTX_CM3.lib(hal_cm.o)
    0x100000a1   0x00000003   PAD
    0x100000a4   0x00000008   Data   RW         2051    .data               RTX_CM3.lib(rt_robin.o)
    0x100000ac   0x00000020   Zero   RW          134    .bss                rtx_conf_cm.o
    0x100000cc   0x00000110   Zero   RW          135    .bss                rtx_conf_cm.o
    0x100001dc   0x00000004   PAD
    0x100001e0   0x000004d0   Zero   RW          136    .bss                rtx_conf_cm.o
    0x100006b0   0x00000408   Zero   RW          137    .bss                rtx_conf_cm.o
    0x10000ab8   0x00000084   Zero   RW          138    .bss                rtx_conf_cm.o
    0x10000b3c   0x00000014   Zero   RW          139    .bss                rtx_conf_cm.o
    0x10000b50   0x00002a74   Zero   RW          188    .bss                emac_lpc17xx.o
    0x100035c4   0x0000000c   Zero   RW          243    .bss                ssp_lpc17xx.o
    0x100035d0   0x0000001c   Zero   RW          244    .bss                ssp_lpc17xx.o
    0x100035ec   0x0000000c   Zero   RW          282    .bss                phy_dp83848c.o
    0x100035f8   0x000000a0   Zero   RW          307    .bss                gpdma_lpc17xx.o
    0x10003698   0x00001f40   Zero   RW          419    .bss                net_config.o
    0x100055d8   0x0000008c   Zero   RW          420    .bss                net_config.o
    0x10005664   0x0000003c   Zero   RW          421    .bss                net_config.o
    0x100056a0   0x00000154   Zero   RW          422    .bss                net_config.o
    0x100057f4   0x0000006c   Zero   RW          423    .bss                net_config.o
    0x10005860   0x00000088   Zero   RW         1104    .bss                Net_CM3_L.lib(net_eth.o)
    0x100058e8   0x0000000c   Zero   RW         1181    .bss                Net_CM3_L.lib(net_ip.o)
    0x100058f4   0x00000010   Zero   RW         1206    .bss                Net_CM3_L.lib(net_icmp.o)
    0x10005904   0x00000010   Zero   RW         1358    .bss                Net_CM3_L.lib(net_bsd.o)
    0x10005914   0x00000054   Zero   RW         1404    .bss                Net_CM3_L.lib(net_sys.o)
    0x10005968   0x00000018   Zero   RW         1405    .bss                Net_CM3_L.lib(net_sys.o)
    0x10005980   0x00000034   Zero   RW         1428    .bss                RTX_CM3.lib(rt_task.o)
    0x100059b4   0x00000030   Zero   RW         1648    .bss                RTX_CM3.lib(rt_list.o)
    0x100059e4   0x00000010   Zero   RW         1976    .bss                Net_CM3_L.lib(net_mem.o)
    0x100059f4   0x00000014   Zero   RW         1977    .bss                Net_CM3_L.lib(net_mem.o)
    0x10005a08   0x00000200   Zero   RW          378    STACK               startup_lpc17xx.o


==============================================================================

Image component sizes


      Code (inc. data)   RO Data    RW Data    ZI Data      Debug   Object Name

       256         58         16          0          0      16380   bsd_server.o
      2532        100         76         24      10868      46585   emac_lpc17xx.o
         0          0       5392          0          0        736   glcd_fonts.o
      2948         30          0         20          0      31994   glcd_mcb1700.o
       872         20          0          8        160       5561   gpdma_lpc17xx.o
       124         10          0          0          0       1653   gpio_lpc17xx.o
       208          6         16          0          0       2369   led_mcb1700.o
        92          0        156         22       8648      16386   net_config.o
       460          8         36          0         12       7938   phy_dp83848c.o
       152          6          0          0          0       1448   pin_lpc17xx.o
        28          6         88         12       2720       7406   rtx_conf_cm.o
      3000         26        124         16         40      17806   ssp_lpc17xx.o
        40         12        204          0        512       1092   startup_lpc17xx.o
       412         32          0          4          0       1213   system_lpc17xx.o

    ----------------------------------------------------------------------
     11124        314       6152        108      22964     158567   Object Totals
         0          0         32          0          0          0   (incl. Generated)
         0          0         12          2          4          0   (incl. Padding)

    ----------------------------------------------------------------------

      Code (inc. data)   RO Data    RW Data    ZI Data      Debug   Library Member Name

        26          0          8          0          0         68   net_addr4.o
      1696        128          0          8          0       1024   net_arp.o
      2448        128          4          4         16       2056   net_bsd.o
       110          4          0          0          0        228   net_common.o
      1112        112         28          4        136        788   net_eth.o
       436         34          0          0         16        308   net_icmp.o
      1070         88          8          0         12        816   net_ip.o
       404         46          4          0         36        464   net_mem.o
       224         48          8          0        108        288   net_sys.o
      3842        164          0          4          0       2068   net_tcp.o
       488         40          0          2          0        528   net_udp.o
       238         24          0          1          0       3312   hal_cm.o
       304         36          0          0          0        768   hal_cm3.o
      1948        228          0          8          0      45227   rt_cmsis.o
       272         18          0          0          0       2650   rt_event.o
       566         44          0          0         48       8792   rt_list.o
       554         10          0          0          0       3949   rt_mailbox.o
       140          0          0          0          0       1925   rt_membox.o
       128          0          0          0          0       2307   rt_memory.o
       352         14          0          0          0       2105   rt_mutex.o
        96         22          0          8          0       1158   rt_robin.o
        52          4          0          0          0        573   rt_semaphore.o
       334         64          0          8          0       7091   rt_system.o
      1264        184          0          8         52      10147   rt_task.o
         0          0          0          4          0        214   rt_time.o
         4          4          0          0          0        208   svc_table.o
         0          0          0          0          0          0   entry.o
         0          0          0          0          0          0   entry10a.o
         0          0          0          0          0          0   entry11a.o
         8          4          0          0          0          0   entry2.o
         4          0          0          0          0          0   entry5.o
         0          0          0          0          0          0   entry7b.o
         0          0          0          0          0          0   entry8b.o
        30          0          0          0          0          0   handlers.o
        36          8          0          0          0         68   init.o
        30          0          0          0          0         68   llshl.o
        32          0          0          0          0         68   llushr.o
        36          0          0          0          0         68   memcpya.o
        36          0          0          0          0        108   memseta.o
        98          0          0          0          0         92   uldiv.o

    ----------------------------------------------------------------------
     18456       1456         60         64        424      99534   Library Totals
        38          0          0          5          0          0   (incl. Padding)

    ----------------------------------------------------------------------

      Code (inc. data)   RO Data    RW Data    ZI Data      Debug   Library Name

     11856        792         60         22        324       8636   Net_CM3_L.lib
      6252        652          0         37        100      90426   RTX_CM3.lib
       310         12          0          0          0        472   mc_w.l

    ----------------------------------------------------------------------
     18456       1456         60         64        424      99534   Library Totals

    ----------------------------------------------------------------------

==============================================================================


      Code (inc. data)   RO Data    RW Data    ZI Data      Debug   

     29580       1770       6212        172      23388     246033   Grand Totals
     29580       1770       6212        172      23388     246033   ELF Image Totals
     29580       1770       6212        172          0          0   ROM Totals

==============================================================================

    Total RO  Size (Code + RO Data)                35792 (  34.95kB)
    Total RW  Size (RW Data + ZI Data)             23560 (  23.01kB)
    Total ROM Size (Code + RO Data + RW Data)      35964 (  35.12kB)

==============================================================================

