<!doctype html public "-//w3c//dtd html 4.0 transitional//en">
<html><head>
<title>Static Call Graph - [.\Output\BSD_Client.axf]</title></head>
<body><HR>
<H1>Static Call Graph for image .\Output\BSD_Client.axf</H1><HR>
<BR><P>#&#060CALLGRAPH&#062# ARM Linker, 5060422: Last Updated: Wed May 03 09:46:03 2017
<BR><P>
<H3>Maximum Stack Usage =        304 bytes + Unknown(Cycles, Untraceable Function Pointers)</H3><H3>
Call chain for Maximum Stack Depth:</H3>
Client &rArr; send &rArr; sendto &rArr; net_tcp_send &rArr; tcp_send_data &rArr; tcp_write &rArr; net_ip6_send_frame &rArr; net_eth_send_frame &rArr; net_arp_cache_find &rArr; arp_send_request &rArr; net_eth_output &rArr; eth_unlock &rArr; netif_unlock &rArr; osSemaphoreRelease &rArr; isrSemaphoreRelease &rArr; isr_sem_send &rArr; rt_psq_enq
<P>
<H3>
Mutually Recursive functions
</H3> <LI><a href="#[9d]">os_error</a>&nbsp;&nbsp;&nbsp;&rArr;&nbsp;&nbsp;&nbsp;<a href="#[9d]">os_error</a><BR>
 <LI><a href="#[2d]">rt_alloc_box</a>&nbsp;&nbsp;&nbsp;&rArr;&nbsp;&nbsp;&nbsp;<a href="#[2d]">rt_alloc_box</a><BR>
 <LI><a href="#[4c]">os_idle_demon</a>&nbsp;&nbsp;&nbsp;&rArr;&nbsp;&nbsp;&nbsp;<a href="#[4c]">os_idle_demon</a><BR>
 <LI><a href="#[fa]">net_sys_error</a>&nbsp;&nbsp;&nbsp;&rArr;&nbsp;&nbsp;&nbsp;<a href="#[fa]">net_sys_error</a><BR>
 <LI><a href="#[1]">NMI_Handler</a>&nbsp;&nbsp;&nbsp;&rArr;&nbsp;&nbsp;&nbsp;<a href="#[1]">NMI_Handler</a><BR>
 <LI><a href="#[2]">HardFault_Handler</a>&nbsp;&nbsp;&nbsp;&rArr;&nbsp;&nbsp;&nbsp;<a href="#[2]">HardFault_Handler</a><BR>
 <LI><a href="#[3]">MemManage_Handler</a>&nbsp;&nbsp;&nbsp;&rArr;&nbsp;&nbsp;&nbsp;<a href="#[3]">MemManage_Handler</a><BR>
 <LI><a href="#[4]">BusFault_Handler</a>&nbsp;&nbsp;&nbsp;&rArr;&nbsp;&nbsp;&nbsp;<a href="#[4]">BusFault_Handler</a><BR>
 <LI><a href="#[5]">UsageFault_Handler</a>&nbsp;&nbsp;&nbsp;&rArr;&nbsp;&nbsp;&nbsp;<a href="#[5]">UsageFault_Handler</a><BR>
 <LI><a href="#[7]">DebugMon_Handler</a>&nbsp;&nbsp;&nbsp;&rArr;&nbsp;&nbsp;&nbsp;<a href="#[7]">DebugMon_Handler</a><BR>
 <LI><a href="#[20]">ADC_IRQHandler</a>&nbsp;&nbsp;&nbsp;&rArr;&nbsp;&nbsp;&nbsp;<a href="#[20]">ADC_IRQHandler</a><BR>
 <LI><a href="#[146]">net_strtoupper</a>&nbsp;&nbsp;&nbsp;&rArr;&nbsp;&nbsp;&nbsp;<a href="#[146]">net_strtoupper</a><BR>
</UL>
<P>
<H3>
Function Pointers
</H3><UL>
 <LI><a href="#[20]">ADC_IRQHandler</a> from startup_lpc17xx.o(.text) referenced from startup_lpc17xx.o(RESET)
 <LI><a href="#[21]">BOD_IRQHandler</a> from startup_lpc17xx.o(.text) referenced from startup_lpc17xx.o(RESET)
 <LI><a href="#[4]">BusFault_Handler</a> from startup_lpc17xx.o(.text) referenced from startup_lpc17xx.o(RESET)
 <LI><a href="#[2c]">CANActivity_IRQHandler</a> from startup_lpc17xx.o(.text) referenced from startup_lpc17xx.o(RESET)
 <LI><a href="#[23]">CAN_IRQHandler</a> from startup_lpc17xx.o(.text) referenced from startup_lpc17xx.o(RESET)
 <LI><a href="#[50]">Client</a> from bsd_client.o(.text) referenced from bsd_client.o(.constdata)
 <LI><a href="#[61]">Control</a> from emac_lpc17xx.o(.text) referenced from emac_lpc17xx.o(.constdata)
 <LI><a href="#[60]">ControlTimer</a> from emac_lpc17xx.o(.text) referenced from emac_lpc17xx.o(.constdata)
 <LI><a href="#[24]">DMA_IRQHandler</a> from gpdma_lpc17xx.o(.text) referenced from startup_lpc17xx.o(RESET)
 <LI><a href="#[7]">DebugMon_Handler</a> from startup_lpc17xx.o(.text) referenced from startup_lpc17xx.o(RESET)
 <LI><a href="#[1c]">EINT0_IRQHandler</a> from startup_lpc17xx.o(.text) referenced from startup_lpc17xx.o(RESET)
 <LI><a href="#[1d]">EINT1_IRQHandler</a> from startup_lpc17xx.o(.text) referenced from startup_lpc17xx.o(RESET)
 <LI><a href="#[1e]">EINT2_IRQHandler</a> from startup_lpc17xx.o(.text) referenced from startup_lpc17xx.o(RESET)
 <LI><a href="#[1f]">EINT3_IRQHandler</a> from startup_lpc17xx.o(.text) referenced from startup_lpc17xx.o(RESET)
 <LI><a href="#[26]">ENET_IRQHandler</a> from emac_lpc17xx.o(.text) referenced from startup_lpc17xx.o(RESET)
 <LI><a href="#[54]">GetCapabilities</a> from emac_lpc17xx.o(.text) referenced from emac_lpc17xx.o(.constdata)
 <LI><a href="#[78]">GetLinkInfo</a> from phy_dp83848c.o(.text) referenced from phy_dp83848c.o(.constdata)
 <LI><a href="#[77]">GetLinkState</a> from phy_dp83848c.o(.text) referenced from phy_dp83848c.o(.constdata)
 <LI><a href="#[58]">GetMacAddress</a> from emac_lpc17xx.o(.text) referenced from emac_lpc17xx.o(.constdata)
 <LI><a href="#[5d]">GetRxFrameSize</a> from emac_lpc17xx.o(.text) referenced from emac_lpc17xx.o(.constdata)
 <LI><a href="#[5e]">GetRxFrameTime</a> from emac_lpc17xx.o(.text) referenced from emac_lpc17xx.o(.constdata)
 <LI><a href="#[5f]">GetTxFrameTime</a> from emac_lpc17xx.o(.text) referenced from emac_lpc17xx.o(.constdata)
 <LI><a href="#[53]">GetVersion</a> from emac_lpc17xx.o(.text) referenced 2 times from emac_lpc17xx.o(.constdata)
 <LI><a href="#[2]">HardFault_Handler</a> from startup_lpc17xx.o(.text) referenced from startup_lpc17xx.o(RESET)
 <LI><a href="#[14]">I2C0_IRQHandler</a> from startup_lpc17xx.o(.text) referenced from startup_lpc17xx.o(RESET)
 <LI><a href="#[15]">I2C1_IRQHandler</a> from startup_lpc17xx.o(.text) referenced from startup_lpc17xx.o(RESET)
 <LI><a href="#[16]">I2C2_IRQHandler</a> from startup_lpc17xx.o(.text) referenced from startup_lpc17xx.o(RESET)
 <LI><a href="#[25]">I2S_IRQHandler</a> from startup_lpc17xx.o(.text) referenced from startup_lpc17xx.o(RESET)
 <LI><a href="#[55]">Initialize</a> from emac_lpc17xx.o(.text) referenced 2 times from emac_lpc17xx.o(.constdata)
 <LI><a href="#[28]">MCPWM_IRQHandler</a> from startup_lpc17xx.o(.text) referenced from startup_lpc17xx.o(RESET)
 <LI><a href="#[3]">MemManage_Handler</a> from startup_lpc17xx.o(.text) referenced from startup_lpc17xx.o(RESET)
 <LI><a href="#[1]">NMI_Handler</a> from startup_lpc17xx.o(.text) referenced from startup_lpc17xx.o(RESET)
 <LI><a href="#[62]">PHY_Read</a> from emac_lpc17xx.o(.text) referenced from emac_lpc17xx.o(.constdata)
 <LI><a href="#[63]">PHY_Write</a> from emac_lpc17xx.o(.text) referenced from emac_lpc17xx.o(.constdata)
 <LI><a href="#[1a]">PLL0_IRQHandler</a> from startup_lpc17xx.o(.text) referenced from startup_lpc17xx.o(RESET)
 <LI><a href="#[2a]">PLL1_IRQHandler</a> from startup_lpc17xx.o(.text) referenced from startup_lpc17xx.o(RESET)
 <LI><a href="#[13]">PWM1_IRQHandler</a> from startup_lpc17xx.o(.text) referenced from startup_lpc17xx.o(RESET)
 <LI><a href="#[8]">PendSV_Handler</a> from hal_cm3.o(.emb_text) referenced from startup_lpc17xx.o(RESET)
 <LI><a href="#[57]">PowerControl</a> from emac_lpc17xx.o(.text) referenced 2 times from emac_lpc17xx.o(.constdata)
 <LI><a href="#[29]">QEI_IRQHandler</a> from startup_lpc17xx.o(.text) referenced from startup_lpc17xx.o(RESET)
 <LI><a href="#[27]">RIT_IRQHandler</a> from startup_lpc17xx.o(.text) referenced from startup_lpc17xx.o(RESET)
 <LI><a href="#[1b]">RTC_IRQHandler</a> from startup_lpc17xx.o(.text) referenced from startup_lpc17xx.o(RESET)
 <LI><a href="#[5c]">ReadFrame</a> from emac_lpc17xx.o(.text) referenced from emac_lpc17xx.o(.constdata)
 <LI><a href="#[0]">Reset_Handler</a> from startup_lpc17xx.o(.text) referenced from startup_lpc17xx.o(RESET)
 <LI><a href="#[17]">SPI_IRQHandler</a> from startup_lpc17xx.o(.text) referenced from startup_lpc17xx.o(RESET)
 <LI><a href="#[18]">SSP0_IRQHandler</a> from startup_lpc17xx.o(.text) referenced from startup_lpc17xx.o(RESET)
 <LI><a href="#[6f]">SSP1_Control</a> from ssp_lpc17xx.o(.text) referenced from ssp_lpc17xx.o(.constdata)
 <LI><a href="#[65]">SSP1_GPDMA_Rx_SignalEvent</a> from ssp_lpc17xx.o(.text) referenced from ssp_lpc17xx.o(.constdata)
 <LI><a href="#[64]">SSP1_GPDMA_Tx_SignalEvent</a> from ssp_lpc17xx.o(.text) referenced from ssp_lpc17xx.o(.constdata)
 <LI><a href="#[6e]">SSP1_GetDataCount</a> from ssp_lpc17xx.o(.text) referenced from ssp_lpc17xx.o(.constdata)
 <LI><a href="#[70]">SSP1_GetStatus</a> from ssp_lpc17xx.o(.text) referenced from ssp_lpc17xx.o(.constdata)
 <LI><a href="#[19]">SSP1_IRQHandler</a> from ssp_lpc17xx.o(.text) referenced from startup_lpc17xx.o(RESET)
 <LI><a href="#[68]">SSP1_Initialize</a> from ssp_lpc17xx.o(.text) referenced from ssp_lpc17xx.o(.constdata)
 <LI><a href="#[6a]">SSP1_PowerControl</a> from ssp_lpc17xx.o(.text) referenced from ssp_lpc17xx.o(.constdata)
 <LI><a href="#[6c]">SSP1_Receive</a> from ssp_lpc17xx.o(.text) referenced from ssp_lpc17xx.o(.constdata)
 <LI><a href="#[6b]">SSP1_Send</a> from ssp_lpc17xx.o(.text) referenced from ssp_lpc17xx.o(.constdata)
 <LI><a href="#[6d]">SSP1_Transfer</a> from ssp_lpc17xx.o(.text) referenced from ssp_lpc17xx.o(.constdata)
 <LI><a href="#[69]">SSP1_Uninitialize</a> from ssp_lpc17xx.o(.text) referenced from ssp_lpc17xx.o(.constdata)
 <LI><a href="#[67]">SSP_GetCapabilities</a> from ssp_lpc17xx.o(.text) referenced from ssp_lpc17xx.o(.constdata)
 <LI><a href="#[66]">SSP_GetVersion</a> from ssp_lpc17xx.o(.text) referenced from ssp_lpc17xx.o(.constdata)
 <LI><a href="#[6]">SVC_Handler</a> from hal_cm3.o(.emb_text) referenced from startup_lpc17xx.o(RESET)
 <LI><a href="#[5b]">SendFrame</a> from emac_lpc17xx.o(.text) referenced from emac_lpc17xx.o(.constdata)
 <LI><a href="#[5a]">SetAddressFilter</a> from emac_lpc17xx.o(.text) referenced from emac_lpc17xx.o(.constdata)
 <LI><a href="#[75]">SetInterface</a> from phy_dp83848c.o(.text) referenced from phy_dp83848c.o(.constdata)
 <LI><a href="#[59]">SetMacAddress</a> from emac_lpc17xx.o(.text) referenced from emac_lpc17xx.o(.constdata)
 <LI><a href="#[76]">SetMode</a> from phy_dp83848c.o(.text) referenced from phy_dp83848c.o(.constdata)
 <LI><a href="#[9]">SysTick_Handler</a> from hal_cm3.o(.emb_text) referenced from startup_lpc17xx.o(RESET)
 <LI><a href="#[2f]">SystemInit</a> from system_lpc17xx.o(.text) referenced from startup_lpc17xx.o(.text)
 <LI><a href="#[b]">TIMER0_IRQHandler</a> from startup_lpc17xx.o(.text) referenced from startup_lpc17xx.o(RESET)
 <LI><a href="#[c]">TIMER1_IRQHandler</a> from startup_lpc17xx.o(.text) referenced from startup_lpc17xx.o(RESET)
 <LI><a href="#[d]">TIMER2_IRQHandler</a> from startup_lpc17xx.o(.text) referenced from startup_lpc17xx.o(RESET)
 <LI><a href="#[e]">TIMER3_IRQHandler</a> from startup_lpc17xx.o(.text) referenced from startup_lpc17xx.o(RESET)
 <LI><a href="#[f]">UART0_IRQHandler</a> from startup_lpc17xx.o(.text) referenced from startup_lpc17xx.o(RESET)
 <LI><a href="#[10]">UART1_IRQHandler</a> from startup_lpc17xx.o(.text) referenced from startup_lpc17xx.o(RESET)
 <LI><a href="#[11]">UART2_IRQHandler</a> from startup_lpc17xx.o(.text) referenced from startup_lpc17xx.o(RESET)
 <LI><a href="#[12]">UART3_IRQHandler</a> from startup_lpc17xx.o(.text) referenced from startup_lpc17xx.o(RESET)
 <LI><a href="#[2b]">USBActivity_IRQHandler</a> from startup_lpc17xx.o(.text) referenced from startup_lpc17xx.o(RESET)
 <LI><a href="#[22]">USB_IRQHandler</a> from startup_lpc17xx.o(.text) referenced from startup_lpc17xx.o(RESET)
 <LI><a href="#[56]">Uninitialize</a> from emac_lpc17xx.o(.text) referenced 2 times from emac_lpc17xx.o(.constdata)
 <LI><a href="#[5]">UsageFault_Handler</a> from startup_lpc17xx.o(.text) referenced from startup_lpc17xx.o(RESET)
 <LI><a href="#[a]">WDT_IRQHandler</a> from startup_lpc17xx.o(.text) referenced from startup_lpc17xx.o(RESET)
 <LI><a href="#[30]">__main</a> from entry.o(.ARM.Collect$$$$00000000) referenced from startup_lpc17xx.o(.text)
 <LI><a href="#[32]">_sbackspace</a> from _sgetc.o(.text) referenced from __0sscanf.o(.text)
 <LI><a href="#[33]">_scanf_char_input</a> from scanf_char.o(.text) referenced from scanf_char.o(.text)
 <LI><a href="#[31]">_sgetc</a> from _sgetc.o(.text) referenced from __0sscanf.o(.text)
 <LI><a href="#[4e]">bsd_cb_tcp</a> from net_bsd.o(i.bsd_cb_tcp) referenced from net_bsd.o(i.socket)
 <LI><a href="#[4d]">bsd_cb_udp</a> from net_bsd.o(i.bsd_cb_udp) referenced from net_bsd.o(i.socket)
 <LI><a href="#[35]">eth_notify</a> from net_eth.o(i.eth_notify) referenced from net_eth.o(i.net_eth_iface_init)
 <LI><a href="#[34]">isspace</a> from isspace_c.o(.text) referenced from scanf_char.o(.text)
 <LI><a href="#[51]">main</a> from bsd_client.o(.text) referenced from rtx_conf_cm.o(.constdata)
 <LI><a href="#[36]">nbns_listener</a> from net_nbns_client.o(i.nbns_listener) referenced from net_nbns_client.o(i.net_nbns_client_init)
 <LI><a href="#[7a]">netCore_Thread</a> from net_sys.o(i.netCore_Thread) referenced from net_config.o(.constdata)
 <LI><a href="#[7b]">netETH_Thread</a> from net_eth.o(i.netETH_Thread) referenced from net_config.o(.constdata)
 <LI><a href="#[88]">net_arp_notify</a> from net_arp.o(i.net_arp_notify) referenced from net_config.o(.constdata)
 <LI><a href="#[85]">net_bsd_socket_init</a> from net_bsd.o(i.net_bsd_socket_init) referenced from net_config.o(.constdata)
 <LI><a href="#[86]">net_bsd_socket_run</a> from net_bsd.o(i.net_bsd_socket_run) referenced from net_config.o(.constdata)
 <LI><a href="#[7c]">net_eth_iface_init</a> from net_eth.o(i.net_eth_iface_init) referenced from net_config.o(.constdata)
 <LI><a href="#[7d]">net_eth_iface_run</a> from net_eth.o(i.net_eth_iface_run) referenced from net_config.o(.constdata)
 <LI><a href="#[7e]">net_loop_iface_init</a> from net_loop.o(i.net_loop_iface_init) referenced from net_config.o(.constdata)
 <LI><a href="#[7f]">net_loop_iface_run</a> from net_loop.o(i.net_loop_iface_run) referenced from net_config.o(.constdata)
 <LI><a href="#[87]">net_nbns_client_init</a> from net_nbns_client.o(i.net_nbns_client_init) referenced from net_config.o(.constdata)
 <LI><a href="#[80]">net_ping_client_init</a> from net_ping.o(i.net_ping_client_init) referenced from net_config.o(.constdata)
 <LI><a href="#[81]">net_ping_client_run</a> from net_ping.o(i.net_ping_client_run) referenced from net_config.o(.constdata)
 <LI><a href="#[79]">net_sys_tick</a> from net_sys.o(i.net_sys_tick) referenced from net_config.o(.constdata)
 <LI><a href="#[83]">net_tcp_socket_init</a> from net_tcp.o(i.net_tcp_socket_init) referenced from net_config.o(.constdata)
 <LI><a href="#[84]">net_tcp_socket_run</a> from net_tcp.o(i.net_tcp_socket_run) referenced from net_config.o(.constdata)
 <LI><a href="#[82]">net_udp_socket_init</a> from net_udp.o(i.net_udp_socket_init) referenced from net_config.o(.constdata)
 <LI><a href="#[4f]">osThreadExit</a> from rt_cmsis.o(i.osThreadExit) referenced from rt_cmsis.o(i.svcThreadCreate)
 <LI><a href="#[52]">osTimerThread</a> from rt_cmsis.o(i.osTimerThread) referenced from rtx_conf_cm.o(.constdata)
 <LI><a href="#[4c]">os_idle_demon</a> from rtx_conf_cm.o(.text) referenced from rt_task.o(i.rt_sys_init)
 <LI><a href="#[2d]">rt_alloc_box</a> from rt_membox.o(i.rt_alloc_box) referenced from hal_cm3.o(.emb_text)
 <LI><a href="#[2e]">rt_free_box</a> from rt_membox.o(i.rt_free_box) referenced from hal_cm3.o(.emb_text)
 <LI><a href="#[37]">svcDelay</a> from rt_cmsis.o(i.svcDelay) referenced from rt_cmsis.o(i.osDelay)
 <LI><a href="#[38]">svcKernelInitialize</a> from rt_cmsis.o(i.svcKernelInitialize) referenced from rt_cmsis.o(i.osKernelInitialize)
 <LI><a href="#[39]">svcKernelStart</a> from rt_cmsis.o(i.svcKernelStart) referenced from rt_cmsis.o(i.osKernelStart)
 <LI><a href="#[3a]">svcKernelSysTick</a> from rt_cmsis.o(i.svcKernelSysTick) referenced from rt_cmsis.o(i.osKernelSysTick)
 <LI><a href="#[3b]">svcMessageGet</a> from rt_cmsis.o(i.svcMessageGet) referenced from rt_cmsis.o(i.osMessageGet)
 <LI><a href="#[3c]">svcMutexCreate</a> from rt_cmsis.o(i.svcMutexCreate) referenced from rt_cmsis.o(i.osMutexCreate)
 <LI><a href="#[3d]">svcMutexRelease</a> from rt_cmsis.o(i.svcMutexRelease) referenced from rt_cmsis.o(i.osMutexRelease)
 <LI><a href="#[3e]">svcMutexWait</a> from rt_cmsis.o(i.svcMutexWait) referenced from rt_cmsis.o(i.osMutexWait)
 <LI><a href="#[3f]">svcSemaphoreCreate</a> from rt_cmsis.o(i.svcSemaphoreCreate) referenced from rt_cmsis.o(i.osSemaphoreCreate)
 <LI><a href="#[40]">svcSemaphoreRelease</a> from rt_cmsis.o(i.svcSemaphoreRelease) referenced from rt_cmsis.o(i.osSemaphoreRelease)
 <LI><a href="#[41]">svcSemaphoreWait</a> from rt_cmsis.o(i.svcSemaphoreWait) referenced from rt_cmsis.o(i.osSemaphoreWait)
 <LI><a href="#[42]">svcSignalClear</a> from rt_cmsis.o(i.svcSignalClear) referenced from rt_cmsis.o(i.osSignalClear)
 <LI><a href="#[43]">svcSignalSet</a> from rt_cmsis.o(i.svcSignalSet) referenced from rt_cmsis.o(i.osSignalSet)
 <LI><a href="#[44]">svcSignalWait</a> from rt_cmsis.o(i.svcSignalWait) referenced from rt_cmsis.o(i.osSignalWait)
 <LI><a href="#[45]">svcThreadCreate</a> from rt_cmsis.o(i.svcThreadCreate) referenced from rt_cmsis.o(i.osThreadCreate)
 <LI><a href="#[46]">svcThreadGetId</a> from rt_cmsis.o(i.svcThreadGetId) referenced from rt_cmsis.o(i.osThreadExit)
 <LI><a href="#[46]">svcThreadGetId</a> from rt_cmsis.o(i.svcThreadGetId) referenced from rt_cmsis.o(i.osThreadGetId)
 <LI><a href="#[47]">svcThreadTerminate</a> from rt_cmsis.o(i.svcThreadTerminate) referenced from rt_cmsis.o(i.osThreadExit)
 <LI><a href="#[48]">svcThreadYield</a> from rt_cmsis.o(i.svcThreadYield) referenced from rt_cmsis.o(i.osThreadYield)
 <LI><a href="#[49]">svcTimerCall</a> from rt_cmsis.o(i.svcTimerCall) referenced from rt_cmsis.o(i.osTimerCall)
 <LI><a href="#[4a]">svcTimerCreate</a> from rt_cmsis.o(i.svcTimerCreate) referenced from rt_cmsis.o(i.osTimerCreate)
 <LI><a href="#[4b]">svcTimerStart</a> from rt_cmsis.o(i.svcTimerStart) referenced from rt_cmsis.o(i.osTimerStart)
</UL>
<P>
<H3>
Global Symbols
</H3>
<P><STRONG><a name="[30]"></a>__main</STRONG> (Thumb, 0 bytes, Stack size unknown bytes, entry.o(.ARM.Collect$$$$00000000))
<BR>[Address Reference Count : 1]<UL><LI> startup_lpc17xx.o(.text)
</UL>
<P><STRONG><a name="[1e9]"></a>_main_stk</STRONG> (Thumb, 0 bytes, Stack size unknown bytes, entry2.o(.ARM.Collect$$$$00000001))

<P><STRONG><a name="[89]"></a>_main_scatterload</STRONG> (Thumb, 0 bytes, Stack size unknown bytes, entry5.o(.ARM.Collect$$$$00000004))
<BR><BR>[Calls]<UL><LI><a href="#[8a]">&gt;&gt;</a>&nbsp;&nbsp;&nbsp;__scatterload
</UL>

<P><STRONG><a name="[105]"></a>__main_after_scatterload</STRONG> (Thumb, 0 bytes, Stack size 0 bytes, entry5.o(.ARM.Collect$$$$00000004))
<BR><BR>[Called By]<UL><LI><a href="#[8a]">&gt;&gt;</a>&nbsp;&nbsp;&nbsp;__scatterload
</UL>

<P><STRONG><a name="[1ea]"></a>__rt_final_cpp</STRONG> (Thumb, 0 bytes, Stack size 0 bytes, entry10a.o(.ARM.Collect$$$$0000000D))

<P><STRONG><a name="[1eb]"></a>__rt_final_exit</STRONG> (Thumb, 0 bytes, Stack size 0 bytes, entry11a.o(.ARM.Collect$$$$0000000F))

<P><STRONG><a name="[1ec]"></a>_main_clock</STRONG> (Thumb, 0 bytes, Stack size 0 bytes, entry7b.o(.ARM.Collect$$$$00000008))

<P><STRONG><a name="[1ed]"></a>_main_cpp_init</STRONG> (Thumb, 0 bytes, Stack size 0 bytes, entry8b.o(.ARM.Collect$$$$0000000A))

<P><STRONG><a name="[8b]"></a>_main_init</STRONG> (Thumb, 18 bytes, Stack size 0 bytes, rtx_conf_cm.o(.ARM.Collect$$$$000000FF))
<BR><BR>[Stack]<UL><LI>Max Depth = 80<LI>Call Chain = _main_init &rArr; osKernelInitialize &rArr; svcKernelInitialize &rArr; svcThreadCreate &rArr; rt_tsk_create &rArr; rt_init_context &rArr; rt_init_stack
</UL>
<BR>[Calls]<UL><LI><a href="#[8e]">&gt;&gt;</a>&nbsp;&nbsp;&nbsp;osKernelStart
<LI><a href="#[8c]">&gt;&gt;</a>&nbsp;&nbsp;&nbsp;osKernelInitialize
<LI><a href="#[8d]">&gt;&gt;</a>&nbsp;&nbsp;&nbsp;osThreadCreate
</UL>

<P><STRONG><a name="[1ee]"></a>rt_set_PSP</STRONG> (Thumb, 6 bytes, Stack size 0 bytes, hal_cm3.o(.emb_text), UNUSED)

<P><STRONG><a name="[1d3]"></a>rt_get_PSP</STRONG> (Thumb, 6 bytes, Stack size 0 bytes, hal_cm3.o(.emb_text))
<BR><BR>[Called By]<UL><LI><a href="#[1d2]">&gt;&gt;</a>&nbsp;&nbsp;&nbsp;rt_tsk_delete
</UL>

<P><STRONG><a name="[1ef]"></a>os_set_env</STRONG> (Thumb, 24 bytes, Stack size 0 bytes, hal_cm3.o(.emb_text), UNUSED)

<P><STRONG><a name="[1f0]"></a>_alloc_box</STRONG> (Thumb, 28 bytes, Stack size 0 bytes, hal_cm3.o(.emb_text), UNUSED)

<P><STRONG><a name="[1f1]"></a>_free_box</STRONG> (Thumb, 28 bytes, Stack size 0 bytes, hal_cm3.o(.emb_text), UNUSED)

<P><STRONG><a name="[6]"></a>SVC_Handler</STRONG> (Thumb, 108 bytes, Stack size 0 bytes, hal_cm3.o(.emb_text))
<BR><BR>[Calls]<UL><LI><a href="#[8f]">&gt;&gt;</a>&nbsp;&nbsp;&nbsp;rt_stk_check
</UL>
<BR>[Address Reference Count : 1]<UL><LI> startup_lpc17xx.o(RESET)
</UL>
<P><STRONG><a name="[8]"></a>PendSV_Handler</STRONG> (Thumb, 56 bytes, Stack size 0 bytes, hal_cm3.o(.emb_text))
<BR><BR>[Stack]<UL><LI>Max Depth = 52<LI>Call Chain = PendSV_Handler &rArr; rt_pop_req &rArr; rt_mbx_psh &rArr; rt_put_prio
</UL>
<BR>[Calls]<UL><LI><a href="#[90]">&gt;&gt;</a>&nbsp;&nbsp;&nbsp;rt_pop_req
<LI><a href="#[8f]">&gt;&gt;</a>&nbsp;&nbsp;&nbsp;rt_stk_check
</UL>
<BR>[Address Reference Count : 1]<UL><LI> startup_lpc17xx.o(RESET)
</UL>
<P><STRONG><a name="[9]"></a>SysTick_Handler</STRONG> (Thumb, 8 bytes, Stack size 0 bytes, hal_cm3.o(.emb_text))
<BR><BR>[Stack]<UL><LI>Max Depth = 72<LI>Call Chain = SysTick_Handler &rArr; rt_systick &rArr; sysTimerTick &rArr; isrMessagePut &rArr; isr_mbx_send &rArr; rt_psq_enq
</UL>
<BR>[Calls]<UL><LI><a href="#[91]">&gt;&gt;</a>&nbsp;&nbsp;&nbsp;rt_systick
</UL>
<BR>[Address Reference Count : 1]<UL><LI> startup_lpc17xx.o(RESET)
</UL>
<P><STRONG><a name="[92]"></a>OS_Tick_Handler</STRONG> (Thumb, 12 bytes, Stack size 0 bytes, hal_cm3.o(.emb_text), UNUSED)
<BR><BR>[Calls]<UL><LI><a href="#[93]">&gt;&gt;</a>&nbsp;&nbsp;&nbsp;os_tick_irqack
<LI><a href="#[91]">&gt;&gt;</a>&nbsp;&nbsp;&nbsp;rt_systick
</UL>

<P><STRONG><a name="[94]"></a>LED_Initialize</STRONG> (Thumb, 70 bytes, Stack size 24 bytes, led_mcb1700.o(.text))
<BR><BR>[Stack]<UL><LI>Max Depth = 44<LI>Call Chain = LED_Initialize &rArr; PIN_Configure
</UL>
<BR>[Calls]<UL><LI><a href="#[96]">&gt;&gt;</a>&nbsp;&nbsp;&nbsp;PIN_Configure
<LI><a href="#[97]">&gt;&gt;</a>&nbsp;&nbsp;&nbsp;GPIO_SetDir
<LI><a href="#[95]">&gt;&gt;</a>&nbsp;&nbsp;&nbsp;GPIO_PortClock
<LI><a href="#[98]">&gt;&gt;</a>&nbsp;&nbsp;&nbsp;GPIO_PinWrite
</UL>
<BR>[Called By]<UL><LI><a href="#[51]">&gt;&gt;</a>&nbsp;&nbsp;&nbsp;main
</UL>

<P><STRONG><a name="[99]"></a>LED_Uninitialize</STRONG> (Thumb, 40 bytes, Stack size 24 bytes, led_mcb1700.o(.text), UNUSED)
<BR><BR>[Calls]<UL><LI><a href="#[96]">&gt;&gt;</a>&nbsp;&nbsp;&nbsp;PIN_Configure
</UL>

<P><STRONG><a name="[9a]"></a>LED_On</STRONG> (Thumb, 24 bytes, Stack size 8 bytes, led_mcb1700.o(.text))
<BR><BR>[Stack]<UL><LI>Max Depth = 8<LI>Call Chain = LED_On
</UL>
<BR>[Calls]<UL><LI><a href="#[98]">&gt;&gt;</a>&nbsp;&nbsp;&nbsp;GPIO_PinWrite
</UL>
<BR>[Called By]<UL><LI><a href="#[9c]">&gt;&gt;</a>&nbsp;&nbsp;&nbsp;LED_SetOut
</UL>

<P><STRONG><a name="[9b]"></a>LED_Off</STRONG> (Thumb, 24 bytes, Stack size 8 bytes, led_mcb1700.o(.text))
<BR><BR>[Stack]<UL><LI>Max Depth = 8<LI>Call Chain = LED_Off
</UL>
<BR>[Calls]<UL><LI><a href="#[98]">&gt;&gt;</a>&nbsp;&nbsp;&nbsp;GPIO_PinWrite
</UL>
<BR>[Called By]<UL><LI><a href="#[9c]">&gt;&gt;</a>&nbsp;&nbsp;&nbsp;LED_SetOut
</UL>

<P><STRONG><a name="[9c]"></a>LED_SetOut</STRONG> (Thumb, 40 bytes, Stack size 16 bytes, led_mcb1700.o(.text))
<BR><BR>[Stack]<UL><LI>Max Depth = 24<LI>Call Chain = LED_SetOut &rArr; LED_Off
</UL>
<BR>[Calls]<UL><LI><a href="#[9b]">&gt;&gt;</a>&nbsp;&nbsp;&nbsp;LED_Off
<LI><a href="#[9a]">&gt;&gt;</a>&nbsp;&nbsp;&nbsp;LED_On
</UL>
<BR>[Called By]<UL><LI><a href="#[50]">&gt;&gt;</a>&nbsp;&nbsp;&nbsp;Client
</UL>

<P><STRONG><a name="[1f2]"></a>LED_GetCount</STRONG> (Thumb, 4 bytes, Stack size 0 bytes, led_mcb1700.o(.text), UNUSED)

<P><STRONG><a name="[4c]"></a>os_idle_demon</STRONG> (Thumb, 2 bytes, Stack size 0 bytes, rtx_conf_cm.o(.text))
<BR><BR>[Calls]<UL><LI><a href="#[4c]">&gt;&gt;</a>&nbsp;&nbsp;&nbsp;os_idle_demon
</UL>
<BR>[Called By]<UL><LI><a href="#[4c]">&gt;&gt;</a>&nbsp;&nbsp;&nbsp;os_idle_demon
</UL>
<BR>[Address Reference Count : 1]<UL><LI> rt_task.o(i.rt_sys_init)
</UL>
<P><STRONG><a name="[9d]"></a>os_error</STRONG> (Thumb, 2 bytes, Stack size 0 bytes, rtx_conf_cm.o(.text))
<BR><BR>[Calls]<UL><LI><a href="#[9d]">&gt;&gt;</a>&nbsp;&nbsp;&nbsp;os_error
</UL>
<BR>[Called By]<UL><LI><a href="#[9d]">&gt;&gt;</a>&nbsp;&nbsp;&nbsp;os_error
<LI><a href="#[1be]">&gt;&gt;</a>&nbsp;&nbsp;&nbsp;rt_mbx_psh
<LI><a href="#[8f]">&gt;&gt;</a>&nbsp;&nbsp;&nbsp;rt_stk_check
<LI><a href="#[142]">&gt;&gt;</a>&nbsp;&nbsp;&nbsp;rt_psq_enq
<LI><a href="#[1cf]">&gt;&gt;</a>&nbsp;&nbsp;&nbsp;sysTimerTick
</UL>

<P><STRONG><a name="[1f3]"></a>__scatterload_null</STRONG> (Thumb, 2 bytes, Stack size unknown bytes, handlers.o(i.__scatterload_null), UNUSED)

<P><STRONG><a name="[16a]"></a>netETH_Notify</STRONG> (Thumb, 2 bytes, Stack size 0 bytes, net_eth.o(i.netETH_Notify))
<BR><BR>[Called By]<UL><LI><a href="#[7d]">&gt;&gt;</a>&nbsp;&nbsp;&nbsp;net_eth_iface_run
<LI><a href="#[7c]">&gt;&gt;</a>&nbsp;&nbsp;&nbsp;net_eth_iface_init
</UL>

<P><STRONG><a name="[51]"></a>main</STRONG> (Thumb, 66 bytes, Stack size 0 bytes, bsd_client.o(.text))
<BR><BR>[Stack]<UL><LI>Max Depth = 88<LI>Call Chain = main &rArr; netInitialize &rArr; netos_thread_create &rArr; osThreadCreate &rArr; svcThreadCreate &rArr; rt_tsk_create &rArr; rt_init_context &rArr; rt_init_stack
</UL>
<BR>[Calls]<UL><LI><a href="#[8d]">&gt;&gt;</a>&nbsp;&nbsp;&nbsp;osThreadCreate
<LI><a href="#[aa]">&gt;&gt;</a>&nbsp;&nbsp;&nbsp;netInitialize
<LI><a href="#[94]">&gt;&gt;</a>&nbsp;&nbsp;&nbsp;LED_Initialize
<LI><a href="#[a6]">&gt;&gt;</a>&nbsp;&nbsp;&nbsp;GLCD_SetForegroundColor
<LI><a href="#[a8]">&gt;&gt;</a>&nbsp;&nbsp;&nbsp;GLCD_SetFont
<LI><a href="#[a5]">&gt;&gt;</a>&nbsp;&nbsp;&nbsp;GLCD_SetBackgroundColor
<LI><a href="#[a4]">&gt;&gt;</a>&nbsp;&nbsp;&nbsp;GLCD_Initialize
<LI><a href="#[a9]">&gt;&gt;</a>&nbsp;&nbsp;&nbsp;GLCD_DrawString
<LI><a href="#[a7]">&gt;&gt;</a>&nbsp;&nbsp;&nbsp;GLCD_ClearScreen
</UL>
<BR>[Address Reference Count : 1]<UL><LI> rtx_conf_cm.o(.constdata)
</UL>
<P><STRONG><a name="[af]"></a>GLCD_SetWindow</STRONG> (Thumb, 148 bytes, Stack size 24 bytes, glcd_mcb1700.o(.text))
<BR><BR>[Stack]<UL><LI>Max Depth = 40<LI>Call Chain = GLCD_SetWindow &rArr; wr_reg
</UL>
<BR>[Calls]<UL><LI><a href="#[b0]">&gt;&gt;</a>&nbsp;&nbsp;&nbsp;wr_reg
</UL>
<BR>[Called By]<UL><LI><a href="#[be]">&gt;&gt;</a>&nbsp;&nbsp;&nbsp;GLCD_DrawBitmap
<LI><a href="#[bd]">&gt;&gt;</a>&nbsp;&nbsp;&nbsp;GLCD_DrawBargraph
<LI><a href="#[bc]">&gt;&gt;</a>&nbsp;&nbsp;&nbsp;GLCD_DrawChar
<LI><a href="#[ba]">&gt;&gt;</a>&nbsp;&nbsp;&nbsp;GLCD_DrawVLine
<LI><a href="#[b9]">&gt;&gt;</a>&nbsp;&nbsp;&nbsp;GLCD_DrawHLine
<LI><a href="#[b1]">&gt;&gt;</a>&nbsp;&nbsp;&nbsp;GLCD_WindowMax
</UL>

<P><STRONG><a name="[b1]"></a>GLCD_WindowMax</STRONG> (Thumb, 12 bytes, Stack size 0 bytes, glcd_mcb1700.o(.text))
<BR><BR>[Stack]<UL><LI>Max Depth = 40<LI>Call Chain = GLCD_WindowMax &rArr; GLCD_SetWindow &rArr; wr_reg
</UL>
<BR>[Calls]<UL><LI><a href="#[af]">&gt;&gt;</a>&nbsp;&nbsp;&nbsp;GLCD_SetWindow
</UL>
<BR>[Called By]<UL><LI><a href="#[a7]">&gt;&gt;</a>&nbsp;&nbsp;&nbsp;GLCD_ClearScreen
</UL>

<P><STRONG><a name="[a4]"></a>GLCD_Initialize</STRONG> (Thumb, 1456 bytes, Stack size 24 bytes, glcd_mcb1700.o(.text))
<BR><BR>[Stack]<UL><LI>Max Depth = 72<LI>Call Chain = GLCD_Initialize &rArr; rd_id_man &rArr; spi_tran_man &rArr; GPIO_SetDir
</UL>
<BR>[Calls]<UL><LI><a href="#[96]">&gt;&gt;</a>&nbsp;&nbsp;&nbsp;PIN_Configure
<LI><a href="#[97]">&gt;&gt;</a>&nbsp;&nbsp;&nbsp;GPIO_SetDir
<LI><a href="#[95]">&gt;&gt;</a>&nbsp;&nbsp;&nbsp;GPIO_PortClock
<LI><a href="#[98]">&gt;&gt;</a>&nbsp;&nbsp;&nbsp;GPIO_PinWrite
<LI><a href="#[b3]">&gt;&gt;</a>&nbsp;&nbsp;&nbsp;spi_tran
<LI><a href="#[ac]">&gt;&gt;</a>&nbsp;&nbsp;&nbsp;delay_ms
<LI><a href="#[ae]">&gt;&gt;</a>&nbsp;&nbsp;&nbsp;rd_id_man
<LI><a href="#[b0]">&gt;&gt;</a>&nbsp;&nbsp;&nbsp;wr_reg
<LI><a href="#[b2]">&gt;&gt;</a>&nbsp;&nbsp;&nbsp;wr_cmd
</UL>
<BR>[Called By]<UL><LI><a href="#[51]">&gt;&gt;</a>&nbsp;&nbsp;&nbsp;main
</UL>

<P><STRONG><a name="[b4]"></a>GLCD_Uninitialize</STRONG> (Thumb, 28 bytes, Stack size 8 bytes, glcd_mcb1700.o(.text), UNUSED)
<BR><BR>[Calls]<UL><LI><a href="#[98]">&gt;&gt;</a>&nbsp;&nbsp;&nbsp;GPIO_PinWrite
</UL>

<P><STRONG><a name="[a6]"></a>GLCD_SetForegroundColor</STRONG> (Thumb, 8 bytes, Stack size 0 bytes, glcd_mcb1700.o(.text))
<BR><BR>[Called By]<UL><LI><a href="#[51]">&gt;&gt;</a>&nbsp;&nbsp;&nbsp;main
</UL>

<P><STRONG><a name="[a5]"></a>GLCD_SetBackgroundColor</STRONG> (Thumb, 8 bytes, Stack size 0 bytes, glcd_mcb1700.o(.text))
<BR><BR>[Called By]<UL><LI><a href="#[51]">&gt;&gt;</a>&nbsp;&nbsp;&nbsp;main
</UL>

<P><STRONG><a name="[a7]"></a>GLCD_ClearScreen</STRONG> (Thumb, 44 bytes, Stack size 16 bytes, glcd_mcb1700.o(.text))
<BR><BR>[Stack]<UL><LI>Max Depth = 56<LI>Call Chain = GLCD_ClearScreen &rArr; GLCD_WindowMax &rArr; GLCD_SetWindow &rArr; wr_reg
</UL>
<BR>[Calls]<UL><LI><a href="#[b1]">&gt;&gt;</a>&nbsp;&nbsp;&nbsp;GLCD_WindowMax
<LI><a href="#[b6]">&gt;&gt;</a>&nbsp;&nbsp;&nbsp;wr_dat_only
<LI><a href="#[b7]">&gt;&gt;</a>&nbsp;&nbsp;&nbsp;wr_dat_stop
<LI><a href="#[b5]">&gt;&gt;</a>&nbsp;&nbsp;&nbsp;wr_dat_start
<LI><a href="#[b2]">&gt;&gt;</a>&nbsp;&nbsp;&nbsp;wr_cmd
</UL>
<BR>[Called By]<UL><LI><a href="#[51]">&gt;&gt;</a>&nbsp;&nbsp;&nbsp;main
</UL>

<P><STRONG><a name="[a8]"></a>GLCD_SetFont</STRONG> (Thumb, 8 bytes, Stack size 0 bytes, glcd_mcb1700.o(.text))
<BR><BR>[Called By]<UL><LI><a href="#[51]">&gt;&gt;</a>&nbsp;&nbsp;&nbsp;main
</UL>

<P><STRONG><a name="[b8]"></a>GLCD_DrawPixel</STRONG> (Thumb, 160 bytes, Stack size 24 bytes, glcd_mcb1700.o(.text), UNUSED)
<BR><BR>[Calls]<UL><LI><a href="#[b0]">&gt;&gt;</a>&nbsp;&nbsp;&nbsp;wr_reg
<LI><a href="#[b2]">&gt;&gt;</a>&nbsp;&nbsp;&nbsp;wr_cmd
</UL>

<P><STRONG><a name="[b9]"></a>GLCD_DrawHLine</STRONG> (Thumb, 42 bytes, Stack size 16 bytes, glcd_mcb1700.o(.text), UNUSED)
<BR><BR>[Calls]<UL><LI><a href="#[af]">&gt;&gt;</a>&nbsp;&nbsp;&nbsp;GLCD_SetWindow
<LI><a href="#[b6]">&gt;&gt;</a>&nbsp;&nbsp;&nbsp;wr_dat_only
<LI><a href="#[b7]">&gt;&gt;</a>&nbsp;&nbsp;&nbsp;wr_dat_stop
<LI><a href="#[b5]">&gt;&gt;</a>&nbsp;&nbsp;&nbsp;wr_dat_start
<LI><a href="#[b2]">&gt;&gt;</a>&nbsp;&nbsp;&nbsp;wr_cmd
</UL>
<BR>[Called By]<UL><LI><a href="#[bb]">&gt;&gt;</a>&nbsp;&nbsp;&nbsp;GLCD_DrawRectangle
</UL>

<P><STRONG><a name="[ba]"></a>GLCD_DrawVLine</STRONG> (Thumb, 44 bytes, Stack size 16 bytes, glcd_mcb1700.o(.text), UNUSED)
<BR><BR>[Calls]<UL><LI><a href="#[af]">&gt;&gt;</a>&nbsp;&nbsp;&nbsp;GLCD_SetWindow
<LI><a href="#[b6]">&gt;&gt;</a>&nbsp;&nbsp;&nbsp;wr_dat_only
<LI><a href="#[b7]">&gt;&gt;</a>&nbsp;&nbsp;&nbsp;wr_dat_stop
<LI><a href="#[b5]">&gt;&gt;</a>&nbsp;&nbsp;&nbsp;wr_dat_start
<LI><a href="#[b2]">&gt;&gt;</a>&nbsp;&nbsp;&nbsp;wr_cmd
</UL>
<BR>[Called By]<UL><LI><a href="#[bb]">&gt;&gt;</a>&nbsp;&nbsp;&nbsp;GLCD_DrawRectangle
</UL>

<P><STRONG><a name="[bb]"></a>GLCD_DrawRectangle</STRONG> (Thumb, 52 bytes, Stack size 24 bytes, glcd_mcb1700.o(.text), UNUSED)
<BR><BR>[Calls]<UL><LI><a href="#[ba]">&gt;&gt;</a>&nbsp;&nbsp;&nbsp;GLCD_DrawVLine
<LI><a href="#[b9]">&gt;&gt;</a>&nbsp;&nbsp;&nbsp;GLCD_DrawHLine
</UL>

<P><STRONG><a name="[bc]"></a>GLCD_DrawChar</STRONG> (Thumb, 128 bytes, Stack size 24 bytes, glcd_mcb1700.o(.text))
<BR><BR>[Stack]<UL><LI>Max Depth = 64<LI>Call Chain = GLCD_DrawChar &rArr; GLCD_SetWindow &rArr; wr_reg
</UL>
<BR>[Calls]<UL><LI><a href="#[af]">&gt;&gt;</a>&nbsp;&nbsp;&nbsp;GLCD_SetWindow
<LI><a href="#[b6]">&gt;&gt;</a>&nbsp;&nbsp;&nbsp;wr_dat_only
<LI><a href="#[b7]">&gt;&gt;</a>&nbsp;&nbsp;&nbsp;wr_dat_stop
<LI><a href="#[b5]">&gt;&gt;</a>&nbsp;&nbsp;&nbsp;wr_dat_start
<LI><a href="#[b2]">&gt;&gt;</a>&nbsp;&nbsp;&nbsp;wr_cmd
</UL>
<BR>[Called By]<UL><LI><a href="#[a9]">&gt;&gt;</a>&nbsp;&nbsp;&nbsp;GLCD_DrawString
</UL>

<P><STRONG><a name="[a9]"></a>GLCD_DrawString</STRONG> (Thumb, 40 bytes, Stack size 24 bytes, glcd_mcb1700.o(.text))
<BR><BR>[Stack]<UL><LI>Max Depth = 88<LI>Call Chain = GLCD_DrawString &rArr; GLCD_DrawChar &rArr; GLCD_SetWindow &rArr; wr_reg
</UL>
<BR>[Calls]<UL><LI><a href="#[bc]">&gt;&gt;</a>&nbsp;&nbsp;&nbsp;GLCD_DrawChar
</UL>
<BR>[Called By]<UL><LI><a href="#[51]">&gt;&gt;</a>&nbsp;&nbsp;&nbsp;main
</UL>

<P><STRONG><a name="[bd]"></a>GLCD_DrawBargraph</STRONG> (Thumb, 88 bytes, Stack size 32 bytes, glcd_mcb1700.o(.text), UNUSED)
<BR><BR>[Calls]<UL><LI><a href="#[af]">&gt;&gt;</a>&nbsp;&nbsp;&nbsp;GLCD_SetWindow
<LI><a href="#[b6]">&gt;&gt;</a>&nbsp;&nbsp;&nbsp;wr_dat_only
<LI><a href="#[b7]">&gt;&gt;</a>&nbsp;&nbsp;&nbsp;wr_dat_stop
<LI><a href="#[b5]">&gt;&gt;</a>&nbsp;&nbsp;&nbsp;wr_dat_start
<LI><a href="#[b2]">&gt;&gt;</a>&nbsp;&nbsp;&nbsp;wr_cmd
</UL>

<P><STRONG><a name="[be]"></a>GLCD_DrawBitmap</STRONG> (Thumb, 78 bytes, Stack size 24 bytes, glcd_mcb1700.o(.text), UNUSED)
<BR><BR>[Calls]<UL><LI><a href="#[af]">&gt;&gt;</a>&nbsp;&nbsp;&nbsp;GLCD_SetWindow
<LI><a href="#[b6]">&gt;&gt;</a>&nbsp;&nbsp;&nbsp;wr_dat_only
<LI><a href="#[b7]">&gt;&gt;</a>&nbsp;&nbsp;&nbsp;wr_dat_stop
<LI><a href="#[b5]">&gt;&gt;</a>&nbsp;&nbsp;&nbsp;wr_dat_start
<LI><a href="#[b2]">&gt;&gt;</a>&nbsp;&nbsp;&nbsp;wr_cmd
</UL>

<P><STRONG><a name="[1f4]"></a>GLCD_VScroll</STRONG> (Thumb, 6 bytes, Stack size 0 bytes, glcd_mcb1700.o(.text), UNUSED)

<P><STRONG><a name="[1f5]"></a>GLCD_FrameBufferAccess</STRONG> (Thumb, 6 bytes, Stack size 0 bytes, glcd_mcb1700.o(.text), UNUSED)

<P><STRONG><a name="[1f6]"></a>GLCD_FrameBufferAddress</STRONG> (Thumb, 4 bytes, Stack size 0 bytes, glcd_mcb1700.o(.text), UNUSED)

<P><STRONG><a name="[26]"></a>ENET_IRQHandler</STRONG> (Thumb, 50 bytes, Stack size 0 bytes, emac_lpc17xx.o(.text))
<BR>[Address Reference Count : 1]<UL><LI> startup_lpc17xx.o(RESET)
</UL>
<P><STRONG><a name="[d4]"></a>SSPx_GPDMA_Tx_SignalEvent</STRONG> (Thumb, 12 bytes, Stack size 0 bytes, ssp_lpc17xx.o(.text))
<BR><BR>[Called By]<UL><LI><a href="#[64]">&gt;&gt;</a>&nbsp;&nbsp;&nbsp;SSP1_GPDMA_Tx_SignalEvent
</UL>

<P><STRONG><a name="[d5]"></a>SSPx_GPDMA_Rx_SignalEvent</STRONG> (Thumb, 30 bytes, Stack size 0 bytes, ssp_lpc17xx.o(.text))
<BR><BR>[Called By]<UL><LI><a href="#[65]">&gt;&gt;</a>&nbsp;&nbsp;&nbsp;SSP1_GPDMA_Rx_SignalEvent
</UL>

<P><STRONG><a name="[64]"></a>SSP1_GPDMA_Tx_SignalEvent</STRONG> (Thumb, 4 bytes, Stack size 0 bytes, ssp_lpc17xx.o(.text))
<BR><BR>[Calls]<UL><LI><a href="#[d4]">&gt;&gt;</a>&nbsp;&nbsp;&nbsp;SSPx_GPDMA_Tx_SignalEvent
</UL>
<BR>[Address Reference Count : 1]<UL><LI> ssp_lpc17xx.o(.constdata)
</UL>
<P><STRONG><a name="[65]"></a>SSP1_GPDMA_Rx_SignalEvent</STRONG> (Thumb, 4 bytes, Stack size 0 bytes, ssp_lpc17xx.o(.text))
<BR><BR>[Calls]<UL><LI><a href="#[d5]">&gt;&gt;</a>&nbsp;&nbsp;&nbsp;SSPx_GPDMA_Rx_SignalEvent
</UL>
<BR>[Address Reference Count : 1]<UL><LI> ssp_lpc17xx.o(.constdata)
</UL>
<P><STRONG><a name="[19]"></a>SSP1_IRQHandler</STRONG> (Thumb, 4 bytes, Stack size 0 bytes, ssp_lpc17xx.o(.text))
<BR><BR>[Stack]<UL><LI>Max Depth = 16<LI>Call Chain = SSP1_IRQHandler &rArr; SSPx_IRQHandler
</UL>
<BR>[Calls]<UL><LI><a href="#[d6]">&gt;&gt;</a>&nbsp;&nbsp;&nbsp;SSPx_IRQHandler
</UL>
<BR>[Address Reference Count : 1]<UL><LI> startup_lpc17xx.o(RESET)
</UL>
<P><STRONG><a name="[c7]"></a>GPDMA_Initialize</STRONG> (Thumb, 98 bytes, Stack size 8 bytes, gpdma_lpc17xx.o(.text))
<BR><BR>[Stack]<UL><LI>Max Depth = 8<LI>Call Chain = GPDMA_Initialize
</UL>
<BR>[Calls]<UL><LI><a href="#[d8]">&gt;&gt;</a>&nbsp;&nbsp;&nbsp;__NVIC_ClearPendingIRQ
</UL>
<BR>[Called By]<UL><LI><a href="#[c5]">&gt;&gt;</a>&nbsp;&nbsp;&nbsp;SSPx_Initialize
</UL>

<P><STRONG><a name="[d7]"></a>GPDMA_Uninitialize</STRONG> (Thumb, 64 bytes, Stack size 8 bytes, gpdma_lpc17xx.o(.text))
<BR><BR>[Stack]<UL><LI>Max Depth = 8<LI>Call Chain = GPDMA_Uninitialize
</UL>
<BR>[Calls]<UL><LI><a href="#[d8]">&gt;&gt;</a>&nbsp;&nbsp;&nbsp;__NVIC_ClearPendingIRQ
</UL>
<BR>[Called By]<UL><LI><a href="#[d2]">&gt;&gt;</a>&nbsp;&nbsp;&nbsp;SSPx_Uninitialize
</UL>

<P><STRONG><a name="[c8]"></a>GPDMA_PeripheralSelect</STRONG> (Thumb, 48 bytes, Stack size 0 bytes, gpdma_lpc17xx.o(.text))
<BR><BR>[Called By]<UL><LI><a href="#[c5]">&gt;&gt;</a>&nbsp;&nbsp;&nbsp;SSPx_Initialize
</UL>

<P><STRONG><a name="[cd]"></a>GPDMA_ChannelConfigure</STRONG> (Thumb, 186 bytes, Stack size 40 bytes, gpdma_lpc17xx.o(.text))
<BR><BR>[Stack]<UL><LI>Max Depth = 40<LI>Call Chain = GPDMA_ChannelConfigure
</UL>
<BR>[Calls]<UL><LI><a href="#[da]">&gt;&gt;</a>&nbsp;&nbsp;&nbsp;Clear_Channel_active_flag
<LI><a href="#[d9]">&gt;&gt;</a>&nbsp;&nbsp;&nbsp;Set_Channel_active_flag
</UL>
<BR>[Called By]<UL><LI><a href="#[cf]">&gt;&gt;</a>&nbsp;&nbsp;&nbsp;SSPx_Transfer
<LI><a href="#[ce]">&gt;&gt;</a>&nbsp;&nbsp;&nbsp;SSPx_Receive
<LI><a href="#[cc]">&gt;&gt;</a>&nbsp;&nbsp;&nbsp;SSPx_Send
</UL>

<P><STRONG><a name="[db]"></a>GPDMA_ChannelEnable</STRONG> (Thumb, 46 bytes, Stack size 16 bytes, gpdma_lpc17xx.o(.text), UNUSED)
<BR><BR>[Calls]<UL><LI><a href="#[d9]">&gt;&gt;</a>&nbsp;&nbsp;&nbsp;Set_Channel_active_flag
</UL>

<P><STRONG><a name="[ca]"></a>GPDMA_ChannelDisable</STRONG> (Thumb, 40 bytes, Stack size 8 bytes, gpdma_lpc17xx.o(.text))
<BR><BR>[Stack]<UL><LI>Max Depth = 8<LI>Call Chain = GPDMA_ChannelDisable
</UL>
<BR>[Calls]<UL><LI><a href="#[da]">&gt;&gt;</a>&nbsp;&nbsp;&nbsp;Clear_Channel_active_flag
</UL>
<BR>[Called By]<UL><LI><a href="#[d0]">&gt;&gt;</a>&nbsp;&nbsp;&nbsp;SSPx_Control
<LI><a href="#[c9]">&gt;&gt;</a>&nbsp;&nbsp;&nbsp;SSPx_PowerControl
</UL>

<P><STRONG><a name="[1f7]"></a>GPDMA_ChannelGetStatus</STRONG> (Thumb, 24 bytes, Stack size 0 bytes, gpdma_lpc17xx.o(.text), UNUSED)

<P><STRONG><a name="[d3]"></a>GPDMA_ChannelGetCount</STRONG> (Thumb, 38 bytes, Stack size 0 bytes, gpdma_lpc17xx.o(.text))
<BR><BR>[Called By]<UL><LI><a href="#[6e]">&gt;&gt;</a>&nbsp;&nbsp;&nbsp;SSP1_GetDataCount
</UL>

<P><STRONG><a name="[24]"></a>DMA_IRQHandler</STRONG> (Thumb, 220 bytes, Stack size 32 bytes, gpdma_lpc17xx.o(.text))
<BR><BR>[Stack]<UL><LI>Max Depth = 32<LI>Call Chain = DMA_IRQHandler
</UL>
<BR>[Calls]<UL><LI><a href="#[da]">&gt;&gt;</a>&nbsp;&nbsp;&nbsp;Clear_Channel_active_flag
</UL>
<BR>[Address Reference Count : 1]<UL><LI> startup_lpc17xx.o(RESET)
</UL>
<P><STRONG><a name="[95]"></a>GPIO_PortClock</STRONG> (Thumb, 24 bytes, Stack size 0 bytes, gpio_lpc17xx.o(.text))
<BR><BR>[Called By]<UL><LI><a href="#[94]">&gt;&gt;</a>&nbsp;&nbsp;&nbsp;LED_Initialize
<LI><a href="#[a4]">&gt;&gt;</a>&nbsp;&nbsp;&nbsp;GLCD_Initialize
</UL>

<P><STRONG><a name="[97]"></a>GPIO_SetDir</STRONG> (Thumb, 26 bytes, Stack size 8 bytes, gpio_lpc17xx.o(.text))
<BR><BR>[Stack]<UL><LI>Max Depth = 8<LI>Call Chain = GPIO_SetDir
</UL>
<BR>[Called By]<UL><LI><a href="#[d0]">&gt;&gt;</a>&nbsp;&nbsp;&nbsp;SSPx_Control
<LI><a href="#[63]">&gt;&gt;</a>&nbsp;&nbsp;&nbsp;PHY_Write
<LI><a href="#[62]">&gt;&gt;</a>&nbsp;&nbsp;&nbsp;PHY_Read
<LI><a href="#[56]">&gt;&gt;</a>&nbsp;&nbsp;&nbsp;Uninitialize
<LI><a href="#[55]">&gt;&gt;</a>&nbsp;&nbsp;&nbsp;Initialize
<LI><a href="#[c0]">&gt;&gt;</a>&nbsp;&nbsp;&nbsp;turnaround_MDIO
<LI><a href="#[ae]">&gt;&gt;</a>&nbsp;&nbsp;&nbsp;rd_id_man
<LI><a href="#[ab]">&gt;&gt;</a>&nbsp;&nbsp;&nbsp;spi_tran_man
<LI><a href="#[94]">&gt;&gt;</a>&nbsp;&nbsp;&nbsp;LED_Initialize
<LI><a href="#[a4]">&gt;&gt;</a>&nbsp;&nbsp;&nbsp;GLCD_Initialize
</UL>

<P><STRONG><a name="[98]"></a>GPIO_PinWrite</STRONG> (Thumb, 20 bytes, Stack size 0 bytes, gpio_lpc17xx.o(.text))
<BR><BR>[Called By]<UL><LI><a href="#[d0]">&gt;&gt;</a>&nbsp;&nbsp;&nbsp;SSPx_Control
<LI><a href="#[62]">&gt;&gt;</a>&nbsp;&nbsp;&nbsp;PHY_Read
<LI><a href="#[c0]">&gt;&gt;</a>&nbsp;&nbsp;&nbsp;turnaround_MDIO
<LI><a href="#[bf]">&gt;&gt;</a>&nbsp;&nbsp;&nbsp;output_MDIO
<LI><a href="#[9b]">&gt;&gt;</a>&nbsp;&nbsp;&nbsp;LED_Off
<LI><a href="#[9a]">&gt;&gt;</a>&nbsp;&nbsp;&nbsp;LED_On
<LI><a href="#[b4]">&gt;&gt;</a>&nbsp;&nbsp;&nbsp;GLCD_Uninitialize
<LI><a href="#[ae]">&gt;&gt;</a>&nbsp;&nbsp;&nbsp;rd_id_man
<LI><a href="#[ab]">&gt;&gt;</a>&nbsp;&nbsp;&nbsp;spi_tran_man
<LI><a href="#[94]">&gt;&gt;</a>&nbsp;&nbsp;&nbsp;LED_Initialize
<LI><a href="#[a4]">&gt;&gt;</a>&nbsp;&nbsp;&nbsp;GLCD_Initialize
</UL>

<P><STRONG><a name="[ad]"></a>GPIO_PinRead</STRONG> (Thumb, 20 bytes, Stack size 0 bytes, gpio_lpc17xx.o(.text))
<BR><BR>[Called By]<UL><LI><a href="#[ab]">&gt;&gt;</a>&nbsp;&nbsp;&nbsp;spi_tran_man
</UL>

<P><STRONG><a name="[1f8]"></a>GPIO_PortWrite</STRONG> (Thumb, 14 bytes, Stack size 0 bytes, gpio_lpc17xx.o(.text), UNUSED)

<P><STRONG><a name="[c4]"></a>GPIO_PortRead</STRONG> (Thumb, 10 bytes, Stack size 0 bytes, gpio_lpc17xx.o(.text))
<BR><BR>[Called By]<UL><LI><a href="#[62]">&gt;&gt;</a>&nbsp;&nbsp;&nbsp;PHY_Read
</UL>

<P><STRONG><a name="[96]"></a>PIN_Configure</STRONG> (Thumb, 100 bytes, Stack size 20 bytes, pin_lpc17xx.o(.text))
<BR><BR>[Stack]<UL><LI>Max Depth = 20<LI>Call Chain = PIN_Configure
</UL>
<BR>[Called By]<UL><LI><a href="#[d2]">&gt;&gt;</a>&nbsp;&nbsp;&nbsp;SSPx_Uninitialize
<LI><a href="#[d0]">&gt;&gt;</a>&nbsp;&nbsp;&nbsp;SSPx_Control
<LI><a href="#[c5]">&gt;&gt;</a>&nbsp;&nbsp;&nbsp;SSPx_Initialize
<LI><a href="#[56]">&gt;&gt;</a>&nbsp;&nbsp;&nbsp;Uninitialize
<LI><a href="#[55]">&gt;&gt;</a>&nbsp;&nbsp;&nbsp;Initialize
<LI><a href="#[99]">&gt;&gt;</a>&nbsp;&nbsp;&nbsp;LED_Uninitialize
<LI><a href="#[ae]">&gt;&gt;</a>&nbsp;&nbsp;&nbsp;rd_id_man
<LI><a href="#[94]">&gt;&gt;</a>&nbsp;&nbsp;&nbsp;LED_Initialize
<LI><a href="#[a4]">&gt;&gt;</a>&nbsp;&nbsp;&nbsp;GLCD_Initialize
</UL>

<P><STRONG><a name="[1f9]"></a>PIN_ConfigureTPIU</STRONG> (Thumb, 24 bytes, Stack size 0 bytes, pin_lpc17xx.o(.text), UNUSED)

<P><STRONG><a name="[1fa]"></a>PIN_ConfigureI2C0Pins</STRONG> (Thumb, 22 bytes, Stack size 0 bytes, pin_lpc17xx.o(.text), UNUSED)

<P><STRONG><a name="[0]"></a>Reset_Handler</STRONG> (Thumb, 8 bytes, Stack size 0 bytes, startup_lpc17xx.o(.text))
<BR>[Address Reference Count : 1]<UL><LI> startup_lpc17xx.o(RESET)
</UL>
<P><STRONG><a name="[1]"></a>NMI_Handler</STRONG> (Thumb, 2 bytes, Stack size 0 bytes, startup_lpc17xx.o(.text))
<BR><BR>[Calls]<UL><LI><a href="#[1]">&gt;&gt;</a>&nbsp;&nbsp;&nbsp;NMI_Handler
</UL>
<BR>[Called By]<UL><LI><a href="#[1]">&gt;&gt;</a>&nbsp;&nbsp;&nbsp;NMI_Handler
</UL>
<BR>[Address Reference Count : 1]<UL><LI> startup_lpc17xx.o(RESET)
</UL>
<P><STRONG><a name="[2]"></a>HardFault_Handler</STRONG> (Thumb, 2 bytes, Stack size 0 bytes, startup_lpc17xx.o(.text))
<BR><BR>[Calls]<UL><LI><a href="#[2]">&gt;&gt;</a>&nbsp;&nbsp;&nbsp;HardFault_Handler
</UL>
<BR>[Called By]<UL><LI><a href="#[2]">&gt;&gt;</a>&nbsp;&nbsp;&nbsp;HardFault_Handler
</UL>
<BR>[Address Reference Count : 1]<UL><LI> startup_lpc17xx.o(RESET)
</UL>
<P><STRONG><a name="[3]"></a>MemManage_Handler</STRONG> (Thumb, 2 bytes, Stack size 0 bytes, startup_lpc17xx.o(.text))
<BR><BR>[Calls]<UL><LI><a href="#[3]">&gt;&gt;</a>&nbsp;&nbsp;&nbsp;MemManage_Handler
</UL>
<BR>[Called By]<UL><LI><a href="#[3]">&gt;&gt;</a>&nbsp;&nbsp;&nbsp;MemManage_Handler
</UL>
<BR>[Address Reference Count : 1]<UL><LI> startup_lpc17xx.o(RESET)
</UL>
<P><STRONG><a name="[4]"></a>BusFault_Handler</STRONG> (Thumb, 2 bytes, Stack size 0 bytes, startup_lpc17xx.o(.text))
<BR><BR>[Calls]<UL><LI><a href="#[4]">&gt;&gt;</a>&nbsp;&nbsp;&nbsp;BusFault_Handler
</UL>
<BR>[Called By]<UL><LI><a href="#[4]">&gt;&gt;</a>&nbsp;&nbsp;&nbsp;BusFault_Handler
</UL>
<BR>[Address Reference Count : 1]<UL><LI> startup_lpc17xx.o(RESET)
</UL>
<P><STRONG><a name="[5]"></a>UsageFault_Handler</STRONG> (Thumb, 2 bytes, Stack size 0 bytes, startup_lpc17xx.o(.text))
<BR><BR>[Calls]<UL><LI><a href="#[5]">&gt;&gt;</a>&nbsp;&nbsp;&nbsp;UsageFault_Handler
</UL>
<BR>[Called By]<UL><LI><a href="#[5]">&gt;&gt;</a>&nbsp;&nbsp;&nbsp;UsageFault_Handler
</UL>
<BR>[Address Reference Count : 1]<UL><LI> startup_lpc17xx.o(RESET)
</UL>
<P><STRONG><a name="[7]"></a>DebugMon_Handler</STRONG> (Thumb, 2 bytes, Stack size 0 bytes, startup_lpc17xx.o(.text))
<BR><BR>[Calls]<UL><LI><a href="#[7]">&gt;&gt;</a>&nbsp;&nbsp;&nbsp;DebugMon_Handler
</UL>
<BR>[Called By]<UL><LI><a href="#[7]">&gt;&gt;</a>&nbsp;&nbsp;&nbsp;DebugMon_Handler
</UL>
<BR>[Address Reference Count : 1]<UL><LI> startup_lpc17xx.o(RESET)
</UL>
<P><STRONG><a name="[20]"></a>ADC_IRQHandler</STRONG> (Thumb, 0 bytes, Stack size 0 bytes, startup_lpc17xx.o(.text))
<BR><BR>[Calls]<UL><LI><a href="#[20]">&gt;&gt;</a>&nbsp;&nbsp;&nbsp;ADC_IRQHandler
</UL>
<BR>[Called By]<UL><LI><a href="#[20]">&gt;&gt;</a>&nbsp;&nbsp;&nbsp;ADC_IRQHandler
</UL>
<BR>[Address Reference Count : 1]<UL><LI> startup_lpc17xx.o(RESET)
</UL>
<P><STRONG><a name="[21]"></a>BOD_IRQHandler</STRONG> (Thumb, 0 bytes, Stack size 0 bytes, startup_lpc17xx.o(.text))
<BR>[Address Reference Count : 1]<UL><LI> startup_lpc17xx.o(RESET)
</UL>
<P><STRONG><a name="[2c]"></a>CANActivity_IRQHandler</STRONG> (Thumb, 0 bytes, Stack size 0 bytes, startup_lpc17xx.o(.text))
<BR>[Address Reference Count : 1]<UL><LI> startup_lpc17xx.o(RESET)
</UL>
<P><STRONG><a name="[23]"></a>CAN_IRQHandler</STRONG> (Thumb, 0 bytes, Stack size 0 bytes, startup_lpc17xx.o(.text))
<BR>[Address Reference Count : 1]<UL><LI> startup_lpc17xx.o(RESET)
</UL>
<P><STRONG><a name="[1c]"></a>EINT0_IRQHandler</STRONG> (Thumb, 0 bytes, Stack size 0 bytes, startup_lpc17xx.o(.text))
<BR>[Address Reference Count : 1]<UL><LI> startup_lpc17xx.o(RESET)
</UL>
<P><STRONG><a name="[1d]"></a>EINT1_IRQHandler</STRONG> (Thumb, 0 bytes, Stack size 0 bytes, startup_lpc17xx.o(.text))
<BR>[Address Reference Count : 1]<UL><LI> startup_lpc17xx.o(RESET)
</UL>
<P><STRONG><a name="[1e]"></a>EINT2_IRQHandler</STRONG> (Thumb, 0 bytes, Stack size 0 bytes, startup_lpc17xx.o(.text))
<BR>[Address Reference Count : 1]<UL><LI> startup_lpc17xx.o(RESET)
</UL>
<P><STRONG><a name="[1f]"></a>EINT3_IRQHandler</STRONG> (Thumb, 0 bytes, Stack size 0 bytes, startup_lpc17xx.o(.text))
<BR>[Address Reference Count : 1]<UL><LI> startup_lpc17xx.o(RESET)
</UL>
<P><STRONG><a name="[14]"></a>I2C0_IRQHandler</STRONG> (Thumb, 0 bytes, Stack size 0 bytes, startup_lpc17xx.o(.text))
<BR>[Address Reference Count : 1]<UL><LI> startup_lpc17xx.o(RESET)
</UL>
<P><STRONG><a name="[15]"></a>I2C1_IRQHandler</STRONG> (Thumb, 0 bytes, Stack size 0 bytes, startup_lpc17xx.o(.text))
<BR>[Address Reference Count : 1]<UL><LI> startup_lpc17xx.o(RESET)
</UL>
<P><STRONG><a name="[16]"></a>I2C2_IRQHandler</STRONG> (Thumb, 0 bytes, Stack size 0 bytes, startup_lpc17xx.o(.text))
<BR>[Address Reference Count : 1]<UL><LI> startup_lpc17xx.o(RESET)
</UL>
<P><STRONG><a name="[25]"></a>I2S_IRQHandler</STRONG> (Thumb, 0 bytes, Stack size 0 bytes, startup_lpc17xx.o(.text))
<BR>[Address Reference Count : 1]<UL><LI> startup_lpc17xx.o(RESET)
</UL>
<P><STRONG><a name="[28]"></a>MCPWM_IRQHandler</STRONG> (Thumb, 0 bytes, Stack size 0 bytes, startup_lpc17xx.o(.text))
<BR>[Address Reference Count : 1]<UL><LI> startup_lpc17xx.o(RESET)
</UL>
<P><STRONG><a name="[1a]"></a>PLL0_IRQHandler</STRONG> (Thumb, 0 bytes, Stack size 0 bytes, startup_lpc17xx.o(.text))
<BR>[Address Reference Count : 1]<UL><LI> startup_lpc17xx.o(RESET)
</UL>
<P><STRONG><a name="[2a]"></a>PLL1_IRQHandler</STRONG> (Thumb, 0 bytes, Stack size 0 bytes, startup_lpc17xx.o(.text))
<BR>[Address Reference Count : 1]<UL><LI> startup_lpc17xx.o(RESET)
</UL>
<P><STRONG><a name="[13]"></a>PWM1_IRQHandler</STRONG> (Thumb, 0 bytes, Stack size 0 bytes, startup_lpc17xx.o(.text))
<BR>[Address Reference Count : 1]<UL><LI> startup_lpc17xx.o(RESET)
</UL>
<P><STRONG><a name="[29]"></a>QEI_IRQHandler</STRONG> (Thumb, 0 bytes, Stack size 0 bytes, startup_lpc17xx.o(.text))
<BR>[Address Reference Count : 1]<UL><LI> startup_lpc17xx.o(RESET)
</UL>
<P><STRONG><a name="[27]"></a>RIT_IRQHandler</STRONG> (Thumb, 0 bytes, Stack size 0 bytes, startup_lpc17xx.o(.text))
<BR>[Address Reference Count : 1]<UL><LI> startup_lpc17xx.o(RESET)
</UL>
<P><STRONG><a name="[1b]"></a>RTC_IRQHandler</STRONG> (Thumb, 0 bytes, Stack size 0 bytes, startup_lpc17xx.o(.text))
<BR>[Address Reference Count : 1]<UL><LI> startup_lpc17xx.o(RESET)
</UL>
<P><STRONG><a name="[17]"></a>SPI_IRQHandler</STRONG> (Thumb, 0 bytes, Stack size 0 bytes, startup_lpc17xx.o(.text))
<BR>[Address Reference Count : 1]<UL><LI> startup_lpc17xx.o(RESET)
</UL>
<P><STRONG><a name="[18]"></a>SSP0_IRQHandler</STRONG> (Thumb, 0 bytes, Stack size 0 bytes, startup_lpc17xx.o(.text))
<BR>[Address Reference Count : 1]<UL><LI> startup_lpc17xx.o(RESET)
</UL>
<P><STRONG><a name="[b]"></a>TIMER0_IRQHandler</STRONG> (Thumb, 0 bytes, Stack size 0 bytes, startup_lpc17xx.o(.text))
<BR>[Address Reference Count : 1]<UL><LI> startup_lpc17xx.o(RESET)
</UL>
<P><STRONG><a name="[c]"></a>TIMER1_IRQHandler</STRONG> (Thumb, 0 bytes, Stack size 0 bytes, startup_lpc17xx.o(.text))
<BR>[Address Reference Count : 1]<UL><LI> startup_lpc17xx.o(RESET)
</UL>
<P><STRONG><a name="[d]"></a>TIMER2_IRQHandler</STRONG> (Thumb, 0 bytes, Stack size 0 bytes, startup_lpc17xx.o(.text))
<BR>[Address Reference Count : 1]<UL><LI> startup_lpc17xx.o(RESET)
</UL>
<P><STRONG><a name="[e]"></a>TIMER3_IRQHandler</STRONG> (Thumb, 0 bytes, Stack size 0 bytes, startup_lpc17xx.o(.text))
<BR>[Address Reference Count : 1]<UL><LI> startup_lpc17xx.o(RESET)
</UL>
<P><STRONG><a name="[f]"></a>UART0_IRQHandler</STRONG> (Thumb, 0 bytes, Stack size 0 bytes, startup_lpc17xx.o(.text))
<BR>[Address Reference Count : 1]<UL><LI> startup_lpc17xx.o(RESET)
</UL>
<P><STRONG><a name="[10]"></a>UART1_IRQHandler</STRONG> (Thumb, 0 bytes, Stack size 0 bytes, startup_lpc17xx.o(.text))
<BR>[Address Reference Count : 1]<UL><LI> startup_lpc17xx.o(RESET)
</UL>
<P><STRONG><a name="[11]"></a>UART2_IRQHandler</STRONG> (Thumb, 0 bytes, Stack size 0 bytes, startup_lpc17xx.o(.text))
<BR>[Address Reference Count : 1]<UL><LI> startup_lpc17xx.o(RESET)
</UL>
<P><STRONG><a name="[12]"></a>UART3_IRQHandler</STRONG> (Thumb, 0 bytes, Stack size 0 bytes, startup_lpc17xx.o(.text))
<BR>[Address Reference Count : 1]<UL><LI> startup_lpc17xx.o(RESET)
</UL>
<P><STRONG><a name="[2b]"></a>USBActivity_IRQHandler</STRONG> (Thumb, 0 bytes, Stack size 0 bytes, startup_lpc17xx.o(.text))
<BR>[Address Reference Count : 1]<UL><LI> startup_lpc17xx.o(RESET)
</UL>
<P><STRONG><a name="[22]"></a>USB_IRQHandler</STRONG> (Thumb, 0 bytes, Stack size 0 bytes, startup_lpc17xx.o(.text))
<BR>[Address Reference Count : 1]<UL><LI> startup_lpc17xx.o(RESET)
</UL>
<P><STRONG><a name="[a]"></a>WDT_IRQHandler</STRONG> (Thumb, 0 bytes, Stack size 0 bytes, startup_lpc17xx.o(.text))
<BR>[Address Reference Count : 1]<UL><LI> startup_lpc17xx.o(RESET)
</UL>
<P><STRONG><a name="[dc]"></a>SystemCoreClockUpdate</STRONG> (Thumb, 184 bytes, Stack size 16 bytes, system_lpc17xx.o(.text), UNUSED)
<BR><BR>[Calls]<UL><LI><a href="#[dd]">&gt;&gt;</a>&nbsp;&nbsp;&nbsp;__aeabi_uldivmod
</UL>

<P><STRONG><a name="[2f]"></a>SystemInit</STRONG> (Thumb, 196 bytes, Stack size 16 bytes, system_lpc17xx.o(.text))
<BR><BR>[Stack]<UL><LI>Max Depth = 16<LI>Call Chain = SystemInit
</UL>
<BR>[Address Reference Count : 1]<UL><LI> startup_lpc17xx.o(.text)
</UL>
<P><STRONG><a name="[de]"></a>netos_thread_create</STRONG> (Thumb, 8 bytes, Stack size 0 bytes, net_config.o(.text))
<BR><BR>[Stack]<UL><LI>Max Depth = 72<LI>Call Chain = netos_thread_create &rArr; osThreadCreate &rArr; svcThreadCreate &rArr; rt_tsk_create &rArr; rt_init_context &rArr; rt_init_stack
</UL>
<BR>[Calls]<UL><LI><a href="#[8d]">&gt;&gt;</a>&nbsp;&nbsp;&nbsp;osThreadCreate
</UL>
<BR>[Called By]<UL><LI><a href="#[aa]">&gt;&gt;</a>&nbsp;&nbsp;&nbsp;netInitialize
</UL>

<P><STRONG><a name="[df]"></a>netos_thread_id</STRONG> (Thumb, 4 bytes, Stack size 0 bytes, net_config.o(.text))
<BR><BR>[Calls]<UL><LI><a href="#[e0]">&gt;&gt;</a>&nbsp;&nbsp;&nbsp;osThreadGetId
</UL>
<BR>[Called By]<UL><LI><a href="#[121]">&gt;&gt;</a>&nbsp;&nbsp;&nbsp;net_bsd_suspend
</UL>

<P><STRONG><a name="[e1]"></a>netos_thread_pass</STRONG> (Thumb, 4 bytes, Stack size 0 bytes, net_config.o(.text))
<BR><BR>[Calls]<UL><LI><a href="#[e2]">&gt;&gt;</a>&nbsp;&nbsp;&nbsp;osThreadYield
</UL>
<BR>[Called By]<UL><LI><a href="#[7a]">&gt;&gt;</a>&nbsp;&nbsp;&nbsp;netCore_Thread
</UL>

<P><STRONG><a name="[e3]"></a>netos_timer_create</STRONG> (Thumb, 12 bytes, Stack size 0 bytes, net_config.o(.text))
<BR><BR>[Stack]<UL><LI>Max Depth = 8<LI>Call Chain = netos_timer_create &rArr; osTimerCreate &rArr; svcTimerCreate
</UL>
<BR>[Calls]<UL><LI><a href="#[e4]">&gt;&gt;</a>&nbsp;&nbsp;&nbsp;osTimerCreate
</UL>
<BR>[Called By]<UL><LI><a href="#[aa]">&gt;&gt;</a>&nbsp;&nbsp;&nbsp;netInitialize
</UL>

<P><STRONG><a name="[e5]"></a>netos_timer_start</STRONG> (Thumb, 4 bytes, Stack size 0 bytes, net_config.o(.text))
<BR><BR>[Calls]<UL><LI><a href="#[e6]">&gt;&gt;</a>&nbsp;&nbsp;&nbsp;osTimerStart
</UL>
<BR>[Called By]<UL><LI><a href="#[aa]">&gt;&gt;</a>&nbsp;&nbsp;&nbsp;netInitialize
</UL>

<P><STRONG><a name="[e7]"></a>netos_mutex_create</STRONG> (Thumb, 16 bytes, Stack size 0 bytes, net_config.o(.text))
<BR><BR>[Stack]<UL><LI>Max Depth = 8<LI>Call Chain = netos_mutex_create &rArr; osMutexCreate &rArr; svcMutexCreate
</UL>
<BR>[Calls]<UL><LI><a href="#[e8]">&gt;&gt;</a>&nbsp;&nbsp;&nbsp;osMutexCreate
</UL>
<BR>[Called By]<UL><LI><a href="#[aa]">&gt;&gt;</a>&nbsp;&nbsp;&nbsp;netInitialize
<LI><a href="#[15c]">&gt;&gt;</a>&nbsp;&nbsp;&nbsp;net_mem_init
</UL>

<P><STRONG><a name="[e9]"></a>netos_lock</STRONG> (Thumb, 8 bytes, Stack size 0 bytes, net_config.o(.text))
<BR><BR>[Calls]<UL><LI><a href="#[ea]">&gt;&gt;</a>&nbsp;&nbsp;&nbsp;osMutexWait
</UL>
<BR>[Called By]<UL><LI><a href="#[144]">&gt;&gt;</a>&nbsp;&nbsp;&nbsp;mem_lock
<LI><a href="#[122]">&gt;&gt;</a>&nbsp;&nbsp;&nbsp;net_sys_lock
</UL>

<P><STRONG><a name="[eb]"></a>netos_unlock</STRONG> (Thumb, 4 bytes, Stack size 0 bytes, net_config.o(.text))
<BR><BR>[Calls]<UL><LI><a href="#[ec]">&gt;&gt;</a>&nbsp;&nbsp;&nbsp;osMutexRelease
</UL>
<BR>[Called By]<UL><LI><a href="#[145]">&gt;&gt;</a>&nbsp;&nbsp;&nbsp;mem_unlock
<LI><a href="#[127]">&gt;&gt;</a>&nbsp;&nbsp;&nbsp;net_sys_unlock
</UL>

<P><STRONG><a name="[ed]"></a>netos_flag_wait</STRONG> (Thumb, 4 bytes, Stack size 0 bytes, net_config.o(.text))
<BR><BR>[Calls]<UL><LI><a href="#[ee]">&gt;&gt;</a>&nbsp;&nbsp;&nbsp;osSignalWait
</UL>
<BR>[Called By]<UL><LI><a href="#[7b]">&gt;&gt;</a>&nbsp;&nbsp;&nbsp;netETH_Thread
<LI><a href="#[7a]">&gt;&gt;</a>&nbsp;&nbsp;&nbsp;netCore_Thread
<LI><a href="#[121]">&gt;&gt;</a>&nbsp;&nbsp;&nbsp;net_bsd_suspend
</UL>

<P><STRONG><a name="[ef]"></a>netos_flag_set</STRONG> (Thumb, 4 bytes, Stack size 0 bytes, net_config.o(.text))
<BR><BR>[Stack]<UL><LI>Max Depth = 40<LI>Call Chain = netos_flag_set &rArr; osSignalSet &rArr; isrSignalSet &rArr; isr_evt_set &rArr; rt_psq_enq
</UL>
<BR>[Calls]<UL><LI><a href="#[f0]">&gt;&gt;</a>&nbsp;&nbsp;&nbsp;osSignalSet
</UL>
<BR>[Called By]<UL><LI><a href="#[117]">&gt;&gt;</a>&nbsp;&nbsp;&nbsp;net_bsd_resume
<LI><a href="#[12e]">&gt;&gt;</a>&nbsp;&nbsp;&nbsp;net_sys_wakeup
<LI><a href="#[35]">&gt;&gt;</a>&nbsp;&nbsp;&nbsp;eth_notify
</UL>

<P><STRONG><a name="[f1]"></a>netos_flag_clear</STRONG> (Thumb, 4 bytes, Stack size 0 bytes, net_config.o(.text))
<BR><BR>[Calls]<UL><LI><a href="#[f2]">&gt;&gt;</a>&nbsp;&nbsp;&nbsp;osSignalClear
</UL>
<BR>[Called By]<UL><LI><a href="#[7a]">&gt;&gt;</a>&nbsp;&nbsp;&nbsp;netCore_Thread
</UL>

<P><STRONG><a name="[f3]"></a>netos_delay</STRONG> (Thumb, 4 bytes, Stack size 0 bytes, net_config.o(.text), UNUSED)
<BR><BR>[Calls]<UL><LI><a href="#[a2]">&gt;&gt;</a>&nbsp;&nbsp;&nbsp;osDelay
</UL>

<P><STRONG><a name="[f4]"></a>netif_create</STRONG> (Thumb, 36 bytes, Stack size 8 bytes, net_config.o(.text))
<BR><BR>[Stack]<UL><LI>Max Depth = 80<LI>Call Chain = netif_create &rArr; osThreadCreate &rArr; svcThreadCreate &rArr; rt_tsk_create &rArr; rt_init_context &rArr; rt_init_stack
</UL>
<BR>[Calls]<UL><LI><a href="#[f5]">&gt;&gt;</a>&nbsp;&nbsp;&nbsp;osSemaphoreCreate
<LI><a href="#[8d]">&gt;&gt;</a>&nbsp;&nbsp;&nbsp;osThreadCreate
</UL>
<BR>[Called By]<UL><LI><a href="#[7c]">&gt;&gt;</a>&nbsp;&nbsp;&nbsp;net_eth_iface_init
</UL>

<P><STRONG><a name="[f6]"></a>netif_lock</STRONG> (Thumb, 8 bytes, Stack size 0 bytes, net_config.o(.text))
<BR><BR>[Calls]<UL><LI><a href="#[f7]">&gt;&gt;</a>&nbsp;&nbsp;&nbsp;osSemaphoreWait
</UL>
<BR>[Called By]<UL><LI><a href="#[12c]">&gt;&gt;</a>&nbsp;&nbsp;&nbsp;eth_lock
</UL>

<P><STRONG><a name="[f8]"></a>netif_unlock</STRONG> (Thumb, 4 bytes, Stack size 0 bytes, net_config.o(.text))
<BR><BR>[Stack]<UL><LI>Max Depth = 32<LI>Call Chain = netif_unlock &rArr; osSemaphoreRelease &rArr; isrSemaphoreRelease &rArr; isr_sem_send &rArr; rt_psq_enq
</UL>
<BR>[Calls]<UL><LI><a href="#[f9]">&gt;&gt;</a>&nbsp;&nbsp;&nbsp;osSemaphoreRelease
</UL>
<BR>[Called By]<UL><LI><a href="#[12f]">&gt;&gt;</a>&nbsp;&nbsp;&nbsp;eth_unlock
</UL>

<P><STRONG><a name="[188]"></a>net_igmp_is_member</STRONG> (Thumb, 4 bytes, Stack size 0 bytes, net_config.o(.text))
<BR><BR>[Called By]<UL><LI><a href="#[170]">&gt;&gt;</a>&nbsp;&nbsp;&nbsp;net_ip4_chk_frame
</UL>

<P><STRONG><a name="[17d]"></a>net_igmp_collect_addr</STRONG> (Thumb, 4 bytes, Stack size 0 bytes, net_config.o(.text))
<BR><BR>[Called By]<UL><LI><a href="#[16f]">&gt;&gt;</a>&nbsp;&nbsp;&nbsp;net_eth_update_filter
</UL>

<P><STRONG><a name="[172]"></a>net_igmp_process</STRONG> (Thumb, 2 bytes, Stack size 0 bytes, net_config.o(.text))
<BR><BR>[Called By]<UL><LI><a href="#[7d]">&gt;&gt;</a>&nbsp;&nbsp;&nbsp;net_eth_iface_run
</UL>

<P><STRONG><a name="[1fb]"></a>netDHCP_Enable</STRONG> (Thumb, 4 bytes, Stack size 0 bytes, net_config.o(.text), UNUSED)

<P><STRONG><a name="[1fc]"></a>netDHCP_Disable</STRONG> (Thumb, 4 bytes, Stack size 0 bytes, net_config.o(.text), UNUSED)

<P><STRONG><a name="[18a]"></a>net_ppp_send_frame</STRONG> (Thumb, 4 bytes, Stack size 0 bytes, net_config.o(.text))
<BR><BR>[Called By]<UL><LI><a href="#[185]">&gt;&gt;</a>&nbsp;&nbsp;&nbsp;net_ip4_send_frame
</UL>

<P><STRONG><a name="[1fd]"></a>net_ppp_get_option</STRONG> (Thumb, 4 bytes, Stack size 0 bytes, net_config.o(.text), UNUSED)

<P><STRONG><a name="[1fe]"></a>net_ppp_set_option</STRONG> (Thumb, 4 bytes, Stack size 0 bytes, net_config.o(.text), UNUSED)

<P><STRONG><a name="[18b]"></a>net_slip_send_frame</STRONG> (Thumb, 4 bytes, Stack size 0 bytes, net_config.o(.text))
<BR><BR>[Called By]<UL><LI><a href="#[185]">&gt;&gt;</a>&nbsp;&nbsp;&nbsp;net_ip4_send_frame
</UL>

<P><STRONG><a name="[1ff]"></a>net_slip_get_option</STRONG> (Thumb, 4 bytes, Stack size 0 bytes, net_config.o(.text), UNUSED)

<P><STRONG><a name="[200]"></a>net_slip_set_option</STRONG> (Thumb, 4 bytes, Stack size 0 bytes, net_config.o(.text), UNUSED)

<P><STRONG><a name="[201]"></a>netSNTPc_GetTime</STRONG> (Thumb, 4 bytes, Stack size 0 bytes, net_config.o(.text), UNUSED)

<P><STRONG><a name="[fa]"></a>net_sys_error</STRONG> (Thumb, 2 bytes, Stack size 0 bytes, net_config.o(.text))
<BR><BR>[Calls]<UL><LI><a href="#[fa]">&gt;&gt;</a>&nbsp;&nbsp;&nbsp;net_sys_error
</UL>
<BR>[Called By]<UL><LI><a href="#[7c]">&gt;&gt;</a>&nbsp;&nbsp;&nbsp;net_eth_iface_init
<LI><a href="#[fa]">&gt;&gt;</a>&nbsp;&nbsp;&nbsp;net_sys_error
<LI><a href="#[aa]">&gt;&gt;</a>&nbsp;&nbsp;&nbsp;netInitialize
<LI><a href="#[19a]">&gt;&gt;</a>&nbsp;&nbsp;&nbsp;net_tcp_get_socket
<LI><a href="#[192]">&gt;&gt;</a>&nbsp;&nbsp;&nbsp;net_udp_get_socket
<LI><a href="#[177]">&gt;&gt;</a>&nbsp;&nbsp;&nbsp;net_tcp_process
<LI><a href="#[10f]">&gt;&gt;</a>&nbsp;&nbsp;&nbsp;net_mem_free
<LI><a href="#[10d]">&gt;&gt;</a>&nbsp;&nbsp;&nbsp;net_mem_alloc
</UL>

<P><STRONG><a name="[dd]"></a>__aeabi_uldivmod</STRONG> (Thumb, 98 bytes, Stack size 40 bytes, uldiv.o(.text))
<BR><BR>[Stack]<UL><LI>Max Depth = 40<LI>Call Chain = __aeabi_uldivmod
</UL>
<BR>[Calls]<UL><LI><a href="#[fb]">&gt;&gt;</a>&nbsp;&nbsp;&nbsp;__aeabi_llsr
<LI><a href="#[fc]">&gt;&gt;</a>&nbsp;&nbsp;&nbsp;__aeabi_llsl
</UL>
<BR>[Called By]<UL><LI><a href="#[dc]">&gt;&gt;</a>&nbsp;&nbsp;&nbsp;SystemCoreClockUpdate
<LI><a href="#[4b]">&gt;&gt;</a>&nbsp;&nbsp;&nbsp;svcTimerStart
</UL>

<P><STRONG><a name="[114]"></a>__aeabi_memcpy</STRONG> (Thumb, 36 bytes, Stack size 0 bytes, memcpya.o(.text))
<BR><BR>[Called By]<UL><LI><a href="#[186]">&gt;&gt;</a>&nbsp;&nbsp;&nbsp;net_icmp_send_echo
<LI><a href="#[184]">&gt;&gt;</a>&nbsp;&nbsp;&nbsp;net_icmp6_send_echo
<LI><a href="#[36]">&gt;&gt;</a>&nbsp;&nbsp;&nbsp;nbns_listener
<LI><a href="#[1d7]">&gt;&gt;</a>&nbsp;&nbsp;&nbsp;sendto
<LI><a href="#[1ac]">&gt;&gt;</a>&nbsp;&nbsp;&nbsp;recvfrom
<LI><a href="#[4d]">&gt;&gt;</a>&nbsp;&nbsp;&nbsp;bsd_cb_udp
<LI><a href="#[4e]">&gt;&gt;</a>&nbsp;&nbsp;&nbsp;bsd_cb_tcp
<LI><a href="#[18c]">&gt;&gt;</a>&nbsp;&nbsp;&nbsp;net_loop_send_frame
<LI><a href="#[171]">&gt;&gt;</a>&nbsp;&nbsp;&nbsp;net_icmp_process
<LI><a href="#[175]">&gt;&gt;</a>&nbsp;&nbsp;&nbsp;net_icmp6_process
</UL>

<P><STRONG><a name="[202]"></a>__aeabi_memcpy4</STRONG> (Thumb, 0 bytes, Stack size 0 bytes, memcpya.o(.text), UNUSED)

<P><STRONG><a name="[203]"></a>__aeabi_memcpy8</STRONG> (Thumb, 0 bytes, Stack size 0 bytes, memcpya.o(.text), UNUSED)

<P><STRONG><a name="[fe]"></a>__aeabi_memset</STRONG> (Thumb, 14 bytes, Stack size 0 bytes, memseta.o(.text))
<BR><BR>[Called By]<UL><LI><a href="#[ff]">&gt;&gt;</a>&nbsp;&nbsp;&nbsp;_memset$wrapper
<LI><a href="#[fd]">&gt;&gt;</a>&nbsp;&nbsp;&nbsp;__aeabi_memclr
</UL>

<P><STRONG><a name="[204]"></a>__aeabi_memset4</STRONG> (Thumb, 0 bytes, Stack size 0 bytes, memseta.o(.text), UNUSED)

<P><STRONG><a name="[205]"></a>__aeabi_memset8</STRONG> (Thumb, 0 bytes, Stack size 0 bytes, memseta.o(.text), UNUSED)

<P><STRONG><a name="[fd]"></a>__aeabi_memclr</STRONG> (Thumb, 4 bytes, Stack size 0 bytes, memseta.o(.text))
<BR><BR>[Calls]<UL><LI><a href="#[fe]">&gt;&gt;</a>&nbsp;&nbsp;&nbsp;__aeabi_memset
</UL>
<BR>[Called By]<UL><LI><a href="#[16c]">&gt;&gt;</a>&nbsp;&nbsp;&nbsp;net_ndp_init
</UL>

<P><STRONG><a name="[c6]"></a>__aeabi_memclr4</STRONG> (Thumb, 0 bytes, Stack size 0 bytes, memseta.o(.text))
<BR><BR>[Called By]<UL><LI><a href="#[82]">&gt;&gt;</a>&nbsp;&nbsp;&nbsp;net_udp_socket_init
<LI><a href="#[83]">&gt;&gt;</a>&nbsp;&nbsp;&nbsp;net_tcp_socket_init
<LI><a href="#[7c]">&gt;&gt;</a>&nbsp;&nbsp;&nbsp;net_eth_iface_init
<LI><a href="#[85]">&gt;&gt;</a>&nbsp;&nbsp;&nbsp;net_bsd_socket_init
<LI><a href="#[d0]">&gt;&gt;</a>&nbsp;&nbsp;&nbsp;SSPx_Control
<LI><a href="#[c9]">&gt;&gt;</a>&nbsp;&nbsp;&nbsp;SSPx_PowerControl
<LI><a href="#[c5]">&gt;&gt;</a>&nbsp;&nbsp;&nbsp;SSPx_Initialize
<LI><a href="#[aa]">&gt;&gt;</a>&nbsp;&nbsp;&nbsp;netInitialize
<LI><a href="#[119]">&gt;&gt;</a>&nbsp;&nbsp;&nbsp;bsd_kill_socket
<LI><a href="#[4e]">&gt;&gt;</a>&nbsp;&nbsp;&nbsp;bsd_cb_tcp
<LI><a href="#[11b]">&gt;&gt;</a>&nbsp;&nbsp;&nbsp;net_tcp_release_socket
<LI><a href="#[126]">&gt;&gt;</a>&nbsp;&nbsp;&nbsp;net_tcp_listen
<LI><a href="#[16c]">&gt;&gt;</a>&nbsp;&nbsp;&nbsp;net_ndp_init
</UL>

<P><STRONG><a name="[206]"></a>__aeabi_memclr8</STRONG> (Thumb, 0 bytes, Stack size 0 bytes, memseta.o(.text), UNUSED)

<P><STRONG><a name="[ff]"></a>_memset$wrapper</STRONG> (Thumb, 18 bytes, Stack size 8 bytes, memseta.o(.text), UNUSED)
<BR><BR>[Calls]<UL><LI><a href="#[fe]">&gt;&gt;</a>&nbsp;&nbsp;&nbsp;__aeabi_memset
</UL>

<P><STRONG><a name="[147]"></a>memcmp</STRONG> (Thumb, 26 bytes, Stack size 12 bytes, memcmp.o(.text))
<BR><BR>[Stack]<UL><LI>Max Depth = 12<LI>Call Chain = memcmp
</UL>
<BR>[Called By]<UL><LI><a href="#[36]">&gt;&gt;</a>&nbsp;&nbsp;&nbsp;nbns_listener
<LI><a href="#[14e]">&gt;&gt;</a>&nbsp;&nbsp;&nbsp;ndp_prefix_add
<LI><a href="#[14c]">&gt;&gt;</a>&nbsp;&nbsp;&nbsp;ndp_is_onlink
<LI><a href="#[171]">&gt;&gt;</a>&nbsp;&nbsp;&nbsp;net_icmp_process
<LI><a href="#[175]">&gt;&gt;</a>&nbsp;&nbsp;&nbsp;net_icmp6_process
</UL>

<P><STRONG><a name="[100]"></a>__0sscanf</STRONG> (Thumb, 48 bytes, Stack size 72 bytes, __0sscanf.o(.text))
<BR><BR>[Stack]<UL><LI>Max Depth = 216<LI>Call Chain = __0sscanf &rArr; __vfscanf_char &rArr; __vfscanf &rArr; _scanf_int
</UL>
<BR>[Calls]<UL><LI><a href="#[101]">&gt;&gt;</a>&nbsp;&nbsp;&nbsp;__vfscanf_char
</UL>
<BR>[Called By]<UL><LI><a href="#[15f]">&gt;&gt;</a>&nbsp;&nbsp;&nbsp;net_addr6_aton
<LI><a href="#[15e]">&gt;&gt;</a>&nbsp;&nbsp;&nbsp;net_addr4_aton
<LI><a href="#[15d]">&gt;&gt;</a>&nbsp;&nbsp;&nbsp;netMAC_aton
</UL>

<P><STRONG><a name="[102]"></a>_scanf_int</STRONG> (Thumb, 332 bytes, Stack size 56 bytes, _scanf_int.o(.text))
<BR><BR>[Stack]<UL><LI>Max Depth = 56<LI>Call Chain = _scanf_int
</UL>
<BR>[Calls]<UL><LI><a href="#[103]">&gt;&gt;</a>&nbsp;&nbsp;&nbsp;_chval
</UL>
<BR>[Called By]<UL><LI><a href="#[104]">&gt;&gt;</a>&nbsp;&nbsp;&nbsp;__vfscanf
</UL>

<P><STRONG><a name="[fc]"></a>__aeabi_llsl</STRONG> (Thumb, 30 bytes, Stack size 0 bytes, llshl.o(.text))
<BR><BR>[Called By]<UL><LI><a href="#[dd]">&gt;&gt;</a>&nbsp;&nbsp;&nbsp;__aeabi_uldivmod
</UL>

<P><STRONG><a name="[207]"></a>_ll_shift_l</STRONG> (Thumb, 0 bytes, Stack size 0 bytes, llshl.o(.text), UNUSED)

<P><STRONG><a name="[fb]"></a>__aeabi_llsr</STRONG> (Thumb, 32 bytes, Stack size 0 bytes, llushr.o(.text))
<BR><BR>[Called By]<UL><LI><a href="#[dd]">&gt;&gt;</a>&nbsp;&nbsp;&nbsp;__aeabi_uldivmod
</UL>

<P><STRONG><a name="[208]"></a>_ll_ushift_r</STRONG> (Thumb, 0 bytes, Stack size 0 bytes, llushr.o(.text), UNUSED)

<P><STRONG><a name="[103]"></a>_chval</STRONG> (Thumb, 28 bytes, Stack size 0 bytes, _chval.o(.text))
<BR><BR>[Called By]<UL><LI><a href="#[102]">&gt;&gt;</a>&nbsp;&nbsp;&nbsp;_scanf_int
</UL>

<P><STRONG><a name="[101]"></a>__vfscanf_char</STRONG> (Thumb, 20 bytes, Stack size 0 bytes, scanf_char.o(.text))
<BR><BR>[Stack]<UL><LI>Max Depth = 144<LI>Call Chain = __vfscanf_char &rArr; __vfscanf &rArr; _scanf_int
</UL>
<BR>[Calls]<UL><LI><a href="#[104]">&gt;&gt;</a>&nbsp;&nbsp;&nbsp;__vfscanf
</UL>
<BR>[Called By]<UL><LI><a href="#[100]">&gt;&gt;</a>&nbsp;&nbsp;&nbsp;__0sscanf
</UL>

<P><STRONG><a name="[31]"></a>_sgetc</STRONG> (Thumb, 30 bytes, Stack size 0 bytes, _sgetc.o(.text))
<BR>[Address Reference Count : 1]<UL><LI> __0sscanf.o(.text)
</UL>
<P><STRONG><a name="[32]"></a>_sbackspace</STRONG> (Thumb, 34 bytes, Stack size 0 bytes, _sgetc.o(.text))
<BR>[Address Reference Count : 1]<UL><LI> __0sscanf.o(.text)
</UL>
<P><STRONG><a name="[8a]"></a>__scatterload</STRONG> (Thumb, 28 bytes, Stack size 0 bytes, init.o(.text))
<BR><BR>[Calls]<UL><LI><a href="#[105]">&gt;&gt;</a>&nbsp;&nbsp;&nbsp;__main_after_scatterload
</UL>
<BR>[Called By]<UL><LI><a href="#[89]">&gt;&gt;</a>&nbsp;&nbsp;&nbsp;_main_scatterload
</UL>

<P><STRONG><a name="[209]"></a>__scatterload_rt2</STRONG> (Thumb, 0 bytes, Stack size 0 bytes, init.o(.text), UNUSED)

<P><STRONG><a name="[34]"></a>isspace</STRONG> (Thumb, 10 bytes, Stack size 0 bytes, isspace_c.o(.text))
<BR><BR>[Calls]<UL><LI><a href="#[106]">&gt;&gt;</a>&nbsp;&nbsp;&nbsp;__ctype_lookup
</UL>
<BR>[Address Reference Count : 1]<UL><LI> scanf_char.o(.text)
</UL>
<P><STRONG><a name="[104]"></a>__vfscanf</STRONG> (Thumb, 808 bytes, Stack size 88 bytes, _scanf.o(.text))
<BR><BR>[Stack]<UL><LI>Max Depth = 144<LI>Call Chain = __vfscanf &rArr; _scanf_int
</UL>
<BR>[Calls]<UL><LI><a href="#[102]">&gt;&gt;</a>&nbsp;&nbsp;&nbsp;_scanf_int
</UL>
<BR>[Called By]<UL><LI><a href="#[101]">&gt;&gt;</a>&nbsp;&nbsp;&nbsp;__vfscanf_char
</UL>

<P><STRONG><a name="[106]"></a>__ctype_lookup</STRONG> (Thumb, 34 bytes, Stack size 0 bytes, ctype_c.o(.text))
<BR><BR>[Called By]<UL><LI><a href="#[34]">&gt;&gt;</a>&nbsp;&nbsp;&nbsp;isspace
</UL>

<P><STRONG><a name="[20a]"></a>__scatterload_copy</STRONG> (Thumb, 14 bytes, Stack size unknown bytes, handlers.o(i.__scatterload_copy), UNUSED)

<P><STRONG><a name="[20b]"></a>__scatterload_zeroinit</STRONG> (Thumb, 14 bytes, Stack size unknown bytes, handlers.o(i.__scatterload_zeroinit), UNUSED)

<P><STRONG><a name="[1cb]"></a>_init_box</STRONG> (Thumb, 70 bytes, Stack size 8 bytes, rt_membox.o(i._init_box))
<BR><BR>[Stack]<UL><LI>Max Depth = 8<LI>Call Chain = _init_box
</UL>
<BR>[Called By]<UL><LI><a href="#[1c9]">&gt;&gt;</a>&nbsp;&nbsp;&nbsp;rt_sys_init
</UL>

<P><STRONG><a name="[a3]"></a>closesocket</STRONG> (Thumb, 230 bytes, Stack size 24 bytes, net_bsd.o(i.closesocket))
<BR><BR>[Stack]<UL><LI>Max Depth = 224<LI>Call Chain = closesocket &rArr; bsd_kill_socket &rArr; net_tcp_abort &rArr; tcp_send_ctrl &rArr; tcp_write &rArr; net_ip6_send_frame &rArr; net_eth_send_frame &rArr; net_arp_cache_find &rArr; arp_send_request &rArr; net_eth_output &rArr; eth_unlock &rArr; netif_unlock &rArr; osSemaphoreRelease &rArr; isrSemaphoreRelease &rArr; isr_sem_send &rArr; rt_psq_enq
</UL>
<BR>[Calls]<UL><LI><a href="#[125]">&gt;&gt;</a>&nbsp;&nbsp;&nbsp;list_get_first
<LI><a href="#[120]">&gt;&gt;</a>&nbsp;&nbsp;&nbsp;bsd_wait
<LI><a href="#[119]">&gt;&gt;</a>&nbsp;&nbsp;&nbsp;bsd_kill_socket
<LI><a href="#[126]">&gt;&gt;</a>&nbsp;&nbsp;&nbsp;net_tcp_listen
<LI><a href="#[124]">&gt;&gt;</a>&nbsp;&nbsp;&nbsp;net_tcp_get_state
<LI><a href="#[123]">&gt;&gt;</a>&nbsp;&nbsp;&nbsp;net_tcp_close
<LI><a href="#[127]">&gt;&gt;</a>&nbsp;&nbsp;&nbsp;net_sys_unlock
<LI><a href="#[122]">&gt;&gt;</a>&nbsp;&nbsp;&nbsp;net_sys_lock
</UL>
<BR>[Called By]<UL><LI><a href="#[50]">&gt;&gt;</a>&nbsp;&nbsp;&nbsp;Client
</UL>

<P><STRONG><a name="[9f]"></a>connect</STRONG> (Thumb, 230 bytes, Stack size 24 bytes, net_bsd.o(i.connect))
<BR><BR>[Stack]<UL><LI>Max Depth = 232<LI>Call Chain = connect &rArr; net_tcp_connect &rArr; tcp_send_ctrl &rArr; tcp_write &rArr; net_ip6_send_frame &rArr; net_eth_send_frame &rArr; net_arp_cache_find &rArr; arp_send_request &rArr; net_eth_output &rArr; eth_unlock &rArr; netif_unlock &rArr; osSemaphoreRelease &rArr; isrSemaphoreRelease &rArr; isr_sem_send &rArr; rt_psq_enq
</UL>
<BR>[Calls]<UL><LI><a href="#[128]">&gt;&gt;</a>&nbsp;&nbsp;&nbsp;is_addr_valid
<LI><a href="#[129]">&gt;&gt;</a>&nbsp;&nbsp;&nbsp;is_addr_unspec
<LI><a href="#[120]">&gt;&gt;</a>&nbsp;&nbsp;&nbsp;bsd_wait
<LI><a href="#[11e]">&gt;&gt;</a>&nbsp;&nbsp;&nbsp;bsd_open_udp
<LI><a href="#[109]">&gt;&gt;</a>&nbsp;&nbsp;&nbsp;addr_transfer
<LI><a href="#[12a]">&gt;&gt;</a>&nbsp;&nbsp;&nbsp;net_tcp_connect
<LI><a href="#[12b]">&gt;&gt;</a>&nbsp;&nbsp;&nbsp;net_addr_is_unspec
<LI><a href="#[127]">&gt;&gt;</a>&nbsp;&nbsp;&nbsp;net_sys_unlock
<LI><a href="#[122]">&gt;&gt;</a>&nbsp;&nbsp;&nbsp;net_sys_lock
</UL>
<BR>[Called By]<UL><LI><a href="#[50]">&gt;&gt;</a>&nbsp;&nbsp;&nbsp;Client
</UL>

<P><STRONG><a name="[1ca]"></a>dbg_init</STRONG> (Thumb, 34 bytes, Stack size 0 bytes, hal_cm.o(i.dbg_init))
<BR><BR>[Called By]<UL><LI><a href="#[1c9]">&gt;&gt;</a>&nbsp;&nbsp;&nbsp;rt_sys_init
</UL>

<P><STRONG><a name="[1d1]"></a>dbg_task_notify</STRONG> (Thumb, 32 bytes, Stack size 0 bytes, hal_cm.o(i.dbg_task_notify))
<BR><BR>[Called By]<UL><LI><a href="#[1d2]">&gt;&gt;</a>&nbsp;&nbsp;&nbsp;rt_tsk_delete
<LI><a href="#[1d0]">&gt;&gt;</a>&nbsp;&nbsp;&nbsp;rt_tsk_create
</UL>

<P><STRONG><a name="[1c8]"></a>dbg_task_switch</STRONG> (Thumb, 16 bytes, Stack size 0 bytes, hal_cm.o(i.dbg_task_switch))
<BR><BR>[Called By]<UL><LI><a href="#[1b0]">&gt;&gt;</a>&nbsp;&nbsp;&nbsp;rt_switch_req
</UL>

<P><STRONG><a name="[137]"></a>isrMessageGet</STRONG> (Thumb, 42 bytes, Stack size 16 bytes, rt_cmsis.o(i.isrMessageGet))
<BR><BR>[Stack]<UL><LI>Max Depth = 40<LI>Call Chain = isrMessageGet &rArr; isr_mbx_receive &rArr; rt_psq_enq
</UL>
<BR>[Calls]<UL><LI><a href="#[138]">&gt;&gt;</a>&nbsp;&nbsp;&nbsp;isr_mbx_receive
</UL>
<BR>[Called By]<UL><LI><a href="#[1aa]">&gt;&gt;</a>&nbsp;&nbsp;&nbsp;osMessageGet
</UL>

<P><STRONG><a name="[139]"></a>isrMessagePut</STRONG> (Thumb, 44 bytes, Stack size 16 bytes, rt_cmsis.o(i.isrMessagePut))
<BR><BR>[Stack]<UL><LI>Max Depth = 40<LI>Call Chain = isrMessagePut &rArr; isr_mbx_send &rArr; rt_psq_enq
</UL>
<BR>[Calls]<UL><LI><a href="#[13a]">&gt;&gt;</a>&nbsp;&nbsp;&nbsp;rt_mbx_check
<LI><a href="#[13b]">&gt;&gt;</a>&nbsp;&nbsp;&nbsp;isr_mbx_send
</UL>
<BR>[Called By]<UL><LI><a href="#[1cf]">&gt;&gt;</a>&nbsp;&nbsp;&nbsp;sysTimerTick
</UL>

<P><STRONG><a name="[13c]"></a>isrSemaphoreRelease</STRONG> (Thumb, 40 bytes, Stack size 8 bytes, rt_cmsis.o(i.isrSemaphoreRelease))
<BR><BR>[Stack]<UL><LI>Max Depth = 32<LI>Call Chain = isrSemaphoreRelease &rArr; isr_sem_send &rArr; rt_psq_enq
</UL>
<BR>[Calls]<UL><LI><a href="#[13d]">&gt;&gt;</a>&nbsp;&nbsp;&nbsp;rt_id2obj
<LI><a href="#[13e]">&gt;&gt;</a>&nbsp;&nbsp;&nbsp;isr_sem_send
</UL>
<BR>[Called By]<UL><LI><a href="#[f9]">&gt;&gt;</a>&nbsp;&nbsp;&nbsp;osSemaphoreRelease
</UL>

<P><STRONG><a name="[13f]"></a>isrSignalSet</STRONG> (Thumb, 36 bytes, Stack size 16 bytes, rt_cmsis.o(i.isrSignalSet))
<BR><BR>[Stack]<UL><LI>Max Depth = 40<LI>Call Chain = isrSignalSet &rArr; isr_evt_set &rArr; rt_psq_enq
</UL>
<BR>[Calls]<UL><LI><a href="#[141]">&gt;&gt;</a>&nbsp;&nbsp;&nbsp;isr_evt_set
<LI><a href="#[140]">&gt;&gt;</a>&nbsp;&nbsp;&nbsp;rt_tid2ptcb
</UL>
<BR>[Called By]<UL><LI><a href="#[f0]">&gt;&gt;</a>&nbsp;&nbsp;&nbsp;osSignalSet
</UL>

<P><STRONG><a name="[141]"></a>isr_evt_set</STRONG> (Thumb, 34 bytes, Stack size 8 bytes, rt_event.o(i.isr_evt_set))
<BR><BR>[Stack]<UL><LI>Max Depth = 24<LI>Call Chain = isr_evt_set &rArr; rt_psq_enq
</UL>
<BR>[Calls]<UL><LI><a href="#[142]">&gt;&gt;</a>&nbsp;&nbsp;&nbsp;rt_psq_enq
<LI><a href="#[143]">&gt;&gt;</a>&nbsp;&nbsp;&nbsp;rt_psh_req
</UL>
<BR>[Called By]<UL><LI><a href="#[13f]">&gt;&gt;</a>&nbsp;&nbsp;&nbsp;isrSignalSet
</UL>

<P><STRONG><a name="[138]"></a>isr_mbx_receive</STRONG> (Thumb, 86 bytes, Stack size 8 bytes, rt_mailbox.o(i.isr_mbx_receive))
<BR><BR>[Stack]<UL><LI>Max Depth = 24<LI>Call Chain = isr_mbx_receive &rArr; rt_psq_enq
</UL>
<BR>[Calls]<UL><LI><a href="#[142]">&gt;&gt;</a>&nbsp;&nbsp;&nbsp;rt_psq_enq
<LI><a href="#[143]">&gt;&gt;</a>&nbsp;&nbsp;&nbsp;rt_psh_req
</UL>
<BR>[Called By]<UL><LI><a href="#[137]">&gt;&gt;</a>&nbsp;&nbsp;&nbsp;isrMessageGet
</UL>

<P><STRONG><a name="[13b]"></a>isr_mbx_send</STRONG> (Thumb, 14 bytes, Stack size 8 bytes, rt_mailbox.o(i.isr_mbx_send))
<BR><BR>[Stack]<UL><LI>Max Depth = 24<LI>Call Chain = isr_mbx_send &rArr; rt_psq_enq
</UL>
<BR>[Calls]<UL><LI><a href="#[142]">&gt;&gt;</a>&nbsp;&nbsp;&nbsp;rt_psq_enq
<LI><a href="#[143]">&gt;&gt;</a>&nbsp;&nbsp;&nbsp;rt_psh_req
</UL>
<BR>[Called By]<UL><LI><a href="#[139]">&gt;&gt;</a>&nbsp;&nbsp;&nbsp;isrMessagePut
</UL>

<P><STRONG><a name="[13e]"></a>isr_sem_send</STRONG> (Thumb, 16 bytes, Stack size 8 bytes, rt_semaphore.o(i.isr_sem_send))
<BR><BR>[Stack]<UL><LI>Max Depth = 24<LI>Call Chain = isr_sem_send &rArr; rt_psq_enq
</UL>
<BR>[Calls]<UL><LI><a href="#[142]">&gt;&gt;</a>&nbsp;&nbsp;&nbsp;rt_psq_enq
<LI><a href="#[143]">&gt;&gt;</a>&nbsp;&nbsp;&nbsp;rt_psh_req
</UL>
<BR>[Called By]<UL><LI><a href="#[13c]">&gt;&gt;</a>&nbsp;&nbsp;&nbsp;isrSemaphoreRelease
</UL>

<P><STRONG><a name="[7a]"></a>netCore_Thread</STRONG> (Thumb, 76 bytes, Stack size 0 bytes, net_sys.o(i.netCore_Thread))
<BR><BR>[Calls]<UL><LI><a href="#[f1]">&gt;&gt;</a>&nbsp;&nbsp;&nbsp;netos_flag_clear
<LI><a href="#[ed]">&gt;&gt;</a>&nbsp;&nbsp;&nbsp;netos_flag_wait
<LI><a href="#[e1]">&gt;&gt;</a>&nbsp;&nbsp;&nbsp;netos_thread_pass
<LI><a href="#[15a]">&gt;&gt;</a>&nbsp;&nbsp;&nbsp;sys_proc_tick
<LI><a href="#[127]">&gt;&gt;</a>&nbsp;&nbsp;&nbsp;net_sys_unlock
<LI><a href="#[122]">&gt;&gt;</a>&nbsp;&nbsp;&nbsp;net_sys_lock
</UL>
<BR>[Address Reference Count : 1]<UL><LI> net_config.o(.constdata)
</UL>
<P><STRONG><a name="[7b]"></a>netETH_Thread</STRONG> (Thumb, 56 bytes, Stack size 0 bytes, net_eth.o(i.netETH_Thread))
<BR><BR>[Stack]<UL><LI>Max Depth = 64<LI>Call Chain = netETH_Thread &rArr; eth_receive &rArr; net_sys_wakeup &rArr; netos_flag_set &rArr; osSignalSet &rArr; isrSignalSet &rArr; isr_evt_set &rArr; rt_psq_enq
</UL>
<BR>[Calls]<UL><LI><a href="#[ed]">&gt;&gt;</a>&nbsp;&nbsp;&nbsp;netos_flag_wait
<LI><a href="#[12f]">&gt;&gt;</a>&nbsp;&nbsp;&nbsp;eth_unlock
<LI><a href="#[12d]">&gt;&gt;</a>&nbsp;&nbsp;&nbsp;eth_receive
<LI><a href="#[12c]">&gt;&gt;</a>&nbsp;&nbsp;&nbsp;eth_lock
<LI><a href="#[15b]">&gt;&gt;</a>&nbsp;&nbsp;&nbsp;eth_check_link
</UL>
<BR>[Address Reference Count : 1]<UL><LI> net_config.o(.constdata)
</UL>
<P><STRONG><a name="[aa]"></a>netInitialize</STRONG> (Thumb, 100 bytes, Stack size 16 bytes, net_sys.o(i.netInitialize))
<BR><BR>[Stack]<UL><LI>Max Depth = 88<LI>Call Chain = netInitialize &rArr; netos_thread_create &rArr; osThreadCreate &rArr; svcThreadCreate &rArr; rt_tsk_create &rArr; rt_init_context &rArr; rt_init_stack
</UL>
<BR>[Calls]<UL><LI><a href="#[fa]">&gt;&gt;</a>&nbsp;&nbsp;&nbsp;net_sys_error
<LI><a href="#[e7]">&gt;&gt;</a>&nbsp;&nbsp;&nbsp;netos_mutex_create
<LI><a href="#[e5]">&gt;&gt;</a>&nbsp;&nbsp;&nbsp;netos_timer_start
<LI><a href="#[e3]">&gt;&gt;</a>&nbsp;&nbsp;&nbsp;netos_timer_create
<LI><a href="#[de]">&gt;&gt;</a>&nbsp;&nbsp;&nbsp;netos_thread_create
<LI><a href="#[15c]">&gt;&gt;</a>&nbsp;&nbsp;&nbsp;net_mem_init
<LI><a href="#[c6]">&gt;&gt;</a>&nbsp;&nbsp;&nbsp;__aeabi_memclr4
<LI><a href="#[127]">&gt;&gt;</a>&nbsp;&nbsp;&nbsp;net_sys_unlock
<LI><a href="#[122]">&gt;&gt;</a>&nbsp;&nbsp;&nbsp;net_sys_lock
</UL>
<BR>[Called By]<UL><LI><a href="#[51]">&gt;&gt;</a>&nbsp;&nbsp;&nbsp;main
</UL>

<P><STRONG><a name="[15d]"></a>netMAC_aton</STRONG> (Thumb, 112 bytes, Stack size 16 bytes, net_addr.o(i.netMAC_aton))
<BR><BR>[Stack]<UL><LI>Max Depth = 232<LI>Call Chain = netMAC_aton &rArr; __0sscanf &rArr; __vfscanf_char &rArr; __vfscanf &rArr; _scanf_int
</UL>
<BR>[Calls]<UL><LI><a href="#[100]">&gt;&gt;</a>&nbsp;&nbsp;&nbsp;__0sscanf
</UL>
<BR>[Called By]<UL><LI><a href="#[7c]">&gt;&gt;</a>&nbsp;&nbsp;&nbsp;net_eth_iface_init
</UL>

<P><STRONG><a name="[15e]"></a>net_addr4_aton</STRONG> (Thumb, 82 bytes, Stack size 24 bytes, net_addr.o(i.net_addr4_aton))
<BR><BR>[Stack]<UL><LI>Max Depth = 240<LI>Call Chain = net_addr4_aton &rArr; __0sscanf &rArr; __vfscanf_char &rArr; __vfscanf &rArr; _scanf_int
</UL>
<BR>[Calls]<UL><LI><a href="#[100]">&gt;&gt;</a>&nbsp;&nbsp;&nbsp;__0sscanf
</UL>
<BR>[Called By]<UL><LI><a href="#[7c]">&gt;&gt;</a>&nbsp;&nbsp;&nbsp;net_eth_iface_init
</UL>

<P><STRONG><a name="[133]"></a>net_addr4_is_subnet</STRONG> (Thumb, 26 bytes, Stack size 0 bytes, net_addr.o(i.net_addr4_is_subnet))
<BR><BR>[Called By]<UL><LI><a href="#[132]">&gt;&gt;</a>&nbsp;&nbsp;&nbsp;ip4_get_route
<LI><a href="#[166]">&gt;&gt;</a>&nbsp;&nbsp;&nbsp;net_arp_cache_find
<LI><a href="#[165]">&gt;&gt;</a>&nbsp;&nbsp;&nbsp;net_arp_cache_early
<LI><a href="#[162]">&gt;&gt;</a>&nbsp;&nbsp;&nbsp;net_arp_cache_add
</UL>

<P><STRONG><a name="[15f]"></a>net_addr6_aton</STRONG> (Thumb, 240 bytes, Stack size 32 bytes, net_addr.o(i.net_addr6_aton))
<BR><BR>[Stack]<UL><LI>Max Depth = 248<LI>Call Chain = net_addr6_aton &rArr; __0sscanf &rArr; __vfscanf_char &rArr; __vfscanf &rArr; _scanf_int
</UL>
<BR>[Calls]<UL><LI><a href="#[100]">&gt;&gt;</a>&nbsp;&nbsp;&nbsp;__0sscanf
</UL>
<BR>[Called By]<UL><LI><a href="#[7c]">&gt;&gt;</a>&nbsp;&nbsp;&nbsp;net_eth_iface_init
</UL>

<P><STRONG><a name="[135]"></a>net_addr6_comp</STRONG> (Thumb, 40 bytes, Stack size 0 bytes, net_addr.o(i.net_addr6_comp))
<BR><BR>[Called By]<UL><LI><a href="#[116]">&gt;&gt;</a>&nbsp;&nbsp;&nbsp;net_addr_comp
<LI><a href="#[19b]">&gt;&gt;</a>&nbsp;&nbsp;&nbsp;tcp_map_socket
<LI><a href="#[134]">&gt;&gt;</a>&nbsp;&nbsp;&nbsp;ip6_get_route
<LI><a href="#[181]">&gt;&gt;</a>&nbsp;&nbsp;&nbsp;net_ndp_process
<LI><a href="#[152]">&gt;&gt;</a>&nbsp;&nbsp;&nbsp;ndp_proc_response
<LI><a href="#[14a]">&gt;&gt;</a>&nbsp;&nbsp;&nbsp;ndp_cache_add
<LI><a href="#[174]">&gt;&gt;</a>&nbsp;&nbsp;&nbsp;net_ndp_cache_refresh
<LI><a href="#[17c]">&gt;&gt;</a>&nbsp;&nbsp;&nbsp;net_ndp_cache_find
<LI><a href="#[173]">&gt;&gt;</a>&nbsp;&nbsp;&nbsp;net_ip6_chk_frame
<LI><a href="#[175]">&gt;&gt;</a>&nbsp;&nbsp;&nbsp;net_icmp6_process
</UL>

<P><STRONG><a name="[108]"></a>net_addr6_copy</STRONG> (Thumb, 18 bytes, Stack size 0 bytes, net_addr.o(i.net_addr6_copy))
<BR><BR>[Called By]<UL><LI><a href="#[109]">&gt;&gt;</a>&nbsp;&nbsp;&nbsp;addr_transfer
<LI><a href="#[107]">&gt;&gt;</a>&nbsp;&nbsp;&nbsp;addr_from
<LI><a href="#[111]">&gt;&gt;</a>&nbsp;&nbsp;&nbsp;net_addr_copy
<LI><a href="#[19b]">&gt;&gt;</a>&nbsp;&nbsp;&nbsp;tcp_map_socket
<LI><a href="#[151]">&gt;&gt;</a>&nbsp;&nbsp;&nbsp;ndp_send_request
<LI><a href="#[155]">&gt;&gt;</a>&nbsp;&nbsp;&nbsp;ndp_send_reply
<LI><a href="#[154]">&gt;&gt;</a>&nbsp;&nbsp;&nbsp;ndp_router_remove
<LI><a href="#[14a]">&gt;&gt;</a>&nbsp;&nbsp;&nbsp;ndp_cache_add
[...]
</UL>
<BR>[Calls]<UL><LI><a href="#[161]">&gt;&gt;</a>&nbsp;&nbsp;&nbsp;net_ip4_get_local
<LI><a href="#[183]">&gt;&gt;</a>&nbsp;&nbsp;&nbsp;net_ip6_tx_offload
<LI><a href="#[180]">&gt;&gt;</a>&nbsp;&nbsp;&nbsp;net_ip6_send_frame
<LI><a href="#[17e]">&gt;&gt;</a>&nbsp;&nbsp;&nbsp;net_ip6_checksum
<LI><a href="#[187]">&gt;&gt;</a>&nbsp;&nbsp;&nbsp;net_ip4_tx_offload
<LI><a href="#[185]">&gt;&gt;</a>&nbsp;&nbsp;&nbsp;net_ip4_send_frame
<LI><a href="#[19c]">&gt;&gt;</a>&nbsp;&nbsp;&nbsp;net_ip4_checksum
</UL>
<BR>[Called By]<UL><LI><a href="#[1a0]">&gt;&gt;</a>&nbsp;&nbsp;&nbsp;tcp_send_reset
<LI><a href="#[1a4]">&gt;&gt;</a>&nbsp;&nbsp;&nbsp;tcp_send_data
<LI><a href="#[197]">&gt;&gt;</a>&nbsp;&nbsp;&nbsp;tcp_send_ctrl
</UL>

<P><STRONG><a name="[107]"></a>addr_from</STRONG> (Thumb, 72 bytes, Stack size 0 bytes, net_bsd.o(i.addr_from))
<BR><BR>[Calls]<UL><LI><a href="#[108]">&gt;&gt;</a>&nbsp;&nbsp;&nbsp;net_addr6_copy
</UL>
<BR>[Called By]<UL><LI><a href="#[1ac]">&gt;&gt;</a>&nbsp;&nbsp;&nbsp;recvfrom
</UL>

<P><STRONG><a name="[109]"></a>addr_transfer</STRONG> (Thumb, 46 bytes, Stack size 0 bytes, net_bsd.o(i.addr_transfer))
<BR><BR>[Calls]<UL><LI><a href="#[108]">&gt;&gt;</a>&nbsp;&nbsp;&nbsp;net_addr6_copy
</UL>
<BR>[Called By]<UL><LI><a href="#[9f]">&gt;&gt;</a>&nbsp;&nbsp;&nbsp;connect
<LI><a href="#[1d7]">&gt;&gt;</a>&nbsp;&nbsp;&nbsp;sendto
</UL>

<P><STRONG><a name="[4e]"></a>bsd_cb_tcp</STRONG> (Thumb, 230 bytes, Stack size 32 bytes, net_bsd.o(i.bsd_cb_tcp))
<BR><BR>[Stack]<UL><LI>Max Depth = 96<LI>Call Chain = bsd_cb_tcp &rArr; bsd_enable &rArr; net_bsd_resume &rArr; netos_flag_set &rArr; osSignalSet &rArr; isrSignalSet &rArr; isr_evt_set &rArr; rt_psq_enq
</UL>
<BR>[Calls]<UL><LI><a href="#[112]">&gt;&gt;</a>&nbsp;&nbsp;&nbsp;que_clear_chain
<LI><a href="#[115]">&gt;&gt;</a>&nbsp;&nbsp;&nbsp;que_add_buf
<LI><a href="#[110]">&gt;&gt;</a>&nbsp;&nbsp;&nbsp;bsd_map_socket
<LI><a href="#[113]">&gt;&gt;</a>&nbsp;&nbsp;&nbsp;bsd_enable
<LI><a href="#[111]">&gt;&gt;</a>&nbsp;&nbsp;&nbsp;net_addr_copy
<LI><a href="#[c6]">&gt;&gt;</a>&nbsp;&nbsp;&nbsp;__aeabi_memclr4
<LI><a href="#[114]">&gt;&gt;</a>&nbsp;&nbsp;&nbsp;__aeabi_memcpy
<LI><a href="#[10d]">&gt;&gt;</a>&nbsp;&nbsp;&nbsp;net_mem_alloc
</UL>
<BR>[Address Reference Count : 1]<UL><LI> net_bsd.o(i.socket)
</UL>
<P><STRONG><a name="[4d]"></a>bsd_cb_udp</STRONG> (Thumb, 120 bytes, Stack size 32 bytes, net_bsd.o(i.bsd_cb_udp))
<BR><BR>[Stack]<UL><LI>Max Depth = 96<LI>Call Chain = bsd_cb_udp &rArr; bsd_enable &rArr; net_bsd_resume &rArr; netos_flag_set &rArr; osSignalSet &rArr; isrSignalSet &rArr; isr_evt_set &rArr; rt_psq_enq
</UL>
<BR>[Calls]<UL><LI><a href="#[116]">&gt;&gt;</a>&nbsp;&nbsp;&nbsp;net_addr_comp
<LI><a href="#[115]">&gt;&gt;</a>&nbsp;&nbsp;&nbsp;que_add_buf
<LI><a href="#[110]">&gt;&gt;</a>&nbsp;&nbsp;&nbsp;bsd_map_socket
<LI><a href="#[113]">&gt;&gt;</a>&nbsp;&nbsp;&nbsp;bsd_enable
<LI><a href="#[111]">&gt;&gt;</a>&nbsp;&nbsp;&nbsp;net_addr_copy
<LI><a href="#[114]">&gt;&gt;</a>&nbsp;&nbsp;&nbsp;__aeabi_memcpy
<LI><a href="#[10d]">&gt;&gt;</a>&nbsp;&nbsp;&nbsp;net_mem_alloc
</UL>
<BR>[Address Reference Count : 1]<UL><LI> net_bsd.o(i.socket)
</UL>
<P><STRONG><a name="[113]"></a>bsd_enable</STRONG> (Thumb, 58 bytes, Stack size 16 bytes, net_bsd.o(i.bsd_enable))
<BR><BR>[Stack]<UL><LI>Max Depth = 64<LI>Call Chain = bsd_enable &rArr; net_bsd_resume &rArr; netos_flag_set &rArr; osSignalSet &rArr; isrSignalSet &rArr; isr_evt_set &rArr; rt_psq_enq
</UL>
<BR>[Calls]<UL><LI><a href="#[118]">&gt;&gt;</a>&nbsp;&nbsp;&nbsp;net_bsd_notify
<LI><a href="#[117]">&gt;&gt;</a>&nbsp;&nbsp;&nbsp;net_bsd_resume
</UL>
<BR>[Called By]<UL><LI><a href="#[86]">&gt;&gt;</a>&nbsp;&nbsp;&nbsp;net_bsd_socket_run
<LI><a href="#[119]">&gt;&gt;</a>&nbsp;&nbsp;&nbsp;bsd_kill_socket
<LI><a href="#[4d]">&gt;&gt;</a>&nbsp;&nbsp;&nbsp;bsd_cb_udp
<LI><a href="#[4e]">&gt;&gt;</a>&nbsp;&nbsp;&nbsp;bsd_cb_tcp
</UL>

<P><STRONG><a name="[119]"></a>bsd_kill_socket</STRONG> (Thumb, 88 bytes, Stack size 8 bytes, net_bsd.o(i.bsd_kill_socket))
<BR><BR>[Stack]<UL><LI>Max Depth = 200<LI>Call Chain = bsd_kill_socket &rArr; net_tcp_abort &rArr; tcp_send_ctrl &rArr; tcp_write &rArr; net_ip6_send_frame &rArr; net_eth_send_frame &rArr; net_arp_cache_find &rArr; arp_send_request &rArr; net_eth_output &rArr; eth_unlock &rArr; netif_unlock &rArr; osSemaphoreRelease &rArr; isrSemaphoreRelease &rArr; isr_sem_send &rArr; rt_psq_enq
</UL>
<BR>[Calls]<UL><LI><a href="#[112]">&gt;&gt;</a>&nbsp;&nbsp;&nbsp;que_clear_chain
<LI><a href="#[113]">&gt;&gt;</a>&nbsp;&nbsp;&nbsp;bsd_enable
<LI><a href="#[11b]">&gt;&gt;</a>&nbsp;&nbsp;&nbsp;net_tcp_release_socket
<LI><a href="#[11a]">&gt;&gt;</a>&nbsp;&nbsp;&nbsp;net_tcp_abort
<LI><a href="#[c6]">&gt;&gt;</a>&nbsp;&nbsp;&nbsp;__aeabi_memclr4
<LI><a href="#[11d]">&gt;&gt;</a>&nbsp;&nbsp;&nbsp;net_udp_release_socket
<LI><a href="#[11c]">&gt;&gt;</a>&nbsp;&nbsp;&nbsp;net_udp_close
</UL>
<BR>[Called By]<UL><LI><a href="#[a3]">&gt;&gt;</a>&nbsp;&nbsp;&nbsp;closesocket
</UL>

<P><STRONG><a name="[110]"></a>bsd_map_socket</STRONG> (Thumb, 38 bytes, Stack size 12 bytes, net_bsd.o(i.bsd_map_socket))
<BR><BR>[Stack]<UL><LI>Max Depth = 12<LI>Call Chain = bsd_map_socket
</UL>
<BR>[Called By]<UL><LI><a href="#[4d]">&gt;&gt;</a>&nbsp;&nbsp;&nbsp;bsd_cb_udp
<LI><a href="#[4e]">&gt;&gt;</a>&nbsp;&nbsp;&nbsp;bsd_cb_tcp
</UL>

<P><STRONG><a name="[11e]"></a>bsd_open_udp</STRONG> (Thumb, 22 bytes, Stack size 0 bytes, net_bsd.o(i.bsd_open_udp))
<BR><BR>[Stack]<UL><LI>Max Depth = 24<LI>Call Chain = bsd_open_udp &rArr; net_udp_open &rArr; udp_port_in_use
</UL>
<BR>[Calls]<UL><LI><a href="#[11f]">&gt;&gt;</a>&nbsp;&nbsp;&nbsp;net_udp_open
</UL>
<BR>[Called By]<UL><LI><a href="#[9f]">&gt;&gt;</a>&nbsp;&nbsp;&nbsp;connect
<LI><a href="#[1d7]">&gt;&gt;</a>&nbsp;&nbsp;&nbsp;sendto
</UL>

<P><STRONG><a name="[120]"></a>bsd_wait</STRONG> (Thumb, 48 bytes, Stack size 8 bytes, net_bsd.o(i.bsd_wait))
<BR><BR>[Stack]<UL><LI>Max Depth = 24<LI>Call Chain = bsd_wait &rArr; net_bsd_suspend
</UL>
<BR>[Calls]<UL><LI><a href="#[121]">&gt;&gt;</a>&nbsp;&nbsp;&nbsp;net_bsd_suspend
</UL>
<BR>[Called By]<UL><LI><a href="#[9f]">&gt;&gt;</a>&nbsp;&nbsp;&nbsp;connect
<LI><a href="#[a3]">&gt;&gt;</a>&nbsp;&nbsp;&nbsp;closesocket
<LI><a href="#[1d7]">&gt;&gt;</a>&nbsp;&nbsp;&nbsp;sendto
<LI><a href="#[1ac]">&gt;&gt;</a>&nbsp;&nbsp;&nbsp;recvfrom
</UL>

<P><STRONG><a name="[129]"></a>is_addr_unspec</STRONG> (Thumb, 30 bytes, Stack size 0 bytes, net_bsd.o(i.is_addr_unspec))
<BR><BR>[Calls]<UL><LI><a href="#[136]">&gt;&gt;</a>&nbsp;&nbsp;&nbsp;net_addr6_is_unspec
</UL>
<BR>[Called By]<UL><LI><a href="#[9f]">&gt;&gt;</a>&nbsp;&nbsp;&nbsp;connect
<LI><a href="#[1d7]">&gt;&gt;</a>&nbsp;&nbsp;&nbsp;sendto
</UL>

<P><STRONG><a name="[128]"></a>is_addr_valid</STRONG> (Thumb, 36 bytes, Stack size 0 bytes, net_bsd.o(i.is_addr_valid))
<BR><BR>[Called By]<UL><LI><a href="#[9f]">&gt;&gt;</a>&nbsp;&nbsp;&nbsp;connect
<LI><a href="#[1d7]">&gt;&gt;</a>&nbsp;&nbsp;&nbsp;sendto
</UL>

<P><STRONG><a name="[125]"></a>list_get_first</STRONG> (Thumb, 40 bytes, Stack size 0 bytes, net_bsd.o(i.list_get_first))
<BR><BR>[Called By]<UL><LI><a href="#[a3]">&gt;&gt;</a>&nbsp;&nbsp;&nbsp;closesocket
</UL>

<P><STRONG><a name="[115]"></a>que_add_buf</STRONG> (Thumb, 24 bytes, Stack size 0 bytes, net_bsd.o(i.que_add_buf))
<BR><BR>[Called By]<UL><LI><a href="#[4d]">&gt;&gt;</a>&nbsp;&nbsp;&nbsp;bsd_cb_udp
<LI><a href="#[4e]">&gt;&gt;</a>&nbsp;&nbsp;&nbsp;bsd_cb_tcp
</UL>

<P><STRONG><a name="[112]"></a>que_clear_chain</STRONG> (Thumb, 26 bytes, Stack size 8 bytes, net_bsd.o(i.que_clear_chain))
<BR><BR>[Stack]<UL><LI>Max Depth = 24<LI>Call Chain = que_clear_chain &rArr; net_mem_free
</UL>
<BR>[Calls]<UL><LI><a href="#[10f]">&gt;&gt;</a>&nbsp;&nbsp;&nbsp;net_mem_free
</UL>
<BR>[Called By]<UL><LI><a href="#[119]">&gt;&gt;</a>&nbsp;&nbsp;&nbsp;bsd_kill_socket
<LI><a href="#[4e]">&gt;&gt;</a>&nbsp;&nbsp;&nbsp;bsd_cb_tcp
</UL>

<P><STRONG><a name="[36]"></a>nbns_listener</STRONG> (Thumb, 336 bytes, Stack size 40 bytes, net_nbns_client.o(i.nbns_listener))
<BR><BR>[Stack]<UL><LI>Max Depth = 216<LI>Call Chain = nbns_listener &rArr; net_udp_send &rArr; net_ip6_send_frame &rArr; net_eth_send_frame &rArr; net_arp_cache_find &rArr; arp_send_request &rArr; net_eth_output &rArr; eth_unlock &rArr; netif_unlock &rArr; osSemaphoreRelease &rArr; isrSemaphoreRelease &rArr; isr_sem_send &rArr; rt_psq_enq
</UL>
<BR>[Calls]<UL><LI><a href="#[146]">&gt;&gt;</a>&nbsp;&nbsp;&nbsp;net_strtoupper
<LI><a href="#[147]">&gt;&gt;</a>&nbsp;&nbsp;&nbsp;memcmp
<LI><a href="#[114]">&gt;&gt;</a>&nbsp;&nbsp;&nbsp;__aeabi_memcpy
<LI><a href="#[149]">&gt;&gt;</a>&nbsp;&nbsp;&nbsp;net_udp_send
<LI><a href="#[148]">&gt;&gt;</a>&nbsp;&nbsp;&nbsp;net_udp_get_buf
<LI><a href="#[10f]">&gt;&gt;</a>&nbsp;&nbsp;&nbsp;net_mem_free
<LI><a href="#[10d]">&gt;&gt;</a>&nbsp;&nbsp;&nbsp;net_mem_alloc
</UL>
<BR>[Address Reference Count : 1]<UL><LI> net_nbns_client.o(i.net_nbns_client_init)
</UL>
<P><STRONG><a name="[195]"></a>ping_send_req</STRONG> (Thumb, 22 bytes, Stack size 0 bytes, net_ping.o(i.ping_send_req))
<BR><BR>[Stack]<UL><LI>Max Depth = 184<LI>Call Chain = ping_send_req &rArr; net_icmp6_send_echo &rArr; net_icmp6_send &rArr; net_ip6_send_frame &rArr; net_eth_send_frame &rArr; net_arp_cache_find &rArr; arp_send_request &rArr; net_eth_output &rArr; eth_unlock &rArr; netif_unlock &rArr; osSemaphoreRelease &rArr; isrSemaphoreRelease &rArr; isr_sem_send &rArr; rt_psq_enq
</UL>
<BR>[Calls]<UL><LI><a href="#[186]">&gt;&gt;</a>&nbsp;&nbsp;&nbsp;net_icmp_send_echo
<LI><a href="#[184]">&gt;&gt;</a>&nbsp;&nbsp;&nbsp;net_icmp6_send_echo
</UL>
<BR>[Called By]<UL><LI><a href="#[81]">&gt;&gt;</a>&nbsp;&nbsp;&nbsp;net_ping_client_run
</UL>

<P><STRONG><a name="[15a]"></a>sys_proc_tick</STRONG> (Thumb, 72 bytes, Stack size 0 bytes, net_sys.o(i.sys_proc_tick))
<BR><BR>[Calls]<UL><LI><a href="#[159]">&gt;&gt;</a>&nbsp;&nbsp;&nbsp;net_rand32
</UL>
<BR>[Called By]<UL><LI><a href="#[7a]">&gt;&gt;</a>&nbsp;&nbsp;&nbsp;netCore_Thread
</UL>

<P><STRONG><a name="[1bc]"></a>rt_init_context</STRONG> (Thumb, 66 bytes, Stack size 16 bytes, rt_task.o(i.rt_init_context))
<BR><BR>[Stack]<UL><LI>Max Depth = 32<LI>Call Chain = rt_init_context &rArr; rt_init_stack
</UL>
<BR>[Calls]<UL><LI><a href="#[1bd]">&gt;&gt;</a>&nbsp;&nbsp;&nbsp;rt_init_stack
<LI><a href="#[2d]">&gt;&gt;</a>&nbsp;&nbsp;&nbsp;rt_alloc_box
</UL>
<BR>[Called By]<UL><LI><a href="#[1d0]">&gt;&gt;</a>&nbsp;&nbsp;&nbsp;rt_tsk_create
<LI><a href="#[1c9]">&gt;&gt;</a>&nbsp;&nbsp;&nbsp;rt_sys_init
</UL>

<P><STRONG><a name="[14a]"></a>ndp_cache_add</STRONG> (Thumb, 142 bytes, Stack size 32 bytes, net_ndp.o(i.ndp_cache_add))
<BR><BR>[Stack]<UL><LI>Max Depth = 52<LI>Call Chain = ndp_cache_add &rArr; ndp_cache_alloc
</UL>
<BR>[Calls]<UL><LI><a href="#[135]">&gt;&gt;</a>&nbsp;&nbsp;&nbsp;net_addr6_comp
<LI><a href="#[14b]">&gt;&gt;</a>&nbsp;&nbsp;&nbsp;ndp_cache_alloc
<LI><a href="#[108]">&gt;&gt;</a>&nbsp;&nbsp;&nbsp;net_addr6_copy
</UL>
<BR>[Called By]<UL><LI><a href="#[181]">&gt;&gt;</a>&nbsp;&nbsp;&nbsp;net_ndp_process
</UL>

<P><STRONG><a name="[14b]"></a>ndp_cache_alloc</STRONG> (Thumb, 126 bytes, Stack size 20 bytes, net_ndp.o(i.ndp_cache_alloc))
<BR><BR>[Stack]<UL><LI>Max Depth = 20<LI>Call Chain = ndp_cache_alloc
</UL>
<BR>[Called By]<UL><LI><a href="#[14a]">&gt;&gt;</a>&nbsp;&nbsp;&nbsp;ndp_cache_add
<LI><a href="#[17c]">&gt;&gt;</a>&nbsp;&nbsp;&nbsp;net_ndp_cache_find
</UL>

<P><STRONG><a name="[194]"></a>ndp_check_frame</STRONG> (Thumb, 44 bytes, Stack size 0 bytes, net_ndp.o(i.ndp_check_frame))
<BR><BR>[Called By]<UL><LI><a href="#[181]">&gt;&gt;</a>&nbsp;&nbsp;&nbsp;net_ndp_process
</UL>

<P><STRONG><a name="[14c]"></a>ndp_is_onlink</STRONG> (Thumb, 84 bytes, Stack size 24 bytes, net_ndp.o(i.ndp_is_onlink))
<BR><BR>[Stack]<UL><LI>Max Depth = 36<LI>Call Chain = ndp_is_onlink &rArr; memcmp
</UL>
<BR>[Calls]<UL><LI><a href="#[147]">&gt;&gt;</a>&nbsp;&nbsp;&nbsp;memcmp
<LI><a href="#[14d]">&gt;&gt;</a>&nbsp;&nbsp;&nbsp;net_addr6_is_onlink
</UL>
<BR>[Called By]<UL><LI><a href="#[17c]">&gt;&gt;</a>&nbsp;&nbsp;&nbsp;net_ndp_cache_find
</UL>

<P><STRONG><a name="[153]"></a>ndp_next_opt</STRONG> (Thumb, 18 bytes, Stack size 0 bytes, net_ndp.o(i.ndp_next_opt))
<BR><BR>[Called By]<UL><LI><a href="#[181]">&gt;&gt;</a>&nbsp;&nbsp;&nbsp;net_ndp_process
<LI><a href="#[152]">&gt;&gt;</a>&nbsp;&nbsp;&nbsp;ndp_proc_response
</UL>

<P><STRONG><a name="[14e]"></a>ndp_prefix_add</STRONG> (Thumb, 172 bytes, Stack size 24 bytes, net_ndp.o(i.ndp_prefix_add))
<BR><BR>[Stack]<UL><LI>Max Depth = 36<LI>Call Chain = ndp_prefix_add &rArr; memcmp
</UL>
<BR>[Calls]<UL><LI><a href="#[147]">&gt;&gt;</a>&nbsp;&nbsp;&nbsp;memcmp
<LI><a href="#[14f]">&gt;&gt;</a>&nbsp;&nbsp;&nbsp;net_addr6_create
</UL>
<BR>[Called By]<UL><LI><a href="#[181]">&gt;&gt;</a>&nbsp;&nbsp;&nbsp;net_ndp_process
</UL>

<P><STRONG><a name="[150]"></a>ndp_probe_run</STRONG> (Thumb, 58 bytes, Stack size 8 bytes, net_ndp.o(i.ndp_probe_run))
<BR><BR>[Stack]<UL><LI>Max Depth = 192<LI>Call Chain = ndp_probe_run &rArr; ndp_send_request &rArr; net_icmp6_send &rArr; net_ip6_send_frame &rArr; net_eth_send_frame &rArr; net_arp_cache_find &rArr; arp_send_request &rArr; net_eth_output &rArr; eth_unlock &rArr; netif_unlock &rArr; osSemaphoreRelease &rArr; isrSemaphoreRelease &rArr; isr_sem_send &rArr; rt_psq_enq
</UL>
<BR>[Calls]<UL><LI><a href="#[151]">&gt;&gt;</a>&nbsp;&nbsp;&nbsp;ndp_send_request
</UL>
<BR>[Called By]<UL><LI><a href="#[16e]">&gt;&gt;</a>&nbsp;&nbsp;&nbsp;net_ndp_run
</UL>

<P><STRONG><a name="[152]"></a>ndp_proc_response</STRONG> (Thumb, 118 bytes, Stack size 32 bytes, net_ndp.o(i.ndp_proc_response))
<BR><BR>[Stack]<UL><LI>Max Depth = 32<LI>Call Chain = ndp_proc_response
</UL>
<BR>[Calls]<UL><LI><a href="#[135]">&gt;&gt;</a>&nbsp;&nbsp;&nbsp;net_addr6_comp
<LI><a href="#[153]">&gt;&gt;</a>&nbsp;&nbsp;&nbsp;ndp_next_opt
</UL>
<BR>[Called By]<UL><LI><a href="#[181]">&gt;&gt;</a>&nbsp;&nbsp;&nbsp;net_ndp_process
</UL>

<P><STRONG><a name="[154]"></a>ndp_router_remove</STRONG> (Thumb, 48 bytes, Stack size 8 bytes, net_ndp.o(i.ndp_router_remove))
<BR><BR>[Stack]<UL><LI>Max Depth = 8<LI>Call Chain = ndp_router_remove
</UL>
<BR>[Calls]<UL><LI><a href="#[108]">&gt;&gt;</a>&nbsp;&nbsp;&nbsp;net_addr6_copy
</UL>
<BR>[Called By]<UL><LI><a href="#[181]">&gt;&gt;</a>&nbsp;&nbsp;&nbsp;net_ndp_process
<LI><a href="#[16e]">&gt;&gt;</a>&nbsp;&nbsp;&nbsp;net_ndp_run
</UL>

<P><STRONG><a name="[155]"></a>ndp_send_reply</STRONG> (Thumb, 100 bytes, Stack size 16 bytes, net_ndp.o(i.ndp_send_reply))
<BR><BR>[Stack]<UL><LI>Max Depth = 184<LI>Call Chain = ndp_send_reply &rArr; net_icmp6_send &rArr; net_ip6_send_frame &rArr; net_eth_send_frame &rArr; net_arp_cache_find &rArr; arp_send_request &rArr; net_eth_output &rArr; eth_unlock &rArr; netif_unlock &rArr; osSemaphoreRelease &rArr; isrSemaphoreRelease &rArr; isr_sem_send &rArr; rt_psq_enq
</UL>
<BR>[Calls]<UL><LI><a href="#[156]">&gt;&gt;</a>&nbsp;&nbsp;&nbsp;net_icmp6_send
<LI><a href="#[10f]">&gt;&gt;</a>&nbsp;&nbsp;&nbsp;net_mem_free
<LI><a href="#[10d]">&gt;&gt;</a>&nbsp;&nbsp;&nbsp;net_mem_alloc
<LI><a href="#[108]">&gt;&gt;</a>&nbsp;&nbsp;&nbsp;net_addr6_copy
</UL>
<BR>[Called By]<UL><LI><a href="#[181]">&gt;&gt;</a>&nbsp;&nbsp;&nbsp;net_ndp_process
</UL>

<P><STRONG><a name="[151]"></a>ndp_send_request</STRONG> (Thumb, 122 bytes, Stack size 16 bytes, net_ndp.o(i.ndp_send_request))
<BR><BR>[Stack]<UL><LI>Max Depth = 184<LI>Call Chain = ndp_send_request &rArr; net_icmp6_send &rArr; net_ip6_send_frame &rArr; net_eth_send_frame &rArr; net_arp_cache_find &rArr; arp_send_request &rArr; net_eth_output &rArr; eth_unlock &rArr; netif_unlock &rArr; osSemaphoreRelease &rArr; isrSemaphoreRelease &rArr; isr_sem_send &rArr; rt_psq_enq
</UL>
<BR>[Calls]<UL><LI><a href="#[157]">&gt;&gt;</a>&nbsp;&nbsp;&nbsp;net_ip6_get_local
<LI><a href="#[156]">&gt;&gt;</a>&nbsp;&nbsp;&nbsp;net_icmp6_send
<LI><a href="#[10f]">&gt;&gt;</a>&nbsp;&nbsp;&nbsp;net_mem_free
<LI><a href="#[10d]">&gt;&gt;</a>&nbsp;&nbsp;&nbsp;net_mem_alloc
<LI><a href="#[108]">&gt;&gt;</a>&nbsp;&nbsp;&nbsp;net_addr6_copy
</UL>
<BR>[Called By]<UL><LI><a href="#[158]">&gt;&gt;</a>&nbsp;&nbsp;&nbsp;ndp_slaac_run
<LI><a href="#[150]">&gt;&gt;</a>&nbsp;&nbsp;&nbsp;ndp_probe_run
<LI><a href="#[16e]">&gt;&gt;</a>&nbsp;&nbsp;&nbsp;net_ndp_run
</UL>

<P><STRONG><a name="[158]"></a>ndp_slaac_run</STRONG> (Thumb, 226 bytes, Stack size 24 bytes, net_ndp.o(i.ndp_slaac_run))
<BR><BR>[Stack]<UL><LI>Max Depth = 208<LI>Call Chain = ndp_slaac_run &rArr; ndp_send_request &rArr; net_icmp6_send &rArr; net_ip6_send_frame &rArr; net_eth_send_frame &rArr; net_arp_cache_find &rArr; arp_send_request &rArr; net_eth_output &rArr; eth_unlock &rArr; netif_unlock &rArr; osSemaphoreRelease &rArr; isrSemaphoreRelease &rArr; isr_sem_send &rArr; rt_psq_enq
</UL>
<BR>[Calls]<UL><LI><a href="#[159]">&gt;&gt;</a>&nbsp;&nbsp;&nbsp;net_rand32
<LI><a href="#[14f]">&gt;&gt;</a>&nbsp;&nbsp;&nbsp;net_addr6_create
<LI><a href="#[151]">&gt;&gt;</a>&nbsp;&nbsp;&nbsp;ndp_send_request
</UL>
<BR>[Called By]<UL><LI><a href="#[16e]">&gt;&gt;</a>&nbsp;&nbsp;&nbsp;net_ndp_run
</UL>

<P><STRONG><a name="[130]"></a>ip4_get_chksum</STRONG> (Thumb, 10 bytes, Stack size 0 bytes, net_ip4.o(i.ip4_get_chksum))
<BR><BR>[Stack]<UL><LI>Max Depth = 12<LI>Call Chain = ip4_get_chksum &rArr; net_ip4_chksum_buf
</UL>
<BR>[Calls]<UL><LI><a href="#[131]">&gt;&gt;</a>&nbsp;&nbsp;&nbsp;net_ip4_chksum_buf
</UL>
<BR>[Called By]<UL><LI><a href="#[185]">&gt;&gt;</a>&nbsp;&nbsp;&nbsp;net_ip4_send_frame
<LI><a href="#[170]">&gt;&gt;</a>&nbsp;&nbsp;&nbsp;net_ip4_chk_frame
</UL>

<P><STRONG><a name="[132]"></a>ip4_get_route</STRONG> (Thumb, 112 bytes, Stack size 16 bytes, net_ip4.o(i.ip4_get_route))
<BR><BR>[Stack]<UL><LI>Max Depth = 16<LI>Call Chain = ip4_get_route
</UL>
<BR>[Calls]<UL><LI><a href="#[133]">&gt;&gt;</a>&nbsp;&nbsp;&nbsp;net_addr4_is_subnet
</UL>
<BR>[Called By]<UL><LI><a href="#[161]">&gt;&gt;</a>&nbsp;&nbsp;&nbsp;net_ip4_get_local
<LI><a href="#[187]">&gt;&gt;</a>&nbsp;&nbsp;&nbsp;net_ip4_tx_offload
</UL>

<P><STRONG><a name="[134]"></a>ip6_get_route</STRONG> (Thumb, 44 bytes, Stack size 8 bytes, net_ip6.o(i.ip6_get_route))
<BR><BR>[Stack]<UL><LI>Max Depth = 8<LI>Call Chain = ip6_get_route
</UL>
<BR>[Calls]<UL><LI><a href="#[135]">&gt;&gt;</a>&nbsp;&nbsp;&nbsp;net_addr6_comp
</UL>
<BR>[Called By]<UL><LI><a href="#[157]">&gt;&gt;</a>&nbsp;&nbsp;&nbsp;net_ip6_get_local
<LI><a href="#[183]">&gt;&gt;</a>&nbsp;&nbsp;&nbsp;net_ip6_tx_offload
</UL>

<P><STRONG><a name="[144]"></a>mem_lock</STRONG> (Thumb, 8 bytes, Stack size 0 bytes, net_mem.o(i.mem_lock))
<BR><BR>[Calls]<UL><LI><a href="#[e9]">&gt;&gt;</a>&nbsp;&nbsp;&nbsp;netos_lock
</UL>
<BR>[Called By]<UL><LI><a href="#[190]">&gt;&gt;</a>&nbsp;&nbsp;&nbsp;net_mem_shrink
<LI><a href="#[10f]">&gt;&gt;</a>&nbsp;&nbsp;&nbsp;net_mem_free
<LI><a href="#[10d]">&gt;&gt;</a>&nbsp;&nbsp;&nbsp;net_mem_alloc
</UL>

<P><STRONG><a name="[145]"></a>mem_unlock</STRONG> (Thumb, 8 bytes, Stack size 0 bytes, net_mem.o(i.mem_unlock))
<BR><BR>[Calls]<UL><LI><a href="#[eb]">&gt;&gt;</a>&nbsp;&nbsp;&nbsp;netos_unlock
</UL>
<BR>[Called By]<UL><LI><a href="#[190]">&gt;&gt;</a>&nbsp;&nbsp;&nbsp;net_mem_shrink
<LI><a href="#[10f]">&gt;&gt;</a>&nbsp;&nbsp;&nbsp;net_mem_free
<LI><a href="#[10d]">&gt;&gt;</a>&nbsp;&nbsp;&nbsp;net_mem_alloc
</UL>

<P><STRONG><a name="[191]"></a>get_crc32</STRONG> (Thumb, 24 bytes, Stack size 0 bytes, net_common.o(i.get_crc32))
<BR><BR>[Called By]<UL><LI><a href="#[16d]">&gt;&gt;</a>&nbsp;&nbsp;&nbsp;net_memcrc
</UL>

<P><STRONG><a name="[33]"></a>_scanf_char_input</STRONG> (Thumb, 12 bytes, Stack size 0 bytes, scanf_char.o(.text))
<BR>[Address Reference Count : 1]<UL><LI> scanf_char.o(.text)
</UL><P>
<H3>
Undefined Global Symbols
</H3><HR></body></html>
