<!doctype html public "-//w3c//dtd html 4.0 transitional//en">
<html><head>
<title>Static Call Graph - [.\Flash\Exercise_11_WiredEthernet.axf]</title></head>
<body><HR>
<H1>Static Call Graph for image .\Flash\Exercise_11_WiredEthernet.axf</H1><HR>
<BR><P>#&#060CALLGRAPH&#062# ARM Linker, 5060422: Last Updated: Wed May 24 13:55:38 2017
<BR><P>
<H3>Maximum Stack Usage =        384 bytes + Unknown(Functions without stacksize, Cycles, Untraceable Function Pointers)</H3><H3>
Call chain for Maximum Stack Depth:</H3>
main &rArr; WSTRTOS_Init() &rArr; WST_RXF_Main(short, char**) &rArr; TestBuilder::TestBuilder(WST_TSK*) &rArr; EthernetTransmitter::EthernetTransmitter(WST_TSK*) &rArr; EthernetController::EthernetController() &rArr; netIP_aton &rArr; net_addr6_aton &rArr; __0sscanf &rArr; __vfscanf_char &rArr; __vfscanf &rArr; _scanf_int
<P>
<H3>
Functions with no stack information
</H3><UL>
 <LI><a href="#[281]">__user_initial_stackheap</a>
</UL>
</UL>
<P>
<H3>
Mutually Recursive functions
</H3> <LI><a href="#[1c9]">WST_OSW_MEM_malloc(unsigned)</a>&nbsp;&nbsp;&nbsp;&rArr;&nbsp;&nbsp;&nbsp;<a href="#[137]">WST_MEM::getMemory(unsigned)</a><BR>
 <LI><a href="#[3f]">rt_alloc_box</a>&nbsp;&nbsp;&nbsp;&rArr;&nbsp;&nbsp;&nbsp;<a href="#[3f]">rt_alloc_box</a><BR>
 <LI><a href="#[25c]">net_sys_error</a>&nbsp;&nbsp;&nbsp;&rArr;&nbsp;&nbsp;&nbsp;<a href="#[25c]">net_sys_error</a><BR>
 <LI><a href="#[13]">NMI_Handler</a>&nbsp;&nbsp;&nbsp;&rArr;&nbsp;&nbsp;&nbsp;<a href="#[13]">NMI_Handler</a><BR>
 <LI><a href="#[14]">HardFault_Handler</a>&nbsp;&nbsp;&nbsp;&rArr;&nbsp;&nbsp;&nbsp;<a href="#[14]">HardFault_Handler</a><BR>
 <LI><a href="#[15]">MemManage_Handler</a>&nbsp;&nbsp;&nbsp;&rArr;&nbsp;&nbsp;&nbsp;<a href="#[15]">MemManage_Handler</a><BR>
 <LI><a href="#[16]">BusFault_Handler</a>&nbsp;&nbsp;&nbsp;&rArr;&nbsp;&nbsp;&nbsp;<a href="#[16]">BusFault_Handler</a><BR>
 <LI><a href="#[17]">UsageFault_Handler</a>&nbsp;&nbsp;&nbsp;&rArr;&nbsp;&nbsp;&nbsp;<a href="#[17]">UsageFault_Handler</a><BR>
 <LI><a href="#[19]">DebugMon_Handler</a>&nbsp;&nbsp;&nbsp;&rArr;&nbsp;&nbsp;&nbsp;<a href="#[19]">DebugMon_Handler</a><BR>
 <LI><a href="#[32]">ADC_IRQHandler</a>&nbsp;&nbsp;&nbsp;&rArr;&nbsp;&nbsp;&nbsp;<a href="#[32]">ADC_IRQHandler</a><BR>
 <LI><a href="#[2f3]">net_strtoupper</a>&nbsp;&nbsp;&nbsp;&rArr;&nbsp;&nbsp;&nbsp;<a href="#[2f3]">net_strtoupper</a><BR>
</UL>
<P>
<H3>
Function Pointers
</H3><UL>
 <LI><a href="#[41]">&lang;Func1&rang;</a> from ledbar.o(.text) referenced from ledbar.o(.text)
 <LI><a href="#[45]">&lang;Func3&rang;</a> from wst_tmr.o(.text) referenced from wst_tmr.o(.text)
 <LI><a href="#[32]">ADC_IRQHandler</a> from startup_lpc17xx.o(.text) referenced from startup_lpc17xx.o(RESET)
 <LI><a href="#[33]">BOD_IRQHandler</a> from startup_lpc17xx.o(.text) referenced from startup_lpc17xx.o(RESET)
 <LI><a href="#[16]">BusFault_Handler</a> from startup_lpc17xx.o(.text) referenced from startup_lpc17xx.o(RESET)
 <LI><a href="#[3e]">CANActivity_IRQHandler</a> from startup_lpc17xx.o(.text) referenced from startup_lpc17xx.o(RESET)
 <LI><a href="#[35]">CAN_IRQHandler</a> from startup_lpc17xx.o(.text) referenced from startup_lpc17xx.o(RESET)
 <LI><a href="#[86]">Control</a> from emac_lpc17xx.o(.text) referenced from emac_lpc17xx.o(.constdata)
 <LI><a href="#[85]">ControlTimer</a> from emac_lpc17xx.o(.text) referenced from emac_lpc17xx.o(.constdata)
 <LI><a href="#[36]">DMA_IRQHandler</a> from gpdma_lpc17xx.o(.text) referenced from startup_lpc17xx.o(RESET)
 <LI><a href="#[19]">DebugMon_Handler</a> from startup_lpc17xx.o(.text) referenced from startup_lpc17xx.o(RESET)
 <LI><a href="#[2e]">EINT0_IRQHandler</a> from startup_lpc17xx.o(.text) referenced from startup_lpc17xx.o(RESET)
 <LI><a href="#[2f]">EINT1_IRQHandler</a> from startup_lpc17xx.o(.text) referenced from startup_lpc17xx.o(RESET)
 <LI><a href="#[30]">EINT2_IRQHandler</a> from startup_lpc17xx.o(.text) referenced from startup_lpc17xx.o(RESET)
 <LI><a href="#[31]">EINT3_IRQHandler</a> from startup_lpc17xx.o(.text) referenced from startup_lpc17xx.o(RESET)
 <LI><a href="#[38]">ENET_IRQHandler</a> from emac_lpc17xx.o(.text) referenced from startup_lpc17xx.o(RESET)
 <LI><a href="#[79]">GetCapabilities</a> from emac_lpc17xx.o(.text) referenced from emac_lpc17xx.o(.constdata)
 <LI><a href="#[9d]">GetLinkInfo</a> from phy_dp83848c.o(.text) referenced from phy_dp83848c.o(.constdata)
 <LI><a href="#[9c]">GetLinkState</a> from phy_dp83848c.o(.text) referenced from phy_dp83848c.o(.constdata)
 <LI><a href="#[7d]">GetMacAddress</a> from emac_lpc17xx.o(.text) referenced from emac_lpc17xx.o(.constdata)
 <LI><a href="#[82]">GetRxFrameSize</a> from emac_lpc17xx.o(.text) referenced from emac_lpc17xx.o(.constdata)
 <LI><a href="#[83]">GetRxFrameTime</a> from emac_lpc17xx.o(.text) referenced from emac_lpc17xx.o(.constdata)
 <LI><a href="#[84]">GetTxFrameTime</a> from emac_lpc17xx.o(.text) referenced from emac_lpc17xx.o(.constdata)
 <LI><a href="#[78]">GetVersion</a> from emac_lpc17xx.o(.text) referenced 2 times from emac_lpc17xx.o(.constdata)
 <LI><a href="#[14]">HardFault_Handler</a> from startup_lpc17xx.o(.text) referenced from startup_lpc17xx.o(RESET)
 <LI><a href="#[26]">I2C0_IRQHandler</a> from startup_lpc17xx.o(.text) referenced from startup_lpc17xx.o(RESET)
 <LI><a href="#[27]">I2C1_IRQHandler</a> from startup_lpc17xx.o(.text) referenced from startup_lpc17xx.o(RESET)
 <LI><a href="#[28]">I2C2_IRQHandler</a> from startup_lpc17xx.o(.text) referenced from startup_lpc17xx.o(RESET)
 <LI><a href="#[37]">I2S_IRQHandler</a> from startup_lpc17xx.o(.text) referenced from startup_lpc17xx.o(RESET)
 <LI><a href="#[7a]">Initialize</a> from emac_lpc17xx.o(.text) referenced 2 times from emac_lpc17xx.o(.constdata)
 <LI><a href="#[3a]">MCPWM_IRQHandler</a> from startup_lpc17xx.o(.text) referenced from startup_lpc17xx.o(RESET)
 <LI><a href="#[15]">MemManage_Handler</a> from startup_lpc17xx.o(.text) referenced from startup_lpc17xx.o(RESET)
 <LI><a href="#[13]">NMI_Handler</a> from startup_lpc17xx.o(.text) referenced from startup_lpc17xx.o(RESET)
 <LI><a href="#[87]">PHY_Read</a> from emac_lpc17xx.o(.text) referenced from emac_lpc17xx.o(.constdata)
 <LI><a href="#[88]">PHY_Write</a> from emac_lpc17xx.o(.text) referenced from emac_lpc17xx.o(.constdata)
 <LI><a href="#[2c]">PLL0_IRQHandler</a> from startup_lpc17xx.o(.text) referenced from startup_lpc17xx.o(RESET)
 <LI><a href="#[3c]">PLL1_IRQHandler</a> from startup_lpc17xx.o(.text) referenced from startup_lpc17xx.o(RESET)
 <LI><a href="#[25]">PWM1_IRQHandler</a> from startup_lpc17xx.o(.text) referenced from startup_lpc17xx.o(RESET)
 <LI><a href="#[1a]">PendSV_Handler</a> from hal_cm3.o(.emb_text) referenced from startup_lpc17xx.o(RESET)
 <LI><a href="#[7c]">PowerControl</a> from emac_lpc17xx.o(.text) referenced 2 times from emac_lpc17xx.o(.constdata)
 <LI><a href="#[3b]">QEI_IRQHandler</a> from startup_lpc17xx.o(.text) referenced from startup_lpc17xx.o(RESET)
 <LI><a href="#[39]">RIT_IRQHandler</a> from startup_lpc17xx.o(.text) referenced from startup_lpc17xx.o(RESET)
 <LI><a href="#[2d]">RTC_IRQHandler</a> from startup_lpc17xx.o(.text) referenced from startup_lpc17xx.o(RESET)
 <LI><a href="#[81]">ReadFrame</a> from emac_lpc17xx.o(.text) referenced from emac_lpc17xx.o(.constdata)
 <LI><a href="#[12]">Reset_Handler</a> from startup_lpc17xx.o(.text) referenced from startup_lpc17xx.o(RESET)
 <LI><a href="#[29]">SPI_IRQHandler</a> from startup_lpc17xx.o(.text) referenced from startup_lpc17xx.o(RESET)
 <LI><a href="#[2a]">SSP0_IRQHandler</a> from startup_lpc17xx.o(.text) referenced from startup_lpc17xx.o(RESET)
 <LI><a href="#[94]">SSP1_Control</a> from ssp_lpc17xx.o(.text) referenced from ssp_lpc17xx.o(.constdata)
 <LI><a href="#[8a]">SSP1_GPDMA_Rx_SignalEvent</a> from ssp_lpc17xx.o(.text) referenced from ssp_lpc17xx.o(.constdata)
 <LI><a href="#[89]">SSP1_GPDMA_Tx_SignalEvent</a> from ssp_lpc17xx.o(.text) referenced from ssp_lpc17xx.o(.constdata)
 <LI><a href="#[93]">SSP1_GetDataCount</a> from ssp_lpc17xx.o(.text) referenced from ssp_lpc17xx.o(.constdata)
 <LI><a href="#[95]">SSP1_GetStatus</a> from ssp_lpc17xx.o(.text) referenced from ssp_lpc17xx.o(.constdata)
 <LI><a href="#[2b]">SSP1_IRQHandler</a> from ssp_lpc17xx.o(.text) referenced from startup_lpc17xx.o(RESET)
 <LI><a href="#[8d]">SSP1_Initialize</a> from ssp_lpc17xx.o(.text) referenced from ssp_lpc17xx.o(.constdata)
 <LI><a href="#[8f]">SSP1_PowerControl</a> from ssp_lpc17xx.o(.text) referenced from ssp_lpc17xx.o(.constdata)
 <LI><a href="#[91]">SSP1_Receive</a> from ssp_lpc17xx.o(.text) referenced from ssp_lpc17xx.o(.constdata)
 <LI><a href="#[90]">SSP1_Send</a> from ssp_lpc17xx.o(.text) referenced from ssp_lpc17xx.o(.constdata)
 <LI><a href="#[92]">SSP1_Transfer</a> from ssp_lpc17xx.o(.text) referenced from ssp_lpc17xx.o(.constdata)
 <LI><a href="#[8e]">SSP1_Uninitialize</a> from ssp_lpc17xx.o(.text) referenced from ssp_lpc17xx.o(.constdata)
 <LI><a href="#[8c]">SSP_GetCapabilities</a> from ssp_lpc17xx.o(.text) referenced from ssp_lpc17xx.o(.constdata)
 <LI><a href="#[8b]">SSP_GetVersion</a> from ssp_lpc17xx.o(.text) referenced from ssp_lpc17xx.o(.constdata)
 <LI><a href="#[18]">SVC_Handler</a> from hal_cm3.o(.emb_text) referenced from startup_lpc17xx.o(RESET)
 <LI><a href="#[80]">SendFrame</a> from emac_lpc17xx.o(.text) referenced from emac_lpc17xx.o(.constdata)
 <LI><a href="#[7f]">SetAddressFilter</a> from emac_lpc17xx.o(.text) referenced from emac_lpc17xx.o(.constdata)
 <LI><a href="#[9a]">SetInterface</a> from phy_dp83848c.o(.text) referenced from phy_dp83848c.o(.constdata)
 <LI><a href="#[7e]">SetMacAddress</a> from emac_lpc17xx.o(.text) referenced from emac_lpc17xx.o(.constdata)
 <LI><a href="#[9b]">SetMode</a> from phy_dp83848c.o(.text) referenced from phy_dp83848c.o(.constdata)
 <LI><a href="#[1b]">SysTick_Handler</a> from hal_cm3.o(.emb_text) referenced from startup_lpc17xx.o(RESET)
 <LI><a href="#[49]">SystemInit</a> from system_lpc17xx.o(.text) referenced from startup_lpc17xx.o(.text)
 <LI><a href="#[1d]">TIMER0_IRQHandler</a> from startup_lpc17xx.o(.text) referenced from startup_lpc17xx.o(RESET)
 <LI><a href="#[1e]">TIMER1_IRQHandler</a> from startup_lpc17xx.o(.text) referenced from startup_lpc17xx.o(RESET)
 <LI><a href="#[1f]">TIMER2_IRQHandler</a> from startup_lpc17xx.o(.text) referenced from startup_lpc17xx.o(RESET)
 <LI><a href="#[20]">TIMER3_IRQHandler</a> from startup_lpc17xx.o(.text) referenced from startup_lpc17xx.o(RESET)
 <LI><a href="#[21]">UART0_IRQHandler</a> from startup_lpc17xx.o(.text) referenced from startup_lpc17xx.o(RESET)
 <LI><a href="#[22]">UART1_IRQHandler</a> from startup_lpc17xx.o(.text) referenced from startup_lpc17xx.o(RESET)
 <LI><a href="#[23]">UART2_IRQHandler</a> from startup_lpc17xx.o(.text) referenced from startup_lpc17xx.o(RESET)
 <LI><a href="#[24]">UART3_IRQHandler</a> from startup_lpc17xx.o(.text) referenced from startup_lpc17xx.o(RESET)
 <LI><a href="#[3d]">USBActivity_IRQHandler</a> from startup_lpc17xx.o(.text) referenced from startup_lpc17xx.o(RESET)
 <LI><a href="#[34]">USB_IRQHandler</a> from startup_lpc17xx.o(.text) referenced from startup_lpc17xx.o(RESET)
 <LI><a href="#[7b]">Uninitialize</a> from emac_lpc17xx.o(.text) referenced 2 times from emac_lpc17xx.o(.constdata)
 <LI><a href="#[17]">UsageFault_Handler</a> from startup_lpc17xx.o(.text) referenced from startup_lpc17xx.o(RESET)
 <LI><a href="#[1c]">WDT_IRQHandler</a> from startup_lpc17xx.o(.text) referenced from startup_lpc17xx.o(RESET)
 <LI><a href="#[55]">__default_new_handler()</a> from arm_newhandler_noexceptions.o(.text) referenced from new.o(i._Znwj)
 <LI><a href="#[290]">WST_Monitor_receiveTask(void*)</a> from wstmonitor.o(CODE_ANIM_RUNNING_FAST) referenced from wstmonitor.o(CODE_ANIM_RUNNING_FAST)
 <LI><a href="#[29a]">WST_OSW_TMM_timerCallBack(const void*)</a> from wst_osw.o(CODE_RXF_RUNNING_FAST) referenced from wst_osw.o(CODE_RXF_RUNNING_FAST)
 <LI><a href="#[b9]">TestBuilder::startBehavior()</a> from testbuilder.o(.text) referenced from testbuilder.o(.constdata__ZTV11TestBuilder)
 <LI><a href="#[ba]">TestBuilder::destroy()</a> from testbuilder.o(.text) referenced from testbuilder.o(.constdata__ZTV11TestBuilder)
 <LI><a href="#[b3]">TestBuilder::~TestBuilder__deallocating()</a> from testbuilder.o(.text) referenced from testbuilder.o(.constdata__ZTV11TestBuilder)
 <LI><a href="#[b2]">TestBuilder::~TestBuilder()</a> from testbuilder.o(.text) referenced from testbuilder.o(.constdata__ZTV11TestBuilder)
 <LI><a href="#[bc]">evReceivedData::~evReceivedData__deallocating()</a> from defaultpkg.o(i._ZN14evReceivedDataD0Ev) referenced from defaultpkg.o(.constdata__ZTV14evReceivedData)
 <LI><a href="#[bb]">evReceivedData::~evReceivedData()</a> from defaultpkg.o(i._ZN14evReceivedDataD1Ev) referenced from defaultpkg.o(.constdata__ZTV14evReceivedData)
 <LI><a href="#[c1]">EthernetReceiver::cancelTimeout(const WST_TMR*)</a> from ethernetreceiver.o(.text) referenced from ethernetreceiver.o(.constdata__ZTV16EthernetReceiver)
 <LI><a href="#[c0]">EthernetReceiver::startBehavior()</a> from ethernetreceiver.o(.text) referenced from ethernetreceiver.o(.constdata__ZTV16EthernetReceiver)
 <LI><a href="#[c2]">EthernetReceiver::rootState_entDef()</a> from ethernetreceiver.o(.text) referenced from ethernetreceiver.o(.constdata__ZTV16EthernetReceiver)
 <LI><a href="#[c3]">EthernetReceiver::rootState_processEvent()</a> from ethernetreceiver.o(.text) referenced from ethernetreceiver.o(.constdata__ZTV16EthernetReceiver)
 <LI><a href="#[bf]">EthernetReceiver::~EthernetReceiver__deallocating()</a> from ethernetreceiver.o(.text) referenced from ethernetreceiver.o(.constdata__ZTV16EthernetReceiver)
 <LI><a href="#[be]">EthernetReceiver::~EthernetReceiver()</a> from ethernetreceiver.o(.text) referenced from ethernetreceiver.o(.constdata__ZTV16EthernetReceiver)
 <LI><a href="#[cb]">EthernetTransmitter::startBehavior()</a> from ethernettransmitter.o(.text) referenced from ethernettransmitter.o(.constdata__ZTV19EthernetTransmitter)
 <LI><a href="#[cc]">EthernetTransmitter::rootState_entDef()</a> from ethernettransmitter.o(.text) referenced from ethernettransmitter.o(.constdata__ZTV19EthernetTransmitter)
 <LI><a href="#[cd]">EthernetTransmitter::rootState_processEvent()</a> from ethernettransmitter.o(.text) referenced from ethernettransmitter.o(.constdata__ZTV19EthernetTransmitter)
 <LI><a href="#[ca]">EthernetTransmitter::~EthernetTransmitter__deallocating()</a> from ethernettransmitter.o(.text) referenced from ethernettransmitter.o(.constdata__ZTV19EthernetTransmitter)
 <LI><a href="#[c9]">EthernetTransmitter::~EthernetTransmitter()</a> from ethernettransmitter.o(.text) referenced from ethernettransmitter.o(.constdata__ZTV19EthernetTransmitter)
 <LI><a href="#[d5]">RunningIndicatorLed::cancelTimeout(const WST_TMR*)</a> from runningindicatorled.o(.text) referenced from runningindicatorled.o(.constdata__ZTV19RunningIndicatorLed)
 <LI><a href="#[d4]">RunningIndicatorLed::startBehavior()</a> from runningindicatorled.o(.text) referenced from runningindicatorled.o(.constdata__ZTV19RunningIndicatorLed)
 <LI><a href="#[d6]">RunningIndicatorLed::rootState_entDef()</a> from runningindicatorled.o(.text) referenced from runningindicatorled.o(.constdata__ZTV19RunningIndicatorLed)
 <LI><a href="#[d7]">RunningIndicatorLed::rootState_processEvent()</a> from runningindicatorled.o(.text) referenced from runningindicatorled.o(.constdata__ZTV19RunningIndicatorLed)
 <LI><a href="#[d3]">RunningIndicatorLed::~RunningIndicatorLed__deallocating()</a> from runningindicatorled.o(.text) referenced from runningindicatorled.o(.constdata__ZTV19RunningIndicatorLed)
 <LI><a href="#[d2]">RunningIndicatorLed::~RunningIndicatorLed()</a> from runningindicatorled.o(.text) referenced from runningindicatorled.o(.constdata__ZTV19RunningIndicatorLed)
 <LI><a href="#[de]">evNewJoystickPosition::~evNewJoystickPosition__deallocating()</a> from defaultpkg.o(i._ZN21evNewJoystickPositionD0Ev) referenced from defaultpkg.o(.constdata__ZTV21evNewJoystickPosition)
 <LI><a href="#[dd]">evNewJoystickPosition::~evNewJoystickPosition()</a> from defaultpkg.o(i._ZN21evNewJoystickPositionD1Ev) referenced from defaultpkg.o(.constdata__ZTV21evNewJoystickPosition)
 <LI><a href="#[52]">[local to arm_exceptions_c]::__default_terminate_handler()</a> from arm_exceptions_globs.o(.text) referenced from arm_exceptions_globs.o(.text)
 <LI><a href="#[e2]">Led::cancelTimeout(const WST_TMR*)</a> from led.o(.text) referenced from led.o(.constdata__ZTV3Led)
 <LI><a href="#[e4]">Led::startBehavior()</a> from led.o(.text) referenced from led.o(.constdata__ZTV3Led)
 <LI><a href="#[e1]">Led::rootState_entDef()</a> from led.o(.text) referenced from led.o(.constdata__ZTV3Led)
 <LI><a href="#[e3]">Led::rootState_processEvent()</a> from led.o(.text) referenced from led.o(.constdata__ZTV3Led)
 <LI><a href="#[e0]">Led::~Led__deallocating()</a> from led.o(.text) referenced from led.o(.constdata__ZTV3Led)
 <LI><a href="#[42]">Led::~Led()</a> from led.o(.text) referenced from led.o(.constdata__ZTV3Led)
 <LI><a href="#[42]">Led::~Led()</a> from led.o(.text) referenced from ledbar.o(.text)
 <LI><a href="#[e6]">evOn::~evOn__deallocating()</a> from defaultpkg.o(i._ZN4evOnD0Ev) referenced from defaultpkg.o(.constdata__ZTV4evOn)
 <LI><a href="#[e5]">evOn::~evOn()</a> from defaultpkg.o(i._ZN4evOnD1Ev) referenced from defaultpkg.o(.constdata__ZTV4evOn)
 <LI><a href="#[e9]">evOff::~evOff__deallocating()</a> from defaultpkg.o(i._ZN5evOffD0Ev) referenced from defaultpkg.o(.constdata__ZTV5evOff)
 <LI><a href="#[e8]">evOff::~evOff()</a> from defaultpkg.o(i._ZN5evOffD1Ev) referenced from defaultpkg.o(.constdata__ZTV5evOff)
 <LI><a href="#[ef]">LedBar::startBehavior()</a> from ledbar.o(.text) referenced from ledbar.o(.constdata__ZTV6LedBar)
 <LI><a href="#[ed]">LedBar::rootState_entDef()</a> from ledbar.o(.text) referenced from ledbar.o(.constdata__ZTV6LedBar)
 <LI><a href="#[ee]">LedBar::rootState_processEvent()</a> from ledbar.o(.text) referenced from ledbar.o(.constdata__ZTV6LedBar)
 <LI><a href="#[f0]">LedBar::destroy()</a> from ledbar.o(.text) referenced from ledbar.o(.constdata__ZTV6LedBar)
 <LI><a href="#[ec]">LedBar::~LedBar__deallocating()</a> from ledbar.o(.text) referenced from ledbar.o(.constdata__ZTV6LedBar)
 <LI><a href="#[eb]">LedBar::~LedBar()</a> from ledbar.o(.text) referenced from ledbar.o(.constdata__ZTV6LedBar)
 <LI><a href="#[f5]">Display::startBehavior()</a> from display.o(.text) referenced from display.o(.constdata__ZTV7Display)
 <LI><a href="#[f3]">Display::rootState_entDef()</a> from display.o(.text) referenced from display.o(.constdata__ZTV7Display)
 <LI><a href="#[f4]">Display::rootState_processEvent()</a> from display.o(.text) referenced from display.o(.constdata__ZTV7Display)
 <LI><a href="#[f2]">Display::~Display__deallocating()</a> from display.o(.text) referenced from display.o(.constdata__ZTV7Display)
 <LI><a href="#[f1]">Display::~Display()</a> from display.o(.text) referenced from display.o(.constdata__ZTV7Display)
 <LI><a href="#[f6]">WST_EVT::~WST_EVT__deallocating()</a> from defaultpkg.o(CODE_RXF_RUNNING_FAST) referenced from defaultpkg.o(.constdata__ZTV7WST_EVT)
 <LI><a href="#[b5]">WST_FSM::cancelTimeout(const WST_TMR*)</a> from wst_fsm.o(.text) referenced from testbuilder.o(.constdata__ZTV11TestBuilder)
 <LI><a href="#[b5]">WST_FSM::cancelTimeout(const WST_TMR*)</a> from wst_fsm.o(.text) referenced from ethernettransmitter.o(.constdata__ZTV19EthernetTransmitter)
 <LI><a href="#[b5]">WST_FSM::cancelTimeout(const WST_TMR*)</a> from wst_fsm.o(.text) referenced from ledbar.o(.constdata__ZTV6LedBar)
 <LI><a href="#[b5]">WST_FSM::cancelTimeout(const WST_TMR*)</a> from wst_fsm.o(.text) referenced from display.o(.constdata__ZTV7Display)
 <LI><a href="#[b5]">WST_FSM::cancelTimeout(const WST_TMR*)</a> from wst_fsm.o(.text) referenced from wst_fsm.o(.constdata__ZTV7WST_FSM)
 <LI><a href="#[b4]">WST_FSM::rootState_entDef()</a> from wst_fsm.o(.text) referenced from testbuilder.o(.constdata__ZTV11TestBuilder)
 <LI><a href="#[b4]">WST_FSM::rootState_entDef()</a> from wst_fsm.o(.text) referenced from wst_fsm.o(.constdata__ZTV7WST_FSM)
 <LI><a href="#[b6]">WST_FSM::rootState_processEvent()</a> from wst_fsm.o(.text) referenced from testbuilder.o(.constdata__ZTV11TestBuilder)
 <LI><a href="#[b6]">WST_FSM::rootState_processEvent()</a> from wst_fsm.o(.text) referenced from wst_fsm.o(.constdata__ZTV7WST_FSM)
 <LI><a href="#[b7]">WST_FSM::send(WST_EVT*)</a> from wst_fsm.o(.text) referenced from testbuilder.o(.constdata__ZTV11TestBuilder)
 <LI><a href="#[b7]">WST_FSM::send(WST_EVT*)</a> from wst_fsm.o(.text) referenced from ethernetreceiver.o(.constdata__ZTV16EthernetReceiver)
 <LI><a href="#[b7]">WST_FSM::send(WST_EVT*)</a> from wst_fsm.o(.text) referenced from ethernettransmitter.o(.constdata__ZTV19EthernetTransmitter)
 <LI><a href="#[b7]">WST_FSM::send(WST_EVT*)</a> from wst_fsm.o(.text) referenced from runningindicatorled.o(.constdata__ZTV19RunningIndicatorLed)
 <LI><a href="#[b7]">WST_FSM::send(WST_EVT*)</a> from wst_fsm.o(.text) referenced from led.o(.constdata__ZTV3Led)
 <LI><a href="#[b7]">WST_FSM::send(WST_EVT*)</a> from wst_fsm.o(.text) referenced from ledbar.o(.constdata__ZTV6LedBar)
 <LI><a href="#[b7]">WST_FSM::send(WST_EVT*)</a> from wst_fsm.o(.text) referenced from display.o(.constdata__ZTV7Display)
 <LI><a href="#[b7]">WST_FSM::send(WST_EVT*)</a> from wst_fsm.o(.text) referenced from wst_fsm.o(.constdata__ZTV7WST_FSM)
 <LI><a href="#[b7]">WST_FSM::send(WST_EVT*)</a> from wst_fsm.o(.text) referenced from joystick.o(.constdata__ZTV8Joystick)
 <LI><a href="#[b8]">WST_FSM::send(WST_EVT*, const void*&)</a> from wst_fsm.o(.text) referenced from testbuilder.o(.constdata__ZTV11TestBuilder)
 <LI><a href="#[b8]">WST_FSM::send(WST_EVT*, const void*&)</a> from wst_fsm.o(.text) referenced from ethernetreceiver.o(.constdata__ZTV16EthernetReceiver)
 <LI><a href="#[b8]">WST_FSM::send(WST_EVT*, const void*&)</a> from wst_fsm.o(.text) referenced from ethernettransmitter.o(.constdata__ZTV19EthernetTransmitter)
 <LI><a href="#[b8]">WST_FSM::send(WST_EVT*, const void*&)</a> from wst_fsm.o(.text) referenced from runningindicatorled.o(.constdata__ZTV19RunningIndicatorLed)
 <LI><a href="#[b8]">WST_FSM::send(WST_EVT*, const void*&)</a> from wst_fsm.o(.text) referenced from led.o(.constdata__ZTV3Led)
 <LI><a href="#[b8]">WST_FSM::send(WST_EVT*, const void*&)</a> from wst_fsm.o(.text) referenced from ledbar.o(.constdata__ZTV6LedBar)
 <LI><a href="#[b8]">WST_FSM::send(WST_EVT*, const void*&)</a> from wst_fsm.o(.text) referenced from display.o(.constdata__ZTV7Display)
 <LI><a href="#[b8]">WST_FSM::send(WST_EVT*, const void*&)</a> from wst_fsm.o(.text) referenced from wst_fsm.o(.constdata__ZTV7WST_FSM)
 <LI><a href="#[b8]">WST_FSM::send(WST_EVT*, const void*&)</a> from wst_fsm.o(.text) referenced from joystick.o(.constdata__ZTV8Joystick)
 <LI><a href="#[f8]">WST_FSM::~WST_FSM__deallocating()</a> from wst_fsm.o(.text) referenced from wst_fsm.o(.constdata__ZTV7WST_FSM)
 <LI><a href="#[f7]">WST_FSM::~WST_FSM()</a> from wst_fsm.o(.text) referenced from wst_fsm.o(.constdata__ZTV7WST_FSM)
 <LI><a href="#[54]">WST_MSQ::~WST_MSQ()</a> from wst_msq.o(.text) referenced from wst_osw.o(CODE_RXF_RUNNING_FAST)
 <LI><a href="#[44]">WST_TMR::WST_TMR()</a> from wst_tmr.o(i._ZN7WST_TMRC1Ev) referenced from wst_tmr.o(.text)
 <LI><a href="#[f9]">WST_TMR::~WST_TMR__deallocating()</a> from wst_tmm.o(i._ZN7WST_TMRD0Ev) referenced from wst_tmm.o(.constdata__ZTV7WST_TMR)
 <LI><a href="#[43]">WST_TMR::~WST_TMR()</a> from wst_tmm.o(i._ZN7WST_TMRD1Ev) referenced from wst_tmm.o(.constdata__ZTV7WST_TMR)
 <LI><a href="#[43]">WST_TMR::~WST_TMR()</a> from wst_tmm.o(i._ZN7WST_TMRD1Ev) referenced from wst_tmr.o(.text)
 <LI><a href="#[53]">WST_TSK::task_start(void*)</a> from wst_tsk.o(.text) referenced from wst_osw.o(CODE_RXF_RUNNING_FAST)
 <LI><a href="#[fa]">WST_TSK::~WST_TSK__deallocating()</a> from wst_tsk.o(.text) referenced from wst_tsk.o(.constdata__ZTV7WST_TSK)
 <LI><a href="#[46]">WST_TSK::~WST_TSK()</a> from wst_tsk.o(.text) referenced from wst_tsk.o(.constdata__ZTV7WST_TSK)
 <LI><a href="#[46]">WST_TSK::~WST_TSK()</a> from wst_tsk.o(.text) referenced from wstrtos.o(.text)
 <LI><a href="#[fc]">evBlink::~evBlink__deallocating()</a> from defaultpkg.o(i._ZN7evBlinkD0Ev) referenced from defaultpkg.o(.constdata__ZTV7evBlink)
 <LI><a href="#[fb]">evBlink::~evBlink()</a> from defaultpkg.o(i._ZN7evBlinkD1Ev) referenced from defaultpkg.o(.constdata__ZTV7evBlink)
 <LI><a href="#[101]">Joystick::cancelTimeout(const WST_TMR*)</a> from joystick.o(.text) referenced from joystick.o(.constdata__ZTV8Joystick)
 <LI><a href="#[100]">Joystick::startBehavior()</a> from joystick.o(.text) referenced from joystick.o(.constdata__ZTV8Joystick)
 <LI><a href="#[102]">Joystick::rootState_entDef()</a> from joystick.o(.text) referenced from joystick.o(.constdata__ZTV8Joystick)
 <LI><a href="#[103]">Joystick::rootState_processEvent()</a> from joystick.o(.text) referenced from joystick.o(.constdata__ZTV8Joystick)
 <LI><a href="#[ff]">Joystick::~Joystick__deallocating()</a> from joystick.o(.text) referenced from joystick.o(.constdata__ZTV8Joystick)
 <LI><a href="#[fe]">Joystick::~Joystick()</a> from joystick.o(.text) referenced from joystick.o(.constdata__ZTV8Joystick)
 <LI><a href="#[10a]">evToggle::~evToggle__deallocating()</a> from defaultpkg.o(i._ZN8evToggleD0Ev) referenced from defaultpkg.o(.constdata__ZTV8evToggle)
 <LI><a href="#[109]">evToggle::~evToggle()</a> from defaultpkg.o(i._ZN8evToggleD1Ev) referenced from defaultpkg.o(.constdata__ZTV8evToggle)
 <LI><a href="#[bd]">evReceivedData::isTypeOf(short) const</a> from defaultpkg.o(.text) referenced from defaultpkg.o(.constdata__ZTV14evReceivedData)
 <LI><a href="#[df]">evNewJoystickPosition::isTypeOf(short) const</a> from defaultpkg.o(.text) referenced from defaultpkg.o(.constdata__ZTV21evNewJoystickPosition)
 <LI><a href="#[e7]">evOn::isTypeOf(short) const</a> from defaultpkg.o(.text) referenced from defaultpkg.o(.constdata__ZTV4evOn)
 <LI><a href="#[ea]">evOff::isTypeOf(short) const</a> from defaultpkg.o(.text) referenced from defaultpkg.o(.constdata__ZTV5evOff)
 <LI><a href="#[fd]">evBlink::isTypeOf(short) const</a> from defaultpkg.o(.text) referenced from defaultpkg.o(.constdata__ZTV7evBlink)
 <LI><a href="#[10b]">evToggle::isTypeOf(short) const</a> from defaultpkg.o(.text) referenced from defaultpkg.o(.constdata__ZTV8evToggle)
 <LI><a href="#[c7]">thunk{-64} to EthernetReceiver::cancelTimeout(const WST_TMR*)</a> from ethernetreceiver.o(.text) referenced from ethernetreceiver.o(.constdata__ZTV16EthernetReceiver)
 <LI><a href="#[c6]">thunk{-64} to EthernetReceiver::rootState_entDef()</a> from ethernetreceiver.o(.text) referenced from ethernetreceiver.o(.constdata__ZTV16EthernetReceiver)
 <LI><a href="#[c8]">thunk{-64} to EthernetReceiver::rootState_processEvent()</a> from ethernetreceiver.o(.text) referenced from ethernetreceiver.o(.constdata__ZTV16EthernetReceiver)
 <LI><a href="#[c5]">thunk{-64} to EthernetReceiver::~EthernetReceiver__deallocating()</a> from ethernetreceiver.o(.text) referenced from ethernetreceiver.o(.constdata__ZTV16EthernetReceiver)
 <LI><a href="#[c4]">thunk{-64} to EthernetReceiver::~EthernetReceiver()</a> from ethernetreceiver.o(.text) referenced from ethernetreceiver.o(.constdata__ZTV16EthernetReceiver)
 <LI><a href="#[d0]">thunk{-64} to EthernetTransmitter::rootState_entDef()</a> from ethernettransmitter.o(.text) referenced from ethernettransmitter.o(.constdata__ZTV19EthernetTransmitter)
 <LI><a href="#[d1]">thunk{-64} to EthernetTransmitter::rootState_processEvent()</a> from ethernettransmitter.o(.text) referenced from ethernettransmitter.o(.constdata__ZTV19EthernetTransmitter)
 <LI><a href="#[cf]">thunk{-64} to EthernetTransmitter::~EthernetTransmitter__deallocating()</a> from ethernettransmitter.o(.text) referenced from ethernettransmitter.o(.constdata__ZTV19EthernetTransmitter)
 <LI><a href="#[ce]">thunk{-64} to EthernetTransmitter::~EthernetTransmitter()</a> from ethernettransmitter.o(.text) referenced from ethernettransmitter.o(.constdata__ZTV19EthernetTransmitter)
 <LI><a href="#[db]">thunk{-64} to RunningIndicatorLed::cancelTimeout(const WST_TMR*)</a> from runningindicatorled.o(.text) referenced from runningindicatorled.o(.constdata__ZTV19RunningIndicatorLed)
 <LI><a href="#[da]">thunk{-64} to RunningIndicatorLed::rootState_entDef()</a> from runningindicatorled.o(.text) referenced from runningindicatorled.o(.constdata__ZTV19RunningIndicatorLed)
 <LI><a href="#[dc]">thunk{-64} to RunningIndicatorLed::rootState_processEvent()</a> from runningindicatorled.o(.text) referenced from runningindicatorled.o(.constdata__ZTV19RunningIndicatorLed)
 <LI><a href="#[d9]">thunk{-64} to RunningIndicatorLed::~RunningIndicatorLed__deallocating()</a> from runningindicatorled.o(.text) referenced from runningindicatorled.o(.constdata__ZTV19RunningIndicatorLed)
 <LI><a href="#[d8]">thunk{-64} to RunningIndicatorLed::~RunningIndicatorLed()</a> from runningindicatorled.o(.text) referenced from runningindicatorled.o(.constdata__ZTV19RunningIndicatorLed)
 <LI><a href="#[107]">thunk{-64} to Joystick::cancelTimeout(const WST_TMR*)</a> from joystick.o(.text) referenced from joystick.o(.constdata__ZTV8Joystick)
 <LI><a href="#[106]">thunk{-64} to Joystick::rootState_entDef()</a> from joystick.o(.text) referenced from joystick.o(.constdata__ZTV8Joystick)
 <LI><a href="#[108]">thunk{-64} to Joystick::rootState_processEvent()</a> from joystick.o(.text) referenced from joystick.o(.constdata__ZTV8Joystick)
 <LI><a href="#[105]">thunk{-64} to Joystick::~Joystick__deallocating()</a> from joystick.o(.text) referenced from joystick.o(.constdata__ZTV8Joystick)
 <LI><a href="#[104]">thunk{-64} to Joystick::~Joystick()</a> from joystick.o(.text) referenced from joystick.o(.constdata__ZTV8Joystick)
 <LI><a href="#[10f]">__main</a> from __main.o(!!!main) referenced from startup_lpc17xx.o(.text)
 <LI><a href="#[10e]">__sti___11_WSTRTOS_cpp_b410bc26</a> from wstrtos.o(.text) referenced from wstrtos.o(.init_array)
 <LI><a href="#[10c]">__sti___11_WST_TMM_cpp_5cffd7cf</a> from wst_tmm.o(.text) referenced from wst_tmm.o(.init_array)
 <LI><a href="#[10d]">__sti___11_WST_TMR_cpp_d87a1f05</a> from wst_tmr.o(.text) referenced from wst_tmr.o(.init_array)
 <LI><a href="#[4e]">_get_lc_ctype</a> from lc_ctype_c.o(locale$$code) referenced from rt_ctype_table.o(.text)
 <LI><a href="#[4f]">_printf_input_char</a> from _printf_char_common.o(.text) referenced from _printf_char_common.o(.text)
 <LI><a href="#[4d]">_sbackspace</a> from _sgetc.o(.text) referenced from __0sscanf.o(.text)
 <LI><a href="#[50]">_scanf_char_input</a> from scanf_char.o(.text) referenced from scanf_char.o(.text)
 <LI><a href="#[4c]">_sgetc</a> from _sgetc.o(.text) referenced from __0sscanf.o(.text)
 <LI><a href="#[4b]">_sputc</a> from _sputc.o(.text) referenced from __2sprintf.o(.text)
 <LI><a href="#[74]">bsd_cb_tcp</a> from net_bsd.o(i.bsd_cb_tcp) referenced from net_bsd.o(i.socket)
 <LI><a href="#[73]">bsd_cb_udp</a> from net_bsd.o(i.bsd_cb_udp) referenced from net_bsd.o(i.socket)
 <LI><a href="#[56]">dhcp6_listener</a> from net_dhcp6_client.o(i.dhcp6_listener) referenced from net_dhcp6_client.o(i.net_dhcp6_client_init)
 <LI><a href="#[57]">eth_notify</a> from net_eth.o(i.eth_notify) referenced from net_eth.o(i.net_eth_iface_init)
 <LI><a href="#[51]">isspace</a> from isspace.o(.text) referenced from scanf_char.o(.text)
 <LI><a href="#[77]">main</a> from rxf_behaviorpkg.o(.text) referenced from rtx_conf_cm.o(.constdata)
 <LI><a href="#[58]">nbns_listener</a> from net_nbns_client.o(i.nbns_listener) referenced from net_nbns_client.o(i.net_nbns_client_init)
 <LI><a href="#[9f]">netCore_Thread</a> from net_sys.o(i.netCore_Thread) referenced from net_config.o(.constdata)
 <LI><a href="#[a0]">netETH_Thread</a> from net_eth.o(i.netETH_Thread) referenced from net_config.o(.constdata)
 <LI><a href="#[af]">net_arp_notify</a> from net_arp.o(i.net_arp_notify) referenced from net_config.o(.constdata)
 <LI><a href="#[ac]">net_bsd_socket_init</a> from net_bsd.o(i.net_bsd_socket_init) referenced from net_config.o(.constdata)
 <LI><a href="#[ad]">net_bsd_socket_run</a> from net_bsd.o(i.net_bsd_socket_run) referenced from net_config.o(.constdata)
 <LI><a href="#[b0]">net_dhcp6_client_init</a> from net_dhcp6_client.o(i.net_dhcp6_client_init) referenced from net_config.o(.constdata)
 <LI><a href="#[b1]">net_dhcp6_client_run</a> from net_dhcp6_client.o(i.net_dhcp6_client_run) referenced from net_config.o(.constdata)
 <LI><a href="#[a1]">net_eth_iface_init</a> from net_eth.o(i.net_eth_iface_init) referenced from net_config.o(.constdata)
 <LI><a href="#[a2]">net_eth_iface_run</a> from net_eth.o(i.net_eth_iface_run) referenced from net_config.o(.constdata)
 <LI><a href="#[a5]">net_ip4_frag_init</a> from net_ip4_frag.o(i.net_ip4_frag_init) referenced from net_config.o(.constdata)
 <LI><a href="#[a6]">net_ip4_frag_run</a> from net_ip4_frag.o(i.net_ip4_frag_run) referenced from net_config.o(.constdata)
 <LI><a href="#[a3]">net_loop_iface_init</a> from net_loop.o(i.net_loop_iface_init) referenced from net_config.o(.constdata)
 <LI><a href="#[a4]">net_loop_iface_run</a> from net_loop.o(i.net_loop_iface_run) referenced from net_config.o(.constdata)
 <LI><a href="#[ae]">net_nbns_client_init</a> from net_nbns_client.o(i.net_nbns_client_init) referenced from net_config.o(.constdata)
 <LI><a href="#[a7]">net_ping_client_init</a> from net_ping.o(i.net_ping_client_init) referenced from net_config.o(.constdata)
 <LI><a href="#[a8]">net_ping_client_run</a> from net_ping.o(i.net_ping_client_run) referenced from net_config.o(.constdata)
 <LI><a href="#[9e]">net_sys_tick</a> from net_sys.o(i.net_sys_tick) referenced from net_config.o(.constdata)
 <LI><a href="#[aa]">net_tcp_socket_init</a> from net_tcp.o(i.net_tcp_socket_init) referenced from net_config.o(.constdata)
 <LI><a href="#[ab]">net_tcp_socket_run</a> from net_tcp.o(i.net_tcp_socket_run) referenced from net_config.o(.constdata)
 <LI><a href="#[a9]">net_udp_socket_init</a> from net_udp.o(i.net_udp_socket_init) referenced from net_config.o(.constdata)
 <LI><a href="#[75]">osThreadExit</a> from rt_cmsis.o(i.osThreadExit) referenced from rt_cmsis.o(i.svcThreadCreate)
 <LI><a href="#[76]">osTimerThread</a> from rt_cmsis.o(i.osTimerThread) referenced from rtx_conf_cm.o(.constdata)
 <LI><a href="#[72]">os_idle_demon</a> from rtx_conf_cm.o(.text) referenced from rt_task.o(i.rt_sys_init)
 <LI><a href="#[3f]">rt_alloc_box</a> from rt_membox.o(i.rt_alloc_box) referenced from hal_cm3.o(.emb_text)
 <LI><a href="#[40]">rt_free_box</a> from rt_membox.o(i.rt_free_box) referenced from hal_cm3.o(.emb_text)
 <LI><a href="#[48]">rt_mut_release</a> from rt_mutex.o(i.rt_mut_release) referenced from rtx_conf_cm.o(.text)
 <LI><a href="#[47]">rt_mut_wait</a> from rt_mutex.o(i.rt_mut_wait) referenced from rtx_conf_cm.o(.text)
 <LI><a href="#[59]">svcDelay</a> from rt_cmsis.o(i.svcDelay) referenced from rt_cmsis.o(i.osDelay)
 <LI><a href="#[5a]">svcKernelInitialize</a> from rt_cmsis.o(i.svcKernelInitialize) referenced from rt_cmsis.o(i.osKernelInitialize)
 <LI><a href="#[5b]">svcKernelRunning</a> from rt_cmsis.o(i.svcKernelRunning) referenced from rt_cmsis.o(i.osKernelRunning)
 <LI><a href="#[5c]">svcKernelStart</a> from rt_cmsis.o(i.svcKernelStart) referenced from rt_cmsis.o(i.osKernelStart)
 <LI><a href="#[5d]">svcKernelSysTick</a> from rt_cmsis.o(i.svcKernelSysTick) referenced from rt_cmsis.o(i.osKernelSysTick)
 <LI><a href="#[5e]">svcMessageCreate</a> from rt_cmsis.o(i.svcMessageCreate) referenced from rt_cmsis.o(i.osMessageCreate)
 <LI><a href="#[5f]">svcMessageGet</a> from rt_cmsis.o(i.svcMessageGet) referenced from rt_cmsis.o(i.osMessageGet)
 <LI><a href="#[60]">svcMessagePut</a> from rt_cmsis.o(i.svcMessagePut) referenced from rt_cmsis.o(i.osMessagePut)
 <LI><a href="#[61]">svcMutexCreate</a> from rt_cmsis.o(i.svcMutexCreate) referenced from rt_cmsis.o(i.osMutexCreate)
 <LI><a href="#[62]">svcMutexDelete</a> from rt_cmsis.o(i.svcMutexDelete) referenced from rt_cmsis.o(i.osMutexDelete)
 <LI><a href="#[63]">svcMutexRelease</a> from rt_cmsis.o(i.svcMutexRelease) referenced from rt_cmsis.o(i.osMutexRelease)
 <LI><a href="#[64]">svcMutexWait</a> from rt_cmsis.o(i.svcMutexWait) referenced from rt_cmsis.o(i.osMutexWait)
 <LI><a href="#[65]">svcSemaphoreCreate</a> from rt_cmsis.o(i.svcSemaphoreCreate) referenced from rt_cmsis.o(i.osSemaphoreCreate)
 <LI><a href="#[66]">svcSemaphoreRelease</a> from rt_cmsis.o(i.svcSemaphoreRelease) referenced from rt_cmsis.o(i.osSemaphoreRelease)
 <LI><a href="#[67]">svcSemaphoreWait</a> from rt_cmsis.o(i.svcSemaphoreWait) referenced from rt_cmsis.o(i.osSemaphoreWait)
 <LI><a href="#[68]">svcSignalClear</a> from rt_cmsis.o(i.svcSignalClear) referenced from rt_cmsis.o(i.osSignalClear)
 <LI><a href="#[69]">svcSignalSet</a> from rt_cmsis.o(i.svcSignalSet) referenced from rt_cmsis.o(i.osSignalSet)
 <LI><a href="#[6a]">svcSignalWait</a> from rt_cmsis.o(i.svcSignalWait) referenced from rt_cmsis.o(i.osSignalWait)
 <LI><a href="#[6b]">svcThreadCreate</a> from rt_cmsis.o(i.svcThreadCreate) referenced from rt_cmsis.o(i.osThreadCreate)
 <LI><a href="#[6c]">svcThreadGetId</a> from rt_cmsis.o(i.svcThreadGetId) referenced from rt_cmsis.o(i.osThreadExit)
 <LI><a href="#[6c]">svcThreadGetId</a> from rt_cmsis.o(i.svcThreadGetId) referenced from rt_cmsis.o(i.osThreadGetId)
 <LI><a href="#[6d]">svcThreadTerminate</a> from rt_cmsis.o(i.svcThreadTerminate) referenced from rt_cmsis.o(i.osThreadExit)
 <LI><a href="#[6d]">svcThreadTerminate</a> from rt_cmsis.o(i.svcThreadTerminate) referenced from rt_cmsis.o(i.osThreadTerminate)
 <LI><a href="#[6e]">svcThreadYield</a> from rt_cmsis.o(i.svcThreadYield) referenced from rt_cmsis.o(i.osThreadYield)
 <LI><a href="#[6f]">svcTimerCall</a> from rt_cmsis.o(i.svcTimerCall) referenced from rt_cmsis.o(i.osTimerCall)
 <LI><a href="#[70]">svcTimerCreate</a> from rt_cmsis.o(i.svcTimerCreate) referenced from rt_cmsis.o(i.osTimerCreate)
 <LI><a href="#[71]">svcTimerStart</a> from rt_cmsis.o(i.svcTimerStart) referenced from rt_cmsis.o(i.osTimerStart)
</UL>
<P>
<H3>
Global Symbols
</H3>
<P><STRONG><a name="[10f]"></a>__main</STRONG> (Thumb, 8 bytes, Stack size 0 bytes, __main.o(!!!main))
<BR><BR>[Calls]<UL><LI><a href="#[119]">&gt;&gt;</a>&nbsp;&nbsp;&nbsp;__rt_entry
<LI><a href="#[118]">&gt;&gt;</a>&nbsp;&nbsp;&nbsp;__scatterload
</UL>

<P><STRONG><a name="[118]"></a>__scatterload</STRONG> (Thumb, 0 bytes, Stack size unknown bytes, __scatter.o(!!!scatter))
<BR><BR>[Called By]<UL><LI><a href="#[10f]">&gt;&gt;</a>&nbsp;&nbsp;&nbsp;__main
</UL>

<P><STRONG><a name="[11a]"></a>__scatterload_rt2</STRONG> (Thumb, 44 bytes, Stack size unknown bytes, __scatter.o(!!!scatter), UNUSED)
<BR><BR>[Calls]<UL><LI><a href="#[119]">&gt;&gt;</a>&nbsp;&nbsp;&nbsp;__rt_entry
</UL>

<P><STRONG><a name="[398]"></a>__scatterload_rt2_thumb_only</STRONG> (Thumb, 0 bytes, Stack size unknown bytes, __scatter.o(!!!scatter), UNUSED)

<P><STRONG><a name="[399]"></a>__scatterload_null</STRONG> (Thumb, 0 bytes, Stack size unknown bytes, __scatter.o(!!!scatter), UNUSED)

<P><STRONG><a name="[39a]"></a>__decompress</STRONG> (Thumb, 90 bytes, Stack size unknown bytes, __dczerorl2.o(!!dczerorl2), UNUSED)

<P><STRONG><a name="[39b]"></a>__decompress1</STRONG> (Thumb, 0 bytes, Stack size unknown bytes, __dczerorl2.o(!!dczerorl2), UNUSED)

<P><STRONG><a name="[11b]"></a>__scatterload_copy</STRONG> (Thumb, 26 bytes, Stack size unknown bytes, __scatter_copy.o(!!handler_copy), UNUSED)
<BR><BR>[Calls]<UL><LI><a href="#[11b]">&gt;&gt;</a>&nbsp;&nbsp;&nbsp;__scatterload_copy
</UL>
<BR>[Called By]<UL><LI><a href="#[11b]">&gt;&gt;</a>&nbsp;&nbsp;&nbsp;__scatterload_copy
</UL>

<P><STRONG><a name="[39c]"></a>__scatterload_zeroinit</STRONG> (Thumb, 28 bytes, Stack size unknown bytes, __scatter_zi.o(!!handler_zi), UNUSED)

<P><STRONG><a name="[260]"></a>_printf_percent</STRONG> (Thumb, 0 bytes, Stack size unknown bytes, _printf_percent.o(.ARM.Collect$$_printf_percent$$00000000))
<BR><BR>[Called By]<UL><LI><a href="#[25e]">&gt;&gt;</a>&nbsp;&nbsp;&nbsp;__printf
</UL>

<P><STRONG><a name="[11c]"></a>_printf_s</STRONG> (Thumb, 0 bytes, Stack size unknown bytes, _printf_s.o(.ARM.Collect$$_printf_percent$$00000014))
<BR><BR>[Stack]<UL><LI>Max Depth = 24 + Unknown Stack Size
<LI>Call Chain = _printf_s &rArr; _printf_string &rArr; _printf_cs_common &rArr; _printf_str
</UL>
<BR>[Calls]<UL><LI><a href="#[11d]">&gt;&gt;</a>&nbsp;&nbsp;&nbsp;_printf_string
</UL>

<P><STRONG><a name="[39d]"></a>_printf_percent_end</STRONG> (Thumb, 0 bytes, Stack size unknown bytes, _printf_percent_end.o(.ARM.Collect$$_printf_percent$$00000017))

<P><STRONG><a name="[129]"></a>__rt_lib_init</STRONG> (Thumb, 0 bytes, Stack size unknown bytes, libinit.o(.ARM.Collect$$libinit$$00000000))
<BR><BR>[Called By]<UL><LI><a href="#[128]">&gt;&gt;</a>&nbsp;&nbsp;&nbsp;__rt_entry_li
</UL>

<P><STRONG><a name="[39e]"></a>__rt_lib_init_fp_1</STRONG> (Thumb, 0 bytes, Stack size unknown bytes, libinit2.o(.ARM.Collect$$libinit$$00000002))

<P><STRONG><a name="[11e]"></a>__rt_lib_init_heap_2</STRONG> (Thumb, 0 bytes, Stack size unknown bytes, libinit2.o(.ARM.Collect$$libinit$$00000005))
<BR><BR>[Stack]<UL><LI>Max Depth = 64 + Unknown Stack Size
<LI>Call Chain = __rt_lib_init_heap_2 &rArr; _init_alloc &rArr; __rt_SIGRTMEM &rArr; __rt_SIGRTMEM_inner &rArr; __default_signal_display &rArr; _ttywrch
</UL>
<BR>[Calls]<UL><LI><a href="#[11f]">&gt;&gt;</a>&nbsp;&nbsp;&nbsp;_init_alloc
</UL>

<P><STRONG><a name="[39f]"></a>__rt_lib_init_preinit_1</STRONG> (Thumb, 0 bytes, Stack size unknown bytes, libinit2.o(.ARM.Collect$$libinit$$00000004))

<P><STRONG><a name="[3a0]"></a>__rt_lib_init_heap_1</STRONG> (Thumb, 0 bytes, Stack size unknown bytes, libinit2.o(.ARM.Collect$$libinit$$0000000A))

<P><STRONG><a name="[120]"></a>__rt_lib_init_lc_common</STRONG> (Thumb, 0 bytes, Stack size unknown bytes, libinit2.o(.ARM.Collect$$libinit$$0000000F))
<BR><BR>[Stack]<UL><LI>Max Depth = 8 + Unknown Stack Size
<LI>Call Chain = __rt_lib_init_lc_common &rArr; __rt_locale
</UL>
<BR>[Calls]<UL><LI><a href="#[121]">&gt;&gt;</a>&nbsp;&nbsp;&nbsp;__rt_locale
</UL>

<P><STRONG><a name="[3a1]"></a>__rt_lib_init_rand_1</STRONG> (Thumb, 0 bytes, Stack size unknown bytes, libinit2.o(.ARM.Collect$$libinit$$0000000E))

<P><STRONG><a name="[3a2]"></a>__rt_lib_init_user_alloc_1</STRONG> (Thumb, 0 bytes, Stack size unknown bytes, libinit2.o(.ARM.Collect$$libinit$$0000000C))

<P><STRONG><a name="[3a3]"></a>__rt_lib_init_lc_collate_1</STRONG> (Thumb, 0 bytes, Stack size unknown bytes, libinit2.o(.ARM.Collect$$libinit$$00000011))

<P><STRONG><a name="[122]"></a>__rt_lib_init_lc_ctype_2</STRONG> (Thumb, 0 bytes, Stack size unknown bytes, libinit2.o(.ARM.Collect$$libinit$$00000012))
<BR><BR>[Stack]<UL><LI>Max Depth = 8 + Unknown Stack Size
<LI>Call Chain = __rt_lib_init_lc_ctype_2 &rArr; _get_lc_ctype
</UL>
<BR>[Calls]<UL><LI><a href="#[4e]">&gt;&gt;</a>&nbsp;&nbsp;&nbsp;_get_lc_ctype
</UL>

<P><STRONG><a name="[3a4]"></a>__rt_lib_init_alloca_1</STRONG> (Thumb, 0 bytes, Stack size unknown bytes, libinit2.o(.ARM.Collect$$libinit$$0000002E))

<P><STRONG><a name="[3a5]"></a>__rt_lib_init_argv_1</STRONG> (Thumb, 0 bytes, Stack size unknown bytes, libinit2.o(.ARM.Collect$$libinit$$0000002C))

<P><STRONG><a name="[3a6]"></a>__rt_lib_init_atexit_1</STRONG> (Thumb, 0 bytes, Stack size unknown bytes, libinit2.o(.ARM.Collect$$libinit$$0000001B))

<P><STRONG><a name="[3a7]"></a>__rt_lib_init_clock_1</STRONG> (Thumb, 0 bytes, Stack size unknown bytes, libinit2.o(.ARM.Collect$$libinit$$00000021))

<P><STRONG><a name="[123]"></a>__rt_lib_init_cpp_2</STRONG> (Thumb, 0 bytes, Stack size unknown bytes, libinit2.o(.ARM.Collect$$libinit$$00000031))
<BR><BR>[Stack]<UL><LI>Max Depth = 16 + Unknown Stack Size
<LI>Call Chain = __rt_lib_init_cpp_2 &rArr; __cpp_initialize__aeabi_
</UL>
<BR>[Calls]<UL><LI><a href="#[117]">&gt;&gt;</a>&nbsp;&nbsp;&nbsp;__cpp_initialize__aeabi_
</UL>

<P><STRONG><a name="[3a8]"></a>__rt_lib_init_exceptions_1</STRONG> (Thumb, 0 bytes, Stack size unknown bytes, libinit2.o(.ARM.Collect$$libinit$$00000030))

<P><STRONG><a name="[3a9]"></a>__rt_lib_init_fp_trap_1</STRONG> (Thumb, 0 bytes, Stack size unknown bytes, libinit2.o(.ARM.Collect$$libinit$$0000001F))

<P><STRONG><a name="[3aa]"></a>__rt_lib_init_getenv_1</STRONG> (Thumb, 0 bytes, Stack size unknown bytes, libinit2.o(.ARM.Collect$$libinit$$00000023))

<P><STRONG><a name="[3ab]"></a>__rt_lib_init_lc_ctype_1</STRONG> (Thumb, 0 bytes, Stack size unknown bytes, libinit2.o(.ARM.Collect$$libinit$$00000013))

<P><STRONG><a name="[3ac]"></a>__rt_lib_init_lc_monetary_1</STRONG> (Thumb, 0 bytes, Stack size unknown bytes, libinit2.o(.ARM.Collect$$libinit$$00000015))

<P><STRONG><a name="[3ad]"></a>__rt_lib_init_lc_numeric_1</STRONG> (Thumb, 0 bytes, Stack size unknown bytes, libinit2.o(.ARM.Collect$$libinit$$00000017))

<P><STRONG><a name="[3ae]"></a>__rt_lib_init_lc_time_1</STRONG> (Thumb, 0 bytes, Stack size unknown bytes, libinit2.o(.ARM.Collect$$libinit$$00000019))

<P><STRONG><a name="[3af]"></a>__rt_lib_init_signal_1</STRONG> (Thumb, 0 bytes, Stack size unknown bytes, libinit2.o(.ARM.Collect$$libinit$$0000001D))

<P><STRONG><a name="[3b0]"></a>__rt_lib_init_stdio_1</STRONG> (Thumb, 0 bytes, Stack size unknown bytes, libinit2.o(.ARM.Collect$$libinit$$00000025))

<P><STRONG><a name="[3b1]"></a>__rt_lib_init_cpp_1</STRONG> (Thumb, 0 bytes, Stack size unknown bytes, libinit2.o(.ARM.Collect$$libinit$$00000032))

<P><STRONG><a name="[3b2]"></a>__rt_lib_init_return</STRONG> (Thumb, 0 bytes, Stack size unknown bytes, libinit2.o(.ARM.Collect$$libinit$$00000033))

<P><STRONG><a name="[12f]"></a>__rt_lib_shutdown</STRONG> (Thumb, 0 bytes, Stack size unknown bytes, libshutdown.o(.ARM.Collect$$libshutdown$$00000000))
<BR><BR>[Called By]<UL><LI><a href="#[27e]">&gt;&gt;</a>&nbsp;&nbsp;&nbsp;abort
<LI><a href="#[12e]">&gt;&gt;</a>&nbsp;&nbsp;&nbsp;__rt_exit_ls
</UL>

<P><STRONG><a name="[124]"></a>__rt_lib_shutdown_cpp_2</STRONG> (Thumb, 0 bytes, Stack size unknown bytes, libshutdown2.o(.ARM.Collect$$libshutdown$$00000001))
<BR><BR>[Stack]<UL><LI>Max Depth = 48 + Unknown Stack Size
<LI>Call Chain = __rt_lib_shutdown_cpp_2 &rArr; __cxa_finalize &rArr; free &rArr; _free_internal
</UL>
<BR>[Calls]<UL><LI><a href="#[125]">&gt;&gt;</a>&nbsp;&nbsp;&nbsp;__cxa_finalize
</UL>

<P><STRONG><a name="[3b3]"></a>__rt_lib_shutdown_cpp_1</STRONG> (Thumb, 0 bytes, Stack size unknown bytes, libshutdown2.o(.ARM.Collect$$libshutdown$$00000002))

<P><STRONG><a name="[3b4]"></a>__rt_lib_shutdown_fp_trap_1</STRONG> (Thumb, 0 bytes, Stack size unknown bytes, libshutdown2.o(.ARM.Collect$$libshutdown$$00000007))

<P><STRONG><a name="[3b5]"></a>__rt_lib_shutdown_heap_1</STRONG> (Thumb, 0 bytes, Stack size unknown bytes, libshutdown2.o(.ARM.Collect$$libshutdown$$0000000F))

<P><STRONG><a name="[3b6]"></a>__rt_lib_shutdown_return</STRONG> (Thumb, 0 bytes, Stack size unknown bytes, libshutdown2.o(.ARM.Collect$$libshutdown$$00000010))

<P><STRONG><a name="[3b7]"></a>__rt_lib_shutdown_signal_1</STRONG> (Thumb, 0 bytes, Stack size unknown bytes, libshutdown2.o(.ARM.Collect$$libshutdown$$0000000A))

<P><STRONG><a name="[3b8]"></a>__rt_lib_shutdown_stdio_1</STRONG> (Thumb, 0 bytes, Stack size unknown bytes, libshutdown2.o(.ARM.Collect$$libshutdown$$00000004))

<P><STRONG><a name="[3b9]"></a>__rt_lib_shutdown_user_alloc_1</STRONG> (Thumb, 0 bytes, Stack size unknown bytes, libshutdown2.o(.ARM.Collect$$libshutdown$$0000000C))

<P><STRONG><a name="[119]"></a>__rt_entry</STRONG> (Thumb, 0 bytes, Stack size unknown bytes, __rtentry.o(.ARM.Collect$$rtentry$$00000000))
<BR><BR>[Called By]<UL><LI><a href="#[10f]">&gt;&gt;</a>&nbsp;&nbsp;&nbsp;__main
<LI><a href="#[11a]">&gt;&gt;</a>&nbsp;&nbsp;&nbsp;__scatterload_rt2
</UL>

<P><STRONG><a name="[3ba]"></a>__rt_entry_presh_1</STRONG> (Thumb, 0 bytes, Stack size unknown bytes, __rtentry2.o(.ARM.Collect$$rtentry$$00000002))

<P><STRONG><a name="[126]"></a>__rt_entry_sh</STRONG> (Thumb, 0 bytes, Stack size unknown bytes, __rtentry4.o(.ARM.Collect$$rtentry$$00000004))
<BR><BR>[Stack]<UL><LI>Max Depth = 8 + Unknown Stack Size
<LI>Call Chain = __rt_entry_sh &rArr; __user_setup_stackheap
</UL>
<BR>[Calls]<UL><LI><a href="#[127]">&gt;&gt;</a>&nbsp;&nbsp;&nbsp;__user_setup_stackheap
</UL>

<P><STRONG><a name="[128]"></a>__rt_entry_li</STRONG> (Thumb, 0 bytes, Stack size unknown bytes, __rtentry2.o(.ARM.Collect$$rtentry$$0000000A))
<BR><BR>[Calls]<UL><LI><a href="#[129]">&gt;&gt;</a>&nbsp;&nbsp;&nbsp;__rt_lib_init
</UL>

<P><STRONG><a name="[3bb]"></a>__rt_entry_postsh_1</STRONG> (Thumb, 0 bytes, Stack size unknown bytes, __rtentry2.o(.ARM.Collect$$rtentry$$00000009))

<P><STRONG><a name="[12a]"></a>__rt_entry_postli_1</STRONG> (Thumb, 0 bytes, Stack size unknown bytes, __rtentry2.o(.ARM.Collect$$rtentry$$0000000B))
<BR><BR>[Stack]<UL><LI>Max Depth = 80 + Unknown Stack Size
<LI>Call Chain = __rt_entry_postli_1 &rArr; _platform_post_lib_init &rArr; osKernelInitialize &rArr; svcKernelInitialize &rArr; svcThreadCreate &rArr; rt_tsk_create &rArr; rt_init_context &rArr; rt_init_stack
</UL>
<BR>[Calls]<UL><LI><a href="#[12b]">&gt;&gt;</a>&nbsp;&nbsp;&nbsp;_platform_post_lib_init
</UL>

<P><STRONG><a name="[12c]"></a>__rt_entry_main</STRONG> (Thumb, 0 bytes, Stack size unknown bytes, __rtentry2.o(.ARM.Collect$$rtentry$$0000000D))
<BR><BR>[Stack]<UL><LI>Max Depth = 384 + Unknown Stack Size
<LI>Call Chain = __rt_entry_main &rArr; main &rArr; WSTRTOS_Init() &rArr; WST_RXF_Main(short, char**) &rArr; TestBuilder::TestBuilder(WST_TSK*) &rArr; EthernetTransmitter::EthernetTransmitter(WST_TSK*) &rArr; EthernetController::EthernetController() &rArr; netIP_aton &rArr; net_addr6_aton &rArr; __0sscanf &rArr; __vfscanf_char &rArr; __vfscanf &rArr; _scanf_int
</UL>
<BR>[Calls]<UL><LI><a href="#[77]">&gt;&gt;</a>&nbsp;&nbsp;&nbsp;main
<LI><a href="#[12d]">&gt;&gt;</a>&nbsp;&nbsp;&nbsp;exit
</UL>

<P><STRONG><a name="[265]"></a>__rt_exit</STRONG> (Thumb, 0 bytes, Stack size unknown bytes, rtexit.o(.ARM.Collect$$rtexit$$00000000))
<BR><BR>[Called By]<UL><LI><a href="#[12d]">&gt;&gt;</a>&nbsp;&nbsp;&nbsp;exit
</UL>

<P><STRONG><a name="[12e]"></a>__rt_exit_ls</STRONG> (Thumb, 0 bytes, Stack size unknown bytes, rtexit2.o(.ARM.Collect$$rtexit$$00000003))
<BR><BR>[Calls]<UL><LI><a href="#[12f]">&gt;&gt;</a>&nbsp;&nbsp;&nbsp;__rt_lib_shutdown
</UL>

<P><STRONG><a name="[3bc]"></a>__rt_exit_prels_1</STRONG> (Thumb, 0 bytes, Stack size unknown bytes, rtexit2.o(.ARM.Collect$$rtexit$$00000002))

<P><STRONG><a name="[130]"></a>__rt_exit_exit</STRONG> (Thumb, 0 bytes, Stack size unknown bytes, rtexit2.o(.ARM.Collect$$rtexit$$00000004))
<BR><BR>[Calls]<UL><LI><a href="#[131]">&gt;&gt;</a>&nbsp;&nbsp;&nbsp;_sys_exit
</UL>

<P><STRONG><a name="[12b]"></a>_platform_post_lib_init</STRONG> (Thumb, 24 bytes, Stack size 0 bytes, rtx_conf_cm.o(.emb_text))
<BR><BR>[Stack]<UL><LI>Max Depth = 80 + Unknown Stack Size
<LI>Call Chain = _platform_post_lib_init &rArr; osKernelInitialize &rArr; svcKernelInitialize &rArr; svcThreadCreate &rArr; rt_tsk_create &rArr; rt_init_context &rArr; rt_init_stack
</UL>
<BR>[Calls]<UL><LI><a href="#[134]">&gt;&gt;</a>&nbsp;&nbsp;&nbsp;osKernelStart
<LI><a href="#[132]">&gt;&gt;</a>&nbsp;&nbsp;&nbsp;osKernelInitialize
<LI><a href="#[133]">&gt;&gt;</a>&nbsp;&nbsp;&nbsp;osThreadCreate
<LI><a href="#[12d]">&gt;&gt;</a>&nbsp;&nbsp;&nbsp;exit
</UL>
<BR>[Called By]<UL><LI><a href="#[12a]">&gt;&gt;</a>&nbsp;&nbsp;&nbsp;__rt_entry_postli_1
</UL>

<P><STRONG><a name="[30a]"></a>__asm___9_net_sys_c_71b12f21__sys_get_ver</STRONG> (Thumb, 4 bytes, Stack size 0 bytes, net_sys.o(.emb_text))
<BR><BR>[Called By]<UL><LI><a href="#[171]">&gt;&gt;</a>&nbsp;&nbsp;&nbsp;netInitialize
</UL>

<P><STRONG><a name="[135]"></a>WST_RXF_Main(short, char**)</STRONG> (Thumb, 72 bytes, Stack size 32 bytes, mainmcb1700.o(.text))
<BR><BR>[Stack]<UL><LI>Max Depth = 352 + Unknown Stack Size
<LI>Call Chain = WST_RXF_Main(short, char**) &rArr; TestBuilder::TestBuilder(WST_TSK*) &rArr; EthernetTransmitter::EthernetTransmitter(WST_TSK*) &rArr; EthernetController::EthernetController() &rArr; netIP_aton &rArr; net_addr6_aton &rArr; __0sscanf &rArr; __vfscanf_char &rArr; __vfscanf &rArr; _scanf_int
</UL>
<BR>[Calls]<UL><LI><a href="#[137]">&gt;&gt;</a>&nbsp;&nbsp;&nbsp;WST_MEM::getMemory(unsigned)
<LI><a href="#[139]">&gt;&gt;</a>&nbsp;&nbsp;&nbsp;WST_RXF::start()
<LI><a href="#[136]">&gt;&gt;</a>&nbsp;&nbsp;&nbsp;WST_RXF::initialize()
<LI><a href="#[138]">&gt;&gt;</a>&nbsp;&nbsp;&nbsp;TestBuilder::TestBuilder(WST_TSK*)
</UL>
<BR>[Called By]<UL><LI><a href="#[147]">&gt;&gt;</a>&nbsp;&nbsp;&nbsp;WSTRTOS_Init()
</UL>

<P><STRONG><a name="[3bd]"></a>_maybe_terminate_alloc</STRONG> (Thumb, 0 bytes, Stack size 32 bytes, maybetermalloc1.o(.emb_text), UNUSED)

<P><STRONG><a name="[13a]"></a>WSTMonitor_sendTypeSize()</STRONG> (Thumb, 122 bytes, Stack size 32 bytes, wstmonitor_sendtypes.o(.text))
<BR><BR>[Stack]<UL><LI>Max Depth = 56<LI>Call Chain = WSTMonitor_sendTypeSize() &rArr; WSTMonitor_sendDataStruct(void*, unsigned short)
</UL>
<BR>[Calls]<UL><LI><a href="#[13d]">&gt;&gt;</a>&nbsp;&nbsp;&nbsp;WSTMonitor_getTypeSize2()
<LI><a href="#[13c]">&gt;&gt;</a>&nbsp;&nbsp;&nbsp;WSTMonitor_getTypeSize1()
<LI><a href="#[13b]">&gt;&gt;</a>&nbsp;&nbsp;&nbsp;WSTMonitor_getTypeSize0()
<LI><a href="#[145]">&gt;&gt;</a>&nbsp;&nbsp;&nbsp;WSTMonitor_sendDataStruct(void*, unsigned short)
<LI><a href="#[144]">&gt;&gt;</a>&nbsp;&nbsp;&nbsp;WSTMonitor_getTypeSize9()
<LI><a href="#[143]">&gt;&gt;</a>&nbsp;&nbsp;&nbsp;WSTMonitor_getTypeSize8()
<LI><a href="#[142]">&gt;&gt;</a>&nbsp;&nbsp;&nbsp;WSTMonitor_getTypeSize7()
<LI><a href="#[141]">&gt;&gt;</a>&nbsp;&nbsp;&nbsp;WSTMonitor_getTypeSize6()
<LI><a href="#[140]">&gt;&gt;</a>&nbsp;&nbsp;&nbsp;WSTMonitor_getTypeSize5()
<LI><a href="#[13f]">&gt;&gt;</a>&nbsp;&nbsp;&nbsp;WSTMonitor_getTypeSize4()
<LI><a href="#[13e]">&gt;&gt;</a>&nbsp;&nbsp;&nbsp;WSTMonitor_getTypeSize3()
</UL>
<BR>[Called By]<UL><LI><a href="#[1e3]">&gt;&gt;</a>&nbsp;&nbsp;&nbsp;WSTMonitor_init()
</UL>

<P><STRONG><a name="[77]"></a>main</STRONG> (Thumb, 14 bytes, Stack size 8 bytes, rxf_behaviorpkg.o(.text))
<BR><BR>[Stack]<UL><LI>Max Depth = 384 + Unknown Stack Size
<LI>Call Chain = main &rArr; WSTRTOS_Init() &rArr; WST_RXF_Main(short, char**) &rArr; TestBuilder::TestBuilder(WST_TSK*) &rArr; EthernetTransmitter::EthernetTransmitter(WST_TSK*) &rArr; EthernetController::EthernetController() &rArr; netIP_aton &rArr; net_addr6_aton &rArr; __0sscanf &rArr; __vfscanf_char &rArr; __vfscanf &rArr; _scanf_int
</UL>
<BR>[Calls]<UL><LI><a href="#[147]">&gt;&gt;</a>&nbsp;&nbsp;&nbsp;WSTRTOS_Init()
<LI><a href="#[146]">&gt;&gt;</a>&nbsp;&nbsp;&nbsp;WSTTarget_Init
</UL>
<BR>[Called By]<UL><LI><a href="#[12c]">&gt;&gt;</a>&nbsp;&nbsp;&nbsp;__rt_entry_main
</UL>
<BR>[Address Reference Count : 1]<UL><LI> rtx_conf_cm.o(.constdata)
</UL>
<P><STRONG><a name="[3be]"></a>WST_ERR::~WST_ERR()</STRONG> (Thumb, 2 bytes, Stack size 0 bytes, wst_err.o(.text), UNUSED)

<P><STRONG><a name="[3bf]"></a>WST_ERR::~WST_ERR__sub_object()</STRONG> (Thumb, 0 bytes, Stack size 0 bytes, wst_err.o(.text), UNUSED)

<P><STRONG><a name="[1bf]"></a>WST_ERR::error(const WST_ERR::ErrorCode&, const unsigned&)</STRONG> (Thumb, 4 bytes, Stack size 0 bytes, wst_err.o(.text))
<BR><BR>[Called By]<UL><LI><a href="#[191]">&gt;&gt;</a>&nbsp;&nbsp;&nbsp;WST_FSM::popNullTransition()
<LI><a href="#[1d0]">&gt;&gt;</a>&nbsp;&nbsp;&nbsp;WST_OSW_MSQ_cancelEvents(WST_MSQ*, const WST_FSM*, short)
<LI><a href="#[1d4]">&gt;&gt;</a>&nbsp;&nbsp;&nbsp;WST_OSW_MSQ_getCount(WST_MSQ*)
<LI><a href="#[1ce]">&gt;&gt;</a>&nbsp;&nbsp;&nbsp;WST_OSW_MSQ_init(WST_MSQ*)
<LI><a href="#[1d6]">&gt;&gt;</a>&nbsp;&nbsp;&nbsp;WST_OSW_MSQ_put(WST_MSQ*, WST_EVT*, bool)
<LI><a href="#[1d2]">&gt;&gt;</a>&nbsp;&nbsp;&nbsp;WST_OSW_MSQ_get(WST_MSQ*, WST_EVT**)
<LI><a href="#[1bc]">&gt;&gt;</a>&nbsp;&nbsp;&nbsp;WST_FSM::takeEvent(WST_EVT*)
<LI><a href="#[147]">&gt;&gt;</a>&nbsp;&nbsp;&nbsp;WSTRTOS_Init()
<LI><a href="#[1f7]">&gt;&gt;</a>&nbsp;&nbsp;&nbsp;WST_TSK::executeOnce()
<LI><a href="#[1ea]">&gt;&gt;</a>&nbsp;&nbsp;&nbsp;WST_TMR::operator new(unsigned)
<LI><a href="#[1e4]">&gt;&gt;</a>&nbsp;&nbsp;&nbsp;WST_TSK::execute()
<LI><a href="#[2a2]">&gt;&gt;</a>&nbsp;&nbsp;&nbsp;WST_OSW_TMM_initTimerTask()
<LI><a href="#[1fd]">&gt;&gt;</a>&nbsp;&nbsp;&nbsp;WST_OSW_TSK_resume(WST_TSK*)
<LI><a href="#[1fb]">&gt;&gt;</a>&nbsp;&nbsp;&nbsp;WST_OSW_TSK_suspend(WST_TSK*)
<LI><a href="#[1f9]">&gt;&gt;</a>&nbsp;&nbsp;&nbsp;WST_OSW_TSK_start(WST_TSK*)
<LI><a href="#[293]">&gt;&gt;</a>&nbsp;&nbsp;&nbsp;WST_OSW_TSK_userInit(void(*)(void*), osPriority, void*, unsigned short, void*)
<LI><a href="#[1da]">&gt;&gt;</a>&nbsp;&nbsp;&nbsp;WST_OSW_MTX_enterCriticalRegion(WST_MTX*)
<LI><a href="#[1dc]">&gt;&gt;</a>&nbsp;&nbsp;&nbsp;WST_OSW_MTX_exitCriticalRegion(WST_MTX*)
<LI><a href="#[1dd]">&gt;&gt;</a>&nbsp;&nbsp;&nbsp;WST_OSW_MTX_cleanup(WST_MTX*)
<LI><a href="#[1d8]">&gt;&gt;</a>&nbsp;&nbsp;&nbsp;WST_OSW_MTX_init(WST_MTX*)
</UL>

<P><STRONG><a name="[3c0]"></a>__user_libspace</STRONG> (Thumb, 8 bytes, Stack size 0 bytes, libspace.o(.text), UNUSED)

<P><STRONG><a name="[26c]"></a>__user_perproc_libspace</STRONG> (Thumb, 0 bytes, Stack size 0 bytes, libspace.o(.text))
<BR><BR>[Called By]<UL><LI><a href="#[267]">&gt;&gt;</a>&nbsp;&nbsp;&nbsp;__rt_ddtor_pointer_addr
<LI><a href="#[27f]">&gt;&gt;</a>&nbsp;&nbsp;&nbsp;__rt_eh_globals_addr
<LI><a href="#[127]">&gt;&gt;</a>&nbsp;&nbsp;&nbsp;__user_setup_stackheap
<LI><a href="#[277]">&gt;&gt;</a>&nbsp;&nbsp;&nbsp;__rt_new_handler_addr
<LI><a href="#[121]">&gt;&gt;</a>&nbsp;&nbsp;&nbsp;__rt_locale
<LI><a href="#[270]">&gt;&gt;</a>&nbsp;&nbsp;&nbsp;__rt_heap_descriptor
</UL>

<P><STRONG><a name="[3c1]"></a>rt_set_PSP</STRONG> (Thumb, 6 bytes, Stack size 0 bytes, hal_cm3.o(.emb_text), UNUSED)

<P><STRONG><a name="[385]"></a>rt_get_PSP</STRONG> (Thumb, 6 bytes, Stack size 0 bytes, hal_cm3.o(.emb_text))
<BR><BR>[Called By]<UL><LI><a href="#[384]">&gt;&gt;</a>&nbsp;&nbsp;&nbsp;rt_tsk_delete
</UL>

<P><STRONG><a name="[3c2]"></a>os_set_env</STRONG> (Thumb, 24 bytes, Stack size 0 bytes, hal_cm3.o(.emb_text), UNUSED)

<P><STRONG><a name="[3c3]"></a>_alloc_box</STRONG> (Thumb, 28 bytes, Stack size 0 bytes, hal_cm3.o(.emb_text), UNUSED)

<P><STRONG><a name="[3c4]"></a>_free_box</STRONG> (Thumb, 28 bytes, Stack size 0 bytes, hal_cm3.o(.emb_text), UNUSED)

<P><STRONG><a name="[18]"></a>SVC_Handler</STRONG> (Thumb, 108 bytes, Stack size 0 bytes, hal_cm3.o(.emb_text))
<BR><BR>[Calls]<UL><LI><a href="#[148]">&gt;&gt;</a>&nbsp;&nbsp;&nbsp;rt_stk_check
</UL>
<BR>[Address Reference Count : 1]<UL><LI> startup_lpc17xx.o(RESET)
</UL>
<P><STRONG><a name="[1a]"></a>PendSV_Handler</STRONG> (Thumb, 56 bytes, Stack size 0 bytes, hal_cm3.o(.emb_text))
<BR><BR>[Stack]<UL><LI>Max Depth = 52<LI>Call Chain = PendSV_Handler &rArr; rt_pop_req &rArr; rt_mbx_psh &rArr; rt_put_prio
</UL>
<BR>[Calls]<UL><LI><a href="#[149]">&gt;&gt;</a>&nbsp;&nbsp;&nbsp;rt_pop_req
<LI><a href="#[148]">&gt;&gt;</a>&nbsp;&nbsp;&nbsp;rt_stk_check
</UL>
<BR>[Address Reference Count : 1]<UL><LI> startup_lpc17xx.o(RESET)
</UL>
<P><STRONG><a name="[1b]"></a>SysTick_Handler</STRONG> (Thumb, 8 bytes, Stack size 0 bytes, hal_cm3.o(.emb_text))
<BR><BR>[Stack]<UL><LI>Max Depth = 72<LI>Call Chain = SysTick_Handler &rArr; rt_systick &rArr; sysTimerTick &rArr; isrMessagePut &rArr; isr_mbx_send &rArr; rt_psq_enq
</UL>
<BR>[Calls]<UL><LI><a href="#[14a]">&gt;&gt;</a>&nbsp;&nbsp;&nbsp;rt_systick
</UL>
<BR>[Address Reference Count : 1]<UL><LI> startup_lpc17xx.o(RESET)
</UL>
<P><STRONG><a name="[14b]"></a>OS_Tick_Handler</STRONG> (Thumb, 12 bytes, Stack size 0 bytes, hal_cm3.o(.emb_text), UNUSED)
<BR><BR>[Calls]<UL><LI><a href="#[14c]">&gt;&gt;</a>&nbsp;&nbsp;&nbsp;os_tick_irqack
<LI><a href="#[14a]">&gt;&gt;</a>&nbsp;&nbsp;&nbsp;rt_systick
</UL>

<P><STRONG><a name="[13b]"></a>WSTMonitor_getTypeSize0()</STRONG> (Thumb, 4 bytes, Stack size 0 bytes, defaultpkg.o(.text))
<BR><BR>[Called By]<UL><LI><a href="#[13a]">&gt;&gt;</a>&nbsp;&nbsp;&nbsp;WSTMonitor_sendTypeSize()
</UL>

<P><STRONG><a name="[14d]"></a>evToggle::evToggle()</STRONG> (Thumb, 34 bytes, Stack size 8 bytes, defaultpkg.o(.text))
<BR><BR>[Stack]<UL><LI>Max Depth = 8<LI>Call Chain = evToggle::evToggle()
</UL>
<BR>[Calls]<UL><LI><a href="#[14e]">&gt;&gt;</a>&nbsp;&nbsp;&nbsp;WST_EVT::WST_EVT()
</UL>
<BR>[Called By]<UL><LI><a href="#[1a1]">&gt;&gt;</a>&nbsp;&nbsp;&nbsp;LedBar::toggleSingleLed(int)
</UL>

<P><STRONG><a name="[3c5]"></a>evToggle::evToggle__sub_object()</STRONG> (Thumb, 0 bytes, Stack size 8 bytes, defaultpkg.o(.text), UNUSED)

<P><STRONG><a name="[10b]"></a>evToggle::isTypeOf(short) const</STRONG> (Thumb, 18 bytes, Stack size 0 bytes, defaultpkg.o(.text))
<BR>[Address Reference Count : 1]<UL><LI> defaultpkg.o(.constdata__ZTV8evToggle)
</UL>
<P><STRONG><a name="[14f]"></a>evOn::evOn()</STRONG> (Thumb, 34 bytes, Stack size 8 bytes, defaultpkg.o(.text))
<BR><BR>[Stack]<UL><LI>Max Depth = 8<LI>Call Chain = evOn::evOn()
</UL>
<BR>[Calls]<UL><LI><a href="#[14e]">&gt;&gt;</a>&nbsp;&nbsp;&nbsp;WST_EVT::WST_EVT()
</UL>
<BR>[Called By]<UL><LI><a href="#[d7]">&gt;&gt;</a>&nbsp;&nbsp;&nbsp;RunningIndicatorLed::rootState_processEvent()
</UL>

<P><STRONG><a name="[3c6]"></a>evOn::evOn__sub_object()</STRONG> (Thumb, 0 bytes, Stack size 8 bytes, defaultpkg.o(.text), UNUSED)

<P><STRONG><a name="[e7]"></a>evOn::isTypeOf(short) const</STRONG> (Thumb, 18 bytes, Stack size 0 bytes, defaultpkg.o(.text))
<BR>[Address Reference Count : 1]<UL><LI> defaultpkg.o(.constdata__ZTV4evOn)
</UL>
<P><STRONG><a name="[150]"></a>evOff::evOff()</STRONG> (Thumb, 34 bytes, Stack size 8 bytes, defaultpkg.o(.text))
<BR><BR>[Stack]<UL><LI>Max Depth = 8<LI>Call Chain = evOff::evOff()
</UL>
<BR>[Calls]<UL><LI><a href="#[14e]">&gt;&gt;</a>&nbsp;&nbsp;&nbsp;WST_EVT::WST_EVT()
</UL>
<BR>[Called By]<UL><LI><a href="#[d7]">&gt;&gt;</a>&nbsp;&nbsp;&nbsp;RunningIndicatorLed::rootState_processEvent()
<LI><a href="#[d6]">&gt;&gt;</a>&nbsp;&nbsp;&nbsp;RunningIndicatorLed::rootState_entDef()
</UL>

<P><STRONG><a name="[3c7]"></a>evOff::evOff__sub_object()</STRONG> (Thumb, 0 bytes, Stack size 8 bytes, defaultpkg.o(.text), UNUSED)

<P><STRONG><a name="[ea]"></a>evOff::isTypeOf(short) const</STRONG> (Thumb, 18 bytes, Stack size 0 bytes, defaultpkg.o(.text))
<BR>[Address Reference Count : 1]<UL><LI> defaultpkg.o(.constdata__ZTV5evOff)
</UL>
<P><STRONG><a name="[151]"></a>evReceivedData::evReceivedData(char)</STRONG> (Thumb, 38 bytes, Stack size 16 bytes, defaultpkg.o(.text))
<BR><BR>[Stack]<UL><LI>Max Depth = 16<LI>Call Chain = evReceivedData::evReceivedData(char)
</UL>
<BR>[Calls]<UL><LI><a href="#[14e]">&gt;&gt;</a>&nbsp;&nbsp;&nbsp;WST_EVT::WST_EVT()
</UL>
<BR>[Called By]<UL><LI><a href="#[17f]">&gt;&gt;</a>&nbsp;&nbsp;&nbsp;EthernetReceiver::receiveData()
</UL>

<P><STRONG><a name="[3c8]"></a>evReceivedData::evReceivedData__sub_object(char)</STRONG> (Thumb, 0 bytes, Stack size 16 bytes, defaultpkg.o(.text), UNUSED)

<P><STRONG><a name="[bd]"></a>evReceivedData::isTypeOf(short) const</STRONG> (Thumb, 18 bytes, Stack size 0 bytes, defaultpkg.o(.text))
<BR>[Address Reference Count : 1]<UL><LI> defaultpkg.o(.constdata__ZTV14evReceivedData)
</UL>
<P><STRONG><a name="[152]"></a>evNewJoystickPosition::evNewJoystickPosition(char)</STRONG> (Thumb, 38 bytes, Stack size 16 bytes, defaultpkg.o(.text))
<BR><BR>[Stack]<UL><LI>Max Depth = 16<LI>Call Chain = evNewJoystickPosition::evNewJoystickPosition(char)
</UL>
<BR>[Calls]<UL><LI><a href="#[14e]">&gt;&gt;</a>&nbsp;&nbsp;&nbsp;WST_EVT::WST_EVT()
</UL>
<BR>[Called By]<UL><LI><a href="#[18f]">&gt;&gt;</a>&nbsp;&nbsp;&nbsp;Joystick::sample()
</UL>

<P><STRONG><a name="[3c9]"></a>evNewJoystickPosition::evNewJoystickPosition__sub_object(char)</STRONG> (Thumb, 0 bytes, Stack size 16 bytes, defaultpkg.o(.text), UNUSED)

<P><STRONG><a name="[df]"></a>evNewJoystickPosition::isTypeOf(short) const</STRONG> (Thumb, 18 bytes, Stack size 0 bytes, defaultpkg.o(.text))
<BR>[Address Reference Count : 1]<UL><LI> defaultpkg.o(.constdata__ZTV21evNewJoystickPosition)
</UL>
<P><STRONG><a name="[153]"></a>evBlink::evBlink()</STRONG> (Thumb, 34 bytes, Stack size 8 bytes, defaultpkg.o(.text))
<BR><BR>[Stack]<UL><LI>Max Depth = 8<LI>Call Chain = evBlink::evBlink()
</UL>
<BR>[Calls]<UL><LI><a href="#[14e]">&gt;&gt;</a>&nbsp;&nbsp;&nbsp;WST_EVT::WST_EVT()
</UL>
<BR>[Called By]<UL><LI><a href="#[189]">&gt;&gt;</a>&nbsp;&nbsp;&nbsp;EthernetTransmitter::transmitData()
<LI><a href="#[17f]">&gt;&gt;</a>&nbsp;&nbsp;&nbsp;EthernetReceiver::receiveData()
</UL>

<P><STRONG><a name="[3ca]"></a>evBlink::evBlink__sub_object()</STRONG> (Thumb, 0 bytes, Stack size 8 bytes, defaultpkg.o(.text), UNUSED)

<P><STRONG><a name="[fd]"></a>evBlink::isTypeOf(short) const</STRONG> (Thumb, 18 bytes, Stack size 0 bytes, defaultpkg.o(.text))
<BR>[Address Reference Count : 1]<UL><LI> defaultpkg.o(.constdata__ZTV7evBlink)
</UL>
<P><STRONG><a name="[157]"></a>Display::initStatechart()</STRONG> (Thumb, 8 bytes, Stack size 0 bytes, display.o(.text))
<BR><BR>[Called By]<UL><LI><a href="#[154]">&gt;&gt;</a>&nbsp;&nbsp;&nbsp;Display::Display(WST_TSK*)
</UL>

<P><STRONG><a name="[154]"></a>Display::Display(WST_TSK*)</STRONG> (Thumb, 236 bytes, Stack size 64 bytes, display.o(.text))
<BR><BR>[Stack]<UL><LI>Max Depth = 216 + Unknown Stack Size
<LI>Call Chain = Display::Display(WST_TSK*) &rArr; WSTMonitor_sendInit(void*, unsigned short, void*) &rArr; WST_MEM::getMemory(unsigned) &rArr; WST_OSW_MEM_malloc(unsigned) &rArr;  WST_MEM::getMemory(unsigned) (Cycle)
</UL>
<BR>[Calls]<UL><LI><a href="#[155]">&gt;&gt;</a>&nbsp;&nbsp;&nbsp;WST_FSM::WST_FSM()
<LI><a href="#[156]">&gt;&gt;</a>&nbsp;&nbsp;&nbsp;WST_FSM::setTask(WST_TSK*, bool)
<LI><a href="#[159]">&gt;&gt;</a>&nbsp;&nbsp;&nbsp;EthernetController::getRemoteIpAddress()
<LI><a href="#[158]">&gt;&gt;</a>&nbsp;&nbsp;&nbsp;EthernetController::getHostIpAddress()
<LI><a href="#[162]">&gt;&gt;</a>&nbsp;&nbsp;&nbsp;WSTMonitor_sendInit(void*, unsigned short, void*)
<LI><a href="#[15d]">&gt;&gt;</a>&nbsp;&nbsp;&nbsp;GLCD_SetForegroundColor
<LI><a href="#[15e]">&gt;&gt;</a>&nbsp;&nbsp;&nbsp;GLCD_SetFont
<LI><a href="#[15c]">&gt;&gt;</a>&nbsp;&nbsp;&nbsp;GLCD_SetBackgroundColor
<LI><a href="#[15a]">&gt;&gt;</a>&nbsp;&nbsp;&nbsp;GLCD_Initialize
<LI><a href="#[160]">&gt;&gt;</a>&nbsp;&nbsp;&nbsp;GLCD_DrawString
<LI><a href="#[15f]">&gt;&gt;</a>&nbsp;&nbsp;&nbsp;GLCD_ClearScreen
<LI><a href="#[157]">&gt;&gt;</a>&nbsp;&nbsp;&nbsp;Display::initStatechart()
<LI><a href="#[15b]">&gt;&gt;</a>&nbsp;&nbsp;&nbsp;strcmp
<LI><a href="#[161]">&gt;&gt;</a>&nbsp;&nbsp;&nbsp;__2sprintf
</UL>
<BR>[Called By]<UL><LI><a href="#[138]">&gt;&gt;</a>&nbsp;&nbsp;&nbsp;TestBuilder::TestBuilder(WST_TSK*)
</UL>

<P><STRONG><a name="[3cb]"></a>Display::Display__sub_object(WST_TSK*)</STRONG> (Thumb, 0 bytes, Stack size 64 bytes, display.o(.text), UNUSED)

<P><STRONG><a name="[163]"></a>Display::cleanUpRelations()</STRONG> (Thumb, 34 bytes, Stack size 16 bytes, display.o(.text))
<BR><BR>[Stack]<UL><LI>Max Depth = 16<LI>Call Chain = Display::cleanUpRelations()
</UL>
<BR>[Calls]<UL><LI><a href="#[164]">&gt;&gt;</a>&nbsp;&nbsp;&nbsp;EthernetReceiver::getItsDisplay() const
<LI><a href="#[165]">&gt;&gt;</a>&nbsp;&nbsp;&nbsp;EthernetReceiver::__setItsDisplay(Display*)
</UL>
<BR>[Called By]<UL><LI><a href="#[f1]">&gt;&gt;</a>&nbsp;&nbsp;&nbsp;Display::~Display()
</UL>

<P><STRONG><a name="[f1]"></a>Display::~Display()</STRONG> (Thumb, 32 bytes, Stack size 8 bytes, display.o(.text))
<BR><BR>[Stack]<UL><LI>Max Depth = 296<LI>Call Chain = Display::~Display() &rArr; WST_FSM::~WST_FSM() &rArr; WST_FSM::cancelEventsAndTimeouts() &rArr; WST_TMM::cancelEvents(WST_FSM*) &rArr; WST_MSQ::cancelEvents(WST_FSM*, short) &rArr; WST_OSW_MSQ_cancelEvents(WST_MSQ*, const WST_FSM*, short) &rArr; WST_MSQ::WST_MSQ(unsigned short, bool) &rArr; WST_OSW_MSQ_init(WST_MSQ*) &rArr; WST_MEM::getMemory(unsigned) &rArr; WST_OSW_MEM_malloc(unsigned) &rArr;  WST_MEM::getMemory(unsigned) (Cycle)
</UL>
<BR>[Calls]<UL><LI><a href="#[f7]">&gt;&gt;</a>&nbsp;&nbsp;&nbsp;WST_FSM::~WST_FSM()
<LI><a href="#[166]">&gt;&gt;</a>&nbsp;&nbsp;&nbsp;WSTMonitor_sendDestroy(void*)
<LI><a href="#[163]">&gt;&gt;</a>&nbsp;&nbsp;&nbsp;Display::cleanUpRelations()
</UL>
<BR>[Called By]<UL><LI><a href="#[f2]">&gt;&gt;</a>&nbsp;&nbsp;&nbsp;Display::~Display__deallocating()
<LI><a href="#[b2]">&gt;&gt;</a>&nbsp;&nbsp;&nbsp;TestBuilder::~TestBuilder()
</UL>
<BR>[Address Reference Count : 1]<UL><LI> display.o(.constdata__ZTV7Display)
</UL>
<P><STRONG><a name="[3cc]"></a>Display::~Display__sub_object()</STRONG> (Thumb, 0 bytes, Stack size 8 bytes, display.o(.text), UNUSED)

<P><STRONG><a name="[f2]"></a>Display::~Display__deallocating()</STRONG> (Thumb, 22 bytes, Stack size 16 bytes, display.o(.text))
<BR><BR>[Stack]<UL><LI>Max Depth = 312<LI>Call Chain = Display::~Display__deallocating() &rArr; Display::~Display() &rArr; WST_FSM::~WST_FSM() &rArr; WST_FSM::cancelEventsAndTimeouts() &rArr; WST_TMM::cancelEvents(WST_FSM*) &rArr; WST_MSQ::cancelEvents(WST_FSM*, short) &rArr; WST_OSW_MSQ_cancelEvents(WST_MSQ*, const WST_FSM*, short) &rArr; WST_MSQ::WST_MSQ(unsigned short, bool) &rArr; WST_OSW_MSQ_init(WST_MSQ*) &rArr; WST_MEM::getMemory(unsigned) &rArr; WST_OSW_MEM_malloc(unsigned) &rArr;  WST_MEM::getMemory(unsigned) (Cycle)
</UL>
<BR>[Calls]<UL><LI><a href="#[f1]">&gt;&gt;</a>&nbsp;&nbsp;&nbsp;Display::~Display()
<LI><a href="#[167]">&gt;&gt;</a>&nbsp;&nbsp;&nbsp;WST_MEM::returnMemory(void*)
</UL>
<BR>[Address Reference Count : 1]<UL><LI> display.o(.constdata__ZTV7Display)
</UL>
<P><STRONG><a name="[168]"></a>Display::drawReceivedPosition(char)</STRONG> (Thumb, 74 bytes, Stack size 56 bytes, display.o(.text))
<BR><BR>[Stack]<UL><LI>Max Depth = 192 + Unknown Stack Size
<LI>Call Chain = Display::drawReceivedPosition(char) &rArr; __2sprintf &rArr; _printf_char_common &rArr; __printf
</UL>
<BR>[Calls]<UL><LI><a href="#[160]">&gt;&gt;</a>&nbsp;&nbsp;&nbsp;GLCD_DrawString
<LI><a href="#[161]">&gt;&gt;</a>&nbsp;&nbsp;&nbsp;__2sprintf
</UL>
<BR>[Called By]<UL><LI><a href="#[f4]">&gt;&gt;</a>&nbsp;&nbsp;&nbsp;Display::rootState_processEvent()
</UL>

<P><STRONG><a name="[17e]"></a>Display::getItsEthernetReceiver() const</STRONG> (Thumb, 6 bytes, Stack size 0 bytes, display.o(.text))
<BR><BR>[Called By]<UL><LI><a href="#[17d]">&gt;&gt;</a>&nbsp;&nbsp;&nbsp;EthernetReceiver::cleanUpRelations()
</UL>

<P><STRONG><a name="[16a]"></a>Display::__setItsEthernetReceiver(EthernetReceiver*)</STRONG> (Thumb, 4 bytes, Stack size 0 bytes, display.o(.text))
<BR><BR>[Called By]<UL><LI><a href="#[17d]">&gt;&gt;</a>&nbsp;&nbsp;&nbsp;EthernetReceiver::cleanUpRelations()
<LI><a href="#[16c]">&gt;&gt;</a>&nbsp;&nbsp;&nbsp;EthernetReceiver::_setItsDisplay(Display*)
<LI><a href="#[169]">&gt;&gt;</a>&nbsp;&nbsp;&nbsp;Display::_setItsEthernetReceiver(EthernetReceiver*)
</UL>

<P><STRONG><a name="[169]"></a>Display::_setItsEthernetReceiver(EthernetReceiver*)</STRONG> (Thumb, 28 bytes, Stack size 16 bytes, display.o(.text))
<BR><BR>[Stack]<UL><LI>Max Depth = 16<LI>Call Chain = Display::_setItsEthernetReceiver(EthernetReceiver*)
</UL>
<BR>[Calls]<UL><LI><a href="#[165]">&gt;&gt;</a>&nbsp;&nbsp;&nbsp;EthernetReceiver::__setItsDisplay(Display*)
<LI><a href="#[16a]">&gt;&gt;</a>&nbsp;&nbsp;&nbsp;Display::__setItsEthernetReceiver(EthernetReceiver*)
</UL>
<BR>[Called By]<UL><LI><a href="#[182]">&gt;&gt;</a>&nbsp;&nbsp;&nbsp;EthernetReceiver::setItsDisplay(Display*)
<LI><a href="#[16b]">&gt;&gt;</a>&nbsp;&nbsp;&nbsp;Display::setItsEthernetReceiver(EthernetReceiver*)
</UL>

<P><STRONG><a name="[16b]"></a>Display::setItsEthernetReceiver(EthernetReceiver*)</STRONG> (Thumb, 26 bytes, Stack size 16 bytes, display.o(.text), UNUSED)
<BR><BR>[Calls]<UL><LI><a href="#[16c]">&gt;&gt;</a>&nbsp;&nbsp;&nbsp;EthernetReceiver::_setItsDisplay(Display*)
<LI><a href="#[169]">&gt;&gt;</a>&nbsp;&nbsp;&nbsp;Display::_setItsEthernetReceiver(EthernetReceiver*)
</UL>

<P><STRONG><a name="[f5]"></a>Display::startBehavior()</STRONG> (Thumb, 18 bytes, Stack size 16 bytes, display.o(.text))
<BR><BR>[Stack]<UL><LI>Max Depth = 184<LI>Call Chain = Display::startBehavior() &rArr; WST_FSM::startBehavior() &rArr; WST_FSM::gen(WST_EVT*, bool) &rArr; WST_MSQ::put(WST_EVT*, bool) &rArr; WST_OSW_MSQ_put(WST_MSQ*, WST_EVT*, bool) &rArr; osMessagePut &rArr; isrMessagePut &rArr; isr_mbx_send &rArr; rt_psq_enq
</UL>
<BR>[Calls]<UL><LI><a href="#[16d]">&gt;&gt;</a>&nbsp;&nbsp;&nbsp;WST_FSM::startBehavior()
</UL>
<BR>[Called By]<UL><LI><a href="#[b9]">&gt;&gt;</a>&nbsp;&nbsp;&nbsp;TestBuilder::startBehavior()
</UL>
<BR>[Address Reference Count : 1]<UL><LI> display.o(.constdata__ZTV7Display)
</UL>
<P><STRONG><a name="[3cd]"></a>Display::_clearItsEthernetReceiver()</STRONG> (Thumb, 6 bytes, Stack size 0 bytes, display.o(.text), UNUSED)

<P><STRONG><a name="[f3]"></a>Display::rootState_entDef()</STRONG> (Thumb, 8 bytes, Stack size 0 bytes, display.o(.text))
<BR>[Address Reference Count : 1]<UL><LI> display.o(.constdata__ZTV7Display)
</UL>
<P><STRONG><a name="[f4]"></a>Display::rootState_processEvent()</STRONG> (Thumb, 80 bytes, Stack size 16 bytes, display.o(.text))
<BR><BR>[Stack]<UL><LI>Max Depth = 208 + Unknown Stack Size
<LI>Call Chain = Display::rootState_processEvent() &rArr; Display::drawReceivedPosition(char) &rArr; __2sprintf &rArr; _printf_char_common &rArr; __printf
</UL>
<BR>[Calls]<UL><LI><a href="#[168]">&gt;&gt;</a>&nbsp;&nbsp;&nbsp;Display::drawReceivedPosition(char)
</UL>
<BR>[Address Reference Count : 1]<UL><LI> display.o(.constdata__ZTV7Display)
</UL>
<P><STRONG><a name="[16e]"></a>EthernetController::ClassWSTMonitor_getTypeSize1()</STRONG> (Thumb, 4 bytes, Stack size 0 bytes, ethernetcontroller.o(.text))
<BR><BR>[Called By]<UL><LI><a href="#[13c]">&gt;&gt;</a>&nbsp;&nbsp;&nbsp;WSTMonitor_getTypeSize1()
</UL>

<P><STRONG><a name="[13c]"></a>WSTMonitor_getTypeSize1()</STRONG> (Thumb, 8 bytes, Stack size 4 bytes, ethernetcontroller.o(.text))
<BR><BR>[Stack]<UL><LI>Max Depth = 4<LI>Call Chain = WSTMonitor_getTypeSize1()
</UL>
<BR>[Calls]<UL><LI><a href="#[16e]">&gt;&gt;</a>&nbsp;&nbsp;&nbsp;EthernetController::ClassWSTMonitor_getTypeSize1()
</UL>
<BR>[Called By]<UL><LI><a href="#[13a]">&gt;&gt;</a>&nbsp;&nbsp;&nbsp;WSTMonitor_sendTypeSize()
</UL>

<P><STRONG><a name="[16f]"></a>EthernetController::ClassWSTMonitor_getTypeSize2()</STRONG> (Thumb, 4 bytes, Stack size 0 bytes, ethernetcontroller.o(.text))
<BR><BR>[Called By]<UL><LI><a href="#[13d]">&gt;&gt;</a>&nbsp;&nbsp;&nbsp;WSTMonitor_getTypeSize2()
</UL>

<P><STRONG><a name="[13d]"></a>WSTMonitor_getTypeSize2()</STRONG> (Thumb, 8 bytes, Stack size 4 bytes, ethernetcontroller.o(.text))
<BR><BR>[Stack]<UL><LI>Max Depth = 4<LI>Call Chain = WSTMonitor_getTypeSize2()
</UL>
<BR>[Calls]<UL><LI><a href="#[16f]">&gt;&gt;</a>&nbsp;&nbsp;&nbsp;EthernetController::ClassWSTMonitor_getTypeSize2()
</UL>
<BR>[Called By]<UL><LI><a href="#[13a]">&gt;&gt;</a>&nbsp;&nbsp;&nbsp;WSTMonitor_sendTypeSize()
</UL>

<P><STRONG><a name="[170]"></a>EthernetController::EthernetController()</STRONG> (Thumb, 56 bytes, Stack size 16 bytes, ethernetcontroller.o(.text))
<BR><BR>[Stack]<UL><LI>Max Depth = 272<LI>Call Chain = EthernetController::EthernetController() &rArr; netIP_aton &rArr; net_addr6_aton &rArr; __0sscanf &rArr; __vfscanf_char &rArr; __vfscanf &rArr; _scanf_int
</UL>
<BR>[Calls]<UL><LI><a href="#[171]">&gt;&gt;</a>&nbsp;&nbsp;&nbsp;netInitialize
<LI><a href="#[172]">&gt;&gt;</a>&nbsp;&nbsp;&nbsp;netIP_aton
<LI><a href="#[173]">&gt;&gt;</a>&nbsp;&nbsp;&nbsp;netIF_SetOption
<LI><a href="#[162]">&gt;&gt;</a>&nbsp;&nbsp;&nbsp;WSTMonitor_sendInit(void*, unsigned short, void*)
</UL>
<BR>[Called By]<UL><LI><a href="#[185]">&gt;&gt;</a>&nbsp;&nbsp;&nbsp;EthernetTransmitter::EthernetTransmitter(WST_TSK*)
<LI><a href="#[176]">&gt;&gt;</a>&nbsp;&nbsp;&nbsp;EthernetReceiver::EthernetReceiver(WST_TSK*)
</UL>

<P><STRONG><a name="[3ce]"></a>EthernetController::EthernetController__sub_object()</STRONG> (Thumb, 0 bytes, Stack size 16 bytes, ethernetcontroller.o(.text), UNUSED)

<P><STRONG><a name="[174]"></a>EthernetController::~EthernetController()</STRONG> (Thumb, 20 bytes, Stack size 8 bytes, ethernetcontroller.o(.text))
<BR><BR>[Stack]<UL><LI>Max Depth = 232<LI>Call Chain = EthernetController::~EthernetController() &rArr; closesocket &rArr; bsd_kill_socket &rArr; net_tcp_abort &rArr; tcp_send_ctrl &rArr; tcp_write &rArr; net_ip6_send_frame &rArr; net_eth_send_frame &rArr; net_arp_cache_find &rArr; arp_send_request &rArr; net_eth_output &rArr; eth_unlock &rArr; netif_unlock &rArr; osSemaphoreRelease &rArr; isrSemaphoreRelease &rArr; isr_sem_send &rArr; rt_psq_enq
</UL>
<BR>[Calls]<UL><LI><a href="#[175]">&gt;&gt;</a>&nbsp;&nbsp;&nbsp;closesocket
<LI><a href="#[166]">&gt;&gt;</a>&nbsp;&nbsp;&nbsp;WSTMonitor_sendDestroy(void*)
</UL>
<BR>[Called By]<UL><LI><a href="#[c9]">&gt;&gt;</a>&nbsp;&nbsp;&nbsp;EthernetTransmitter::~EthernetTransmitter()
<LI><a href="#[be]">&gt;&gt;</a>&nbsp;&nbsp;&nbsp;EthernetReceiver::~EthernetReceiver()
</UL>

<P><STRONG><a name="[3cf]"></a>EthernetController::~EthernetController__sub_object()</STRONG> (Thumb, 0 bytes, Stack size 8 bytes, ethernetcontroller.o(.text), UNUSED)

<P><STRONG><a name="[158]"></a>EthernetController::getHostIpAddress()</STRONG> (Thumb, 8 bytes, Stack size 0 bytes, ethernetcontroller.o(.text))
<BR><BR>[Called By]<UL><LI><a href="#[154]">&gt;&gt;</a>&nbsp;&nbsp;&nbsp;Display::Display(WST_TSK*)
</UL>

<P><STRONG><a name="[159]"></a>EthernetController::getRemoteIpAddress()</STRONG> (Thumb, 8 bytes, Stack size 0 bytes, ethernetcontroller.o(.text))
<BR><BR>[Called By]<UL><LI><a href="#[154]">&gt;&gt;</a>&nbsp;&nbsp;&nbsp;Display::Display(WST_TSK*)
</UL>

<P><STRONG><a name="[3d0]"></a>EthernetController::getAddr() const</STRONG> (Thumb, 12 bytes, Stack size 12 bytes, ethernetcontroller.o(.text), UNUSED)

<P><STRONG><a name="[3d1]"></a>EthernetController::setAddr(sockaddr_in)</STRONG> (Thumb, 18 bytes, Stack size 24 bytes, ethernetcontroller.o(.text), UNUSED)

<P><STRONG><a name="[3d2]"></a>EthernetController::getDbuf(int) const</STRONG> (Thumb, 10 bytes, Stack size 0 bytes, ethernetcontroller.o(.text), UNUSED)

<P><STRONG><a name="[3d3]"></a>EthernetController::setDbuf(int, char)</STRONG> (Thumb, 8 bytes, Stack size 0 bytes, ethernetcontroller.o(.text), UNUSED)

<P><STRONG><a name="[3d4]"></a>EthernetController::getDstPort()</STRONG> (Thumb, 6 bytes, Stack size 0 bytes, ethernetcontroller.o(.text), UNUSED)

<P><STRONG><a name="[3d5]"></a>EthernetController::setDstPort(int)</STRONG> (Thumb, 6 bytes, Stack size 0 bytes, ethernetcontroller.o(.text), UNUSED)

<P><STRONG><a name="[3d6]"></a>EthernetController::getHostIpAddr()</STRONG> (Thumb, 6 bytes, Stack size 0 bytes, ethernetcontroller.o(.text), UNUSED)

<P><STRONG><a name="[3d7]"></a>EthernetController::getRemoteIpAddr()</STRONG> (Thumb, 6 bytes, Stack size 0 bytes, ethernetcontroller.o(.text), UNUSED)

<P><STRONG><a name="[3d8]"></a>EthernetController::getSock() const</STRONG> (Thumb, 6 bytes, Stack size 0 bytes, ethernetcontroller.o(.text), UNUSED)

<P><STRONG><a name="[3d9]"></a>EthernetController::setSock(int)</STRONG> (Thumb, 4 bytes, Stack size 0 bytes, ethernetcontroller.o(.text), UNUSED)

<P><STRONG><a name="[3da]"></a>EthernetController::getStatus()</STRONG> (Thumb, 6 bytes, Stack size 0 bytes, ethernetcontroller.o(.text), UNUSED)

<P><STRONG><a name="[3db]"></a>EthernetController::setStatus(netStatus)</STRONG> (Thumb, 6 bytes, Stack size 0 bytes, ethernetcontroller.o(.text), UNUSED)

<P><STRONG><a name="[178]"></a>EthernetReceiver::initStatechart()</STRONG> (Thumb, 14 bytes, Stack size 0 bytes, ethernetreceiver.o(.text))
<BR><BR>[Called By]<UL><LI><a href="#[176]">&gt;&gt;</a>&nbsp;&nbsp;&nbsp;EthernetReceiver::EthernetReceiver(WST_TSK*)
</UL>

[...]
<LI><a href="#[2b7]">&gt;&gt;</a>&nbsp;&nbsp;&nbsp;bsd_enable
<LI><a href="#[2be]">&gt;&gt;</a>&nbsp;&nbsp;&nbsp;net_tcp_release_socket
<LI><a href="#[2bd]">&gt;&gt;</a>&nbsp;&nbsp;&nbsp;net_tcp_abort
<LI><a href="#[2c0]">&gt;&gt;</a>&nbsp;&nbsp;&nbsp;net_udp_release_socket
<LI><a href="#[1eb]">&gt;&gt;</a>&nbsp;&nbsp;&nbsp;__aeabi_memclr4
<LI><a href="#[2bf]">&gt;&gt;</a>&nbsp;&nbsp;&nbsp;net_udp_close
</UL>
<BR>[Called By]<UL><LI><a href="#[175]">&gt;&gt;</a>&nbsp;&nbsp;&nbsp;closesocket
</UL>

<P><STRONG><a name="[2b4]"></a>bsd_map_socket</STRONG> (Thumb, 38 bytes, Stack size 12 bytes, net_bsd.o(i.bsd_map_socket))
<BR><BR>[Stack]<UL><LI>Max Depth = 12<LI>Call Chain = bsd_map_socket
</UL>
<BR>[Called By]<UL><LI><a href="#[73]">&gt;&gt;</a>&nbsp;&nbsp;&nbsp;bsd_cb_udp
<LI><a href="#[74]">&gt;&gt;</a>&nbsp;&nbsp;&nbsp;bsd_cb_tcp
</UL>

<P><STRONG><a name="[2b2]"></a>bsd_open_udp</STRONG> (Thumb, 22 bytes, Stack size 0 bytes, net_bsd.o(i.bsd_open_udp))
<BR><BR>[Stack]<UL><LI>Max Depth = 24<LI>Call Chain = bsd_open_udp &rArr; net_udp_open &rArr; udp_port_in_use
</UL>
<BR>[Calls]<UL><LI><a href="#[2c1]">&gt;&gt;</a>&nbsp;&nbsp;&nbsp;net_udp_open
</UL>
<BR>[Called By]<UL><LI><a href="#[187]">&gt;&gt;</a>&nbsp;&nbsp;&nbsp;connect
<LI><a href="#[17a]">&gt;&gt;</a>&nbsp;&nbsp;&nbsp;bind
<LI><a href="#[389]">&gt;&gt;</a>&nbsp;&nbsp;&nbsp;sendto
</UL>

<P><STRONG><a name="[2c2]"></a>bsd_wait</STRONG> (Thumb, 48 bytes, Stack size 8 bytes, net_bsd.o(i.bsd_wait))
<BR><BR>[Stack]<UL><LI>Max Depth = 24<LI>Call Chain = bsd_wait &rArr; net_bsd_suspend
</UL>
<BR>[Calls]<UL><LI><a href="#[2c3]">&gt;&gt;</a>&nbsp;&nbsp;&nbsp;net_bsd_suspend
</UL>
<BR>[Called By]<UL><LI><a href="#[187]">&gt;&gt;</a>&nbsp;&nbsp;&nbsp;connect
<LI><a href="#[175]">&gt;&gt;</a>&nbsp;&nbsp;&nbsp;closesocket
<LI><a href="#[389]">&gt;&gt;</a>&nbsp;&nbsp;&nbsp;sendto
<LI><a href="#[360]">&gt;&gt;</a>&nbsp;&nbsp;&nbsp;recvfrom
</UL>

<P><STRONG><a name="[2c8]"></a>is_addr_unspec</STRONG> (Thumb, 30 bytes, Stack size 0 bytes, net_bsd.o(i.is_addr_unspec))
<BR><BR>[Calls]<UL><LI><a href="#[2e3]">&gt;&gt;</a>&nbsp;&nbsp;&nbsp;net_addr6_is_unspec
</UL>
<BR>[Called By]<UL><LI><a href="#[187]">&gt;&gt;</a>&nbsp;&nbsp;&nbsp;connect
<LI><a href="#[389]">&gt;&gt;</a>&nbsp;&nbsp;&nbsp;sendto
</UL>

<P><STRONG><a name="[2b1]"></a>is_addr_valid</STRONG> (Thumb, 36 bytes, Stack size 0 bytes, net_bsd.o(i.is_addr_valid))
<BR><BR>[Called By]<UL><LI><a href="#[187]">&gt;&gt;</a>&nbsp;&nbsp;&nbsp;connect
<LI><a href="#[17a]">&gt;&gt;</a>&nbsp;&nbsp;&nbsp;bind
<LI><a href="#[389]">&gt;&gt;</a>&nbsp;&nbsp;&nbsp;sendto
</UL>

<P><STRONG><a name="[2c6]"></a>list_get_first</STRONG> (Thumb, 40 bytes, Stack size 0 bytes, net_bsd.o(i.list_get_first))
<BR><BR>[Called By]<UL><LI><a href="#[175]">&gt;&gt;</a>&nbsp;&nbsp;&nbsp;closesocket
</UL>

<P><STRONG><a name="[2b8]"></a>que_add_buf</STRONG> (Thumb, 24 bytes, Stack size 0 bytes, net_bsd.o(i.que_add_buf))
<BR><BR>[Called By]<UL><LI><a href="#[73]">&gt;&gt;</a>&nbsp;&nbsp;&nbsp;bsd_cb_udp
<LI><a href="#[74]">&gt;&gt;</a>&nbsp;&nbsp;&nbsp;bsd_cb_tcp
</UL>

<P><STRONG><a name="[2b6]"></a>que_free_list</STRONG> (Thumb, 26 bytes, Stack size 8 bytes, net_bsd.o(i.que_free_list))
<BR><BR>[Stack]<UL><LI>Max Depth = 24<LI>Call Chain = que_free_list &rArr; net_mem_free
</UL>
<BR>[Calls]<UL><LI><a href="#[2af]">&gt;&gt;</a>&nbsp;&nbsp;&nbsp;net_mem_free
</UL>
<BR>[Called By]<UL><LI><a href="#[2bc]">&gt;&gt;</a>&nbsp;&nbsp;&nbsp;bsd_kill_socket
<LI><a href="#[74]">&gt;&gt;</a>&nbsp;&nbsp;&nbsp;bsd_cb_tcp
</UL>

<P><STRONG><a name="[2cd]"></a>check_client_id</STRONG> (Thumb, 104 bytes, Stack size 8 bytes, net_dhcp6_client.o(i.check_client_id))
<BR><BR>[Stack]<UL><LI>Max Depth = 8<LI>Call Chain = check_client_id
</UL>
<BR>[Called By]<UL><LI><a href="#[56]">&gt;&gt;</a>&nbsp;&nbsp;&nbsp;dhcp6_listener
</UL>

<P><STRONG><a name="[2cb]"></a>dhcp6_client_start</STRONG> (Thumb, 46 bytes, Stack size 16 bytes, net_dhcp6_client.o(i.dhcp6_client_start))
<BR><BR>[Stack]<UL><LI>Max Depth = 40<LI>Call Chain = dhcp6_client_start &rArr; net_udp_open &rArr; udp_port_in_use
</UL>
<BR>[Calls]<UL><LI><a href="#[2cc]">&gt;&gt;</a>&nbsp;&nbsp;&nbsp;net_rand32
<LI><a href="#[2c1]">&gt;&gt;</a>&nbsp;&nbsp;&nbsp;net_udp_open
<LI><a href="#[2a8]">&gt;&gt;</a>&nbsp;&nbsp;&nbsp;net_addr6_copy
</UL>
<BR>[Called By]<UL><LI><a href="#[b0]">&gt;&gt;</a>&nbsp;&nbsp;&nbsp;net_dhcp6_client_init
</UL>

<P><STRONG><a name="[56]"></a>dhcp6_listener</STRONG> (Thumb, 736 bytes, Stack size 40 bytes, net_dhcp6_client.o(i.dhcp6_listener))
<BR><BR>[Stack]<UL><LI>Max Depth = 64<LI>Call Chain = dhcp6_listener &rArr; proc_opt_ia_na
</UL>
<BR>[Calls]<UL><LI><a href="#[2d1]">&gt;&gt;</a>&nbsp;&nbsp;&nbsp;netDHCP6_Notify
<LI><a href="#[2ce]">&gt;&gt;</a>&nbsp;&nbsp;&nbsp;select_server
<LI><a href="#[2cf]">&gt;&gt;</a>&nbsp;&nbsp;&nbsp;proc_opt_ia_na
<LI><a href="#[2cd]">&gt;&gt;</a>&nbsp;&nbsp;&nbsp;check_client_id
<LI><a href="#[2d0]">&gt;&gt;</a>&nbsp;&nbsp;&nbsp;memcmp
<LI><a href="#[2a8]">&gt;&gt;</a>&nbsp;&nbsp;&nbsp;net_addr6_copy
</UL>
<BR>[Address Reference Count : 1]<UL><LI> net_dhcp6_client.o(i.net_dhcp6_client_init)
</UL>
<P><STRONG><a name="[2d2]"></a>dhcp6_send_message</STRONG> (Thumb, 454 bytes, Stack size 48 bytes, net_dhcp6_client.o(i.dhcp6_send_message))
<BR><BR>[Stack]<UL><LI>Max Depth = 224<LI>Call Chain = dhcp6_send_message &rArr; net_udp_send &rArr; net_ip6_send_frame &rArr; net_eth_send_frame &rArr; net_arp_cache_find &rArr; arp_send_request &rArr; net_eth_output &rArr; eth_unlock &rArr; netif_unlock &rArr; osSemaphoreRelease &rArr; isrSemaphoreRelease &rArr; isr_sem_send &rArr; rt_psq_enq
</UL>
<BR>[Calls]<UL><LI><a href="#[2d4]">&gt;&gt;</a>&nbsp;&nbsp;&nbsp;net_strcpy
<LI><a href="#[2d5]">&gt;&gt;</a>&nbsp;&nbsp;&nbsp;net_udp_send
<LI><a href="#[1cc]">&gt;&gt;</a>&nbsp;&nbsp;&nbsp;__aeabi_memcpy
<LI><a href="#[2d3]">&gt;&gt;</a>&nbsp;&nbsp;&nbsp;net_udp_get_buf
<LI><a href="#[2a8]">&gt;&gt;</a>&nbsp;&nbsp;&nbsp;net_addr6_copy
</UL>
<BR>[Called By]<UL><LI><a href="#[b1]">&gt;&gt;</a>&nbsp;&nbsp;&nbsp;net_dhcp6_client_run
</UL>

<P><STRONG><a name="[2dc]"></a>get_tout</STRONG> (Thumb, 92 bytes, Stack size 16 bytes, net_dhcp6_client.o(i.get_tout))
<BR><BR>[Stack]<UL><LI>Max Depth = 16<LI>Call Chain = get_tout
</UL>
<BR>[Calls]<UL><LI><a href="#[2cc]">&gt;&gt;</a>&nbsp;&nbsp;&nbsp;net_rand32
</UL>
<BR>[Called By]<UL><LI><a href="#[b1]">&gt;&gt;</a>&nbsp;&nbsp;&nbsp;net_dhcp6_client_run
</UL>

<P><STRONG><a name="[2cf]"></a>proc_opt_ia_na</STRONG> (Thumb, 180 bytes, Stack size 24 bytes, net_dhcp6_client.o(i.proc_opt_ia_na))
<BR><BR>[Stack]<UL><LI>Max Depth = 24<LI>Call Chain = proc_opt_ia_na
</UL>
<BR>[Calls]<UL><LI><a href="#[2e2]">&gt;&gt;</a>&nbsp;&nbsp;&nbsp;net_addr6_comp
<LI><a href="#[2a8]">&gt;&gt;</a>&nbsp;&nbsp;&nbsp;net_addr6_copy
</UL>
<BR>[Called By]<UL><LI><a href="#[56]">&gt;&gt;</a>&nbsp;&nbsp;&nbsp;dhcp6_listener
</UL>

<P><STRONG><a name="[2ce]"></a>select_server</STRONG> (Thumb, 106 bytes, Stack size 16 bytes, net_dhcp6_client.o(i.select_server))
<BR><BR>[Stack]<UL><LI>Max Depth = 16<LI>Call Chain = select_server
</UL>
<BR>[Calls]<UL><LI><a href="#[1cc]">&gt;&gt;</a>&nbsp;&nbsp;&nbsp;__aeabi_memcpy
</UL>
<BR>[Called By]<UL><LI><a href="#[56]">&gt;&gt;</a>&nbsp;&nbsp;&nbsp;dhcp6_listener
</UL>

<P><STRONG><a name="[58]"></a>nbns_listener</STRONG> (Thumb, 336 bytes, Stack size 40 bytes, net_nbns_client.o(i.nbns_listener))
<BR><BR>[Stack]<UL><LI>Max Depth = 216<LI>Call Chain = nbns_listener &rArr; net_udp_send &rArr; net_ip6_send_frame &rArr; net_eth_send_frame &rArr; net_arp_cache_find &rArr; arp_send_request &rArr; net_eth_output &rArr; eth_unlock &rArr; netif_unlock &rArr; osSemaphoreRelease &rArr; isrSemaphoreRelease &rArr; isr_sem_send &rArr; rt_psq_enq
</UL>
<BR>[Calls]<UL><LI><a href="#[2f3]">&gt;&gt;</a>&nbsp;&nbsp;&nbsp;net_strtoupper
<LI><a href="#[2d5]">&gt;&gt;</a>&nbsp;&nbsp;&nbsp;net_udp_send
<LI><a href="#[1cc]">&gt;&gt;</a>&nbsp;&nbsp;&nbsp;__aeabi_memcpy
<LI><a href="#[2d0]">&gt;&gt;</a>&nbsp;&nbsp;&nbsp;memcmp
<LI><a href="#[2d3]">&gt;&gt;</a>&nbsp;&nbsp;&nbsp;net_udp_get_buf
<LI><a href="#[2af]">&gt;&gt;</a>&nbsp;&nbsp;&nbsp;net_mem_free
<LI><a href="#[2ad]">&gt;&gt;</a>&nbsp;&nbsp;&nbsp;net_mem_alloc
</UL>
<BR>[Address Reference Count : 1]<UL><LI> net_nbns_client.o(i.net_nbns_client_init)
</UL>
<P><STRONG><a name="[34a]"></a>ping_send_req</STRONG> (Thumb, 22 bytes, Stack size 0 bytes, net_ping.o(i.ping_send_req))
<BR><BR>[Stack]<UL><LI>Max Depth = 184<LI>Call Chain = ping_send_req &rArr; net_icmp6_send_echo &rArr; net_icmp6_send &rArr; net_ip6_send_frame &rArr; net_eth_send_frame &rArr; net_arp_cache_find &rArr; arp_send_request &rArr; net_eth_output &rArr; eth_unlock &rArr; netif_unlock &rArr; osSemaphoreRelease &rArr; isrSemaphoreRelease &rArr; isr_sem_send &rArr; rt_psq_enq
</UL>
<BR>[Calls]<UL><LI><a href="#[339]">&gt;&gt;</a>&nbsp;&nbsp;&nbsp;net_icmp_send_echo
<LI><a href="#[337]">&gt;&gt;</a>&nbsp;&nbsp;&nbsp;net_icmp6_send_echo
</UL>
<BR>[Called By]<UL><LI><a href="#[a8]">&gt;&gt;</a>&nbsp;&nbsp;&nbsp;net_ping_client_run
</UL>

<P><STRONG><a name="[303]"></a>sys_proc_tick</STRONG> (Thumb, 72 bytes, Stack size 0 bytes, net_sys.o(i.sys_proc_tick))
<BR><BR>[Calls]<UL><LI><a href="#[2cc]">&gt;&gt;</a>&nbsp;&nbsp;&nbsp;net_rand32
</UL>
<BR>[Called By]<UL><LI><a href="#[9f]">&gt;&gt;</a>&nbsp;&nbsp;&nbsp;netCore_Thread
</UL>

<P><STRONG><a name="[2f4]"></a>ndp_cache_add</STRONG> (Thumb, 142 bytes, Stack size 32 bytes, net_ndp.o(i.ndp_cache_add))
<BR><BR>[Stack]<UL><LI>Max Depth = 52<LI>Call Chain = ndp_cache_add &rArr; ndp_cache_alloc
</UL>
<BR>[Calls]<UL><LI><a href="#[2e2]">&gt;&gt;</a>&nbsp;&nbsp;&nbsp;net_addr6_comp
<LI><a href="#[2f5]">&gt;&gt;</a>&nbsp;&nbsp;&nbsp;ndp_cache_alloc
<LI><a href="#[2a8]">&gt;&gt;</a>&nbsp;&nbsp;&nbsp;net_addr6_copy
</UL>
<BR>[Called By]<UL><LI><a href="#[334]">&gt;&gt;</a>&nbsp;&nbsp;&nbsp;net_ndp_process
</UL>

<P><STRONG><a name="[2f5]"></a>ndp_cache_alloc</STRONG> (Thumb, 126 bytes, Stack size 20 bytes, net_ndp.o(i.ndp_cache_alloc))
<BR><BR>[Stack]<UL><LI>Max Depth = 20<LI>Call Chain = ndp_cache_alloc
</UL>
<BR>[Called By]<UL><LI><a href="#[2f4]">&gt;&gt;</a>&nbsp;&nbsp;&nbsp;ndp_cache_add
<LI><a href="#[32e]">&gt;&gt;</a>&nbsp;&nbsp;&nbsp;net_ndp_cache_find
</UL>

<P><STRONG><a name="[349]"></a>ndp_check_frame</STRONG> (Thumb, 44 bytes, Stack size 0 bytes, net_ndp.o(i.ndp_check_frame))
<BR><BR>[Called By]<UL><LI><a href="#[334]">&gt;&gt;</a>&nbsp;&nbsp;&nbsp;net_ndp_process
</UL>

<P><STRONG><a name="[2f6]"></a>ndp_is_onlink</STRONG> (Thumb, 84 bytes, Stack size 24 bytes, net_ndp.o(i.ndp_is_onlink))
<BR><BR>[Stack]<UL><LI>Max Depth = 32<LI>Call Chain = ndp_is_onlink &rArr; net_addr6_is_onlink
</UL>
<BR>[Calls]<UL><LI><a href="#[2f7]">&gt;&gt;</a>&nbsp;&nbsp;&nbsp;net_addr6_is_onlink
<LI><a href="#[2d0]">&gt;&gt;</a>&nbsp;&nbsp;&nbsp;memcmp
</UL>
<BR>[Called By]<UL><LI><a href="#[32e]">&gt;&gt;</a>&nbsp;&nbsp;&nbsp;net_ndp_cache_find
</UL>

<P><STRONG><a name="[2fd]"></a>ndp_next_opt</STRONG> (Thumb, 18 bytes, Stack size 0 bytes, net_ndp.o(i.ndp_next_opt))
<BR><BR>[Called By]<UL><LI><a href="#[334]">&gt;&gt;</a>&nbsp;&nbsp;&nbsp;net_ndp_process
<LI><a href="#[2fc]">&gt;&gt;</a>&nbsp;&nbsp;&nbsp;ndp_proc_response
</UL>

<P><STRONG><a name="[2f8]"></a>ndp_prefix_add</STRONG> (Thumb, 172 bytes, Stack size 24 bytes, net_ndp.o(i.ndp_prefix_add))
<BR><BR>[Stack]<UL><LI>Max Depth = 32<LI>Call Chain = ndp_prefix_add &rArr; net_addr6_create
</UL>
<BR>[Calls]<UL><LI><a href="#[2f9]">&gt;&gt;</a>&nbsp;&nbsp;&nbsp;net_addr6_create
<LI><a href="#[2d0]">&gt;&gt;</a>&nbsp;&nbsp;&nbsp;memcmp
</UL>
<BR>[Called By]<UL><LI><a href="#[334]">&gt;&gt;</a>&nbsp;&nbsp;&nbsp;net_ndp_process
</UL>

<P><STRONG><a name="[2fa]"></a>ndp_probe_run</STRONG> (Thumb, 58 bytes, Stack size 8 bytes, net_ndp.o(i.ndp_probe_run))
<BR><BR>[Stack]<UL><LI>Max Depth = 192<LI>Call Chain = ndp_probe_run &rArr; ndp_send_request &rArr; net_icmp6_send &rArr; net_ip6_send_frame &rArr; net_eth_send_frame &rArr; net_arp_cache_find &rArr; arp_send_request &rArr; net_eth_output &rArr; eth_unlock &rArr; netif_unlock &rArr; osSemaphoreRelease &rArr; isrSemaphoreRelease &rArr; isr_sem_send &rArr; rt_psq_enq
</UL>
<BR>[Calls]<UL><LI><a href="#[2fb]">&gt;&gt;</a>&nbsp;&nbsp;&nbsp;ndp_send_request
</UL>
<BR>[Called By]<UL><LI><a href="#[31e]">&gt;&gt;</a>&nbsp;&nbsp;&nbsp;net_ndp_run
</UL>

<P><STRONG><a name="[2fc]"></a>ndp_proc_response</STRONG> (Thumb, 118 bytes, Stack size 32 bytes, net_ndp.o(i.ndp_proc_response))
<BR><BR>[Stack]<UL><LI>Max Depth = 32<LI>Call Chain = ndp_proc_response
</UL>
<BR>[Calls]<UL><LI><a href="#[2e2]">&gt;&gt;</a>&nbsp;&nbsp;&nbsp;net_addr6_comp
<LI><a href="#[2fd]">&gt;&gt;</a>&nbsp;&nbsp;&nbsp;ndp_next_opt
</UL>
<BR>[Called By]<UL><LI><a href="#[334]">&gt;&gt;</a>&nbsp;&nbsp;&nbsp;net_ndp_process
</UL>

<P><STRONG><a name="[2fe]"></a>ndp_router_remove</STRONG> (Thumb, 48 bytes, Stack size 8 bytes, net_ndp.o(i.ndp_router_remove))
<BR><BR>[Stack]<UL><LI>Max Depth = 8<LI>Call Chain = ndp_router_remove
</UL>
<BR>[Calls]<UL><LI><a href="#[2a8]">&gt;&gt;</a>&nbsp;&nbsp;&nbsp;net_addr6_copy
</UL>
<BR>[Called By]<UL><LI><a href="#[334]">&gt;&gt;</a>&nbsp;&nbsp;&nbsp;net_ndp_process
<LI><a href="#[31e]">&gt;&gt;</a>&nbsp;&nbsp;&nbsp;net_ndp_run
</UL>

<P><STRONG><a name="[2ff]"></a>ndp_send_reply</STRONG> (Thumb, 100 bytes, Stack size 16 bytes, net_ndp.o(i.ndp_send_reply))
<BR><BR>[Stack]<UL><LI>Max Depth = 184<LI>Call Chain = ndp_send_reply &rArr; net_icmp6_send &rArr; net_ip6_send_frame &rArr; net_eth_send_frame &rArr; net_arp_cache_find &rArr; arp_send_request &rArr; net_eth_output &rArr; eth_unlock &rArr; netif_unlock &rArr; osSemaphoreRelease &rArr; isrSemaphoreRelease &rArr; isr_sem_send &rArr; rt_psq_enq
</UL>
<BR>[Calls]<UL><LI><a href="#[300]">&gt;&gt;</a>&nbsp;&nbsp;&nbsp;net_icmp6_send
<LI><a href="#[2af]">&gt;&gt;</a>&nbsp;&nbsp;&nbsp;net_mem_free
<LI><a href="#[2ad]">&gt;&gt;</a>&nbsp;&nbsp;&nbsp;net_mem_alloc
<LI><a href="#[2a8]">&gt;&gt;</a>&nbsp;&nbsp;&nbsp;net_addr6_copy
</UL>
<BR>[Called By]<UL><LI><a href="#[334]">&gt;&gt;</a>&nbsp;&nbsp;&nbsp;net_ndp_process
</UL>

<P><STRONG><a name="[2fb]"></a>ndp_send_request</STRONG> (Thumb, 122 bytes, Stack size 16 bytes, net_ndp.o(i.ndp_send_request))
<BR><BR>[Stack]<UL><LI>Max Depth = 184<LI>Call Chain = ndp_send_request &rArr; net_icmp6_send &rArr; net_ip6_send_frame &rArr; net_eth_send_frame &rArr; net_arp_cache_find &rArr; arp_send_request &rArr; net_eth_output &rArr; eth_unlock &rArr; netif_unlock &rArr; osSemaphoreRelease &rArr; isrSemaphoreRelease &rArr; isr_sem_send &rArr; rt_psq_enq
</UL>
<BR>[Calls]<UL><LI><a href="#[301]">&gt;&gt;</a>&nbsp;&nbsp;&nbsp;net_ip6_get_local
<LI><a href="#[300]">&gt;&gt;</a>&nbsp;&nbsp;&nbsp;net_icmp6_send
<LI><a href="#[2af]">&gt;&gt;</a>&nbsp;&nbsp;&nbsp;net_mem_free
<LI><a href="#[2ad]">&gt;&gt;</a>&nbsp;&nbsp;&nbsp;net_mem_alloc
<LI><a href="#[2a8]">&gt;&gt;</a>&nbsp;&nbsp;&nbsp;net_addr6_copy
</UL>
<BR>[Called By]<UL><LI><a href="#[302]">&gt;&gt;</a>&nbsp;&nbsp;&nbsp;ndp_slaac_run
<LI><a href="#[2fa]">&gt;&gt;</a>&nbsp;&nbsp;&nbsp;ndp_probe_run
<LI><a href="#[31e]">&gt;&gt;</a>&nbsp;&nbsp;&nbsp;net_ndp_run
</UL>

<P><STRONG><a name="[302]"></a>ndp_slaac_run</STRONG> (Thumb, 226 bytes, Stack size 24 bytes, net_ndp.o(i.ndp_slaac_run))
<BR><BR>[Stack]<UL><LI>Max Depth = 208<LI>Call Chain = ndp_slaac_run &rArr; ndp_send_request &rArr; net_icmp6_send &rArr; net_ip6_send_frame &rArr; net_eth_send_frame &rArr; net_arp_cache_find &rArr; arp_send_request &rArr; net_eth_output &rArr; eth_unlock &rArr; netif_unlock &rArr; osSemaphoreRelease &rArr; isrSemaphoreRelease &rArr; isr_sem_send &rArr; rt_psq_enq
</UL>
<BR>[Calls]<UL><LI><a href="#[2f9]">&gt;&gt;</a>&nbsp;&nbsp;&nbsp;net_addr6_create
<LI><a href="#[2cc]">&gt;&gt;</a>&nbsp;&nbsp;&nbsp;net_rand32
<LI><a href="#[2fb]">&gt;&gt;</a>&nbsp;&nbsp;&nbsp;ndp_send_request
</UL>
<BR>[Called By]<UL><LI><a href="#[31e]">&gt;&gt;</a>&nbsp;&nbsp;&nbsp;net_ndp_run
</UL>

<P><STRONG><a name="[2dd]"></a>ip4_get_chksum</STRONG> (Thumb, 10 bytes, Stack size 0 bytes, net_ip4.o(i.ip4_get_chksum))
<BR><BR>[Stack]<UL><LI>Max Depth = 12<LI>Call Chain = ip4_get_chksum &rArr; net_ip4_chksum_buf
</UL>
<BR>[Calls]<UL><LI><a href="#[2de]">&gt;&gt;</a>&nbsp;&nbsp;&nbsp;net_ip4_chksum_buf
</UL>
<BR>[Called By]<UL><LI><a href="#[338]">&gt;&gt;</a>&nbsp;&nbsp;&nbsp;net_ip4_send_frame
<LI><a href="#[321]">&gt;&gt;</a>&nbsp;&nbsp;&nbsp;net_ip4_chk_frame
</UL>

<P><STRONG><a name="[33d]"></a>ip4_get_mtu</STRONG> (Thumb, 24 bytes, Stack size 0 bytes, net_ip4.o(i.ip4_get_mtu))
<BR><BR>[Called By]<UL><LI><a href="#[338]">&gt;&gt;</a>&nbsp;&nbsp;&nbsp;net_ip4_send_frame
<LI><a href="#[321]">&gt;&gt;</a>&nbsp;&nbsp;&nbsp;net_ip4_chk_frame
</UL>

<P><STRONG><a name="[2df]"></a>ip4_get_route</STRONG> (Thumb, 112 bytes, Stack size 16 bytes, net_ip4.o(i.ip4_get_route))
<BR><BR>[Stack]<UL><LI>Max Depth = 16<LI>Call Chain = ip4_get_route
</UL>
<BR>[Calls]<UL><LI><a href="#[2e0]">&gt;&gt;</a>&nbsp;&nbsp;&nbsp;net_addr4_is_subnet
</UL>
<BR>[Called By]<UL><LI><a href="#[30e]">&gt;&gt;</a>&nbsp;&nbsp;&nbsp;net_ip4_get_local
<LI><a href="#[33a]">&gt;&gt;</a>&nbsp;&nbsp;&nbsp;net_ip4_tx_offload
</UL>

<P><STRONG><a name="[2e1]"></a>ip6_get_route</STRONG> (Thumb, 44 bytes, Stack size 8 bytes, net_ip6.o(i.ip6_get_route))
<BR><BR>[Stack]<UL><LI>Max Depth = 8<LI>Call Chain = ip6_get_route
</UL>
<BR>[Calls]<UL><LI><a href="#[2e2]">&gt;&gt;</a>&nbsp;&nbsp;&nbsp;net_addr6_comp
</UL>
<BR>[Called By]<UL><LI><a href="#[301]">&gt;&gt;</a>&nbsp;&nbsp;&nbsp;net_ip6_get_local
<LI><a href="#[336]">&gt;&gt;</a>&nbsp;&nbsp;&nbsp;net_ip6_tx_offload
</UL>

<P><STRONG><a name="[2f1]"></a>mem_lock</STRONG> (Thumb, 8 bytes, Stack size 0 bytes, net_mem.o(i.mem_lock))
<BR><BR>[Calls]<UL><LI><a href="#[24a]">&gt;&gt;</a>&nbsp;&nbsp;&nbsp;netos_lock
</UL>
<BR>[Called By]<UL><LI><a href="#[346]">&gt;&gt;</a>&nbsp;&nbsp;&nbsp;net_mem_shrink
<LI><a href="#[2af]">&gt;&gt;</a>&nbsp;&nbsp;&nbsp;net_mem_free
<LI><a href="#[2ad]">&gt;&gt;</a>&nbsp;&nbsp;&nbsp;net_mem_alloc
</UL>

<P><STRONG><a name="[2f2]"></a>mem_unlock</STRONG> (Thumb, 8 bytes, Stack size 0 bytes, net_mem.o(i.mem_unlock))
<BR><BR>[Calls]<UL><LI><a href="#[24c]">&gt;&gt;</a>&nbsp;&nbsp;&nbsp;netos_unlock
</UL>
<BR>[Called By]<UL><LI><a href="#[346]">&gt;&gt;</a>&nbsp;&nbsp;&nbsp;net_mem_shrink
<LI><a href="#[2af]">&gt;&gt;</a>&nbsp;&nbsp;&nbsp;net_mem_free
<LI><a href="#[2ad]">&gt;&gt;</a>&nbsp;&nbsp;&nbsp;net_mem_alloc
</UL>

<P><STRONG><a name="[318]"></a>crc32_8bit</STRONG> (Thumb, 34 bytes, Stack size 0 bytes, net_common.o(i.crc32_8bit))
<BR><BR>[Called By]<UL><LI><a href="#[317]">&gt;&gt;</a>&nbsp;&nbsp;&nbsp;net_crc32_buf
</UL>

<P><STRONG><a name="[26e]"></a>Heap1_SizeAdjust</STRONG> (Thumb, 8 bytes, Stack size 0 bytes, h1_alloc_mt.o(.text))
<BR><BR>[Called By]<UL><LI><a href="#[26d]">&gt;&gt;</a>&nbsp;&nbsp;&nbsp;_malloc_internal
</UL>

<P><STRONG><a name="[4f]"></a>_printf_input_char</STRONG> (Thumb, 10 bytes, Stack size 0 bytes, _printf_char_common.o(.text))
<BR>[Address Reference Count : 1]<UL><LI> _printf_char_common.o(.text)
</UL>
<P><STRONG><a name="[50]"></a>_scanf_char_input</STRONG> (Thumb, 12 bytes, Stack size 0 bytes, scanf_char.o(.text))
<BR>[Address Reference Count : 1]<UL><LI> scanf_char.o(.text)
</UL>
<P><STRONG><a name="[52]"></a>[local to arm_exceptions_c]::__default_terminate_handler()</STRONG> (Thumb, 6 bytes, Stack size 8 bytes, arm_exceptions_globs.o(.text))
<BR><BR>[Stack]<UL><LI>Max Depth = 56 + Unknown Stack Size
<LI>Call Chain = [local to arm_exceptions_c]::__default_terminate_handler() &rArr; abort &rArr; __rt_SIGABRT &rArr; __rt_SIGABRT_inner &rArr; __default_signal_display &rArr; _ttywrch
</UL>
<BR>[Calls]<UL><LI><a href="#[27e]">&gt;&gt;</a>&nbsp;&nbsp;&nbsp;abort
</UL>
<BR>[Address Reference Count : 1]<UL><LI> arm_exceptions_globs.o(.text)
</UL><P>
<H3>
Undefined Global Symbols
</H3><HR></body></html>
