<html>
<body>
<pre>
<h1>µVision Build Log</h1>
<h2>Tool Versions:</h2>
IDE-Version: µVision V5.22.0.0
Copyright (C) 2016 ARM Ltd and ARM Germany GmbH. All rights reserved.
License Information: a Microsoft Microsoft Flex license: MDK-ARM Professional: 25 user(s) (mdk_pro) Support: Oct 2017
 
Tool Versions:
Toolchain:       MDK-ARM Professional: 25 user(s)  Version: 5.22
Toolchain Path:  C:\Keil_v5\ARM\ARMCC\Bin
C Compiler:      Armcc.exe V5.06 update 4 (build 422)
Assembler:       Armasm.exe V5.06 update 4 (build 422)
Linker/Locator:  ArmLink.exe V5.06 update 4 (build 422)
Library Manager: ArmAr.exe V5.06 update 4 (build 422)
Hex Converter:   FromElf.exe V5.06 update 4 (build 422)
CPU DLL:         SARMCM3.DLL V5.22
Dialog DLL:      DARMP1.DLL V1.27.0.0
Target DLL:      UL2CM3.DLL V1.159.0.0
Dialog DLL:      TARMP1.DLL V1.26.0.0
 
<h2>Project:</h2>
C:\02__Cpp_Lab\keil\Exercise_11_WiredEthernet\Exercise_11_WiredEthernet.uvprojx
Project File Date:  05/23/2017

<h2>Output:</h2>
*** Using Compiler 'V5.06 update 4 (build 422)', folder: 'C:\Keil_v5\ARM\ARMCC\Bin'
Rebuild target 'Debug'
compiling DefaultPkg.cpp...
compiling Display.cpp...
compiling EthernetController.cpp...
compiling EthernetReceiver.cpp...
compiling EthernetTransmitter.cpp...
compiling Joystick.cpp...
compiling LED.cpp...
compiling LedBar.cpp...
compiling MainMCB1700.cpp...
compiling RunningIndicatorLed.cpp...
compiling TestBuilder.cpp...
GeneratedModel\TestBuilder.cpp(18): warning:  #1299-D: members and base-classes will be initialized in declaration order, not in member initialisation list order
  TestBuilder::TestBuilder(WST_TSK* myTask) : itsLed31(2), itsLed28(0), itsLed29(1) {
GeneratedModel\TestBuilder.cpp(18): warning:  #1299-D: members and base-classes will be initialized in declaration order, not in member initialisation list order
  TestBuilder::TestBuilder(WST_TSK* myTask) : itsLed31(2), itsLed28(0), itsLed29(1) {
GeneratedModel\TestBuilder.cpp: 2 warnings, 0 errors
compiling WSTMonitor_sendTypes.cpp...
compiling omstring.cpp...
compiling RXF_BehaviorPkg.cpp...
compiling WST_CFG_Highwater.cpp...
compiling WST_ERR.cpp...
compiling WST_EVT.cpp...
compiling WST_FSM.cpp...
compiling WST_MEM.cpp...
compiling WST_MEM_Block.cpp...
compiling WST_MSQ.cpp...
compiling WST_MTX.cpp...
compiling WST_OSW.cpp...
compiling WST_PRT_Multi.cpp...
compiling WST_RXF.cpp...
compiling WST_TMM.cpp...
compiling WST_TMR.cpp...
compiling WST_TSK.cpp...
compiling WSTForwardDecl.cpp...
compiling WSTMonitor.cpp...
compiling WSTMonitorIO_Keil_CortexM3_ITM.cpp...
compiling WSTMonitorIO_Keil_CortexM3_UART.cpp...
compiling WSTRTOS.cpp...
compiling WSTTarget.cpp...
compiling GLCD_Fonts.c...
compiling GLCD_MCB1700.c...
compiling RTX_Conf_CM.c...
compiling EMAC_LPC17xx.c...
compiling SSP_LPC17xx.c...
compiling PHY_DP83848C.c...
compiling GPDMA_LPC17xx.c...
compiling GPIO_LPC17xx.c...
compiling PIN_LPC17xx.c...
assembling startup_LPC17xx.s...
compiling system_LPC17xx.c...
compiling Net_Config.c...
linking...
Program Size: Code=65048 RO-data=8492 RW-data=360 ZI-data=42464  
".\Flash\Exercise_11_WiredEthernet.axf" - 0 Error(s), 2 Warning(s).

<h2>Software Packages used:</h2>

Package Vendor: Keil
                http://www.keil.com/pack/Keil.LPC1700_DFP.2.3.0.pack
                Keil::Device:Startup:1.0.0
                NXP LPC1700 Series Device Support, Drivers and Examples for MCB1700 and LPC1788-32
   * Component: Startup Version: 1.0.0
   * Component: PIN Version: 1.0.0
   * Component: GPIO Version: 1.1.0
   * Component: GPDMA Version: 1.2.0
   * Component: SSP Version: 2.7.0
   * Component: Ethernet MAC Version: 2.9.0
   * Component: Graphic LCD Version: 1.0.0

Package Vendor: Keil
                http://www.keil.com/pack/Keil.MDK-Middleware.7.4.1.pack
                ::Board Support:Graphic LCD:1.0.0 (API)
                Middleware for Keil MDK-Professional and MDK-Plus
   * Component: Graphic LCD Version: 1.0.0
   * Component: CORE Variant: IPv4/IPv6 Release Version: 7.5.0
   * Component: ETH Version: 7.5.0
   * Component: UDP Version: 7.5.0
   * Component: TCP Version: 7.5.0
   * Component: BSD Version: 7.5.0
   * Component: DP83848C Version: 6.2.0

Package Vendor: ARM
                http://www.keil.com/pack/ARM.CMSIS.5.0.1.pack
                ::CMSIS:RTOS:1.0.0 (API)
                CMSIS (Cortex Microcontroller Software Interface Standard)
   * Component: RTOS Version: 1.0.0
   * Component: SPI Version: 2.2.0
   * Component: Ethernet MAC Version: 2.1.0
   * Component: Ethernet PHY Version: 2.1.0
   * Component: CORE Version: 5.0.1
   * Component: Keil RTX Version: 4.81.0

<h2>Collection of Component include folders:</h2>
  C:\02__Cpp_Lab\keil\Exercise_11_WiredEthernet\RTE\Device\LPC1768
  C:\02__Cpp_Lab\keil\Exercise_11_WiredEthernet\RTE\_Debug
  C:\Keil_v5\ARM\PACK\ARM\CMSIS\5.0.1\CMSIS\Driver\Include
  C:\Keil_v5\ARM\PACK\ARM\CMSIS\5.0.1\CMSIS\Include
  C:\Keil_v5\ARM\PACK\ARM\CMSIS\5.0.1\CMSIS\RTOS\RTX\INC
  C:\Keil_v5\ARM\PACK\Keil\LPC1700_DFP\2.3.0\Boards\Keil\MCB1700\Common
  C:\Keil_v5\ARM\PACK\Keil\LPC1700_DFP\2.3.0\Device\Include
  C:\Keil_v5\ARM\PACK\Keil\LPC1700_DFP\2.3.0\RTE_Driver
  C:\Keil_v5\ARM\PACK\Keil\MDK-Middleware\7.4.1\Board
  C:\Keil_v5\ARM\PACK\Keil\MDK-Middleware\7.4.1\Network\Include

<h2>Collection of Component Files used:</h2>

   * Component: Keil::Device:Startup:1.0.0
      Include file:  Device\Include\LPC17xx.h
      Source file:   Device\Source\ARM\startup_LPC17xx.s
      Source file:   Device\Source\system_LPC17xx.c
      Include file:  RTE_Driver\Config\RTE_Device.h

   * Component: Keil::Device:PIN:1.0.0
      Include file:  RTE_Driver\PIN_LPC17xx.h
      Source file:   RTE_Driver\PIN_LPC17xx.c

   * Component: Keil::Device:GPIO:1.1.0
      Include file:  RTE_Driver\GPIO_LPC17xx.h
      Source file:   RTE_Driver\GPIO_LPC17xx.c

   * Component: Keil::Device:GPDMA:1.2.0
      Include file:  RTE_Driver\GPDMA_LPC17xx.h
      Source file:   RTE_Driver\GPDMA_LPC17xx.c

   * Component: Keil::CMSIS Driver:SPI:SSP:2.7.0
      Source file:   RTE_Driver\SSP_LPC17xx.c

   * Component: Keil::CMSIS Driver:Ethernet MAC:2.9.0
      Source file:   RTE_Driver\EMAC_LPC17xx.c

   * Component: Keil.MCB1700::Board Support:Graphic LCD:1.0.0
      Include file:  Boards\Keil\MCB1700\Common\GLCD_Config.h
      Source file:   Boards\Keil\MCB1700\Common\GLCD_Fonts.c
      Source file:   Boards\Keil\MCB1700\Common\GLCD_MCB1700.c

   * Component: ::Board Support:Graphic LCD:1.0.0 (API)
      Include file:  Board\Board_GLCD.h

   * Component: Keil.MDK-Pro::Network:CORE:IPv4/IPv6 Release:7.5.0
      Include file:  Network\Include\rl_net.h
      Source file:   Network\Config\Net_Config.c
      Library file:  Network\Lib\ARM\Net_CM3_L.lib

   * Component: Keil.MDK-Pro::Network:Interface:ETH:7.5.0
      Source file:   Network\Config\Net_Config_ETH.h

   * Component: Keil.MDK-Pro::Network:Socket:UDP:7.5.0
      Source file:   Network\Config\Net_Config_UDP.h
      Source file:   Network\Template\UDP_Socket.c

   * Component: Keil.MDK-Pro::Network:Socket:TCP:7.5.0
      Source file:   Network\Config\Net_Config_TCP.h
      Source file:   Network\Template\TCP_Socket_Server.c
      Source file:   Network\Template\TCP_Socket_Client.c

   * Component: Keil.MDK-Pro::Network:Socket:BSD:7.5.0
      Source file:   Network\Config\Net_Config_BSD.h

   * Component: Keil::CMSIS Driver:Ethernet PHY:DP83848C:6.2.0
      Source file:   Network\Driver\PHY_DP83848C.c

   * Component: ::CMSIS:RTOS:1.0.0 (API)

   * Component: ::CMSIS Driver:SPI:2.2.0 (API)
      Include file:  CMSIS\Driver\Include\Driver_SPI.h

   * Component: ::CMSIS Driver:Ethernet MAC:2.1.0 (API)
      Include file:  CMSIS\Driver\Include\Driver_ETH_MAC.h

   * Component: ::CMSIS Driver:Ethernet PHY:2.1.0 (API)
      Include file:  CMSIS\Driver\Include\Driver_ETH_PHY.h

   * Component: ARM::CMSIS:CORE:5.0.1

   * Component: ARM::CMSIS:RTOS:Keil RTX:4.81.0
      Include file:  CMSIS\RTOS\RTX\INC\cmsis_os.h
      Source file:   CMSIS\RTOS\RTX\Templates\RTX_Conf_CM.c
      Include file:  CMSIS\RTOS\RTX\UserCodeTemplates\osObjects.h
      Source file:   CMSIS\RTOS\RTX\UserCodeTemplates\main.c
      Source file:   CMSIS\RTOS\RTX\UserCodeTemplates\MailQueue.c
      Source file:   CMSIS\RTOS\RTX\UserCodeTemplates\MemPool.c
      Source file:   CMSIS\RTOS\RTX\UserCodeTemplates\MsgQueue.c
      Source file:   CMSIS\RTOS\RTX\UserCodeTemplates\Mutex.c
      Source file:   CMSIS\RTOS\RTX\UserCodeTemplates\Semaphore.c
      Source file:   CMSIS\RTOS\RTX\UserCodeTemplates\Thread.c
      Source file:   CMSIS\RTOS\RTX\UserCodeTemplates\Timer.c
      Source file:   CMSIS\RTOS\RTX\SRC\ARM\SVC_Table.s
      Library file:  CMSIS\RTOS\RTX\LIB\ARM\RTX_CM3.lib
Build Time Elapsed:  00:00:07
</pre>
</body>
</html>
