<!doctype html public "-//w3c//dtd html 4.0 transitional//en">
<html><head>
<title>Static Call Graph - [.\Flash\GettingStarted.axf]</title></head>
<body><HR>
<H1>Static Call Graph for image .\Flash\GettingStarted.axf</H1><HR>
<BR><P>#&#060CALLGRAPH&#062# ARM Linker, 5060422: Last Updated: Wed May 03 16:33:20 2017
<BR><P>
<H3>Maximum Stack Usage =        336 bytes + Unknown(Functions without stacksize, Cycles, Untraceable Function Pointers)</H3><H3>
Call chain for Maximum Stack Depth:</H3>
main &rArr; WSTRTOS_Init() &rArr; WST_RXF_Main(short, char**) &rArr; TestBuilder::TestBuilder(WST_TSK*) &rArr; EthernetController::EthernetController(WST_TSK*) &rArr; connect &rArr; net_tcp_connect &rArr; tcp_send_ctrl &rArr; tcp_write &rArr; net_ip6_send_frame &rArr; net_eth_send_frame &rArr; net_arp_cache_find &rArr; arp_send_request &rArr; net_eth_output &rArr; eth_unlock &rArr; netif_unlock &rArr; osSemaphoreRelease &rArr; isrSemaphoreRelease &rArr; isr_sem_send &rArr; rt_psq_enq
<P>
<H3>
Functions with no stack information
</H3><UL>
 <LI><a href="#[205]">__user_initial_stackheap</a>
</UL>
</UL>
<P>
<H3>
Mutually Recursive functions
</H3> <LI><a href="#[166]">WST_OSW_MEM_malloc(unsigned)</a>&nbsp;&nbsp;&nbsp;&rArr;&nbsp;&nbsp;&nbsp;<a href="#[105]">WST_MEM::getMemory(unsigned)</a><BR>
 <LI><a href="#[3f]">rt_alloc_box</a>&nbsp;&nbsp;&nbsp;&rArr;&nbsp;&nbsp;&nbsp;<a href="#[3f]">rt_alloc_box</a><BR>
 <LI><a href="#[1e9]">net_sys_error</a>&nbsp;&nbsp;&nbsp;&rArr;&nbsp;&nbsp;&nbsp;<a href="#[1e9]">net_sys_error</a><BR>
 <LI><a href="#[13]">NMI_Handler</a>&nbsp;&nbsp;&nbsp;&rArr;&nbsp;&nbsp;&nbsp;<a href="#[13]">NMI_Handler</a><BR>
 <LI><a href="#[14]">HardFault_Handler</a>&nbsp;&nbsp;&nbsp;&rArr;&nbsp;&nbsp;&nbsp;<a href="#[14]">HardFault_Handler</a><BR>
 <LI><a href="#[15]">MemManage_Handler</a>&nbsp;&nbsp;&nbsp;&rArr;&nbsp;&nbsp;&nbsp;<a href="#[15]">MemManage_Handler</a><BR>
 <LI><a href="#[16]">BusFault_Handler</a>&nbsp;&nbsp;&nbsp;&rArr;&nbsp;&nbsp;&nbsp;<a href="#[16]">BusFault_Handler</a><BR>
 <LI><a href="#[17]">UsageFault_Handler</a>&nbsp;&nbsp;&nbsp;&rArr;&nbsp;&nbsp;&nbsp;<a href="#[17]">UsageFault_Handler</a><BR>
 <LI><a href="#[19]">DebugMon_Handler</a>&nbsp;&nbsp;&nbsp;&rArr;&nbsp;&nbsp;&nbsp;<a href="#[19]">DebugMon_Handler</a><BR>
 <LI><a href="#[32]">ADC_IRQHandler</a>&nbsp;&nbsp;&nbsp;&rArr;&nbsp;&nbsp;&nbsp;<a href="#[32]">ADC_IRQHandler</a><BR>
 <LI><a href="#[24b]">net_strtoupper</a>&nbsp;&nbsp;&nbsp;&rArr;&nbsp;&nbsp;&nbsp;<a href="#[24b]">net_strtoupper</a><BR>
</UL>
<P>
<H3>
Function Pointers
</H3><UL>
 <LI><a href="#[45]">&lang;Func3&rang;</a> from wst_tmr.o(.text) referenced from wst_tmr.o(.text)
 <LI><a href="#[32]">ADC_IRQHandler</a> from startup_lpc17xx.o(.text) referenced from startup_lpc17xx.o(RESET)
 <LI><a href="#[33]">BOD_IRQHandler</a> from startup_lpc17xx.o(.text) referenced from startup_lpc17xx.o(RESET)
 <LI><a href="#[16]">BusFault_Handler</a> from startup_lpc17xx.o(.text) referenced from startup_lpc17xx.o(RESET)
 <LI><a href="#[3e]">CANActivity_IRQHandler</a> from startup_lpc17xx.o(.text) referenced from startup_lpc17xx.o(RESET)
 <LI><a href="#[35]">CAN_IRQHandler</a> from startup_lpc17xx.o(.text) referenced from startup_lpc17xx.o(RESET)
 <LI><a href="#[81]">Control</a> from emac_lpc17xx.o(.text) referenced from emac_lpc17xx.o(.constdata)
 <LI><a href="#[80]">ControlTimer</a> from emac_lpc17xx.o(.text) referenced from emac_lpc17xx.o(.constdata)
 <LI><a href="#[36]">DMA_IRQHandler</a> from startup_lpc17xx.o(.text) referenced from startup_lpc17xx.o(RESET)
 <LI><a href="#[19]">DebugMon_Handler</a> from startup_lpc17xx.o(.text) referenced from startup_lpc17xx.o(RESET)
 <LI><a href="#[2e]">EINT0_IRQHandler</a> from startup_lpc17xx.o(.text) referenced from startup_lpc17xx.o(RESET)
 <LI><a href="#[2f]">EINT1_IRQHandler</a> from startup_lpc17xx.o(.text) referenced from startup_lpc17xx.o(RESET)
 <LI><a href="#[30]">EINT2_IRQHandler</a> from startup_lpc17xx.o(.text) referenced from startup_lpc17xx.o(RESET)
 <LI><a href="#[31]">EINT3_IRQHandler</a> from startup_lpc17xx.o(.text) referenced from startup_lpc17xx.o(RESET)
 <LI><a href="#[38]">ENET_IRQHandler</a> from emac_lpc17xx.o(.text) referenced from startup_lpc17xx.o(RESET)
 <LI><a href="#[74]">GetCapabilities</a> from emac_lpc17xx.o(.text) referenced from emac_lpc17xx.o(.constdata)
 <LI><a href="#[8b]">GetLinkInfo</a> from phy_dp83848c.o(.text) referenced from phy_dp83848c.o(.constdata)
 <LI><a href="#[8a]">GetLinkState</a> from phy_dp83848c.o(.text) referenced from phy_dp83848c.o(.constdata)
 <LI><a href="#[78]">GetMacAddress</a> from emac_lpc17xx.o(.text) referenced from emac_lpc17xx.o(.constdata)
 <LI><a href="#[7d]">GetRxFrameSize</a> from emac_lpc17xx.o(.text) referenced from emac_lpc17xx.o(.constdata)
 <LI><a href="#[7e]">GetRxFrameTime</a> from emac_lpc17xx.o(.text) referenced from emac_lpc17xx.o(.constdata)
 <LI><a href="#[7f]">GetTxFrameTime</a> from emac_lpc17xx.o(.text) referenced from emac_lpc17xx.o(.constdata)
 <LI><a href="#[73]">GetVersion</a> from emac_lpc17xx.o(.text) referenced 2 times from emac_lpc17xx.o(.constdata)
 <LI><a href="#[14]">HardFault_Handler</a> from startup_lpc17xx.o(.text) referenced from startup_lpc17xx.o(RESET)
 <LI><a href="#[26]">I2C0_IRQHandler</a> from startup_lpc17xx.o(.text) referenced from startup_lpc17xx.o(RESET)
 <LI><a href="#[27]">I2C1_IRQHandler</a> from startup_lpc17xx.o(.text) referenced from startup_lpc17xx.o(RESET)
 <LI><a href="#[28]">I2C2_IRQHandler</a> from startup_lpc17xx.o(.text) referenced from startup_lpc17xx.o(RESET)
 <LI><a href="#[37]">I2S_IRQHandler</a> from startup_lpc17xx.o(.text) referenced from startup_lpc17xx.o(RESET)
 <LI><a href="#[75]">Initialize</a> from emac_lpc17xx.o(.text) referenced 2 times from emac_lpc17xx.o(.constdata)
 <LI><a href="#[3a]">MCPWM_IRQHandler</a> from startup_lpc17xx.o(.text) referenced from startup_lpc17xx.o(RESET)
 <LI><a href="#[15]">MemManage_Handler</a> from startup_lpc17xx.o(.text) referenced from startup_lpc17xx.o(RESET)
 <LI><a href="#[13]">NMI_Handler</a> from startup_lpc17xx.o(.text) referenced from startup_lpc17xx.o(RESET)
 <LI><a href="#[82]">PHY_Read</a> from emac_lpc17xx.o(.text) referenced from emac_lpc17xx.o(.constdata)
 <LI><a href="#[83]">PHY_Write</a> from emac_lpc17xx.o(.text) referenced from emac_lpc17xx.o(.constdata)
 <LI><a href="#[2c]">PLL0_IRQHandler</a> from startup_lpc17xx.o(.text) referenced from startup_lpc17xx.o(RESET)
 <LI><a href="#[3c]">PLL1_IRQHandler</a> from startup_lpc17xx.o(.text) referenced from startup_lpc17xx.o(RESET)
 <LI><a href="#[25]">PWM1_IRQHandler</a> from startup_lpc17xx.o(.text) referenced from startup_lpc17xx.o(RESET)
 <LI><a href="#[1a]">PendSV_Handler</a> from hal_cm3.o(.emb_text) referenced from startup_lpc17xx.o(RESET)
 <LI><a href="#[77]">PowerControl</a> from emac_lpc17xx.o(.text) referenced 2 times from emac_lpc17xx.o(.constdata)
 <LI><a href="#[3b]">QEI_IRQHandler</a> from startup_lpc17xx.o(.text) referenced from startup_lpc17xx.o(RESET)
 <LI><a href="#[39]">RIT_IRQHandler</a> from startup_lpc17xx.o(.text) referenced from startup_lpc17xx.o(RESET)
 <LI><a href="#[2d]">RTC_IRQHandler</a> from startup_lpc17xx.o(.text) referenced from startup_lpc17xx.o(RESET)
 <LI><a href="#[7c]">ReadFrame</a> from emac_lpc17xx.o(.text) referenced from emac_lpc17xx.o(.constdata)
 <LI><a href="#[12]">Reset_Handler</a> from startup_lpc17xx.o(.text) referenced from startup_lpc17xx.o(RESET)
 <LI><a href="#[29]">SPI_IRQHandler</a> from startup_lpc17xx.o(.text) referenced from startup_lpc17xx.o(RESET)
 <LI><a href="#[2a]">SSP0_IRQHandler</a> from startup_lpc17xx.o(.text) referenced from startup_lpc17xx.o(RESET)
 <LI><a href="#[2b]">SSP1_IRQHandler</a> from startup_lpc17xx.o(.text) referenced from startup_lpc17xx.o(RESET)
 <LI><a href="#[18]">SVC_Handler</a> from hal_cm3.o(.emb_text) referenced from startup_lpc17xx.o(RESET)
 <LI><a href="#[7b]">SendFrame</a> from emac_lpc17xx.o(.text) referenced from emac_lpc17xx.o(.constdata)
 <LI><a href="#[7a]">SetAddressFilter</a> from emac_lpc17xx.o(.text) referenced from emac_lpc17xx.o(.constdata)
 <LI><a href="#[88]">SetInterface</a> from phy_dp83848c.o(.text) referenced from phy_dp83848c.o(.constdata)
 <LI><a href="#[79]">SetMacAddress</a> from emac_lpc17xx.o(.text) referenced from emac_lpc17xx.o(.constdata)
 <LI><a href="#[89]">SetMode</a> from phy_dp83848c.o(.text) referenced from phy_dp83848c.o(.constdata)
 <LI><a href="#[1b]">SysTick_Handler</a> from hal_cm3.o(.emb_text) referenced from startup_lpc17xx.o(RESET)
 <LI><a href="#[49]">SystemInit</a> from system_lpc17xx.o(.text) referenced from startup_lpc17xx.o(.text)
 <LI><a href="#[1d]">TIMER0_IRQHandler</a> from startup_lpc17xx.o(.text) referenced from startup_lpc17xx.o(RESET)
 <LI><a href="#[1e]">TIMER1_IRQHandler</a> from startup_lpc17xx.o(.text) referenced from startup_lpc17xx.o(RESET)
 <LI><a href="#[1f]">TIMER2_IRQHandler</a> from startup_lpc17xx.o(.text) referenced from startup_lpc17xx.o(RESET)
 <LI><a href="#[20]">TIMER3_IRQHandler</a> from startup_lpc17xx.o(.text) referenced from startup_lpc17xx.o(RESET)
 <LI><a href="#[21]">UART0_IRQHandler</a> from startup_lpc17xx.o(.text) referenced from startup_lpc17xx.o(RESET)
 <LI><a href="#[22]">UART1_IRQHandler</a> from startup_lpc17xx.o(.text) referenced from startup_lpc17xx.o(RESET)
 <LI><a href="#[23]">UART2_IRQHandler</a> from startup_lpc17xx.o(.text) referenced from startup_lpc17xx.o(RESET)
 <LI><a href="#[24]">UART3_IRQHandler</a> from startup_lpc17xx.o(.text) referenced from startup_lpc17xx.o(RESET)
 <LI><a href="#[3d]">USBActivity_IRQHandler</a> from startup_lpc17xx.o(.text) referenced from startup_lpc17xx.o(RESET)
 <LI><a href="#[34]">USB_IRQHandler</a> from startup_lpc17xx.o(.text) referenced from startup_lpc17xx.o(RESET)
 <LI><a href="#[76]">Uninitialize</a> from emac_lpc17xx.o(.text) referenced 2 times from emac_lpc17xx.o(.constdata)
 <LI><a href="#[17]">UsageFault_Handler</a> from startup_lpc17xx.o(.text) referenced from startup_lpc17xx.o(RESET)
 <LI><a href="#[1c]">WDT_IRQHandler</a> from startup_lpc17xx.o(.text) referenced from startup_lpc17xx.o(RESET)
 <LI><a href="#[51]">__default_new_handler()</a> from arm_newhandler_noexceptions.o(.text) referenced from new.o(i._Znwj)
 <LI><a href="#[1b9]">WST_Monitor_receiveTask(void*)</a> from wstmonitor.o(.text) referenced from wstmonitor.o(.text)
 <LI><a href="#[188]">WST_OSW_TMM_timerCallBack(const void*)</a> from wst_osw.o(.text) referenced from wst_osw.o(.text)
 <LI><a href="#[a3]">TestBuilder::startBehavior()</a> from testbuilder.o(.text) referenced from testbuilder.o(.constdata__ZTV11TestBuilder)
 <LI><a href="#[a4]">TestBuilder::destroy()</a> from testbuilder.o(.text) referenced from testbuilder.o(.constdata__ZTV11TestBuilder)
 <LI><a href="#[9d]">TestBuilder::~TestBuilder__deallocating()</a> from testbuilder.o(.text) referenced from testbuilder.o(.constdata__ZTV11TestBuilder)
 <LI><a href="#[9c]">TestBuilder::~TestBuilder()</a> from testbuilder.o(.text) referenced from testbuilder.o(.constdata__ZTV11TestBuilder)
 <LI><a href="#[a6]">evReceivedData::~evReceivedData__deallocating()</a> from examplepkg.o(i._ZN14evReceivedDataD0Ev) referenced from examplepkg.o(.constdata__ZTV14evReceivedData)
 <LI><a href="#[a5]">evReceivedData::~evReceivedData()</a> from examplepkg.o(i._ZN14evReceivedDataD1Ev) referenced from examplepkg.o(.constdata__ZTV14evReceivedData)
 <LI><a href="#[ab]">ActiveController::cancelTimeout(const WST_TMR*)</a> from activecontroller.o(.text) referenced from activecontroller.o(.constdata__ZTV16ActiveController)
 <LI><a href="#[aa]">ActiveController::startBehavior()</a> from activecontroller.o(.text) referenced from activecontroller.o(.constdata__ZTV16ActiveController)
 <LI><a href="#[ac]">ActiveController::rootState_entDef()</a> from activecontroller.o(.text) referenced from activecontroller.o(.constdata__ZTV16ActiveController)
 <LI><a href="#[ad]">ActiveController::rootState_processEvent()</a> from activecontroller.o(.text) referenced from activecontroller.o(.constdata__ZTV16ActiveController)
 <LI><a href="#[a9]">ActiveController::~ActiveController__deallocating()</a> from activecontroller.o(.text) referenced from activecontroller.o(.constdata__ZTV16ActiveController)
 <LI><a href="#[a8]">ActiveController::~ActiveController()</a> from activecontroller.o(.text) referenced from activecontroller.o(.constdata__ZTV16ActiveController)
 <LI><a href="#[b6]">EthernetController::cancelTimeout(const WST_TMR*)</a> from ethernetcontroller.o(.text) referenced from ethernetcontroller.o(.constdata__ZTV18EthernetController)
 <LI><a href="#[b5]">EthernetController::startBehavior()</a> from ethernetcontroller.o(.text) referenced from ethernetcontroller.o(.constdata__ZTV18EthernetController)
 <LI><a href="#[b7]">EthernetController::rootState_entDef()</a> from ethernetcontroller.o(.text) referenced from ethernetcontroller.o(.constdata__ZTV18EthernetController)
 <LI><a href="#[b8]">EthernetController::rootState_processEvent()</a> from ethernetcontroller.o(.text) referenced from ethernetcontroller.o(.constdata__ZTV18EthernetController)
 <LI><a href="#[b4]">EthernetController::~EthernetController__deallocating()</a> from ethernetcontroller.o(.text) referenced from ethernetcontroller.o(.constdata__ZTV18EthernetController)
 <LI><a href="#[b3]">EthernetController::~EthernetController()</a> from ethernetcontroller.o(.text) referenced from ethernetcontroller.o(.constdata__ZTV18EthernetController)
 <LI><a href="#[c1]">SequentialController::cancelTimeout(const WST_TMR*)</a> from sequentialcontroller.o(.text) referenced from sequentialcontroller.o(.constdata__ZTV20SequentialController)
 <LI><a href="#[c0]">SequentialController::startBehavior()</a> from sequentialcontroller.o(.text) referenced from sequentialcontroller.o(.constdata__ZTV20SequentialController)
 <LI><a href="#[c2]">SequentialController::rootState_entDef()</a> from sequentialcontroller.o(.text) referenced from sequentialcontroller.o(.constdata__ZTV20SequentialController)
 <LI><a href="#[c3]">SequentialController::rootState_processEvent()</a> from sequentialcontroller.o(.text) referenced from sequentialcontroller.o(.constdata__ZTV20SequentialController)
 <LI><a href="#[bf]">SequentialController::~SequentialController__deallocating()</a> from sequentialcontroller.o(.text) referenced from sequentialcontroller.o(.constdata__ZTV20SequentialController)
 <LI><a href="#[be]">SequentialController::~SequentialController()</a> from sequentialcontroller.o(.text) referenced from sequentialcontroller.o(.constdata__ZTV20SequentialController)
 <LI><a href="#[50]">[local to arm_exceptions_c]::__default_terminate_handler()</a> from arm_exceptions_globs.o(.text) referenced from arm_exceptions_globs.o(.text)
 <LI><a href="#[cd]">LED::startBehavior()</a> from led.o(.text) referenced from led.o(.constdata__ZTV3LED)
 <LI><a href="#[cb]">LED::rootState_entDef()</a> from led.o(.text) referenced from led.o(.constdata__ZTV3LED)
 <LI><a href="#[cc]">LED::rootState_processEvent()</a> from led.o(.text) referenced from led.o(.constdata__ZTV3LED)
 <LI><a href="#[ca]">LED::~LED__deallocating()</a> from led.o(.text) referenced from led.o(.constdata__ZTV3LED)
 <LI><a href="#[c9]">LED::~LED()</a> from led.o(.text) referenced from led.o(.constdata__ZTV3LED)
 <LI><a href="#[cf]">evOn::~evOn__deallocating()</a> from examplepkg.o(i._ZN4evOnD0Ev) referenced from examplepkg.o(.constdata__ZTV4evOn)
 <LI><a href="#[ce]">evOn::~evOn()</a> from examplepkg.o(i._ZN4evOnD1Ev) referenced from examplepkg.o(.constdata__ZTV4evOn)
 <LI><a href="#[d2]">evOff::~evOff__deallocating()</a> from examplepkg.o(i._ZN5evOffD0Ev) referenced from examplepkg.o(.constdata__ZTV5evOff)
 <LI><a href="#[d1]">evOff::~evOff()</a> from examplepkg.o(i._ZN5evOffD1Ev) referenced from examplepkg.o(.constdata__ZTV5evOff)
 <LI><a href="#[d4]">WST_EVT::~WST_EVT__deallocating()</a> from examplepkg.o(i._ZN7WST_EVTD0Ev) referenced from examplepkg.o(.constdata__ZTV7WST_EVT)
 <LI><a href="#[9f]">WST_FSM::cancelTimeout(const WST_TMR*)</a> from wst_fsm.o(.text) referenced from testbuilder.o(.constdata__ZTV11TestBuilder)
 <LI><a href="#[9f]">WST_FSM::cancelTimeout(const WST_TMR*)</a> from wst_fsm.o(.text) referenced from led.o(.constdata__ZTV3LED)
 <LI><a href="#[9f]">WST_FSM::cancelTimeout(const WST_TMR*)</a> from wst_fsm.o(.text) referenced from wst_fsm.o(.constdata__ZTV7WST_FSM)
 <LI><a href="#[9e]">WST_FSM::rootState_entDef()</a> from wst_fsm.o(.text) referenced from testbuilder.o(.constdata__ZTV11TestBuilder)
 <LI><a href="#[9e]">WST_FSM::rootState_entDef()</a> from wst_fsm.o(.text) referenced from wst_fsm.o(.constdata__ZTV7WST_FSM)
 <LI><a href="#[a0]">WST_FSM::rootState_processEvent()</a> from wst_fsm.o(.text) referenced from testbuilder.o(.constdata__ZTV11TestBuilder)
 <LI><a href="#[a0]">WST_FSM::rootState_processEvent()</a> from wst_fsm.o(.text) referenced from wst_fsm.o(.constdata__ZTV7WST_FSM)
 <LI><a href="#[a1]">WST_FSM::send(WST_EVT*)</a> from wst_fsm.o(.text) referenced from testbuilder.o(.constdata__ZTV11TestBuilder)
 <LI><a href="#[a1]">WST_FSM::send(WST_EVT*)</a> from wst_fsm.o(.text) referenced from activecontroller.o(.constdata__ZTV16ActiveController)
 <LI><a href="#[a1]">WST_FSM::send(WST_EVT*)</a> from wst_fsm.o(.text) referenced from ethernetcontroller.o(.constdata__ZTV18EthernetController)
 <LI><a href="#[a1]">WST_FSM::send(WST_EVT*)</a> from wst_fsm.o(.text) referenced from sequentialcontroller.o(.constdata__ZTV20SequentialController)
 <LI><a href="#[a1]">WST_FSM::send(WST_EVT*)</a> from wst_fsm.o(.text) referenced from led.o(.constdata__ZTV3LED)
 <LI><a href="#[a1]">WST_FSM::send(WST_EVT*)</a> from wst_fsm.o(.text) referenced from wst_fsm.o(.constdata__ZTV7WST_FSM)
 <LI><a href="#[a2]">WST_FSM::send(WST_EVT*, const void*&)</a> from wst_fsm.o(.text) referenced from testbuilder.o(.constdata__ZTV11TestBuilder)
 <LI><a href="#[a2]">WST_FSM::send(WST_EVT*, const void*&)</a> from wst_fsm.o(.text) referenced from activecontroller.o(.constdata__ZTV16ActiveController)
 <LI><a href="#[a2]">WST_FSM::send(WST_EVT*, const void*&)</a> from wst_fsm.o(.text) referenced from ethernetcontroller.o(.constdata__ZTV18EthernetController)
 <LI><a href="#[a2]">WST_FSM::send(WST_EVT*, const void*&)</a> from wst_fsm.o(.text) referenced from sequentialcontroller.o(.constdata__ZTV20SequentialController)
 <LI><a href="#[a2]">WST_FSM::send(WST_EVT*, const void*&)</a> from wst_fsm.o(.text) referenced from led.o(.constdata__ZTV3LED)
 <LI><a href="#[a2]">WST_FSM::send(WST_EVT*, const void*&)</a> from wst_fsm.o(.text) referenced from wst_fsm.o(.constdata__ZTV7WST_FSM)
 <LI><a href="#[d6]">WST_FSM::~WST_FSM__deallocating()</a> from wst_fsm.o(.text) referenced from wst_fsm.o(.constdata__ZTV7WST_FSM)
 <LI><a href="#[d5]">WST_FSM::~WST_FSM()</a> from wst_fsm.o(.text) referenced from wst_fsm.o(.constdata__ZTV7WST_FSM)
 <LI><a href="#[42]">WST_MSQ::~WST_MSQ()</a> from wst_msq.o(.text) referenced from wst_osw.o(.text)
 <LI><a href="#[44]">WST_TMR::WST_TMR()</a> from wst_tmr.o(i._ZN7WST_TMRC1Ev) referenced from wst_tmr.o(.text)
 <LI><a href="#[d7]">WST_TMR::~WST_TMR__deallocating()</a> from wst_tmm.o(i._ZN7WST_TMRD0Ev) referenced from wst_tmm.o(.constdata__ZTV7WST_TMR)
 <LI><a href="#[43]">WST_TMR::~WST_TMR()</a> from wst_tmm.o(i._ZN7WST_TMRD1Ev) referenced from wst_tmm.o(.constdata__ZTV7WST_TMR)
 <LI><a href="#[43]">WST_TMR::~WST_TMR()</a> from wst_tmm.o(i._ZN7WST_TMRD1Ev) referenced from wst_tmr.o(.text)
 <LI><a href="#[41]">WST_TSK::task_start(void*)</a> from wst_tsk.o(.text) referenced from wst_osw.o(.text)
 <LI><a href="#[d8]">WST_TSK::~WST_TSK__deallocating()</a> from wst_tsk.o(.text) referenced from wst_tsk.o(.constdata__ZTV7WST_TSK)
 <LI><a href="#[46]">WST_TSK::~WST_TSK()</a> from wst_tsk.o(.text) referenced from wst_tsk.o(.constdata__ZTV7WST_TSK)
 <LI><a href="#[46]">WST_TSK::~WST_TSK()</a> from wst_tsk.o(.text) referenced from wstrtos.o(.text)
 <LI><a href="#[da]">evToggle::~evToggle__deallocating()</a> from examplepkg.o(i._ZN8evToggleD0Ev) referenced from examplepkg.o(.constdata__ZTV8evToggle)
 <LI><a href="#[d9]">evToggle::~evToggle()</a> from examplepkg.o(i._ZN8evToggleD1Ev) referenced from examplepkg.o(.constdata__ZTV8evToggle)
 <LI><a href="#[a7]">evReceivedData::isTypeOf(short) const</a> from examplepkg.o(.text) referenced from examplepkg.o(.constdata__ZTV14evReceivedData)
 <LI><a href="#[d0]">evOn::isTypeOf(short) const</a> from examplepkg.o(.text) referenced from examplepkg.o(.constdata__ZTV4evOn)
 <LI><a href="#[d3]">evOff::isTypeOf(short) const</a> from examplepkg.o(.text) referenced from examplepkg.o(.constdata__ZTV5evOff)
 <LI><a href="#[db]">evToggle::isTypeOf(short) const</a> from examplepkg.o(.text) referenced from examplepkg.o(.constdata__ZTV8evToggle)
 <LI><a href="#[b1]">thunk{-64} to ActiveController::cancelTimeout(const WST_TMR*)</a> from activecontroller.o(.text) referenced from activecontroller.o(.constdata__ZTV16ActiveController)
 <LI><a href="#[b0]">thunk{-64} to ActiveController::rootState_entDef()</a> from activecontroller.o(.text) referenced from activecontroller.o(.constdata__ZTV16ActiveController)
 <LI><a href="#[b2]">thunk{-64} to ActiveController::rootState_processEvent()</a> from activecontroller.o(.text) referenced from activecontroller.o(.constdata__ZTV16ActiveController)
 <LI><a href="#[af]">thunk{-64} to ActiveController::~ActiveController__deallocating()</a> from activecontroller.o(.text) referenced from activecontroller.o(.constdata__ZTV16ActiveController)
 <LI><a href="#[ae]">thunk{-64} to ActiveController::~ActiveController()</a> from activecontroller.o(.text) referenced from activecontroller.o(.constdata__ZTV16ActiveController)
 <LI><a href="#[bc]">thunk{-64} to EthernetController::cancelTimeout(const WST_TMR*)</a> from ethernetcontroller.o(.text) referenced from ethernetcontroller.o(.constdata__ZTV18EthernetController)
 <LI><a href="#[bb]">thunk{-64} to EthernetController::rootState_entDef()</a> from ethernetcontroller.o(.text) referenced from ethernetcontroller.o(.constdata__ZTV18EthernetController)
 <LI><a href="#[bd]">thunk{-64} to EthernetController::rootState_processEvent()</a> from ethernetcontroller.o(.text) referenced from ethernetcontroller.o(.constdata__ZTV18EthernetController)
 <LI><a href="#[ba]">thunk{-64} to EthernetController::~EthernetController__deallocating()</a> from ethernetcontroller.o(.text) referenced from ethernetcontroller.o(.constdata__ZTV18EthernetController)
 <LI><a href="#[b9]">thunk{-64} to EthernetController::~EthernetController()</a> from ethernetcontroller.o(.text) referenced from ethernetcontroller.o(.constdata__ZTV18EthernetController)
 <LI><a href="#[c7]">thunk{-64} to SequentialController::cancelTimeout(const WST_TMR*)</a> from sequentialcontroller.o(.text) referenced from sequentialcontroller.o(.constdata__ZTV20SequentialController)
 <LI><a href="#[c6]">thunk{-64} to SequentialController::rootState_entDef()</a> from sequentialcontroller.o(.text) referenced from sequentialcontroller.o(.constdata__ZTV20SequentialController)
 <LI><a href="#[c8]">thunk{-64} to SequentialController::rootState_processEvent()</a> from sequentialcontroller.o(.text) referenced from sequentialcontroller.o(.constdata__ZTV20SequentialController)
 <LI><a href="#[c5]">thunk{-64} to SequentialController::~SequentialController__deallocating()</a> from sequentialcontroller.o(.text) referenced from sequentialcontroller.o(.constdata__ZTV20SequentialController)
 <LI><a href="#[c4]">thunk{-64} to SequentialController::~SequentialController()</a> from sequentialcontroller.o(.text) referenced from sequentialcontroller.o(.constdata__ZTV20SequentialController)
 <LI><a href="#[df]">__main</a> from __main.o(!!!main) referenced from startup_lpc17xx.o(.text)
 <LI><a href="#[de]">__sti___11_WSTRTOS_cpp_b410bc26</a> from wstrtos.o(.text) referenced from wstrtos.o(.init_array)
 <LI><a href="#[dc]">__sti___11_WST_TMM_cpp_5cffd7cf</a> from wst_tmm.o(.text) referenced from wst_tmm.o(.init_array)
 <LI><a href="#[dd]">__sti___11_WST_TMR_cpp_d87a1f05</a> from wst_tmr.o(.text) referenced from wst_tmr.o(.init_array)
 <LI><a href="#[4d]">_get_lc_ctype</a> from lc_ctype_c.o(locale$$code) referenced from rt_ctype_table.o(.text)
 <LI><a href="#[4c]">_sbackspace</a> from _sgetc.o(.text) referenced from __0sscanf.o(.text)
 <LI><a href="#[4e]">_scanf_char_input</a> from scanf_char.o(.text) referenced from scanf_char.o(.text)
 <LI><a href="#[4b]">_sgetc</a> from _sgetc.o(.text) referenced from __0sscanf.o(.text)
 <LI><a href="#[6f]">bsd_cb_tcp</a> from net_bsd.o(i.bsd_cb_tcp) referenced from net_bsd.o(i.socket)
 <LI><a href="#[6e]">bsd_cb_udp</a> from net_bsd.o(i.bsd_cb_udp) referenced from net_bsd.o(i.socket)
 <LI><a href="#[52]">eth_notify</a> from net_eth.o(i.eth_notify) referenced from net_eth.o(i.net_eth_iface_init)
 <LI><a href="#[4f]">isspace</a> from isspace.o(.text) referenced from scanf_char.o(.text)
 <LI><a href="#[72]">main</a> from rxf_behaviorpkg.o(.text) referenced from rtx_conf_cm.o(.constdata)
 <LI><a href="#[53]">nbns_listener</a> from net_nbns_client.o(i.nbns_listener) referenced from net_nbns_client.o(i.net_nbns_client_init)
 <LI><a href="#[8d]">netCore_Thread</a> from net_sys.o(i.netCore_Thread) referenced from net_config.o(.constdata)
 <LI><a href="#[8e]">netETH_Thread</a> from net_eth.o(i.netETH_Thread) referenced from net_config.o(.constdata)
 <LI><a href="#[9b]">net_arp_notify</a> from net_arp.o(i.net_arp_notify) referenced from net_config.o(.constdata)
 <LI><a href="#[98]">net_bsd_socket_init</a> from net_bsd.o(i.net_bsd_socket_init) referenced from net_config.o(.constdata)
 <LI><a href="#[99]">net_bsd_socket_run</a> from net_bsd.o(i.net_bsd_socket_run) referenced from net_config.o(.constdata)
 <LI><a href="#[8f]">net_eth_iface_init</a> from net_eth.o(i.net_eth_iface_init) referenced from net_config.o(.constdata)
 <LI><a href="#[90]">net_eth_iface_run</a> from net_eth.o(i.net_eth_iface_run) referenced from net_config.o(.constdata)
 <LI><a href="#[91]">net_loop_iface_init</a> from net_loop.o(i.net_loop_iface_init) referenced from net_config.o(.constdata)
 <LI><a href="#[92]">net_loop_iface_run</a> from net_loop.o(i.net_loop_iface_run) referenced from net_config.o(.constdata)
 <LI><a href="#[9a]">net_nbns_client_init</a> from net_nbns_client.o(i.net_nbns_client_init) referenced from net_config.o(.constdata)
 <LI><a href="#[93]">net_ping_client_init</a> from net_ping.o(i.net_ping_client_init) referenced from net_config.o(.constdata)
 <LI><a href="#[94]">net_ping_client_run</a> from net_ping.o(i.net_ping_client_run) referenced from net_config.o(.constdata)
 <LI><a href="#[8c]">net_sys_tick</a> from net_sys.o(i.net_sys_tick) referenced from net_config.o(.constdata)
 <LI><a href="#[96]">net_tcp_socket_init</a> from net_tcp.o(i.net_tcp_socket_init) referenced from net_config.o(.constdata)
 <LI><a href="#[97]">net_tcp_socket_run</a> from net_tcp.o(i.net_tcp_socket_run) referenced from net_config.o(.constdata)
 <LI><a href="#[95]">net_udp_socket_init</a> from net_udp.o(i.net_udp_socket_init) referenced from net_config.o(.constdata)
 <LI><a href="#[70]">osThreadExit</a> from rt_cmsis.o(i.osThreadExit) referenced from rt_cmsis.o(i.svcThreadCreate)
 <LI><a href="#[71]">osTimerThread</a> from rt_cmsis.o(i.osTimerThread) referenced from rtx_conf_cm.o(.constdata)
 <LI><a href="#[6d]">os_idle_demon</a> from rtx_conf_cm.o(.text) referenced from rt_task.o(i.rt_sys_init)
 <LI><a href="#[3f]">rt_alloc_box</a> from rt_membox.o(i.rt_alloc_box) referenced from hal_cm3.o(.emb_text)
 <LI><a href="#[40]">rt_free_box</a> from rt_membox.o(i.rt_free_box) referenced from hal_cm3.o(.emb_text)
 <LI><a href="#[48]">rt_mut_release</a> from rt_mutex.o(i.rt_mut_release) referenced from rtx_conf_cm.o(.text)
 <LI><a href="#[47]">rt_mut_wait</a> from rt_mutex.o(i.rt_mut_wait) referenced from rtx_conf_cm.o(.text)
 <LI><a href="#[54]">svcDelay</a> from rt_cmsis.o(i.svcDelay) referenced from rt_cmsis.o(i.osDelay)
 <LI><a href="#[55]">svcKernelInitialize</a> from rt_cmsis.o(i.svcKernelInitialize) referenced from rt_cmsis.o(i.osKernelInitialize)
 <LI><a href="#[56]">svcKernelRunning</a> from rt_cmsis.o(i.svcKernelRunning) referenced from rt_cmsis.o(i.osKernelRunning)
 <LI><a href="#[57]">svcKernelStart</a> from rt_cmsis.o(i.svcKernelStart) referenced from rt_cmsis.o(i.osKernelStart)
 <LI><a href="#[58]">svcKernelSysTick</a> from rt_cmsis.o(i.svcKernelSysTick) referenced from rt_cmsis.o(i.osKernelSysTick)
 <LI><a href="#[59]">svcMessageCreate</a> from rt_cmsis.o(i.svcMessageCreate) referenced from rt_cmsis.o(i.osMessageCreate)
 <LI><a href="#[5a]">svcMessageGet</a> from rt_cmsis.o(i.svcMessageGet) referenced from rt_cmsis.o(i.osMessageGet)
 <LI><a href="#[5b]">svcMessagePut</a> from rt_cmsis.o(i.svcMessagePut) referenced from rt_cmsis.o(i.osMessagePut)
 <LI><a href="#[5c]">svcMutexCreate</a> from rt_cmsis.o(i.svcMutexCreate) referenced from rt_cmsis.o(i.osMutexCreate)
 <LI><a href="#[5d]">svcMutexDelete</a> from rt_cmsis.o(i.svcMutexDelete) referenced from rt_cmsis.o(i.osMutexDelete)
 <LI><a href="#[5e]">svcMutexRelease</a> from rt_cmsis.o(i.svcMutexRelease) referenced from rt_cmsis.o(i.osMutexRelease)
 <LI><a href="#[5f]">svcMutexWait</a> from rt_cmsis.o(i.svcMutexWait) referenced from rt_cmsis.o(i.osMutexWait)
 <LI><a href="#[60]">svcSemaphoreCreate</a> from rt_cmsis.o(i.svcSemaphoreCreate) referenced from rt_cmsis.o(i.osSemaphoreCreate)
 <LI><a href="#[61]">svcSemaphoreRelease</a> from rt_cmsis.o(i.svcSemaphoreRelease) referenced from rt_cmsis.o(i.osSemaphoreRelease)
 <LI><a href="#[62]">svcSemaphoreWait</a> from rt_cmsis.o(i.svcSemaphoreWait) referenced from rt_cmsis.o(i.osSemaphoreWait)
 <LI><a href="#[63]">svcSignalClear</a> from rt_cmsis.o(i.svcSignalClear) referenced from rt_cmsis.o(i.osSignalClear)
 <LI><a href="#[64]">svcSignalSet</a> from rt_cmsis.o(i.svcSignalSet) referenced from rt_cmsis.o(i.osSignalSet)
 <LI><a href="#[65]">svcSignalWait</a> from rt_cmsis.o(i.svcSignalWait) referenced from rt_cmsis.o(i.osSignalWait)
 <LI><a href="#[66]">svcThreadCreate</a> from rt_cmsis.o(i.svcThreadCreate) referenced from rt_cmsis.o(i.osThreadCreate)
 <LI><a href="#[67]">svcThreadGetId</a> from rt_cmsis.o(i.svcThreadGetId) referenced from rt_cmsis.o(i.osThreadExit)
 <LI><a href="#[67]">svcThreadGetId</a> from rt_cmsis.o(i.svcThreadGetId) referenced from rt_cmsis.o(i.osThreadGetId)
 <LI><a href="#[68]">svcThreadTerminate</a> from rt_cmsis.o(i.svcThreadTerminate) referenced from rt_cmsis.o(i.osThreadExit)
 <LI><a href="#[68]">svcThreadTerminate</a> from rt_cmsis.o(i.svcThreadTerminate) referenced from rt_cmsis.o(i.osThreadTerminate)
 <LI><a href="#[69]">svcThreadYield</a> from rt_cmsis.o(i.svcThreadYield) referenced from rt_cmsis.o(i.osThreadYield)
 <LI><a href="#[6a]">svcTimerCall</a> from rt_cmsis.o(i.svcTimerCall) referenced from rt_cmsis.o(i.osTimerCall)
 <LI><a href="#[6b]">svcTimerCreate</a> from rt_cmsis.o(i.svcTimerCreate) referenced from rt_cmsis.o(i.osTimerCreate)
 <LI><a href="#[6c]">svcTimerStart</a> from rt_cmsis.o(i.svcTimerStart) referenced from rt_cmsis.o(i.osTimerStart)
</UL>
<P>
<H3>
Global Symbols
</H3>
<P><STRONG><a name="[df]"></a>__main</STRONG> (Thumb, 8 bytes, Stack size 0 bytes, __main.o(!!!main))
<BR><BR>[Calls]<UL><LI><a href="#[e9]">&gt;&gt;</a>&nbsp;&nbsp;&nbsp;__rt_entry
<LI><a href="#[e8]">&gt;&gt;</a>&nbsp;&nbsp;&nbsp;__scatterload
</UL>

<P><STRONG><a name="[e8]"></a>__scatterload</STRONG> (Thumb, 0 bytes, Stack size unknown bytes, __scatter.o(!!!scatter))
<BR><BR>[Called By]<UL><LI><a href="#[df]">&gt;&gt;</a>&nbsp;&nbsp;&nbsp;__main
</UL>

<P><STRONG><a name="[ea]"></a>__scatterload_rt2</STRONG> (Thumb, 44 bytes, Stack size unknown bytes, __scatter.o(!!!scatter), UNUSED)
<BR><BR>[Calls]<UL><LI><a href="#[e9]">&gt;&gt;</a>&nbsp;&nbsp;&nbsp;__rt_entry
</UL>

<P><STRONG><a name="[2ea]"></a>__scatterload_rt2_thumb_only</STRONG> (Thumb, 0 bytes, Stack size unknown bytes, __scatter.o(!!!scatter), UNUSED)

<P><STRONG><a name="[2eb]"></a>__scatterload_null</STRONG> (Thumb, 0 bytes, Stack size unknown bytes, __scatter.o(!!!scatter), UNUSED)

<P><STRONG><a name="[2ec]"></a>__decompress</STRONG> (Thumb, 90 bytes, Stack size unknown bytes, __dczerorl2.o(!!dczerorl2), UNUSED)

<P><STRONG><a name="[2ed]"></a>__decompress1</STRONG> (Thumb, 0 bytes, Stack size unknown bytes, __dczerorl2.o(!!dczerorl2), UNUSED)

<P><STRONG><a name="[eb]"></a>__scatterload_copy</STRONG> (Thumb, 26 bytes, Stack size unknown bytes, __scatter_copy.o(!!handler_copy), UNUSED)
<BR><BR>[Calls]<UL><LI><a href="#[eb]">&gt;&gt;</a>&nbsp;&nbsp;&nbsp;__scatterload_copy
</UL>
<BR>[Called By]<UL><LI><a href="#[eb]">&gt;&gt;</a>&nbsp;&nbsp;&nbsp;__scatterload_copy
</UL>

<P><STRONG><a name="[2ee]"></a>__scatterload_zeroinit</STRONG> (Thumb, 28 bytes, Stack size unknown bytes, __scatter_zi.o(!!handler_zi), UNUSED)

<P><STRONG><a name="[f7]"></a>__rt_lib_init</STRONG> (Thumb, 0 bytes, Stack size unknown bytes, libinit.o(.ARM.Collect$$libinit$$00000000))
<BR><BR>[Called By]<UL><LI><a href="#[f6]">&gt;&gt;</a>&nbsp;&nbsp;&nbsp;__rt_entry_li
</UL>

<P><STRONG><a name="[2ef]"></a>__rt_lib_init_fp_1</STRONG> (Thumb, 0 bytes, Stack size unknown bytes, libinit2.o(.ARM.Collect$$libinit$$00000002))

<P><STRONG><a name="[ec]"></a>__rt_lib_init_heap_2</STRONG> (Thumb, 0 bytes, Stack size unknown bytes, libinit2.o(.ARM.Collect$$libinit$$00000005))
<BR><BR>[Stack]<UL><LI>Max Depth = 64 + Unknown Stack Size
<LI>Call Chain = __rt_lib_init_heap_2 &rArr; _init_alloc &rArr; __rt_SIGRTMEM &rArr; __rt_SIGRTMEM_inner &rArr; __default_signal_display &rArr; _ttywrch
</UL>
<BR>[Calls]<UL><LI><a href="#[ed]">&gt;&gt;</a>&nbsp;&nbsp;&nbsp;_init_alloc
</UL>

<P><STRONG><a name="[2f0]"></a>__rt_lib_init_preinit_1</STRONG> (Thumb, 0 bytes, Stack size unknown bytes, libinit2.o(.ARM.Collect$$libinit$$00000004))

<P><STRONG><a name="[2f1]"></a>__rt_lib_init_heap_1</STRONG> (Thumb, 0 bytes, Stack size unknown bytes, libinit2.o(.ARM.Collect$$libinit$$0000000A))

<P><STRONG><a name="[ee]"></a>__rt_lib_init_lc_common</STRONG> (Thumb, 0 bytes, Stack size unknown bytes, libinit2.o(.ARM.Collect$$libinit$$0000000F))
<BR><BR>[Stack]<UL><LI>Max Depth = 8 + Unknown Stack Size
<LI>Call Chain = __rt_lib_init_lc_common &rArr; __rt_locale
</UL>
<BR>[Calls]<UL><LI><a href="#[ef]">&gt;&gt;</a>&nbsp;&nbsp;&nbsp;__rt_locale
</UL>

<P><STRONG><a name="[2f2]"></a>__rt_lib_init_rand_1</STRONG> (Thumb, 0 bytes, Stack size unknown bytes, libinit2.o(.ARM.Collect$$libinit$$0000000E))

<P><STRONG><a name="[2f3]"></a>__rt_lib_init_user_alloc_1</STRONG> (Thumb, 0 bytes, Stack size unknown bytes, libinit2.o(.ARM.Collect$$libinit$$0000000C))

<P><STRONG><a name="[2f4]"></a>__rt_lib_init_lc_collate_1</STRONG> (Thumb, 0 bytes, Stack size unknown bytes, libinit2.o(.ARM.Collect$$libinit$$00000011))

<P><STRONG><a name="[f0]"></a>__rt_lib_init_lc_ctype_2</STRONG> (Thumb, 0 bytes, Stack size unknown bytes, libinit2.o(.ARM.Collect$$libinit$$00000012))
<BR><BR>[Stack]<UL><LI>Max Depth = 8 + Unknown Stack Size
<LI>Call Chain = __rt_lib_init_lc_ctype_2 &rArr; _get_lc_ctype
</UL>
<BR>[Calls]<UL><LI><a href="#[4d]">&gt;&gt;</a>&nbsp;&nbsp;&nbsp;_get_lc_ctype
</UL>

<P><STRONG><a name="[2f5]"></a>__rt_lib_init_alloca_1</STRONG> (Thumb, 0 bytes, Stack size unknown bytes, libinit2.o(.ARM.Collect$$libinit$$0000002E))

<P><STRONG><a name="[2f6]"></a>__rt_lib_init_argv_1</STRONG> (Thumb, 0 bytes, Stack size unknown bytes, libinit2.o(.ARM.Collect$$libinit$$0000002C))

<P><STRONG><a name="[2f7]"></a>__rt_lib_init_atexit_1</STRONG> (Thumb, 0 bytes, Stack size unknown bytes, libinit2.o(.ARM.Collect$$libinit$$0000001B))

<P><STRONG><a name="[2f8]"></a>__rt_lib_init_clock_1</STRONG> (Thumb, 0 bytes, Stack size unknown bytes, libinit2.o(.ARM.Collect$$libinit$$00000021))

<P><STRONG><a name="[f1]"></a>__rt_lib_init_cpp_2</STRONG> (Thumb, 0 bytes, Stack size unknown bytes, libinit2.o(.ARM.Collect$$libinit$$00000031))
<BR><BR>[Stack]<UL><LI>Max Depth = 16 + Unknown Stack Size
<LI>Call Chain = __rt_lib_init_cpp_2 &rArr; __cpp_initialize__aeabi_
</UL>
<BR>[Calls]<UL><LI><a href="#[e7]">&gt;&gt;</a>&nbsp;&nbsp;&nbsp;__cpp_initialize__aeabi_
</UL>

<P><STRONG><a name="[2f9]"></a>__rt_lib_init_exceptions_1</STRONG> (Thumb, 0 bytes, Stack size unknown bytes, libinit2.o(.ARM.Collect$$libinit$$00000030))

<P><STRONG><a name="[2fa]"></a>__rt_lib_init_fp_trap_1</STRONG> (Thumb, 0 bytes, Stack size unknown bytes, libinit2.o(.ARM.Collect$$libinit$$0000001F))

<P><STRONG><a name="[2fb]"></a>__rt_lib_init_getenv_1</STRONG> (Thumb, 0 bytes, Stack size unknown bytes, libinit2.o(.ARM.Collect$$libinit$$00000023))

<P><STRONG><a name="[2fc]"></a>__rt_lib_init_lc_ctype_1</STRONG> (Thumb, 0 bytes, Stack size unknown bytes, libinit2.o(.ARM.Collect$$libinit$$00000013))

<P><STRONG><a name="[2fd]"></a>__rt_lib_init_lc_monetary_1</STRONG> (Thumb, 0 bytes, Stack size unknown bytes, libinit2.o(.ARM.Collect$$libinit$$00000015))

<P><STRONG><a name="[2fe]"></a>__rt_lib_init_lc_numeric_1</STRONG> (Thumb, 0 bytes, Stack size unknown bytes, libinit2.o(.ARM.Collect$$libinit$$00000017))

<P><STRONG><a name="[2ff]"></a>__rt_lib_init_lc_time_1</STRONG> (Thumb, 0 bytes, Stack size unknown bytes, libinit2.o(.ARM.Collect$$libinit$$00000019))

<P><STRONG><a name="[300]"></a>__rt_lib_init_signal_1</STRONG> (Thumb, 0 bytes, Stack size unknown bytes, libinit2.o(.ARM.Collect$$libinit$$0000001D))

<P><STRONG><a name="[301]"></a>__rt_lib_init_stdio_1</STRONG> (Thumb, 0 bytes, Stack size unknown bytes, libinit2.o(.ARM.Collect$$libinit$$00000025))

<P><STRONG><a name="[302]"></a>__rt_lib_init_cpp_1</STRONG> (Thumb, 0 bytes, Stack size unknown bytes, libinit2.o(.ARM.Collect$$libinit$$00000032))

<P><STRONG><a name="[303]"></a>__rt_lib_init_return</STRONG> (Thumb, 0 bytes, Stack size unknown bytes, libinit2.o(.ARM.Collect$$libinit$$00000033))

<P><STRONG><a name="[fd]"></a>__rt_lib_shutdown</STRONG> (Thumb, 0 bytes, Stack size unknown bytes, libshutdown.o(.ARM.Collect$$libshutdown$$00000000))
<BR><BR>[Called By]<UL><LI><a href="#[202]">&gt;&gt;</a>&nbsp;&nbsp;&nbsp;abort
<LI><a href="#[fc]">&gt;&gt;</a>&nbsp;&nbsp;&nbsp;__rt_exit_ls
</UL>

<P><STRONG><a name="[f2]"></a>__rt_lib_shutdown_cpp_2</STRONG> (Thumb, 0 bytes, Stack size unknown bytes, libshutdown2.o(.ARM.Collect$$libshutdown$$00000001))
<BR><BR>[Stack]<UL><LI>Max Depth = 48 + Unknown Stack Size
<LI>Call Chain = __rt_lib_shutdown_cpp_2 &rArr; __cxa_finalize &rArr; free &rArr; _free_internal
</UL>
<BR>[Calls]<UL><LI><a href="#[f3]">&gt;&gt;</a>&nbsp;&nbsp;&nbsp;__cxa_finalize
</UL>

<P><STRONG><a name="[304]"></a>__rt_lib_shutdown_cpp_1</STRONG> (Thumb, 0 bytes, Stack size unknown bytes, libshutdown2.o(.ARM.Collect$$libshutdown$$00000002))

<P><STRONG><a name="[305]"></a>__rt_lib_shutdown_fp_trap_1</STRONG> (Thumb, 0 bytes, Stack size unknown bytes, libshutdown2.o(.ARM.Collect$$libshutdown$$00000007))

<P><STRONG><a name="[306]"></a>__rt_lib_shutdown_heap_1</STRONG> (Thumb, 0 bytes, Stack size unknown bytes, libshutdown2.o(.ARM.Collect$$libshutdown$$0000000F))

<P><STRONG><a name="[307]"></a>__rt_lib_shutdown_return</STRONG> (Thumb, 0 bytes, Stack size unknown bytes, libshutdown2.o(.ARM.Collect$$libshutdown$$00000010))

<P><STRONG><a name="[308]"></a>__rt_lib_shutdown_signal_1</STRONG> (Thumb, 0 bytes, Stack size unknown bytes, libshutdown2.o(.ARM.Collect$$libshutdown$$0000000A))

<P><STRONG><a name="[309]"></a>__rt_lib_shutdown_stdio_1</STRONG> (Thumb, 0 bytes, Stack size unknown bytes, libshutdown2.o(.ARM.Collect$$libshutdown$$00000004))

<P><STRONG><a name="[30a]"></a>__rt_lib_shutdown_user_alloc_1</STRONG> (Thumb, 0 bytes, Stack size unknown bytes, libshutdown2.o(.ARM.Collect$$libshutdown$$0000000C))

<P><STRONG><a name="[e9]"></a>__rt_entry</STRONG> (Thumb, 0 bytes, Stack size unknown bytes, __rtentry.o(.ARM.Collect$$rtentry$$00000000))
<BR><BR>[Called By]<UL><LI><a href="#[df]">&gt;&gt;</a>&nbsp;&nbsp;&nbsp;__main
<LI><a href="#[ea]">&gt;&gt;</a>&nbsp;&nbsp;&nbsp;__scatterload_rt2
</UL>

<P><STRONG><a name="[30b]"></a>__rt_entry_presh_1</STRONG> (Thumb, 0 bytes, Stack size unknown bytes, __rtentry2.o(.ARM.Collect$$rtentry$$00000002))

<P><STRONG><a name="[f4]"></a>__rt_entry_sh</STRONG> (Thumb, 0 bytes, Stack size unknown bytes, __rtentry4.o(.ARM.Collect$$rtentry$$00000004))
<BR><BR>[Stack]<UL><LI>Max Depth = 8 + Unknown Stack Size
<LI>Call Chain = __rt_entry_sh &rArr; __user_setup_stackheap
</UL>
<BR>[Calls]<UL><LI><a href="#[f5]">&gt;&gt;</a>&nbsp;&nbsp;&nbsp;__user_setup_stackheap
</UL>

<P><STRONG><a name="[f6]"></a>__rt_entry_li</STRONG> (Thumb, 0 bytes, Stack size unknown bytes, __rtentry2.o(.ARM.Collect$$rtentry$$0000000A))
<BR><BR>[Calls]<UL><LI><a href="#[f7]">&gt;&gt;</a>&nbsp;&nbsp;&nbsp;__rt_lib_init
</UL>

<P><STRONG><a name="[30c]"></a>__rt_entry_postsh_1</STRONG> (Thumb, 0 bytes, Stack size unknown bytes, __rtentry2.o(.ARM.Collect$$rtentry$$00000009))

<P><STRONG><a name="[f8]"></a>__rt_entry_postli_1</STRONG> (Thumb, 0 bytes, Stack size unknown bytes, __rtentry2.o(.ARM.Collect$$rtentry$$0000000B))
<BR><BR>[Stack]<UL><LI>Max Depth = 80 + Unknown Stack Size
<LI>Call Chain = __rt_entry_postli_1 &rArr; _platform_post_lib_init &rArr; osKernelInitialize &rArr; svcKernelInitialize &rArr; svcThreadCreate &rArr; rt_tsk_create &rArr; rt_init_context &rArr; rt_init_stack
</UL>
<BR>[Calls]<UL><LI><a href="#[f9]">&gt;&gt;</a>&nbsp;&nbsp;&nbsp;_platform_post_lib_init
</UL>

<P><STRONG><a name="[fa]"></a>__rt_entry_main</STRONG> (Thumb, 0 bytes, Stack size unknown bytes, __rtentry2.o(.ARM.Collect$$rtentry$$0000000D))
<BR><BR>[Stack]<UL><LI>Max Depth = 336 + Unknown Stack Size
<LI>Call Chain = __rt_entry_main &rArr; main &rArr; WSTRTOS_Init() &rArr; WST_RXF_Main(short, char**) &rArr; TestBuilder::TestBuilder(WST_TSK*) &rArr; EthernetController::EthernetController(WST_TSK*) &rArr; connect &rArr; net_tcp_connect &rArr; tcp_send_ctrl &rArr; tcp_write &rArr; net_ip6_send_frame &rArr; net_eth_send_frame &rArr; net_arp_cache_find &rArr; arp_send_request &rArr; net_eth_output &rArr; eth_unlock &rArr; netif_unlock &rArr; osSemaphoreRelease &rArr; isrSemaphoreRelease &rArr; isr_sem_send &rArr; rt_psq_enq
</UL>
<BR>[Calls]<UL><LI><a href="#[72]">&gt;&gt;</a>&nbsp;&nbsp;&nbsp;main
<LI><a href="#[fb]">&gt;&gt;</a>&nbsp;&nbsp;&nbsp;exit
</UL>

<P><STRONG><a name="[1ee]"></a>__rt_exit</STRONG> (Thumb, 0 bytes, Stack size unknown bytes, rtexit.o(.ARM.Collect$$rtexit$$00000000))
<BR><BR>[Called By]<UL><LI><a href="#[fb]">&gt;&gt;</a>&nbsp;&nbsp;&nbsp;exit
</UL>

<P><STRONG><a name="[fc]"></a>__rt_exit_ls</STRONG> (Thumb, 0 bytes, Stack size unknown bytes, rtexit2.o(.ARM.Collect$$rtexit$$00000003))
<BR><BR>[Calls]<UL><LI><a href="#[fd]">&gt;&gt;</a>&nbsp;&nbsp;&nbsp;__rt_lib_shutdown
</UL>

<P><STRONG><a name="[30d]"></a>__rt_exit_prels_1</STRONG> (Thumb, 0 bytes, Stack size unknown bytes, rtexit2.o(.ARM.Collect$$rtexit$$00000002))

<P><STRONG><a name="[fe]"></a>__rt_exit_exit</STRONG> (Thumb, 0 bytes, Stack size unknown bytes, rtexit2.o(.ARM.Collect$$rtexit$$00000004))
<BR><BR>[Calls]<UL><LI><a href="#[ff]">&gt;&gt;</a>&nbsp;&nbsp;&nbsp;_sys_exit
</UL>

<P><STRONG><a name="[f9]"></a>_platform_post_lib_init</STRONG> (Thumb, 24 bytes, Stack size 0 bytes, rtx_conf_cm.o(.emb_text))
<BR><BR>[Stack]<UL><LI>Max Depth = 80 + Unknown Stack Size
<LI>Call Chain = _platform_post_lib_init &rArr; osKernelInitialize &rArr; svcKernelInitialize &rArr; svcThreadCreate &rArr; rt_tsk_create &rArr; rt_init_context &rArr; rt_init_stack
</UL>
<BR>[Calls]<UL><LI><a href="#[101]">&gt;&gt;</a>&nbsp;&nbsp;&nbsp;osThreadCreate
<LI><a href="#[102]">&gt;&gt;</a>&nbsp;&nbsp;&nbsp;osKernelStart
<LI><a href="#[100]">&gt;&gt;</a>&nbsp;&nbsp;&nbsp;osKernelInitialize
<LI><a href="#[fb]">&gt;&gt;</a>&nbsp;&nbsp;&nbsp;exit
</UL>
<BR>[Called By]<UL><LI><a href="#[f8]">&gt;&gt;</a>&nbsp;&nbsp;&nbsp;__rt_entry_postli_1
</UL>

<P><STRONG><a name="[103]"></a>WST_RXF_Main(short, char**)</STRONG> (Thumb, 72 bytes, Stack size 32 bytes, maintargetcomponent.o(.text))
<BR><BR>[Stack]<UL><LI>Max Depth = 304<LI>Call Chain = WST_RXF_Main(short, char**) &rArr; TestBuilder::TestBuilder(WST_TSK*) &rArr; EthernetController::EthernetController(WST_TSK*) &rArr; connect &rArr; net_tcp_connect &rArr; tcp_send_ctrl &rArr; tcp_write &rArr; net_ip6_send_frame &rArr; net_eth_send_frame &rArr; net_arp_cache_find &rArr; arp_send_request &rArr; net_eth_output &rArr; eth_unlock &rArr; netif_unlock &rArr; osSemaphoreRelease &rArr; isrSemaphoreRelease &rArr; isr_sem_send &rArr; rt_psq_enq
</UL>
<BR>[Calls]<UL><LI><a href="#[107]">&gt;&gt;</a>&nbsp;&nbsp;&nbsp;WST_RXF::start()
<LI><a href="#[104]">&gt;&gt;</a>&nbsp;&nbsp;&nbsp;WST_RXF::initialize()
<LI><a href="#[106]">&gt;&gt;</a>&nbsp;&nbsp;&nbsp;TestBuilder::TestBuilder(WST_TSK*)
<LI><a href="#[105]">&gt;&gt;</a>&nbsp;&nbsp;&nbsp;WST_MEM::getMemory(unsigned)
</UL>
<BR>[Called By]<UL><LI><a href="#[112]">&gt;&gt;</a>&nbsp;&nbsp;&nbsp;WSTRTOS_Init()
</UL>

<P><STRONG><a name="[30e]"></a>_maybe_terminate_alloc</STRONG> (Thumb, 0 bytes, Stack size 32 bytes, maybetermalloc1.o(.emb_text), UNUSED)

<P><STRONG><a name="[108]"></a>WSTMonitor_sendTypeSize()</STRONG> (Thumb, 98 bytes, Stack size 24 bytes, wstmonitor_sendtypes.o(.text))
<BR><BR>[Stack]<UL><LI>Max Depth = 48<LI>Call Chain = WSTMonitor_sendTypeSize() &rArr; WSTMonitor_sendDataStruct(void*, unsigned short)
</UL>
<BR>[Calls]<UL><LI><a href="#[110]">&gt;&gt;</a>&nbsp;&nbsp;&nbsp;WSTMonitor_sendDataStruct(void*, unsigned short)
<LI><a href="#[10f]">&gt;&gt;</a>&nbsp;&nbsp;&nbsp;WSTMonitor_getTypeSize6()
<LI><a href="#[10e]">&gt;&gt;</a>&nbsp;&nbsp;&nbsp;WSTMonitor_getTypeSize5()
<LI><a href="#[10d]">&gt;&gt;</a>&nbsp;&nbsp;&nbsp;WSTMonitor_getTypeSize4()
<LI><a href="#[10c]">&gt;&gt;</a>&nbsp;&nbsp;&nbsp;WSTMonitor_getTypeSize3()
<LI><a href="#[10b]">&gt;&gt;</a>&nbsp;&nbsp;&nbsp;WSTMonitor_getTypeSize2()
<LI><a href="#[10a]">&gt;&gt;</a>&nbsp;&nbsp;&nbsp;WSTMonitor_getTypeSize1()
<LI><a href="#[109]">&gt;&gt;</a>&nbsp;&nbsp;&nbsp;WSTMonitor_getTypeSize0()
</UL>
<BR>[Called By]<UL><LI><a href="#[19b]">&gt;&gt;</a>&nbsp;&nbsp;&nbsp;WSTMonitor_init()
</UL>

<P><STRONG><a name="[72]"></a>main</STRONG> (Thumb, 14 bytes, Stack size 8 bytes, rxf_behaviorpkg.o(.text))
<BR><BR>[Stack]<UL><LI>Max Depth = 336<LI>Call Chain = main &rArr; WSTRTOS_Init() &rArr; WST_RXF_Main(short, char**) &rArr; TestBuilder::TestBuilder(WST_TSK*) &rArr; EthernetController::EthernetController(WST_TSK*) &rArr; connect &rArr; net_tcp_connect &rArr; tcp_send_ctrl &rArr; tcp_write &rArr; net_ip6_send_frame &rArr; net_eth_send_frame &rArr; net_arp_cache_find &rArr; arp_send_request &rArr; net_eth_output &rArr; eth_unlock &rArr; netif_unlock &rArr; osSemaphoreRelease &rArr; isrSemaphoreRelease &rArr; isr_sem_send &rArr; rt_psq_enq
</UL>
<BR>[Calls]<UL><LI><a href="#[112]">&gt;&gt;</a>&nbsp;&nbsp;&nbsp;WSTRTOS_Init()
<LI><a href="#[111]">&gt;&gt;</a>&nbsp;&nbsp;&nbsp;WSTTarget_Init
</UL>
<BR>[Called By]<UL><LI><a href="#[fa]">&gt;&gt;</a>&nbsp;&nbsp;&nbsp;__rt_entry_main
</UL>
<BR>[Address Reference Count : 1]<UL><LI> rtx_conf_cm.o(.constdata)
</UL>
<P><STRONG><a name="[30f]"></a>WST_ERR::~WST_ERR()</STRONG> (Thumb, 2 bytes, Stack size 0 bytes, wst_err.o(.text), UNUSED)

<P><STRONG><a name="[310]"></a>WST_ERR::~WST_ERR__sub_object()</STRONG> (Thumb, 0 bytes, Stack size 0 bytes, wst_err.o(.text), UNUSED)

<P><STRONG><a name="[15b]"></a>WST_ERR::error(const WST_ERR::ErrorCode&, const unsigned&)</STRONG> (Thumb, 4 bytes, Stack size 0 bytes, wst_err.o(.text))
<BR><BR>[Called By]<UL><LI><a href="#[1a1]">&gt;&gt;</a>&nbsp;&nbsp;&nbsp;WST_TMR::operator new(unsigned)
<LI><a href="#[19c]">&gt;&gt;</a>&nbsp;&nbsp;&nbsp;WST_TSK::execute()
<LI><a href="#[195]">&gt;&gt;</a>&nbsp;&nbsp;&nbsp;WST_OSW_TMM_initTimerTask()
<LI><a href="#[187]">&gt;&gt;</a>&nbsp;&nbsp;&nbsp;WST_OSW_TSK_resume(WST_TSK*)
<LI><a href="#[186]">&gt;&gt;</a>&nbsp;&nbsp;&nbsp;WST_OSW_TSK_suspend(WST_TSK*)
<LI><a href="#[185]">&gt;&gt;</a>&nbsp;&nbsp;&nbsp;WST_OSW_TSK_start(WST_TSK*)
<LI><a href="#[182]">&gt;&gt;</a>&nbsp;&nbsp;&nbsp;WST_OSW_TSK_userInit(void(*)(void*), osPriority, void*, unsigned short, void*)
<LI><a href="#[177]">&gt;&gt;</a>&nbsp;&nbsp;&nbsp;WST_OSW_MTX_enterCriticalRegion(WST_MTX*)
<LI><a href="#[179]">&gt;&gt;</a>&nbsp;&nbsp;&nbsp;WST_OSW_MTX_exitCriticalRegion(WST_MTX*)
<LI><a href="#[17a]">&gt;&gt;</a>&nbsp;&nbsp;&nbsp;WST_OSW_MTX_cleanup(WST_MTX*)
<LI><a href="#[175]">&gt;&gt;</a>&nbsp;&nbsp;&nbsp;WST_OSW_MTX_init(WST_MTX*)
<LI><a href="#[16d]">&gt;&gt;</a>&nbsp;&nbsp;&nbsp;WST_OSW_MSQ_cancelEvents(WST_MSQ*, const WST_FSM*, short)
<LI><a href="#[171]">&gt;&gt;</a>&nbsp;&nbsp;&nbsp;WST_OSW_MSQ_getCount(WST_MSQ*)
<LI><a href="#[16b]">&gt;&gt;</a>&nbsp;&nbsp;&nbsp;WST_OSW_MSQ_init(WST_MSQ*)
<LI><a href="#[173]">&gt;&gt;</a>&nbsp;&nbsp;&nbsp;WST_OSW_MSQ_put(WST_MSQ*, WST_EVT*, bool)
<LI><a href="#[16f]">&gt;&gt;</a>&nbsp;&nbsp;&nbsp;WST_OSW_MSQ_get(WST_MSQ*, WST_EVT**)
<LI><a href="#[15f]">&gt;&gt;</a>&nbsp;&nbsp;&nbsp;WST_FSM::popNullTransition()
<LI><a href="#[158]">&gt;&gt;</a>&nbsp;&nbsp;&nbsp;WST_FSM::takeEvent(WST_EVT*)
<LI><a href="#[112]">&gt;&gt;</a>&nbsp;&nbsp;&nbsp;WSTRTOS_Init()
<LI><a href="#[1ac]">&gt;&gt;</a>&nbsp;&nbsp;&nbsp;WST_TSK::executeOnce()
</UL>

<P><STRONG><a name="[18f]"></a>WST_EVT::toBeCancelled(const WST_FSM*, short)</STRONG> (Thumb, 26 bytes, Stack size 8 bytes, wst_evt.o(.text))
<BR><BR>[Stack]<UL><LI>Max Depth = 8<LI>Call Chain = WST_EVT::toBeCancelled(const WST_FSM*, short)
</UL>
<BR>[Called By]<UL><LI><a href="#[16d]">&gt;&gt;</a>&nbsp;&nbsp;&nbsp;WST_OSW_MSQ_cancelEvents(WST_MSQ*, const WST_FSM*, short)
</UL>

<P><STRONG><a name="[311]"></a>__user_libspace</STRONG> (Thumb, 8 bytes, Stack size 0 bytes, libspace.o(.text), UNUSED)

<P><STRONG><a name="[114]"></a>__user_perproc_libspace</STRONG> (Thumb, 0 bytes, Stack size 0 bytes, libspace.o(.text))
<BR><BR>[Called By]<UL><LI><a href="#[203]">&gt;&gt;</a>&nbsp;&nbsp;&nbsp;__rt_eh_globals_addr
<LI><a href="#[f5]">&gt;&gt;</a>&nbsp;&nbsp;&nbsp;__user_setup_stackheap
<LI><a href="#[1fb]">&gt;&gt;</a>&nbsp;&nbsp;&nbsp;__rt_new_handler_addr
<LI><a href="#[ef]">&gt;&gt;</a>&nbsp;&nbsp;&nbsp;__rt_locale
<LI><a href="#[1f7]">&gt;&gt;</a>&nbsp;&nbsp;&nbsp;__rt_heap_descriptor
<LI><a href="#[113]">&gt;&gt;</a>&nbsp;&nbsp;&nbsp;__rt_ddtor_pointer_addr
</UL>

<P><STRONG><a name="[312]"></a>__use_two_region_memory</STRONG> (Thumb, 2 bytes, Stack size 0 bytes, heapauxi.o(.text), UNUSED)

<P><STRONG><a name="[b]"></a>__rt_heap_escrow</STRONG> (Thumb, 2 bytes, Stack size 0 bytes, heapauxi.o(.text), UNUSED)

<P><STRONG><a name="[a]"></a>__rt_heap_expand</STRONG> (Thumb, 2 bytes, Stack size 0 bytes, heapauxi.o(.text), UNUSED)

<P><STRONG><a name="[113]"></a>__rt_ddtor_pointer_addr</STRONG> (Thumb, 10 bytes, Stack size 8 bytes, rt_ddtor_pointer_addr_twolibspace.o(.text))
<BR><BR>[Stack]<UL><LI>Max Depth = 8<LI>Call Chain = __rt_ddtor_pointer_addr
</UL>
<BR>[Calls]<UL><LI><a href="#[114]">&gt;&gt;</a>&nbsp;&nbsp;&nbsp;__user_perproc_libspace
</UL>
<BR>[Called By]<UL><LI><a href="#[18b]">&gt;&gt;</a>&nbsp;&nbsp;&nbsp;__aeabi_atexit
<LI><a href="#[f3]">&gt;&gt;</a>&nbsp;&nbsp;&nbsp;__cxa_finalize
</UL>

<P><STRONG><a name="[313]"></a>rt_set_PSP</STRONG> (Thumb, 6 bytes, Stack size 0 bytes, hal_cm3.o(.emb_text), UNUSED)

<P><STRONG><a name="[2d6]"></a>rt_get_PSP</STRONG> (Thumb, 6 bytes, Stack size 0 bytes, hal_cm3.o(.emb_text))
<BR><BR>[Called By]<UL><LI><a href="#[2d5]">&gt;&gt;</a>&nbsp;&nbsp;&nbsp;rt_tsk_delete
</UL>

<P><STRONG><a name="[314]"></a>os_set_env</STRONG> (Thumb, 24 bytes, Stack size 0 bytes, hal_cm3.o(.emb_text), UNUSED)

<P><STRONG><a name="[315]"></a>_alloc_box</STRONG> (Thumb, 28 bytes, Stack size 0 bytes, hal_cm3.o(.emb_text), UNUSED)

<P><STRONG><a name="[316]"></a>_free_box</STRONG> (Thumb, 28 bytes, Stack size 0 bytes, hal_cm3.o(.emb_text), UNUSED)

<P><STRONG><a name="[18]"></a>SVC_Handler</STRONG> (Thumb, 108 bytes, Stack size 0 bytes, hal_cm3.o(.emb_text))
<BR><BR>[Calls]<UL><LI><a href="#[115]">&gt;&gt;</a>&nbsp;&nbsp;&nbsp;rt_stk_check
</UL>
<BR>[Address Reference Count : 1]<UL><LI> startup_lpc17xx.o(RESET)
</UL>
<P><STRONG><a name="[1a]"></a>PendSV_Handler</STRONG> (Thumb, 56 bytes, Stack size 0 bytes, hal_cm3.o(.emb_text))
<BR><BR>[Stack]<UL><LI>Max Depth = 52<LI>Call Chain = PendSV_Handler &rArr; rt_pop_req &rArr; rt_mbx_psh &rArr; rt_put_prio
</UL>
<BR>[Calls]<UL><LI><a href="#[115]">&gt;&gt;</a>&nbsp;&nbsp;&nbsp;rt_stk_check
<LI><a href="#[116]">&gt;&gt;</a>&nbsp;&nbsp;&nbsp;rt_pop_req
</UL>
<BR>[Address Reference Count : 1]<UL><LI> startup_lpc17xx.o(RESET)
</UL>
<P><STRONG><a name="[1b]"></a>SysTick_Handler</STRONG> (Thumb, 8 bytes, Stack size 0 bytes, hal_cm3.o(.emb_text))
<BR><BR>[Stack]<UL><LI>Max Depth = 72<LI>Call Chain = SysTick_Handler &rArr; rt_systick &rArr; sysTimerTick &rArr; isrMessagePut &rArr; isr_mbx_send &rArr; rt_psq_enq
</UL>
<BR>[Calls]<UL><LI><a href="#[117]">&gt;&gt;</a>&nbsp;&nbsp;&nbsp;rt_systick
</UL>
<BR>[Address Reference Count : 1]<UL><LI> startup_lpc17xx.o(RESET)
</UL>
<P><STRONG><a name="[118]"></a>OS_Tick_Handler</STRONG> (Thumb, 12 bytes, Stack size 0 bytes, hal_cm3.o(.emb_text), UNUSED)
<BR><BR>[Calls]<UL><LI><a href="#[119]">&gt;&gt;</a>&nbsp;&nbsp;&nbsp;os_tick_irqack
<LI><a href="#[117]">&gt;&gt;</a>&nbsp;&nbsp;&nbsp;rt_systick
</UL>

<P><STRONG><a name="[11a]"></a>ActiveController::ClassWSTMonitor_getTypeSize0()</STRONG> (Thumb, 4 bytes, Stack size 0 bytes, activecontroller.o(.text))
<BR><BR>[Called By]<UL><LI><a href="#[109]">&gt;&gt;</a>&nbsp;&nbsp;&nbsp;WSTMonitor_getTypeSize0()
</UL>

<P><STRONG><a name="[109]"></a>WSTMonitor_getTypeSize0()</STRONG> (Thumb, 8 bytes, Stack size 4 bytes, activecontroller.o(.text))
<BR><BR>[Stack]<UL><LI>Max Depth = 4<LI>Call Chain = WSTMonitor_getTypeSize0()
</UL>
<BR>[Calls]<UL><LI><a href="#[11a]">&gt;&gt;</a>&nbsp;&nbsp;&nbsp;ActiveController::ClassWSTMonitor_getTypeSize0()
</UL>
<BR>[Called By]<UL><LI><a href="#[108]">&gt;&gt;</a>&nbsp;&nbsp;&nbsp;WSTMonitor_sendTypeSize()
</UL>

<P><STRONG><a name="[11b]"></a>ActiveController::ClassWSTMonitor_getTypeSize1()</STRONG> (Thumb, 4 bytes, Stack size 0 bytes, activecontroller.o(.text))
<BR><BR>[Called By]<UL><LI><a href="#[10a]">&gt;&gt;</a>&nbsp;&nbsp;&nbsp;WSTMonitor_getTypeSize1()
</UL>

<P><STRONG><a name="[10a]"></a>WSTMonitor_getTypeSize1()</STRONG> (Thumb, 8 bytes, Stack size 4 bytes, activecontroller.o(.text))
<BR><BR>[Stack]<UL><LI>Max Depth = 4<LI>Call Chain = WSTMonitor_getTypeSize1()
</UL>
<BR>[Calls]<UL><LI><a href="#[11b]">&gt;&gt;</a>&nbsp;&nbsp;&nbsp;ActiveController::ClassWSTMonitor_getTypeSize1()
</UL>
<BR>[Called By]<UL><LI><a href="#[108]">&gt;&gt;</a>&nbsp;&nbsp;&nbsp;WSTMonitor_sendTypeSize()
</UL>

<P><STRONG><a name="[11c]"></a>ActiveController::ClassWSTMonitor_getTypeSize2()</STRONG> (Thumb, 4 bytes, Stack size 0 bytes, activecontroller.o(.text))
<BR><BR>[Called By]<UL><LI><a href="#[10b]">&gt;&gt;</a>&nbsp;&nbsp;&nbsp;WSTMonitor_getTypeSize2()
</UL>

<P><STRONG><a name="[10b]"></a>WSTMonitor_getTypeSize2()</STRONG> (Thumb, 8 bytes, Stack size 4 bytes, activecontroller.o(.text))
<BR><BR>[Stack]<UL><LI>Max Depth = 4<LI>Call Chain = WSTMonitor_getTypeSize2()
</UL>
<BR>[Calls]<UL><LI><a href="#[11c]">&gt;&gt;</a>&nbsp;&nbsp;&nbsp;ActiveController::ClassWSTMonitor_getTypeSize2()
</UL>
<BR>[Called By]<UL><LI><a href="#[108]">&gt;&gt;</a>&nbsp;&nbsp;&nbsp;WSTMonitor_sendTypeSize()
</UL>

<P><STRONG><a name="[121]"></a>ActiveController::initStatechart()</STRONG> (Thumb, 10 bytes, Stack size 0 bytes, activecontroller.o(.text))
<BR><BR>[Called By]<UL><LI><a href="#[11d]">&gt;&gt;</a>&nbsp;&nbsp;&nbsp;ActiveController::ActiveController(WST_TSK*)
</UL>

<P><STRONG><a name="[11d]"></a>ActiveController::ActiveController(WST_TSK*)</STRONG> (Thumb, 176 bytes, Stack size 24 bytes, activecontroller.o(.text))
<BR><BR>[Stack]<UL><LI>Max Depth = 256<LI>Call Chain = ActiveController::ActiveController(WST_TSK*) &rArr; connect &rArr; net_tcp_connect &rArr; tcp_send_ctrl &rArr; tcp_write &rArr; net_ip6_send_frame &rArr; net_eth_send_frame &rArr; net_arp_cache_find &rArr; arp_send_request &rArr; net_eth_output &rArr; eth_unlock &rArr; netif_unlock &rArr; osSemaphoreRelease &rArr; isrSemaphoreRelease &rArr; isr_sem_send &rArr; rt_psq_enq
</UL>
<BR>[Calls]<UL><LI><a href="#[123]">&gt;&gt;</a>&nbsp;&nbsp;&nbsp;socket
<LI><a href="#[122]">&gt;&gt;</a>&nbsp;&nbsp;&nbsp;netInitialize
<LI><a href="#[125]">&gt;&gt;</a>&nbsp;&nbsp;&nbsp;connect
<LI><a href="#[124]">&gt;&gt;</a>&nbsp;&nbsp;&nbsp;bind
<LI><a href="#[11e]">&gt;&gt;</a>&nbsp;&nbsp;&nbsp;WST_TSK::WST_TSK(char*, unsigned char, unsigned short, unsigned short, bool)
<LI><a href="#[11f]">&gt;&gt;</a>&nbsp;&nbsp;&nbsp;WST_FSM::WST_FSM()
<LI><a href="#[120]">&gt;&gt;</a>&nbsp;&nbsp;&nbsp;WST_FSM::setTask(WST_TSK*, bool)
<LI><a href="#[126]">&gt;&gt;</a>&nbsp;&nbsp;&nbsp;WSTMonitor_sendInit(void*, unsigned short, void*)
<LI><a href="#[121]">&gt;&gt;</a>&nbsp;&nbsp;&nbsp;ActiveController::initStatechart()
</UL>
<BR>[Called By]<UL><LI><a href="#[106]">&gt;&gt;</a>&nbsp;&nbsp;&nbsp;TestBuilder::TestBuilder(WST_TSK*)
</UL>

<P><STRONG><a name="[317]"></a>ActiveController::ActiveController__sub_object(WST_TSK*)</STRONG> (Thumb, 0 bytes, Stack size 24 bytes, activecontroller.o(.text), UNUSED)

<P><STRONG><a name="[127]"></a>ActiveController::cancelTimeouts()</STRONG> (Thumb, 16 bytes, Stack size 8 bytes, activecontroller.o(.text))
<BR><BR>[Stack]<UL><LI>Max Depth = 80<LI>Call Chain = ActiveController::cancelTimeouts() &rArr; WST_FSM::cancel(WST_TMR*) &rArr; WST_TMM::stop(WST_TMR*) &rArr; WST_MTX::WST_MTX_exitCriticalRegion() &rArr; WST_OSW_MTX_exitCriticalRegion(WST_MTX*)
</UL>
<BR>[Calls]<UL><LI><a href="#[128]">&gt;&gt;</a>&nbsp;&nbsp;&nbsp;WST_FSM::cancel(WST_TMR*)
</UL>
<BR>[Called By]<UL><LI><a href="#[a8]">&gt;&gt;</a>&nbsp;&nbsp;&nbsp;ActiveController::~ActiveController()
</UL>

<P><STRONG><a name="[12b]"></a>ActiveController::cleanUpRelations()</STRONG> (Thumb, 10 bytes, Stack size 0 bytes, activecontroller.o(.text))
<BR><BR>[Called By]<UL><LI><a href="#[a8]">&gt;&gt;</a>&nbsp;&nbsp;&nbsp;ActiveController::~ActiveController()
</UL>

<P><STRONG><a name="[a8]"></a>ActiveController::~ActiveController()</STRONG> (Thumb, 62 bytes, Stack size 8 bytes, activecontroller.o(.text))
<BR><BR>[Stack]<UL><LI>Max Depth = 296<LI>Call Chain = ActiveController::~ActiveController() &rArr; WST_FSM::~WST_FSM() &rArr; WST_FSM::cancelEventsAndTimeouts() &rArr; WST_TMM::cancelEvents(WST_FSM*) &rArr; WST_MSQ::cancelEvents(WST_FSM*, short) &rArr; WST_OSW_MSQ_cancelEvents(WST_MSQ*, const WST_FSM*, short) &rArr; WST_MSQ::WST_MSQ(unsigned short, bool) &rArr; WST_OSW_MSQ_init(WST_MSQ*) &rArr; WST_MEM::getMemory(unsigned) &rArr; WST_OSW_MEM_malloc(unsigned) &rArr;  WST_MEM::getMemory(unsigned) (Cycle)
</UL>
<BR>[Calls]<UL><LI><a href="#[129]">&gt;&gt;</a>&nbsp;&nbsp;&nbsp;closesocket
<LI><a href="#[46]">&gt;&gt;</a>&nbsp;&nbsp;&nbsp;WST_TSK::~WST_TSK()
<LI><a href="#[d5]">&gt;&gt;</a>&nbsp;&nbsp;&nbsp;WST_FSM::~WST_FSM()
<LI><a href="#[12a]">&gt;&gt;</a>&nbsp;&nbsp;&nbsp;WSTMonitor_sendDestroy(void*)
<LI><a href="#[12b]">&gt;&gt;</a>&nbsp;&nbsp;&nbsp;ActiveController::cleanUpRelations()
<LI><a href="#[127]">&gt;&gt;</a>&nbsp;&nbsp;&nbsp;ActiveController::cancelTimeouts()
</UL>
<BR>[Called By]<UL><LI><a href="#[9c]">&gt;&gt;</a>&nbsp;&nbsp;&nbsp;TestBuilder::~TestBuilder()
<LI><a href="#[ae]">&gt;&gt;</a>&nbsp;&nbsp;&nbsp;thunk{-64} to ActiveController::~ActiveController()
<LI><a href="#[a9]">&gt;&gt;</a>&nbsp;&nbsp;&nbsp;ActiveController::~ActiveController__deallocating()
</UL>
<BR>[Address Reference Count : 1]<UL><LI> activecontroller.o(.constdata__ZTV16ActiveController)
</UL>
<P><STRONG><a name="[318]"></a>ActiveController::~ActiveController__sub_object()</STRONG> (Thumb, 0 bytes, Stack size 8 bytes, activecontroller.o(.text), UNUSED)

<P><STRONG><a name="[a9]"></a>ActiveController::~ActiveController__deallocating()</STRONG> (Thumb, 22 bytes, Stack size 16 bytes, activecontroller.o(.text))
<BR><BR>[Stack]<UL><LI>Max Depth = 312<LI>Call Chain = ActiveController::~ActiveController__deallocating() &rArr; ActiveController::~ActiveController() &rArr; WST_FSM::~WST_FSM() &rArr; WST_FSM::cancelEventsAndTimeouts() &rArr; WST_TMM::cancelEvents(WST_FSM*) &rArr; WST_MSQ::cancelEvents(WST_FSM*, short) &rArr; WST_OSW_MSQ_cancelEvents(WST_MSQ*, const WST_FSM*, short) &rArr; WST_MSQ::WST_MSQ(unsigned short, bool) &rArr; WST_OSW_MSQ_init(WST_MSQ*) &rArr; WST_MEM::getMemory(unsigned) &rArr; WST_OSW_MEM_malloc(unsigned) &rArr;  WST_MEM::getMemory(unsigned) (Cycle)
</UL>
<BR>[Calls]<UL><LI><a href="#[12c]">&gt;&gt;</a>&nbsp;&nbsp;&nbsp;WST_MEM::returnMemory(void*)
<LI><a href="#[a8]">&gt;&gt;</a>&nbsp;&nbsp;&nbsp;ActiveController::~ActiveController()
</UL>
<BR>[Called By]<UL><LI><a href="#[af]">&gt;&gt;</a>&nbsp;&nbsp;&nbsp;thunk{-64} to ActiveController::~ActiveController__deallocating()
</UL>
<BR>[Address Reference Count : 1]<UL><LI> activecontroller.o(.constdata__ZTV16ActiveController)
</UL>
<P><STRONG><a name="[af]"></a>thunk{-64} to ActiveController::~ActiveController__deallocating()</STRONG> (Thumb, 14 bytes, Stack size 8 bytes, activecontroller.o(.text))
<BR><BR>[Stack]<UL><LI>Max Depth = 320<LI>Call Chain = thunk{-64} to ActiveController::~ActiveController__deallocating() &rArr; ActiveController::~ActiveController__deallocating() &rArr; ActiveController::~ActiveController() &rArr; WST_FSM::~WST_FSM() &rArr; WST_FSM::cancelEventsAndTimeouts() &rArr; WST_TMM::cancelEvents(WST_FSM*) &rArr; WST_MSQ::cancelEvents(WST_FSM*, short) &rArr; WST_OSW_MSQ_cancelEvents(WST_MSQ*, const WST_FSM*, short) &rArr; WST_MSQ::WST_MSQ(unsigned short, bool) &rArr; WST_OSW_MSQ_init(WST_MSQ*) &rArr; WST_MEM::getMemory(unsigned) &rArr; WST_OSW_MEM_malloc(unsigned) &rArr;  WST_MEM::getMemory(unsigned) (Cycle)
</UL>
<BR>[Calls]<UL><LI><a href="#[a9]">&gt;&gt;</a>&nbsp;&nbsp;&nbsp;ActiveController::~ActiveController__deallocating()
</UL>
<BR>[Address Reference Count : 1]<UL><LI> activecontroller.o(.constdata__ZTV16ActiveController)
</UL>
<P><STRONG><a name="[ae]"></a>thunk{-64} to ActiveController::~ActiveController()</STRONG> (Thumb, 14 bytes, Stack size 8 bytes, activecontroller.o(.text))
<BR><BR>[Stack]<UL><LI>Max Depth = 304<LI>Call Chain = thunk{-64} to ActiveController::~ActiveController() &rArr; ActiveController::~ActiveController() &rArr; WST_FSM::~WST_FSM() &rArr; WST_FSM::cancelEventsAndTimeouts() &rArr; WST_TMM::cancelEvents(WST_FSM*) &rArr; WST_MSQ::cancelEvents(WST_FSM*, short) &rArr; WST_OSW_MSQ_cancelEvents(WST_MSQ*, const WST_FSM*, short) &rArr; WST_MSQ::WST_MSQ(unsigned short, bool) &rArr; WST_OSW_MSQ_init(WST_MSQ*) &rArr; WST_MEM::getMemory(unsigned) &rArr; WST_OSW_MEM_malloc(unsigned) &rArr;  WST_MEM::getMemory(unsigned) (Cycle)
</UL>
<BR>[Calls]<UL><LI><a href="#[a8]">&gt;&gt;</a>&nbsp;&nbsp;&nbsp;ActiveController::~ActiveController()
</UL>
<BR>[Address Reference Count : 1]<UL><LI> activecontroller.o(.constdata__ZTV16ActiveController)
</UL>
<P><STRONG><a name="[319]"></a>ActiveController::getItsLED() const</STRONG> (Thumb, 6 bytes, Stack size 0 bytes, activecontroller.o(.text), UNUSED)

<P><STRONG><a name="[14c]"></a>ActiveController::setItsLED(LED*)</STRONG> (Thumb, 4 bytes, Stack size 0 bytes, activecontroller.o(.text))
<BR><BR>[Called By]<UL><LI><a href="#[14b]">&gt;&gt;</a>&nbsp;&nbsp;&nbsp;TestBuilder::initRelations()
</UL>

<P><STRONG><a name="[aa]"></a>ActiveController::startBehavior()</STRONG> (Thumb, 28 bytes, Stack size 16 bytes, activecontroller.o(.text))
<BR><BR>[Stack]<UL><LI>Max Depth = 184<LI>Call Chain = ActiveController::startBehavior() &rArr; WST_FSM::startBehavior() &rArr; WST_FSM::gen(WST_EVT*, bool) &rArr; WST_MSQ::put(WST_EVT*, bool) &rArr; WST_OSW_MSQ_put(WST_MSQ*, WST_EVT*, bool) &rArr; osMessagePut &rArr; isrMessagePut &rArr; isr_mbx_send &rArr; rt_psq_enq
</UL>
<BR>[Calls]<UL><LI><a href="#[12e]">&gt;&gt;</a>&nbsp;&nbsp;&nbsp;WST_TSK::startDispatching()
<LI><a href="#[12d]">&gt;&gt;</a>&nbsp;&nbsp;&nbsp;WST_FSM::startBehavior()
</UL>
<BR>[Called By]<UL><LI><a href="#[a3]">&gt;&gt;</a>&nbsp;&nbsp;&nbsp;TestBuilder::startBehavior()
</UL>
<BR>[Address Reference Count : 1]<UL><LI> activecontroller.o(.constdata__ZTV16ActiveController)
</UL>
<P><STRONG><a name="[ab]"></a>ActiveController::cancelTimeout(const WST_TMR*)</STRONG> (Thumb, 18 bytes, Stack size 0 bytes, activecontroller.o(.text))
<BR><BR>[Called By]<UL><LI><a href="#[b1]">&gt;&gt;</a>&nbsp;&nbsp;&nbsp;thunk{-64} to ActiveController::cancelTimeout(const WST_TMR*)
</UL>
<BR>[Address Reference Count : 1]<UL><LI> activecontroller.o(.constdata__ZTV16ActiveController)
</UL>
<P><STRONG><a name="[b1]"></a>thunk{-64} to ActiveController::cancelTimeout(const WST_TMR*)</STRONG> (Thumb, 18 bytes, Stack size 12 bytes, activecontroller.o(.text))
<BR><BR>[Stack]<UL><LI>Max Depth = 12<LI>Call Chain = thunk{-64} to ActiveController::cancelTimeout(const WST_TMR*)
</UL>
<BR>[Calls]<UL><LI><a href="#[ab]">&gt;&gt;</a>&nbsp;&nbsp;&nbsp;ActiveController::cancelTimeout(const WST_TMR*)
</UL>
<BR>[Address Reference Count : 1]<UL><LI> activecontroller.o(.constdata__ZTV16ActiveController)
</UL>
<P><STRONG><a name="[31a]"></a>ActiveController::getAddr() const</STRONG> (Thumb, 14 bytes, Stack size 12 bytes, activecontroller.o(.text), UNUSED)

<P><STRONG><a name="[31b]"></a>ActiveController::setAddr(sockaddr_in)</STRONG> (Thumb, 20 bytes, Stack size 24 bytes, activecontroller.o(.text), UNUSED)

<P><STRONG><a name="[31c]"></a>ActiveController::getDbuf(int) const</STRONG> (Thumb, 10 bytes, Stack size 0 bytes, activecontroller.o(.text), UNUSED)

<P><STRONG><a name="[31d]"></a>ActiveController::setDbuf(int, char)</STRONG> (Thumb, 8 bytes, Stack size 0 bytes, activecontroller.o(.text), UNUSED)

<P><STRONG><a name="[31e]"></a>ActiveController::getDstPort()</STRONG> (Thumb, 6 bytes, Stack size 0 bytes, activecontroller.o(.text), UNUSED)

<P><STRONG><a name="[31f]"></a>ActiveController::setDstPort(int)</STRONG> (Thumb, 6 bytes, Stack size 0 bytes, activecontroller.o(.text), UNUSED)

<P><STRONG><a name="[320]"></a>ActiveController::getRemoteIpAddr(int)</STRONG> (Thumb, 8 bytes, Stack size 0 bytes, activecontroller.o(.text), UNUSED)

<P><STRONG><a name="[321]"></a>ActiveController::setRemoteIpAddr(int, unsigned char)</STRONG> (Thumb, 6 bytes, Stack size 0 bytes, activecontroller.o(.text), UNUSED)

<P><STRONG><a name="[322]"></a>ActiveController::getSock() const</STRONG> (Thumb, 6 bytes, Stack size 0 bytes, activecontroller.o(.text), UNUSED)

<P><STRONG><a name="[323]"></a>ActiveController::setSock(int)</STRONG> (Thumb, 4 bytes, Stack size 0 bytes, activecontroller.o(.text), UNUSED)

<P><STRONG><a name="[ac]"></a>ActiveController::rootState_entDef()</STRONG> (Thumb, 88 bytes, Stack size 24 bytes, activecontroller.o(.text))
<BR><BR>[Stack]<UL><LI>Max Depth = 296<LI>Call Chain = ActiveController::rootState_entDef() &rArr; receive_data(int, char*) &rArr; recv &rArr; recvfrom &rArr; net_tcp_reset_window &rArr; tcp_send_ctrl &rArr; tcp_write &rArr; net_ip6_send_frame &rArr; net_eth_send_frame &rArr; net_arp_cache_find &rArr; arp_send_request &rArr; net_eth_output &rArr; eth_unlock &rArr; netif_unlock &rArr; osSemaphoreRelease &rArr; isrSemaphoreRelease &rArr; isr_sem_send &rArr; rt_psq_enq
</UL>
<BR>[Calls]<UL><LI><a href="#[130]">&gt;&gt;</a>&nbsp;&nbsp;&nbsp;evToggle::evToggle()
<LI><a href="#[105]">&gt;&gt;</a>&nbsp;&nbsp;&nbsp;WST_MEM::getMemory(unsigned)
<LI><a href="#[131]">&gt;&gt;</a>&nbsp;&nbsp;&nbsp;WST_FSM::gen(WST_EVT*, bool)
<LI><a href="#[132]">&gt;&gt;</a>&nbsp;&nbsp;&nbsp;WST_FSM::scheduleTimeout(unsigned, char*)
<LI><a href="#[12f]">&gt;&gt;</a>&nbsp;&nbsp;&nbsp;receive_data(int, char*)
</UL>
<BR>[Called By]<UL><LI><a href="#[b0]">&gt;&gt;</a>&nbsp;&nbsp;&nbsp;thunk{-64} to ActiveController::rootState_entDef()
</UL>
<BR>[Address Reference Count : 1]<UL><LI> activecontroller.o(.constdata__ZTV16ActiveController)
</UL>
<P><STRONG><a name="[b0]"></a>thunk{-64} to ActiveController::rootState_entDef()</STRONG> (Thumb, 14 bytes, Stack size 8 bytes, activecontroller.o(.text))
<BR><BR>[Stack]<UL><LI>Max Depth = 304<LI>Call Chain = thunk{-64} to ActiveController::rootState_entDef() &rArr; ActiveController::rootState_entDef() &rArr; receive_data(int, char*) &rArr; recv &rArr; recvfrom &rArr; net_tcp_reset_window &rArr; tcp_send_ctrl &rArr; tcp_write &rArr; net_ip6_send_frame &rArr; net_eth_send_frame &rArr; net_arp_cache_find &rArr; arp_send_request &rArr; net_eth_output &rArr; eth_unlock &rArr; netif_unlock &rArr; osSemaphoreRelease &rArr; isrSemaphoreRelease &rArr; isr_sem_send &rArr; rt_psq_enq
</UL>
<BR>[Calls]<UL><LI><a href="#[ac]">&gt;&gt;</a>&nbsp;&nbsp;&nbsp;ActiveController::rootState_entDef()
</UL>
<BR>[Address Reference Count : 1]<UL><LI> activecontroller.o(.constdata__ZTV16ActiveController)
</UL>
<P><STRONG><a name="[ad]"></a>ActiveController::rootState_processEvent()</STRONG> (Thumb, 166 bytes, Stack size 24 bytes, activecontroller.o(.text))
<BR><BR>[Stack]<UL><LI>Max Depth = 296<LI>Call Chain = ActiveController::rootState_processEvent() &rArr; receive_data(int, char*) &rArr; recv &rArr; recvfrom &rArr; net_tcp_reset_window &rArr; tcp_send_ctrl &rArr; tcp_write &rArr; net_ip6_send_frame &rArr; net_eth_send_frame &rArr; net_arp_cache_find &rArr; arp_send_request &rArr; net_eth_output &rArr; eth_unlock &rArr; netif_unlock &rArr; osSemaphoreRelease &rArr; isrSemaphoreRelease &rArr; isr_sem_send &rArr; rt_psq_enq
</UL>
<BR>[Calls]<UL><LI><a href="#[130]">&gt;&gt;</a>&nbsp;&nbsp;&nbsp;evToggle::evToggle()
<LI><a href="#[105]">&gt;&gt;</a>&nbsp;&nbsp;&nbsp;WST_MEM::getMemory(unsigned)
<LI><a href="#[128]">&gt;&gt;</a>&nbsp;&nbsp;&nbsp;WST_FSM::cancel(WST_TMR*)
<LI><a href="#[131]">&gt;&gt;</a>&nbsp;&nbsp;&nbsp;WST_FSM::gen(WST_EVT*, bool)
<LI><a href="#[132]">&gt;&gt;</a>&nbsp;&nbsp;&nbsp;WST_FSM::scheduleTimeout(unsigned, char*)
<LI><a href="#[12f]">&gt;&gt;</a>&nbsp;&nbsp;&nbsp;receive_data(int, char*)
</UL>
<BR>[Called By]<UL><LI><a href="#[b2]">&gt;&gt;</a>&nbsp;&nbsp;&nbsp;thunk{-64} to ActiveController::rootState_processEvent()
</UL>
<BR>[Address Reference Count : 1]<UL><LI> activecontroller.o(.constdata__ZTV16ActiveController)
</UL>
<P><STRONG><a name="[b2]"></a>thunk{-64} to ActiveController::rootState_processEvent()</STRONG> (Thumb, 14 bytes, Stack size 8 bytes, activecontroller.o(.text))
<BR><BR>[Stack]<UL><LI>Max Depth = 304<LI>Call Chain = thunk{-64} to ActiveController::rootState_processEvent() &rArr; ActiveController::rootState_processEvent() &rArr; receive_data(int, char*) &rArr; recv &rArr; recvfrom &rArr; net_tcp_reset_window &rArr; tcp_send_ctrl &rArr; tcp_write &rArr; net_ip6_send_frame &rArr; net_eth_send_frame &rArr; net_arp_cache_find &rArr; arp_send_request &rArr; net_eth_output &rArr; eth_unlock &rArr; netif_unlock &rArr; osSemaphoreRelease &rArr; isrSemaphoreRelease &rArr; isr_sem_send &rArr; rt_psq_enq
</UL>
<BR>[Calls]<UL><LI><a href="#[ad]">&gt;&gt;</a>&nbsp;&nbsp;&nbsp;ActiveController::rootState_processEvent()
</UL>
<BR>[Address Reference Count : 1]<UL><LI> activecontroller.o(.constdata__ZTV16ActiveController)
</UL>
<P><STRONG><a name="[134]"></a>EthernetController::initStatechart()</STRONG> (Thumb, 10 bytes, Stack size 0 bytes, ethernetcontroller.o(.text))
<BR><BR>[Called By]<UL><LI><a href="#[133]">&gt;&gt;</a>&nbsp;&nbsp;&nbsp;EthernetController::EthernetController(WST_TSK*)
</UL>

<P><STRONG><a name="[133]"></a>EthernetController::EthernetController(WST_TSK*)</STRONG> (Thumb, 172 bytes, Stack size 24 bytes, ethernetcontroller.o(.text))
<BR><BR>[Stack]<UL><LI>Max Depth = 256<LI>Call Chain = EthernetController::EthernetController(WST_TSK*) &rArr; connect &rArr; net_tcp_connect &rArr; tcp_send_ctrl &rArr; tcp_write &rArr; net_ip6_send_frame &rArr; net_eth_send_frame &rArr; net_arp_cache_find &rArr; arp_send_request &rArr; net_eth_output &rArr; eth_unlock &rArr; netif_unlock &rArr; osSemaphoreRelease &rArr; isrSemaphoreRelease &rArr; isr_sem_send &rArr; rt_psq_enq
</UL>
<BR>[Calls]<UL><LI><a href="#[134]">&gt;&gt;</a>&nbsp;&nbsp;&nbsp;EthernetController::initStatechart()
<LI><a href="#[123]">&gt;&gt;</a>&nbsp;&nbsp;&nbsp;socket
<LI><a href="#[125]">&gt;&gt;</a>&nbsp;&nbsp;&nbsp;connect
<LI><a href="#[124]">&gt;&gt;</a>&nbsp;&nbsp;&nbsp;bind
<LI><a href="#[11e]">&gt;&gt;</a>&nbsp;&nbsp;&nbsp;WST_TSK::WST_TSK(char*, unsigned char, unsigned short, unsigned short, bool)
<LI><a href="#[11f]">&gt;&gt;</a>&nbsp;&nbsp;&nbsp;WST_FSM::WST_FSM()
<LI><a href="#[120]">&gt;&gt;</a>&nbsp;&nbsp;&nbsp;WST_FSM::setTask(WST_TSK*, bool)
<LI><a href="#[126]">&gt;&gt;</a>&nbsp;&nbsp;&nbsp;WSTMonitor_sendInit(void*, unsigned short, void*)
</UL>
<BR>[Called By]<UL><LI><a href="#[106]">&gt;&gt;</a>&nbsp;&nbsp;&nbsp;TestBuilder::TestBuilder(WST_TSK*)
</UL>

<P><STRONG><a name="[324]"></a>EthernetController::EthernetController__sub_object(WST_TSK*)</STRONG> (Thumb, 0 bytes, Stack size 24 bytes, ethernetcontroller.o(.text), UNUSED)

<P><STRONG><a name="[135]"></a>EthernetController::cancelTimeouts()</STRONG> (Thumb, 16 bytes, Stack size 8 bytes, ethernetcontroller.o(.text))
<BR><BR>[Stack]<UL><LI>Max Depth = 80<LI>Call Chain = EthernetController::cancelTimeouts() &rArr; WST_FSM::cancel(WST_TMR*) &rArr; WST_TMM::stop(WST_TMR*) &rArr; WST_MTX::WST_MTX_exitCriticalRegion() &rArr; WST_OSW_MTX_exitCriticalRegion(WST_MTX*)
</UL>
<BR>[Calls]<UL><LI><a href="#[128]">&gt;&gt;</a>&nbsp;&nbsp;&nbsp;WST_FSM::cancel(WST_TMR*)
</UL>
<BR>[Called By]<UL><LI><a href="#[b3]">&gt;&gt;</a>&nbsp;&nbsp;&nbsp;EthernetController::~EthernetController()
</UL>

<P><STRONG><a name="[136]"></a>EthernetController::cleanUpRelations()</STRONG> (Thumb, 10 bytes, Stack size 0 bytes, ethernetcontroller.o(.text))
<BR><BR>[Called By]<UL><LI><a href="#[b3]">&gt;&gt;</a>&nbsp;&nbsp;&nbsp;EthernetController::~EthernetController()
</UL>

<P><STRONG><a name="[b3]"></a>EthernetController::~EthernetController()</STRONG> (Thumb, 56 bytes, Stack size 8 bytes, ethernetcontroller.o(.text))
<BR><BR>[Stack]<UL><LI>Max Depth = 296<LI>Call Chain = EthernetController::~EthernetController() &rArr; WST_FSM::~WST_FSM() &rArr; WST_FSM::cancelEventsAndTimeouts() &rArr; WST_TMM::cancelEvents(WST_FSM*) &rArr; WST_MSQ::cancelEvents(WST_FSM*, short) &rArr; WST_OSW_MSQ_cancelEvents(WST_MSQ*, const WST_FSM*, short) &rArr; WST_MSQ::WST_MSQ(unsigned short, bool) &rArr; WST_OSW_MSQ_init(WST_MSQ*) &rArr; WST_MEM::getMemory(unsigned) &rArr; WST_OSW_MEM_malloc(unsigned) &rArr;  WST_MEM::getMemory(unsigned) (Cycle)
</UL>
<BR>[Calls]<UL><LI><a href="#[136]">&gt;&gt;</a>&nbsp;&nbsp;&nbsp;EthernetController::cleanUpRelations()
<LI><a href="#[135]">&gt;&gt;</a>&nbsp;&nbsp;&nbsp;EthernetController::cancelTimeouts()
<LI><a href="#[46]">&gt;&gt;</a>&nbsp;&nbsp;&nbsp;WST_TSK::~WST_TSK()
<LI><a href="#[d5]">&gt;&gt;</a>&nbsp;&nbsp;&nbsp;WST_FSM::~WST_FSM()
<LI><a href="#[12a]">&gt;&gt;</a>&nbsp;&nbsp;&nbsp;WSTMonitor_sendDestroy(void*)
</UL>
<BR>[Called By]<UL><LI><a href="#[9c]">&gt;&gt;</a>&nbsp;&nbsp;&nbsp;TestBuilder::~TestBuilder()
<LI><a href="#[b9]">&gt;&gt;</a>&nbsp;&nbsp;&nbsp;thunk{-64} to EthernetController::~EthernetController()
<LI><a href="#[b4]">&gt;&gt;</a>&nbsp;&nbsp;&nbsp;EthernetController::~EthernetController__deallocating()
</UL>
<BR>[Address Reference Count : 1]<UL><LI> ethernetcontroller.o(.constdata__ZTV18EthernetController)
</UL>
<P><STRONG><a name="[325]"></a>EthernetController::~EthernetController__sub_object()</STRONG> (Thumb, 0 bytes, Stack size 8 bytes, ethernetcontroller.o(.text), UNUSED)

<P><STRONG><a name="[b4]"></a>EthernetController::~EthernetController__deallocating()</STRONG> (Thumb, 22 bytes, Stack size 16 bytes, ethernetcontroller.o(.text))
<BR><BR>[Stack]<UL><LI>Max Depth = 312<LI>Call Chain = EthernetController::~EthernetController__deallocating() &rArr; EthernetController::~EthernetController() &rArr; WST_FSM::~WST_FSM() &rArr; WST_FSM::cancelEventsAndTimeouts() &rArr; WST_TMM::cancelEvents(WST_FSM*) &rArr; WST_MSQ::cancelEvents(WST_FSM*, short) &rArr; WST_OSW_MSQ_cancelEvents(WST_MSQ*, const WST_FSM*, short) &rArr; WST_MSQ::WST_MSQ(unsigned short, bool) &rArr; WST_OSW_MSQ_init(WST_MSQ*) &rArr; WST_MEM::getMemory(unsigned) &rArr; WST_OSW_MEM_malloc(unsigned) &rArr;  WST_MEM::getMemory(unsigned) (Cycle)
</UL>
<BR>[Calls]<UL><LI><a href="#[b3]">&gt;&gt;</a>&nbsp;&nbsp;&nbsp;EthernetController::~EthernetController()
<LI><a href="#[12c]">&gt;&gt;</a>&nbsp;&nbsp;&nbsp;WST_MEM::returnMemory(void*)
</UL>
<BR>[Called By]<UL><LI><a href="#[ba]">&gt;&gt;</a>&nbsp;&nbsp;&nbsp;thunk{-64} to EthernetController::~EthernetController__deallocating()
</UL>
<BR>[Address Reference Count : 1]<UL><LI> ethernetcontroller.o(.constdata__ZTV18EthernetController)
</UL>
<P><STRONG><a name="[ba]"></a>thunk{-64} to EthernetController::~EthernetController__deallocating()</STRONG> (Thumb, 14 bytes, Stack size 8 bytes, ethernetcontroller.o(.text))
<BR><BR>[Stack]<UL><LI>Max Depth = 320<LI>Call Chain = thunk{-64} to EthernetController::~EthernetController__deallocating() &rArr; EthernetController::~EthernetController__deallocating() &rArr; EthernetController::~EthernetController() &rArr; WST_FSM::~WST_FSM() &rArr; WST_FSM::cancelEventsAndTimeouts() &rArr; WST_TMM::cancelEvents(WST_FSM*) &rArr; WST_MSQ::cancelEvents(WST_FSM*, short) &rArr; WST_OSW_MSQ_cancelEvents(WST_MSQ*, const WST_FSM*, short) &rArr; WST_MSQ::WST_MSQ(unsigned short, bool) &rArr; WST_OSW_MSQ_init(WST_MSQ*) &rArr; WST_MEM::getMemory(unsigned) &rArr; WST_OSW_MEM_malloc(unsigned) &rArr;  WST_MEM::getMemory(unsigned) (Cycle)
</UL>
<BR>[Calls]<UL><LI><a href="#[b4]">&gt;&gt;</a>&nbsp;&nbsp;&nbsp;EthernetController::~EthernetController__deallocating()
</UL>
<BR>[Address Reference Count : 1]<UL><LI> ethernetcontroller.o(.constdata__ZTV18EthernetController)
</UL>
<P><STRONG><a name="[b9]"></a>thunk{-64} to EthernetController::~EthernetController()</STRONG> (Thumb, 14 bytes, Stack size 8 bytes, ethernetcontroller.o(.text))
<BR><BR>[Stack]<UL><LI>Max Depth = 304<LI>Call Chain = thunk{-64} to EthernetController::~EthernetController() &rArr; EthernetController::~EthernetController() &rArr; WST_FSM::~WST_FSM() &rArr; WST_FSM::cancelEventsAndTimeouts() &rArr; WST_TMM::cancelEvents(WST_FSM*) &rArr; WST_MSQ::cancelEvents(WST_FSM*, short) &rArr; WST_OSW_MSQ_cancelEvents(WST_MSQ*, const WST_FSM*, short) &rArr; WST_MSQ::WST_MSQ(unsigned short, bool) &rArr; WST_OSW_MSQ_init(WST_MSQ*) &rArr; WST_MEM::getMemory(unsigned) &rArr; WST_OSW_MEM_malloc(unsigned) &rArr;  WST_MEM::getMemory(unsigned) (Cycle)
</UL>
<BR>[Calls]<UL><LI><a href="#[b3]">&gt;&gt;</a>&nbsp;&nbsp;&nbsp;EthernetController::~EthernetController()
</UL>
<BR>[Address Reference Count : 1]<UL><LI> ethernetcontroller.o(.constdata__ZTV18EthernetController)
</UL>
<P><STRONG><a name="[326]"></a>EthernetController::getItsLED() const</STRONG> (Thumb, 6 bytes, Stack size 0 bytes, ethernetcontroller.o(.text), UNUSED)

<P><STRONG><a name="[14e]"></a>EthernetController::setItsLED(LED*)</STRONG> (Thumb, 4 bytes, Stack size 0 bytes, ethernetcontroller.o(.text))
<BR><BR>[Called By]<UL><LI><a href="#[14b]">&gt;&gt;</a>&nbsp;&nbsp;&nbsp;TestBuilder::initRelations()
</UL>

<P><STRONG><a name="[b5]"></a>EthernetController::startBehavior()</STRONG> (Thumb, 28 bytes, Stack size 16 bytes, ethernetcontroller.o(.text))
<BR><BR>[Stack]<UL><LI>Max Depth = 184<LI>Call Chain = EthernetController::startBehavior() &rArr; WST_FSM::startBehavior() &rArr; WST_FSM::gen(WST_EVT*, bool) &rArr; WST_MSQ::put(WST_EVT*, bool) &rArr; WST_OSW_MSQ_put(WST_MSQ*, WST_EVT*, bool) &rArr; osMessagePut &rArr; isrMessagePut &rArr; isr_mbx_send &rArr; rt_psq_enq
</UL>
<BR>[Calls]<UL><LI><a href="#[12e]">&gt;&gt;</a>&nbsp;&nbsp;&nbsp;WST_TSK::startDispatching()
<LI><a href="#[12d]">&gt;&gt;</a>&nbsp;&nbsp;&nbsp;WST_FSM::startBehavior()
</UL>
<BR>[Called By]<UL><LI><a href="#[a3]">&gt;&gt;</a>&nbsp;&nbsp;&nbsp;TestBuilder::startBehavior()
</UL>
<BR>[Address Reference Count : 1]<UL><LI> ethernetcontroller.o(.constdata__ZTV18EthernetController)
</UL>
[...]
<LI><a href="#[28c]">&gt;&gt;</a>&nbsp;&nbsp;&nbsp;net_ip4_tx_offload
<LI><a href="#[28a]">&gt;&gt;</a>&nbsp;&nbsp;&nbsp;net_ip4_send_frame
<LI><a href="#[2a2]">&gt;&gt;</a>&nbsp;&nbsp;&nbsp;net_ip4_checksum
</UL>
<BR>[Called By]<UL><LI><a href="#[2a6]">&gt;&gt;</a>&nbsp;&nbsp;&nbsp;tcp_send_reset
<LI><a href="#[2aa]">&gt;&gt;</a>&nbsp;&nbsp;&nbsp;tcp_send_data
<LI><a href="#[29d]">&gt;&gt;</a>&nbsp;&nbsp;&nbsp;tcp_send_ctrl
</UL>

<P><STRONG><a name="[20d]"></a>addr_from</STRONG> (Thumb, 72 bytes, Stack size 0 bytes, net_bsd.o(i.addr_from))
<BR><BR>[Calls]<UL><LI><a href="#[20e]">&gt;&gt;</a>&nbsp;&nbsp;&nbsp;net_addr6_copy
</UL>
<BR>[Called By]<UL><LI><a href="#[2b1]">&gt;&gt;</a>&nbsp;&nbsp;&nbsp;recvfrom
</UL>

<P><STRONG><a name="[20f]"></a>addr_transfer</STRONG> (Thumb, 46 bytes, Stack size 0 bytes, net_bsd.o(i.addr_transfer))
<BR><BR>[Calls]<UL><LI><a href="#[20e]">&gt;&gt;</a>&nbsp;&nbsp;&nbsp;net_addr6_copy
</UL>
<BR>[Called By]<UL><LI><a href="#[125]">&gt;&gt;</a>&nbsp;&nbsp;&nbsp;connect
<LI><a href="#[124]">&gt;&gt;</a>&nbsp;&nbsp;&nbsp;bind
<LI><a href="#[2da]">&gt;&gt;</a>&nbsp;&nbsp;&nbsp;sendto
</UL>

<P><STRONG><a name="[6f]"></a>bsd_cb_tcp</STRONG> (Thumb, 230 bytes, Stack size 32 bytes, net_bsd.o(i.bsd_cb_tcp))
<BR><BR>[Stack]<UL><LI>Max Depth = 96<LI>Call Chain = bsd_cb_tcp &rArr; bsd_enable &rArr; net_bsd_resume &rArr; netos_flag_set &rArr; osSignalSet &rArr; isrSignalSet &rArr; isr_evt_set &rArr; rt_psq_enq
</UL>
<BR>[Calls]<UL><LI><a href="#[21c]">&gt;&gt;</a>&nbsp;&nbsp;&nbsp;que_clear_chain
<LI><a href="#[21e]">&gt;&gt;</a>&nbsp;&nbsp;&nbsp;que_add_buf
<LI><a href="#[21a]">&gt;&gt;</a>&nbsp;&nbsp;&nbsp;bsd_map_socket
<LI><a href="#[21d]">&gt;&gt;</a>&nbsp;&nbsp;&nbsp;bsd_enable
<LI><a href="#[21b]">&gt;&gt;</a>&nbsp;&nbsp;&nbsp;net_addr_copy
<LI><a href="#[213]">&gt;&gt;</a>&nbsp;&nbsp;&nbsp;net_mem_alloc
<LI><a href="#[1a2]">&gt;&gt;</a>&nbsp;&nbsp;&nbsp;__aeabi_memclr4
<LI><a href="#[169]">&gt;&gt;</a>&nbsp;&nbsp;&nbsp;__aeabi_memcpy
</UL>
<BR>[Address Reference Count : 1]<UL><LI> net_bsd.o(i.socket)
</UL>
<P><STRONG><a name="[6e]"></a>bsd_cb_udp</STRONG> (Thumb, 120 bytes, Stack size 32 bytes, net_bsd.o(i.bsd_cb_udp))
<BR><BR>[Stack]<UL><LI>Max Depth = 96<LI>Call Chain = bsd_cb_udp &rArr; bsd_enable &rArr; net_bsd_resume &rArr; netos_flag_set &rArr; osSignalSet &rArr; isrSignalSet &rArr; isr_evt_set &rArr; rt_psq_enq
</UL>
<BR>[Calls]<UL><LI><a href="#[21f]">&gt;&gt;</a>&nbsp;&nbsp;&nbsp;net_addr_comp
<LI><a href="#[21e]">&gt;&gt;</a>&nbsp;&nbsp;&nbsp;que_add_buf
<LI><a href="#[21a]">&gt;&gt;</a>&nbsp;&nbsp;&nbsp;bsd_map_socket
<LI><a href="#[21d]">&gt;&gt;</a>&nbsp;&nbsp;&nbsp;bsd_enable
<LI><a href="#[21b]">&gt;&gt;</a>&nbsp;&nbsp;&nbsp;net_addr_copy
<LI><a href="#[213]">&gt;&gt;</a>&nbsp;&nbsp;&nbsp;net_mem_alloc
<LI><a href="#[169]">&gt;&gt;</a>&nbsp;&nbsp;&nbsp;__aeabi_memcpy
</UL>
<BR>[Address Reference Count : 1]<UL><LI> net_bsd.o(i.socket)
</UL>
<P><STRONG><a name="[21d]"></a>bsd_enable</STRONG> (Thumb, 58 bytes, Stack size 16 bytes, net_bsd.o(i.bsd_enable))
<BR><BR>[Stack]<UL><LI>Max Depth = 64<LI>Call Chain = bsd_enable &rArr; net_bsd_resume &rArr; netos_flag_set &rArr; osSignalSet &rArr; isrSignalSet &rArr; isr_evt_set &rArr; rt_psq_enq
</UL>
<BR>[Calls]<UL><LI><a href="#[221]">&gt;&gt;</a>&nbsp;&nbsp;&nbsp;net_bsd_notify
<LI><a href="#[220]">&gt;&gt;</a>&nbsp;&nbsp;&nbsp;net_bsd_resume
</UL>
<BR>[Called By]<UL><LI><a href="#[99]">&gt;&gt;</a>&nbsp;&nbsp;&nbsp;net_bsd_socket_run
<LI><a href="#[222]">&gt;&gt;</a>&nbsp;&nbsp;&nbsp;bsd_kill_socket
<LI><a href="#[6e]">&gt;&gt;</a>&nbsp;&nbsp;&nbsp;bsd_cb_udp
<LI><a href="#[6f]">&gt;&gt;</a>&nbsp;&nbsp;&nbsp;bsd_cb_tcp
</UL>

<P><STRONG><a name="[222]"></a>bsd_kill_socket</STRONG> (Thumb, 88 bytes, Stack size 8 bytes, net_bsd.o(i.bsd_kill_socket))
<BR><BR>[Stack]<UL><LI>Max Depth = 200<LI>Call Chain = bsd_kill_socket &rArr; net_tcp_abort &rArr; tcp_send_ctrl &rArr; tcp_write &rArr; net_ip6_send_frame &rArr; net_eth_send_frame &rArr; net_arp_cache_find &rArr; arp_send_request &rArr; net_eth_output &rArr; eth_unlock &rArr; netif_unlock &rArr; osSemaphoreRelease &rArr; isrSemaphoreRelease &rArr; isr_sem_send &rArr; rt_psq_enq
</UL>
<BR>[Calls]<UL><LI><a href="#[21c]">&gt;&gt;</a>&nbsp;&nbsp;&nbsp;que_clear_chain
<LI><a href="#[21d]">&gt;&gt;</a>&nbsp;&nbsp;&nbsp;bsd_enable
<LI><a href="#[224]">&gt;&gt;</a>&nbsp;&nbsp;&nbsp;net_tcp_release_socket
<LI><a href="#[223]">&gt;&gt;</a>&nbsp;&nbsp;&nbsp;net_tcp_abort
<LI><a href="#[226]">&gt;&gt;</a>&nbsp;&nbsp;&nbsp;net_udp_release_socket
<LI><a href="#[225]">&gt;&gt;</a>&nbsp;&nbsp;&nbsp;net_udp_close
<LI><a href="#[1a2]">&gt;&gt;</a>&nbsp;&nbsp;&nbsp;__aeabi_memclr4
</UL>
<BR>[Called By]<UL><LI><a href="#[129]">&gt;&gt;</a>&nbsp;&nbsp;&nbsp;closesocket
</UL>

<P><STRONG><a name="[21a]"></a>bsd_map_socket</STRONG> (Thumb, 38 bytes, Stack size 12 bytes, net_bsd.o(i.bsd_map_socket))
<BR><BR>[Stack]<UL><LI>Max Depth = 12<LI>Call Chain = bsd_map_socket
</UL>
<BR>[Called By]<UL><LI><a href="#[6e]">&gt;&gt;</a>&nbsp;&nbsp;&nbsp;bsd_cb_udp
<LI><a href="#[6f]">&gt;&gt;</a>&nbsp;&nbsp;&nbsp;bsd_cb_tcp
</UL>

<P><STRONG><a name="[218]"></a>bsd_open_udp</STRONG> (Thumb, 22 bytes, Stack size 0 bytes, net_bsd.o(i.bsd_open_udp))
<BR><BR>[Stack]<UL><LI>Max Depth = 24<LI>Call Chain = bsd_open_udp &rArr; net_udp_open &rArr; udp_port_in_use
</UL>
<BR>[Calls]<UL><LI><a href="#[227]">&gt;&gt;</a>&nbsp;&nbsp;&nbsp;net_udp_open
</UL>
<BR>[Called By]<UL><LI><a href="#[125]">&gt;&gt;</a>&nbsp;&nbsp;&nbsp;connect
<LI><a href="#[124]">&gt;&gt;</a>&nbsp;&nbsp;&nbsp;bind
<LI><a href="#[2da]">&gt;&gt;</a>&nbsp;&nbsp;&nbsp;sendto
</UL>

<P><STRONG><a name="[228]"></a>bsd_wait</STRONG> (Thumb, 48 bytes, Stack size 8 bytes, net_bsd.o(i.bsd_wait))
<BR><BR>[Stack]<UL><LI>Max Depth = 24<LI>Call Chain = bsd_wait &rArr; net_bsd_suspend
</UL>
<BR>[Calls]<UL><LI><a href="#[229]">&gt;&gt;</a>&nbsp;&nbsp;&nbsp;net_bsd_suspend
</UL>
<BR>[Called By]<UL><LI><a href="#[125]">&gt;&gt;</a>&nbsp;&nbsp;&nbsp;connect
<LI><a href="#[129]">&gt;&gt;</a>&nbsp;&nbsp;&nbsp;closesocket
<LI><a href="#[2da]">&gt;&gt;</a>&nbsp;&nbsp;&nbsp;sendto
<LI><a href="#[2b1]">&gt;&gt;</a>&nbsp;&nbsp;&nbsp;recvfrom
</UL>

<P><STRONG><a name="[22e]"></a>is_addr_unspec</STRONG> (Thumb, 30 bytes, Stack size 0 bytes, net_bsd.o(i.is_addr_unspec))
<BR><BR>[Calls]<UL><LI><a href="#[23b]">&gt;&gt;</a>&nbsp;&nbsp;&nbsp;net_addr6_is_unspec
</UL>
<BR>[Called By]<UL><LI><a href="#[125]">&gt;&gt;</a>&nbsp;&nbsp;&nbsp;connect
<LI><a href="#[2da]">&gt;&gt;</a>&nbsp;&nbsp;&nbsp;sendto
</UL>

<P><STRONG><a name="[217]"></a>is_addr_valid</STRONG> (Thumb, 36 bytes, Stack size 0 bytes, net_bsd.o(i.is_addr_valid))
<BR><BR>[Called By]<UL><LI><a href="#[125]">&gt;&gt;</a>&nbsp;&nbsp;&nbsp;connect
<LI><a href="#[124]">&gt;&gt;</a>&nbsp;&nbsp;&nbsp;bind
<LI><a href="#[2da]">&gt;&gt;</a>&nbsp;&nbsp;&nbsp;sendto
</UL>

<P><STRONG><a name="[22c]"></a>list_get_first</STRONG> (Thumb, 40 bytes, Stack size 0 bytes, net_bsd.o(i.list_get_first))
<BR><BR>[Called By]<UL><LI><a href="#[129]">&gt;&gt;</a>&nbsp;&nbsp;&nbsp;closesocket
</UL>

<P><STRONG><a name="[21e]"></a>que_add_buf</STRONG> (Thumb, 24 bytes, Stack size 0 bytes, net_bsd.o(i.que_add_buf))
<BR><BR>[Called By]<UL><LI><a href="#[6e]">&gt;&gt;</a>&nbsp;&nbsp;&nbsp;bsd_cb_udp
<LI><a href="#[6f]">&gt;&gt;</a>&nbsp;&nbsp;&nbsp;bsd_cb_tcp
</UL>

<P><STRONG><a name="[21c]"></a>que_clear_chain</STRONG> (Thumb, 26 bytes, Stack size 8 bytes, net_bsd.o(i.que_clear_chain))
<BR><BR>[Stack]<UL><LI>Max Depth = 24<LI>Call Chain = que_clear_chain &rArr; net_mem_free
</UL>
<BR>[Calls]<UL><LI><a href="#[215]">&gt;&gt;</a>&nbsp;&nbsp;&nbsp;net_mem_free
</UL>
<BR>[Called By]<UL><LI><a href="#[222]">&gt;&gt;</a>&nbsp;&nbsp;&nbsp;bsd_kill_socket
<LI><a href="#[6f]">&gt;&gt;</a>&nbsp;&nbsp;&nbsp;bsd_cb_tcp
</UL>

<P><STRONG><a name="[53]"></a>nbns_listener</STRONG> (Thumb, 336 bytes, Stack size 40 bytes, net_nbns_client.o(i.nbns_listener))
<BR><BR>[Stack]<UL><LI>Max Depth = 216<LI>Call Chain = nbns_listener &rArr; net_udp_send &rArr; net_ip6_send_frame &rArr; net_eth_send_frame &rArr; net_arp_cache_find &rArr; arp_send_request &rArr; net_eth_output &rArr; eth_unlock &rArr; netif_unlock &rArr; osSemaphoreRelease &rArr; isrSemaphoreRelease &rArr; isr_sem_send &rArr; rt_psq_enq
</UL>
<BR>[Calls]<UL><LI><a href="#[24b]">&gt;&gt;</a>&nbsp;&nbsp;&nbsp;net_strtoupper
<LI><a href="#[24e]">&gt;&gt;</a>&nbsp;&nbsp;&nbsp;net_udp_send
<LI><a href="#[24d]">&gt;&gt;</a>&nbsp;&nbsp;&nbsp;net_udp_get_buf
<LI><a href="#[215]">&gt;&gt;</a>&nbsp;&nbsp;&nbsp;net_mem_free
<LI><a href="#[213]">&gt;&gt;</a>&nbsp;&nbsp;&nbsp;net_mem_alloc
<LI><a href="#[169]">&gt;&gt;</a>&nbsp;&nbsp;&nbsp;__aeabi_memcpy
<LI><a href="#[24c]">&gt;&gt;</a>&nbsp;&nbsp;&nbsp;memcmp
</UL>
<BR>[Address Reference Count : 1]<UL><LI> net_nbns_client.o(i.net_nbns_client_init)
</UL>
<P><STRONG><a name="[29b]"></a>ping_send_req</STRONG> (Thumb, 22 bytes, Stack size 0 bytes, net_ping.o(i.ping_send_req))
<BR><BR>[Stack]<UL><LI>Max Depth = 184<LI>Call Chain = ping_send_req &rArr; net_icmp6_send_echo &rArr; net_icmp6_send &rArr; net_ip6_send_frame &rArr; net_eth_send_frame &rArr; net_arp_cache_find &rArr; arp_send_request &rArr; net_eth_output &rArr; eth_unlock &rArr; netif_unlock &rArr; osSemaphoreRelease &rArr; isrSemaphoreRelease &rArr; isr_sem_send &rArr; rt_psq_enq
</UL>
<BR>[Calls]<UL><LI><a href="#[28b]">&gt;&gt;</a>&nbsp;&nbsp;&nbsp;net_icmp_send_echo
<LI><a href="#[289]">&gt;&gt;</a>&nbsp;&nbsp;&nbsp;net_icmp6_send_echo
</UL>
<BR>[Called By]<UL><LI><a href="#[94]">&gt;&gt;</a>&nbsp;&nbsp;&nbsp;net_ping_client_run
</UL>

<P><STRONG><a name="[25f]"></a>sys_proc_tick</STRONG> (Thumb, 72 bytes, Stack size 0 bytes, net_sys.o(i.sys_proc_tick))
<BR><BR>[Calls]<UL><LI><a href="#[25e]">&gt;&gt;</a>&nbsp;&nbsp;&nbsp;net_rand32
</UL>
<BR>[Called By]<UL><LI><a href="#[8d]">&gt;&gt;</a>&nbsp;&nbsp;&nbsp;netCore_Thread
</UL>

<P><STRONG><a name="[24f]"></a>ndp_cache_add</STRONG> (Thumb, 142 bytes, Stack size 32 bytes, net_ndp.o(i.ndp_cache_add))
<BR><BR>[Stack]<UL><LI>Max Depth = 52<LI>Call Chain = ndp_cache_add &rArr; ndp_cache_alloc
</UL>
<BR>[Calls]<UL><LI><a href="#[23a]">&gt;&gt;</a>&nbsp;&nbsp;&nbsp;net_addr6_comp
<LI><a href="#[20e]">&gt;&gt;</a>&nbsp;&nbsp;&nbsp;net_addr6_copy
<LI><a href="#[250]">&gt;&gt;</a>&nbsp;&nbsp;&nbsp;ndp_cache_alloc
</UL>
<BR>[Called By]<UL><LI><a href="#[286]">&gt;&gt;</a>&nbsp;&nbsp;&nbsp;net_ndp_process
</UL>

<P><STRONG><a name="[250]"></a>ndp_cache_alloc</STRONG> (Thumb, 126 bytes, Stack size 20 bytes, net_ndp.o(i.ndp_cache_alloc))
<BR><BR>[Stack]<UL><LI>Max Depth = 20<LI>Call Chain = ndp_cache_alloc
</UL>
<BR>[Called By]<UL><LI><a href="#[281]">&gt;&gt;</a>&nbsp;&nbsp;&nbsp;net_ndp_cache_find
<LI><a href="#[24f]">&gt;&gt;</a>&nbsp;&nbsp;&nbsp;ndp_cache_add
</UL>

<P><STRONG><a name="[29a]"></a>ndp_check_frame</STRONG> (Thumb, 44 bytes, Stack size 0 bytes, net_ndp.o(i.ndp_check_frame))
<BR><BR>[Called By]<UL><LI><a href="#[286]">&gt;&gt;</a>&nbsp;&nbsp;&nbsp;net_ndp_process
</UL>

<P><STRONG><a name="[251]"></a>ndp_is_onlink</STRONG> (Thumb, 84 bytes, Stack size 24 bytes, net_ndp.o(i.ndp_is_onlink))
<BR><BR>[Stack]<UL><LI>Max Depth = 32<LI>Call Chain = ndp_is_onlink &rArr; memcmp
</UL>
<BR>[Calls]<UL><LI><a href="#[24c]">&gt;&gt;</a>&nbsp;&nbsp;&nbsp;memcmp
<LI><a href="#[252]">&gt;&gt;</a>&nbsp;&nbsp;&nbsp;net_addr6_is_onlink
</UL>
<BR>[Called By]<UL><LI><a href="#[281]">&gt;&gt;</a>&nbsp;&nbsp;&nbsp;net_ndp_cache_find
</UL>

<P><STRONG><a name="[258]"></a>ndp_next_opt</STRONG> (Thumb, 18 bytes, Stack size 0 bytes, net_ndp.o(i.ndp_next_opt))
<BR><BR>[Called By]<UL><LI><a href="#[286]">&gt;&gt;</a>&nbsp;&nbsp;&nbsp;net_ndp_process
<LI><a href="#[257]">&gt;&gt;</a>&nbsp;&nbsp;&nbsp;ndp_proc_response
</UL>

<P><STRONG><a name="[253]"></a>ndp_prefix_add</STRONG> (Thumb, 172 bytes, Stack size 24 bytes, net_ndp.o(i.ndp_prefix_add))
<BR><BR>[Stack]<UL><LI>Max Depth = 32<LI>Call Chain = ndp_prefix_add &rArr; memcmp
</UL>
<BR>[Calls]<UL><LI><a href="#[24c]">&gt;&gt;</a>&nbsp;&nbsp;&nbsp;memcmp
<LI><a href="#[254]">&gt;&gt;</a>&nbsp;&nbsp;&nbsp;net_addr6_create
</UL>
<BR>[Called By]<UL><LI><a href="#[286]">&gt;&gt;</a>&nbsp;&nbsp;&nbsp;net_ndp_process
</UL>

<P><STRONG><a name="[255]"></a>ndp_probe_run</STRONG> (Thumb, 58 bytes, Stack size 8 bytes, net_ndp.o(i.ndp_probe_run))
<BR><BR>[Stack]<UL><LI>Max Depth = 192<LI>Call Chain = ndp_probe_run &rArr; ndp_send_request &rArr; net_icmp6_send &rArr; net_ip6_send_frame &rArr; net_eth_send_frame &rArr; net_arp_cache_find &rArr; arp_send_request &rArr; net_eth_output &rArr; eth_unlock &rArr; netif_unlock &rArr; osSemaphoreRelease &rArr; isrSemaphoreRelease &rArr; isr_sem_send &rArr; rt_psq_enq
</UL>
<BR>[Calls]<UL><LI><a href="#[256]">&gt;&gt;</a>&nbsp;&nbsp;&nbsp;ndp_send_request
</UL>
<BR>[Called By]<UL><LI><a href="#[273]">&gt;&gt;</a>&nbsp;&nbsp;&nbsp;net_ndp_run
</UL>

<P><STRONG><a name="[257]"></a>ndp_proc_response</STRONG> (Thumb, 118 bytes, Stack size 32 bytes, net_ndp.o(i.ndp_proc_response))
<BR><BR>[Stack]<UL><LI>Max Depth = 32<LI>Call Chain = ndp_proc_response
</UL>
<BR>[Calls]<UL><LI><a href="#[23a]">&gt;&gt;</a>&nbsp;&nbsp;&nbsp;net_addr6_comp
<LI><a href="#[258]">&gt;&gt;</a>&nbsp;&nbsp;&nbsp;ndp_next_opt
</UL>
<BR>[Called By]<UL><LI><a href="#[286]">&gt;&gt;</a>&nbsp;&nbsp;&nbsp;net_ndp_process
</UL>

<P><STRONG><a name="[259]"></a>ndp_router_remove</STRONG> (Thumb, 48 bytes, Stack size 8 bytes, net_ndp.o(i.ndp_router_remove))
<BR><BR>[Stack]<UL><LI>Max Depth = 8<LI>Call Chain = ndp_router_remove
</UL>
<BR>[Calls]<UL><LI><a href="#[20e]">&gt;&gt;</a>&nbsp;&nbsp;&nbsp;net_addr6_copy
</UL>
<BR>[Called By]<UL><LI><a href="#[273]">&gt;&gt;</a>&nbsp;&nbsp;&nbsp;net_ndp_run
<LI><a href="#[286]">&gt;&gt;</a>&nbsp;&nbsp;&nbsp;net_ndp_process
</UL>

<P><STRONG><a name="[25a]"></a>ndp_send_reply</STRONG> (Thumb, 100 bytes, Stack size 16 bytes, net_ndp.o(i.ndp_send_reply))
<BR><BR>[Stack]<UL><LI>Max Depth = 184<LI>Call Chain = ndp_send_reply &rArr; net_icmp6_send &rArr; net_ip6_send_frame &rArr; net_eth_send_frame &rArr; net_arp_cache_find &rArr; arp_send_request &rArr; net_eth_output &rArr; eth_unlock &rArr; netif_unlock &rArr; osSemaphoreRelease &rArr; isrSemaphoreRelease &rArr; isr_sem_send &rArr; rt_psq_enq
</UL>
<BR>[Calls]<UL><LI><a href="#[215]">&gt;&gt;</a>&nbsp;&nbsp;&nbsp;net_mem_free
<LI><a href="#[213]">&gt;&gt;</a>&nbsp;&nbsp;&nbsp;net_mem_alloc
<LI><a href="#[20e]">&gt;&gt;</a>&nbsp;&nbsp;&nbsp;net_addr6_copy
<LI><a href="#[25b]">&gt;&gt;</a>&nbsp;&nbsp;&nbsp;net_icmp6_send
</UL>
<BR>[Called By]<UL><LI><a href="#[286]">&gt;&gt;</a>&nbsp;&nbsp;&nbsp;net_ndp_process
</UL>

<P><STRONG><a name="[256]"></a>ndp_send_request</STRONG> (Thumb, 122 bytes, Stack size 16 bytes, net_ndp.o(i.ndp_send_request))
<BR><BR>[Stack]<UL><LI>Max Depth = 184<LI>Call Chain = ndp_send_request &rArr; net_icmp6_send &rArr; net_ip6_send_frame &rArr; net_eth_send_frame &rArr; net_arp_cache_find &rArr; arp_send_request &rArr; net_eth_output &rArr; eth_unlock &rArr; netif_unlock &rArr; osSemaphoreRelease &rArr; isrSemaphoreRelease &rArr; isr_sem_send &rArr; rt_psq_enq
</UL>
<BR>[Calls]<UL><LI><a href="#[215]">&gt;&gt;</a>&nbsp;&nbsp;&nbsp;net_mem_free
<LI><a href="#[213]">&gt;&gt;</a>&nbsp;&nbsp;&nbsp;net_mem_alloc
<LI><a href="#[20e]">&gt;&gt;</a>&nbsp;&nbsp;&nbsp;net_addr6_copy
<LI><a href="#[25c]">&gt;&gt;</a>&nbsp;&nbsp;&nbsp;net_ip6_get_local
<LI><a href="#[25b]">&gt;&gt;</a>&nbsp;&nbsp;&nbsp;net_icmp6_send
</UL>
<BR>[Called By]<UL><LI><a href="#[273]">&gt;&gt;</a>&nbsp;&nbsp;&nbsp;net_ndp_run
<LI><a href="#[25d]">&gt;&gt;</a>&nbsp;&nbsp;&nbsp;ndp_slaac_run
<LI><a href="#[255]">&gt;&gt;</a>&nbsp;&nbsp;&nbsp;ndp_probe_run
</UL>

<P><STRONG><a name="[25d]"></a>ndp_slaac_run</STRONG> (Thumb, 226 bytes, Stack size 24 bytes, net_ndp.o(i.ndp_slaac_run))
<BR><BR>[Stack]<UL><LI>Max Depth = 208<LI>Call Chain = ndp_slaac_run &rArr; ndp_send_request &rArr; net_icmp6_send &rArr; net_ip6_send_frame &rArr; net_eth_send_frame &rArr; net_arp_cache_find &rArr; arp_send_request &rArr; net_eth_output &rArr; eth_unlock &rArr; netif_unlock &rArr; osSemaphoreRelease &rArr; isrSemaphoreRelease &rArr; isr_sem_send &rArr; rt_psq_enq
</UL>
<BR>[Calls]<UL><LI><a href="#[25e]">&gt;&gt;</a>&nbsp;&nbsp;&nbsp;net_rand32
<LI><a href="#[254]">&gt;&gt;</a>&nbsp;&nbsp;&nbsp;net_addr6_create
<LI><a href="#[256]">&gt;&gt;</a>&nbsp;&nbsp;&nbsp;ndp_send_request
</UL>
<BR>[Called By]<UL><LI><a href="#[273]">&gt;&gt;</a>&nbsp;&nbsp;&nbsp;net_ndp_run
</UL>

<P><STRONG><a name="[235]"></a>ip4_get_chksum</STRONG> (Thumb, 10 bytes, Stack size 0 bytes, net_ip4.o(i.ip4_get_chksum))
<BR><BR>[Stack]<UL><LI>Max Depth = 12<LI>Call Chain = ip4_get_chksum &rArr; net_ip4_chksum_buf
</UL>
<BR>[Calls]<UL><LI><a href="#[236]">&gt;&gt;</a>&nbsp;&nbsp;&nbsp;net_ip4_chksum_buf
</UL>
<BR>[Called By]<UL><LI><a href="#[28a]">&gt;&gt;</a>&nbsp;&nbsp;&nbsp;net_ip4_send_frame
<LI><a href="#[275]">&gt;&gt;</a>&nbsp;&nbsp;&nbsp;net_ip4_chk_frame
</UL>

<P><STRONG><a name="[237]"></a>ip4_get_route</STRONG> (Thumb, 112 bytes, Stack size 16 bytes, net_ip4.o(i.ip4_get_route))
<BR><BR>[Stack]<UL><LI>Max Depth = 16<LI>Call Chain = ip4_get_route
</UL>
<BR>[Calls]<UL><LI><a href="#[238]">&gt;&gt;</a>&nbsp;&nbsp;&nbsp;net_addr4_is_subnet
</UL>
<BR>[Called By]<UL><LI><a href="#[266]">&gt;&gt;</a>&nbsp;&nbsp;&nbsp;net_ip4_get_local
<LI><a href="#[28c]">&gt;&gt;</a>&nbsp;&nbsp;&nbsp;net_ip4_tx_offload
</UL>

<P><STRONG><a name="[239]"></a>ip6_get_route</STRONG> (Thumb, 44 bytes, Stack size 8 bytes, net_ip6.o(i.ip6_get_route))
<BR><BR>[Stack]<UL><LI>Max Depth = 8<LI>Call Chain = ip6_get_route
</UL>
<BR>[Calls]<UL><LI><a href="#[23a]">&gt;&gt;</a>&nbsp;&nbsp;&nbsp;net_addr6_comp
</UL>
<BR>[Called By]<UL><LI><a href="#[288]">&gt;&gt;</a>&nbsp;&nbsp;&nbsp;net_ip6_tx_offload
<LI><a href="#[25c]">&gt;&gt;</a>&nbsp;&nbsp;&nbsp;net_ip6_get_local
</UL>

<P><STRONG><a name="[249]"></a>mem_lock</STRONG> (Thumb, 8 bytes, Stack size 0 bytes, net_mem.o(i.mem_lock))
<BR><BR>[Calls]<UL><LI><a href="#[1da]">&gt;&gt;</a>&nbsp;&nbsp;&nbsp;netos_lock
</UL>
<BR>[Called By]<UL><LI><a href="#[295]">&gt;&gt;</a>&nbsp;&nbsp;&nbsp;net_mem_shrink
<LI><a href="#[215]">&gt;&gt;</a>&nbsp;&nbsp;&nbsp;net_mem_free
<LI><a href="#[213]">&gt;&gt;</a>&nbsp;&nbsp;&nbsp;net_mem_alloc
</UL>

<P><STRONG><a name="[24a]"></a>mem_unlock</STRONG> (Thumb, 8 bytes, Stack size 0 bytes, net_mem.o(i.mem_unlock))
<BR><BR>[Calls]<UL><LI><a href="#[1db]">&gt;&gt;</a>&nbsp;&nbsp;&nbsp;netos_unlock
</UL>
<BR>[Called By]<UL><LI><a href="#[295]">&gt;&gt;</a>&nbsp;&nbsp;&nbsp;net_mem_shrink
<LI><a href="#[215]">&gt;&gt;</a>&nbsp;&nbsp;&nbsp;net_mem_free
<LI><a href="#[213]">&gt;&gt;</a>&nbsp;&nbsp;&nbsp;net_mem_alloc
</UL>

<P><STRONG><a name="[296]"></a>get_crc32</STRONG> (Thumb, 24 bytes, Stack size 0 bytes, net_common.o(i.get_crc32))
<BR><BR>[Called By]<UL><LI><a href="#[272]">&gt;&gt;</a>&nbsp;&nbsp;&nbsp;net_memcrc
</UL>

<P><STRONG><a name="[1f5]"></a>Heap1_SizeAdjust</STRONG> (Thumb, 8 bytes, Stack size 0 bytes, h1_alloc_mt.o(.text))
<BR><BR>[Called By]<UL><LI><a href="#[1f4]">&gt;&gt;</a>&nbsp;&nbsp;&nbsp;_malloc_internal
</UL>

<P><STRONG><a name="[4e]"></a>_scanf_char_input</STRONG> (Thumb, 12 bytes, Stack size 0 bytes, scanf_char.o(.text))
<BR>[Address Reference Count : 1]<UL><LI> scanf_char.o(.text)
</UL>
<P><STRONG><a name="[50]"></a>[local to arm_exceptions_c]::__default_terminate_handler()</STRONG> (Thumb, 6 bytes, Stack size 8 bytes, arm_exceptions_globs.o(.text))
<BR><BR>[Stack]<UL><LI>Max Depth = 56 + Unknown Stack Size
<LI>Call Chain = [local to arm_exceptions_c]::__default_terminate_handler() &rArr; abort &rArr; __rt_SIGABRT &rArr; __rt_SIGABRT_inner &rArr; __default_signal_display &rArr; _ttywrch
</UL>
<BR>[Calls]<UL><LI><a href="#[202]">&gt;&gt;</a>&nbsp;&nbsp;&nbsp;abort
</UL>
<BR>[Address Reference Count : 1]<UL><LI> arm_exceptions_globs.o(.text)
</UL><P>
<H3>
Undefined Global Symbols
</H3><HR></body></html>
