<html>
<body>
<pre>
<h1>µVision Build Log</h1>
<h2>Tool Versions:</h2>
IDE-Version: µVision V5.22.0.0
Copyright (C) 2016 ARM Ltd and ARM Germany GmbH. All rights reserved.
License Information: a Microsoft Microsoft Flex license: MDK-ARM Professional: 25 user(s) (mdk_pro) Support: Oct 2017
 
Tool Versions:
Toolchain:       MDK-ARM Professional: 25 user(s)  Version: 5.22
Toolchain Path:  C:\Keil_v5\ARM\ARMCC\Bin
C Compiler:      Armcc.exe V5.06 update 4 (build 422)
Assembler:       Armasm.exe V5.06 update 4 (build 422)
Linker/Locator:  ArmLink.exe V5.06 update 4 (build 422)
Library Manager: ArmAr.exe V5.06 update 4 (build 422)
Hex Converter:   FromElf.exe V5.06 update 4 (build 422)
CPU DLL:         SARMCM3.DLL V5.22
Dialog DLL:      DARMP1.DLL V1.27.0.0
Target DLL:      UL2CM3.DLL V1.159.0.0
Dialog DLL:      TARMP1.DLL V1.26.0.0
 
<h2>Project:</h2>
C:\02__Cpp_Lab\keil\Exercise_2_DynamicLed\Exercise_2_DynamicDelay.uvprojx
Project File Date:  04/03/2017

<h2>Output:</h2>
*** Using Compiler 'V5.06 update 4 (build 422)', folder: 'C:\Keil_v5\ARM\ARMCC\Bin'
Rebuild target 'Debug'
compiling Default.cpp...
compiling LedBar.cpp...
compiling MainMCB1700.cpp...
compiling WSTMonitor_sendTypes.cpp...
compiling RXF_BehaviorPkg.cpp...
compiling WST_CFG_Highwater.cpp...
compiling WST_MEM.cpp...
compiling GLCD_Fonts.c...
compiling GLCD_MCB1700.c...
compiling SSP_LPC17xx.c...
compiling GPDMA_LPC17xx.c...
compiling GPIO_LPC17xx.c...
compiling PIN_LPC17xx.c...
assembling startup_LPC17xx.s...
compiling system_LPC17xx.c...
linking...
Program Size: Code=14664 RO-data=500 RW-data=132 ZI-data=6868  
After Build - User command #1: cmd /c echo.>>WSTDeployer_CurrentFileList.txt
".\Flash\Exercise_2_DynamicDelay.axf" - 0 Error(s), 0 Warning(s).

<h2>Software Packages used:</h2>

Package Vendor: ARM
                http://www.keil.com/pack/ARM.CMSIS.5.0.1.pack
                ::CMSIS Driver:SPI:2.2.0 (API)
                CMSIS (Cortex Microcontroller Software Interface Standard)
   * Component: SPI Version: 2.2.0
   * Component: CORE Version: 5.0.1

Package Vendor: Keil
                http://www.keil.com/pack/Keil.LPC1700_DFP.2.3.0.pack
                Keil::Device:Startup:1.0.0
                NXP LPC1700 Series Device Support, Drivers and Examples for MCB1700 and LPC1788-32
   * Component: Startup Version: 1.0.0
   * Component: PIN Version: 1.0.0
   * Component: GPIO Version: 1.1.0
   * Component: GPDMA Version: 1.2.0
   * Component: SSP Version: 2.7.0
   * Component: Graphic LCD Version: 1.0.0

Package Vendor: Keil
                http://www.keil.com/pack/Keil.MDK-Middleware.7.4.0.pack
                ::Board Support:Graphic LCD:1.0.0 (API)
                Middleware for Keil MDK-Professional and MDK-Plus
   * Component: Graphic LCD Version: 1.0.0

<h2>Collection of Component include folders:</h2>
  C:\02__Cpp_Lab\keil\Exercise_2_DynamicLed\RTE\Device\LPC1768
  C:\02__Cpp_Lab\keil\Exercise_2_DynamicLed\RTE\_Debug
  C:\Keil_v5\ARM\PACK\ARM\CMSIS\5.0.1\CMSIS\Driver\Include
  C:\Keil_v5\ARM\PACK\ARM\CMSIS\5.0.1\CMSIS\Include
  C:\Keil_v5\ARM\PACK\Keil\LPC1700_DFP\2.3.0\Boards\Keil\MCB1700\Common
  C:\Keil_v5\ARM\PACK\Keil\LPC1700_DFP\2.3.0\Device\Include
  C:\Keil_v5\ARM\PACK\Keil\LPC1700_DFP\2.3.0\RTE_Driver
  C:\Keil_v5\ARM\PACK\Keil\MDK-Middleware\7.4.0\Board

<h2>Collection of Component Files used:</h2>

   * Component: ::CMSIS Driver:SPI:2.2.0 (API)
      Include file:  CMSIS\Driver\Include\Driver_SPI.h

   * Component: ARM::CMSIS:CORE:5.0.1

   * Component: Keil::Device:Startup:1.0.0
      Include file:  Device\Include\LPC17xx.h
      Source file:   Device\Source\ARM\startup_LPC17xx.s
      Source file:   Device\Source\system_LPC17xx.c
      Include file:  RTE_Driver\Config\RTE_Device.h

   * Component: Keil::Device:PIN:1.0.0
      Include file:  RTE_Driver\PIN_LPC17xx.h
      Source file:   RTE_Driver\PIN_LPC17xx.c

   * Component: Keil::Device:GPIO:1.1.0
      Include file:  RTE_Driver\GPIO_LPC17xx.h
      Source file:   RTE_Driver\GPIO_LPC17xx.c

   * Component: Keil::Device:GPDMA:1.2.0
      Include file:  RTE_Driver\GPDMA_LPC17xx.h
      Source file:   RTE_Driver\GPDMA_LPC17xx.c

   * Component: Keil::CMSIS Driver:SPI:SSP:2.7.0
      Source file:   RTE_Driver\SSP_LPC17xx.c

   * Component: Keil.MCB1700::Board Support:Graphic LCD:1.0.0
      Include file:  Boards\Keil\MCB1700\Common\GLCD_Config.h
      Source file:   Boards\Keil\MCB1700\Common\GLCD_Fonts.c
      Source file:   Boards\Keil\MCB1700\Common\GLCD_MCB1700.c

   * Component: ::Board Support:Graphic LCD:1.0.0 (API)
      Include file:  Board\Board_GLCD.h
Build Time Elapsed:  00:00:02
</pre>
</body>
</html>
