Component: ARM Compiler 5.06 update 4 (build 422) Tool: armlink [4d35d2]

==============================================================================

Section Cross References

    board.o(.text) refers to _printf_percent.o(.ARM.Collect$$_printf_percent$$00000000) for _printf_percent
    board.o(.text) refers to _printf_i.o(.ARM.Collect$$_printf_percent$$00000008) for _printf_i
    board.o(.text) refers to _printf_dec.o(.text) for _printf_int_dec
    board.o(.text) refers to display.o(.text) for Display::_setItsBoard(Board*)
    board.o(.text) refers to ledbar.o(.text) for LedBar::_setItsBoard(Board*)
    board.o(.text) refers to poti.o(.text) for Poti::_setItsBoard(Board*)
    board.o(.text) refers to wst_fsm.o(.text) for WST_FSM::setTask(WST_TSK*, bool)
    board.o(.text) refers to wst_mem.o(.text) for WST_MEM::returnMemory(void*)
    board.o(.text) refers to noretval__2sprintf.o(.text) for __2sprintf
    board.o(.text) refers to default.o(.text) for evSwitchLed::evSwitchLed(int)
    board.o(.text) refers to board.o(i._ZNK5Board10state_2_INEv) for Board::state_2_IN() const
    board.o(.text) refers to board.o(.constdata__ZTV5Board) for vtable for Board
    board.o(.ARM.exidx) refers to board.o(.text) for .text
    default.o(.text) refers to wst_fsm.o(.text) for WST_FSM::setShouldDelete(bool)
    default.o(.text) refers to board.o(.text) for Board::startBehavior()
    default.o(.text) refers to delete.o(i._ZdlPv) for operator delete (void*)
    default.o(.text) refers to default.o(i._ZN7WST_EVTC1Ev) for WST_EVT::WST_EVT()
    default.o(.text) refers to aeabi_atexit.o(.text) for __aeabi_atexit
    default.o(.text) refers to default.o(.bss) for itsBoard
    default.o(.text) refers to default.o(.constdata__ZTV21Default_OMInitializer) for vtable for Default_OMInitializer
    default.o(.text) refers to default.o(.constdata__ZTV11evSwitchLed) for vtable for evSwitchLed
    default.o(.text) refers to default.o(.constdata__ZTV11evPotiValue) for vtable for evPotiValue
    default.o(.ARM.exidx) refers to default.o(.text) for .text
    default.o(.init_array) refers to default.o(.text) for __sti___11_Default_cpp_itsBoard
    default.o(.init_array) refers to init_aeabi.o(.text) for __cpp_initialize__aeabi_
    display.o(.text) refers to wst_fsm.o(.text) for WST_FSM::WST_FSM()
    display.o(.text) refers to glcd_mcb1700.o(.text) for GLCD_Initialize
    display.o(.text) refers to wst_mem.o(.text) for WST_MEM::returnMemory(void*)
    display.o(.text) refers to display.o(.constdata__ZTV7Display) for vtable for Display
    display.o(.text) refers to glcd_fonts.o(.constdata) for GLCD_Font_16x24
    display.o(.ARM.exidx) refers to display.o(.text) for .text
    ledbar.o(.text) refers to wst_fsm.o(.text) for WST_FSM::WST_FSM()
    ledbar.o(.text) refers to wst_mem.o(.text) for WST_MEM::returnMemory(void*)
    ledbar.o(.text) refers to ledbar.o(.constdata__ZTV6LedBar) for vtable for LedBar
    ledbar.o(.ARM.exidx) refers to ledbar.o(.text) for .text
    mainmcb1700.o(.text) refers to default.o(.text) for Default_initRelations()
    mainmcb1700.o(.text) refers to wst_rxf.o(.text) for WST_RXF::initialize()
    mainmcb1700.o(.ARM.exidx) refers to mainmcb1700.o(.text) for .text
    poti.o(.text) refers to wst_fsm.o(.text) for WST_FSM::WST_FSM()
    poti.o(.text) refers to wst_mem.o(.text) for WST_MEM::returnMemory(void*)
    poti.o(.text) refers to default.o(.text) for evPotiValue::evPotiValue(int)
    poti.o(.text) refers to poti.o(.constdata__ZTV4Poti) for vtable for Poti
    poti.o(.ARM.exidx) refers to poti.o(.text) for .text
    wstmonitor_sendtypes.o(.ARM.exidx) refers to wstmonitor_sendtypes.o(.text) for .text
    rxf_behaviorpkg.o(.text) refers to wsttarget.o(CODE_RXF_RUNNING_FAST) for WSTTarget_Init
    rxf_behaviorpkg.o(.text) refers to wst_rxf.o(.text) for WST_RXF::initialize()
    rxf_behaviorpkg.o(.text) refers to mainmcb1700.o(.text) for WST_RXF_Main(short, char**)
    rxf_behaviorpkg.o(.ARM.exidx) refers to rxf_behaviorpkg.o(.text) for .text
    wst_cfg_highwater.o(.ARM.exidx) refers to wst_cfg_highwater.o(.text) for .text
    wst_mem.o(.text) refers to cxa_guard_acquire.o(i.__cxa_guard_acquire) for __cxa_guard_acquire
    wst_mem.o(.text) refers to wsttarget.o(CODE_RXF_RUNNING_FAST) for WSTTarget_enterCriticalRegion
    wst_mem.o(.text) refers to array_new.o(i._Znaj) for operator new[] (unsigned)
    wst_mem.o(.text) refers to delete.o(i._ZdlPv) for operator delete (void*)
    wst_mem.o(.text) refers to rt_memcpy_v6.o(.text) for __aeabi_memcpy
    wst_mem.o(.text) refers to wst_mem.o(.data) for myInstance
    wst_mem.o(.text) refers to wst_mem.o(.bss) for smallBuffers
    wst_mem.o(.text) refers to wst_cfg_highwater.o(.data) for WST_CFG_Highwater::smallBuffersMax
    wst_mem.o(.ARM.exidx) refers to wst_mem.o(.text) for .text
    glcd_mcb1700.o(.text) refers to gpio_lpc17xx.o(.text) for GPIO_SetDir
    glcd_mcb1700.o(.text) refers to pin_lpc17xx.o(.text) for PIN_Configure
[...]
    .text                                    0x00004a9e   Section        0  abort.o(.text)
    .text                                    0x00004ab4   Section        0  defsig_rtmem_outer.o(.text)
    .text                                    0x00004ac2   Section        0  arm_exceptions_mem.o(.text)
    .text                                    0x00004b00   Section        0  sys_exit.o(.text)
    .text                                    0x00004b0c   Section        2  use_no_semi.o(.text)
    .text                                    0x00004b0e   Section        0  indicate_semi.o(.text)
    .text                                    0x00004b0e   Section        0  defsig_exit.o(.text)
    .text                                    0x00004b18   Section        0  defsig_abrt_outer.o(.text)
    .text                                    0x00004b28   Section        0  defsig_rtmem_inner.o(.text)
    .text                                    0x00004b78   Section        0  defsig_general.o(.text)
    .text                                    0x00004bac   Section        0  defsig_abrt_inner.o(.text)
    .text                                    0x00004bdc   Section        0  sys_wrch.o(.text)
    CODE_ANIM_RUNNING_FAST                   0x00004bec   Section        0  wstmonitor.o(CODE_ANIM_RUNNING_FAST)
    CODE_RXF_RUNNING_FAST                    0x000050e8   Section        0  wsttarget.o(CODE_RXF_RUNNING_FAST)
    CODE_RXF_RUNNING_FAST                    0x00005160   Section        0  wstrtos.o(CODE_RXF_RUNNING_FAST)
    i._ZN11evPotiValueD0Ev                   0x00005178   Section        0  default.o(i._ZN11evPotiValueD0Ev)
    i._ZN11evPotiValueD1Ev                   0x0000518e   Section        0  default.o(i._ZN11evPotiValueD1Ev)
    i._ZN11evSwitchLedD0Ev                   0x00005192   Section        0  default.o(i._ZN11evSwitchLedD0Ev)
    i._ZN11evSwitchLedD1Ev                   0x000051a8   Section        0  default.o(i._ZN11evSwitchLedD1Ev)
    i._ZN7WST_EVTC1Ev                        0x000051ac   Section        0  default.o(i._ZN7WST_EVTC1Ev)
    i._ZN7WST_EVTD0Ev                        0x000051bc   Section        0  default.o(i._ZN7WST_EVTD0Ev)
    i._ZN7WST_TMRC1Ev                        0x000051d0   Section        0  wst_tmr.o(i._ZN7WST_TMRC1Ev)
    i._ZN7WST_TMRD0Ev                        0x000051e8   Section        0  wst_tmm.o(i._ZN7WST_TMRD0Ev)
    i._ZN7WST_TMRD1Ev                        0x000051fa   Section        0  wst_tmm.o(i._ZN7WST_TMRD1Ev)
    i._ZNK5Board10state_2_INEv               0x00005202   Section        0  board.o(i._ZNK5Board10state_2_INEv)
    i._ZdlPv                                 0x00005212   Section        0  delete.o(i._ZdlPv)
    i._Znaj                                  0x0000521a   Section        0  array_new.o(i._Znaj)
    i._Znwj                                  0x00005224   Section        0  new.o(i._Znwj)
    i.__aeabi_vec_ctor_nocookie_nodtor       0x0000524c   Section        0  aeabi_vec_ctor_nocookie_nodtor.o(i.__aeabi_vec_ctor_nocookie_nodtor)
    i.__cxa_guard_acquire                    0x00005270   Section        0  cxa_guard_acquire.o(i.__cxa_guard_acquire)
    .constdata                               0x00005280   Section     6304  glcd_fonts.o(.constdata)
    Font_6x8_h                               0x00005280   Data         896  glcd_fonts.o(.constdata)
    Font_16x24_h                             0x00005600   Data        5376  glcd_fonts.o(.constdata)
    .constdata                               0x00006b20   Section      124  ssp_lpc17xx.o(.constdata)
    DriverVersion                            0x00006b20   Data           4  ssp_lpc17xx.o(.constdata)
    DriverCapabilities                       0x00006b24   Data           4  ssp_lpc17xx.o(.constdata)
    SSP1_Resources                           0x00006b28   Data          72  ssp_lpc17xx.o(.constdata)
    .constdata__ZTV11evPotiValue             0x00006b9c   Section       20  default.o(.constdata__ZTV11evPotiValue)
    .constdata__ZTV11evSwitchLed             0x00006bb0   Section       20  default.o(.constdata__ZTV11evSwitchLed)
    .constdata__ZTV21Default_OMInitializer   0x00006bc4   Section       16  default.o(.constdata__ZTV21Default_OMInitializer)
    .constdata__ZTV4Poti                     0x00006bd4   Section       40  poti.o(.constdata__ZTV4Poti)
    .constdata__ZTV5Board                    0x00006bfc   Section       44  board.o(.constdata__ZTV5Board)
    .constdata__ZTV6LedBar                   0x00006c28   Section       40  ledbar.o(.constdata__ZTV6LedBar)
    .constdata__ZTV7Display                  0x00006c50   Section       40  display.o(.constdata__ZTV7Display)
    .constdata__ZTV7WST_EVT                  0x00006c78   Section       16  default.o(.constdata__ZTV7WST_EVT)
    .constdata__ZTV7WST_FSM                  0x00006c88   Section       36  wst_fsm.o(.constdata__ZTV7WST_FSM)
    .constdata__ZTV7WST_TMR                  0x00006cac   Section       16  wst_tmm.o(.constdata__ZTV7WST_TMR)
    .init_array                              0x00006cdc   Section        4  default.o(.init_array)
    .init_array                              0x00006ce0   Section        4  wst_tmm.o(.init_array)
    .init_array                              0x00006ce4   Section        4  wst_tsk.o(.init_array)
    .init_array                              0x00006ce8   Section        4  wst_tmr.o(.init_array)
    .init_array                              0x00006cec   Section        0  init_aeabi.o(.init_array)
    .data                                    0x10000000   Section       10  wst_cfg_highwater.o(.data)
    .data                                    0x1000000c   Section       21  wst_mem.o(.data)
    _ZGVinstance                             0x1000001c   Data           4  wst_mem.o(.data)
    instance                                 0x10000020   Data           1  wst_mem.o(.data)
    .data                                    0x10000024   Section       17  glcd_mcb1700.o(.data)
    spi1_pins                                0x10000024   Data           8  glcd_mcb1700.o(.data)
    foreground_color                         0x1000002c   Data           2  glcd_mcb1700.o(.data)
    background_color                         0x1000002e   Data           2  glcd_mcb1700.o(.data)
    active_font                              0x10000030   Data           4  glcd_mcb1700.o(.data)
    Himax                                    0x10000034   Data           1  glcd_mcb1700.o(.data)
    .data                                    0x10000038   Section       16  ssp_lpc17xx.o(.data)
    SSP1_pin_sck                             0x10000038   Data           2  ssp_lpc17xx.o(.data)
    SSP1_pin_miso                            0x1000003a   Data           2  ssp_lpc17xx.o(.data)
    SSP1_pin_mosi                            0x1000003c   Data           2  ssp_lpc17xx.o(.data)
    SSP1_pin_ssel                            0x1000003e   Data           2  ssp_lpc17xx.o(.data)
    dummy_data                               0x10000040   Data           4  ssp_lpc17xx.o(.data)
    dummy_data                               0x10000044   Data           4  ssp_lpc17xx.o(.data)
    .data                                    0x10000048   Section        8  gpdma_lpc17xx.o(.data)
    Channel_active                           0x10000048   Data           4  gpdma_lpc17xx.o(.data)
    Init_cnt                                 0x1000004c   Data           4  gpdma_lpc17xx.o(.data)
    .data                                    0x10000050   Section        4  system_lpc17xx.o(.data)
    .data                                    0x10000054   Section        8  wst_tsk.o(.data)
    .data                                    0x1000005c   Section       34  wstmonitor.o(.data)
    cmdBuffVersion                           0x1000005c   Data           6  wstmonitor.o(.data)
    cmdBuffVersion                           0x10000062   Data           3  wstmonitor.o(.data)
    version                                  0x10000065   Data           3  wstmonitor.o(.data)
    pTemp                                    0x10000068   Data           4  wstmonitor.o(.data)
    cmdBuff                                  0x1000006c   Data           2  wstmonitor.o(.data)
    cmdBuff                                  0x1000006e   Data           4  wstmonitor.o(.data)
    cmdBuff                                  0x10000072   Data           2  wstmonitor.o(.data)
    cmdBuff                                  0x10000074   Data           2  wstmonitor.o(.data)
    cmdBuff                                  0x10000076   Data           2  wstmonitor.o(.data)
    cmdBuff                                  0x10000078   Data           2  wstmonitor.o(.data)
    cmdBuff                                  0x1000007a   Data           2  wstmonitor.o(.data)
    cmdBuffVersion                           0x1000007c   Data           2  wstmonitor.o(.data)
    .data                                    0x10000080   Section        4  wst_tmr.o(.data)
    .data                                    0x10000084   Section        4  wstmonitorio_keil_cortexm3_itm.o(.data)
    DATA_ANIM_RUNNING_UNSPECIFIED_NOINIT_FAST 0x10000088   Section       12  wstmonitor.o(DATA_ANIM_RUNNING_UNSPECIFIED_NOINIT_FAST)
    DATA_RXF_RUNNING_32_INIT_FAST            0x10000094   Section        4  wstrtos.o(DATA_RXF_RUNNING_32_INIT_FAST)
    rxfTicks                                 0x10000094   Data           4  wstrtos.o(DATA_RXF_RUNNING_32_INIT_FAST)
    .bss                                     0x10000098   Section      196  default.o(.bss)
    .bss                                     0x1000015c   Section      656  wst_mem.o(.bss)
    .bss                                     0x100003ec   Section       40  ssp_lpc17xx.o(.bss)
    SSP1_Info                                0x100003ec   Data          12  ssp_lpc17xx.o(.bss)
    SSP1_Xfer                                0x100003f8   Data          28  ssp_lpc17xx.o(.bss)
    .bss                                     0x10000414   Section      160  gpdma_lpc17xx.o(.bss)
    Channel_info                             0x10000414   Data         160  gpdma_lpc17xx.o(.bss)
    .bss                                     0x100004b4   Section       32  wst_fsm.o(.bss)
    monitorTimeoutEvent                      0x100004b4   Data          12  wst_fsm.o(.bss)
    monitorEvent                             0x100004c0   Data          20  wst_fsm.o(.bss)
    .bss                                     0x100004d4   Section       16  wst_tmm.o(.bss)
    .bss                                     0x100004e4   Section       64  wstmonitor.o(.bss)
    .bss                                     0x10000524   Section     1152  wst_tmr.o(.bss)
    .bss                                     0x100009a4   Section       96  libspace.o(.bss)
    HEAP                                     0x10000a08   Section     4096  startup_lpc17xx.o(HEAP)
    Heap_Mem                                 0x10000a08   Data        4096  startup_lpc17xx.o(HEAP)
    STACK                                    0x10001a08   Section      512  startup_lpc17xx.o(STACK)
    Stack_Mem                                0x10001a08   Data         512  startup_lpc17xx.o(STACK)
    __initial_sp                             0x10001c08   Data           0  startup_lpc17xx.o(STACK)

    Global Symbols

    Symbol Name                              Value     Ov Type        Size  Object(Section)

    BuildAttributes$$THM_ISAv4$P$D$K$B$S$PE$A:L22UL41UL21$X:L11$S22US41US21$IEEE1$IW$USESV6$~STKCKD$USESV7$~SHL$OTIME$ROPI$EBA8$UX$STANDARDLIB$REQ8$PRES8$EABIv2 0x00000000   Number         0  anon$$obj.o ABSOLUTE
    __ARM_use_no_argv                        0x00000000   Number         0  rxf_behaviorpkg.o ABSOLUTE
    __Vectors                                0x00000000   Data           4  startup_lpc17xx.o(RESET)
    __dso_handle                             0x00000000   Number         0  startup_lpc17xx.o(RESET)
    SHT$$ARM_EXIDX$$Base                      - Undefined Reference
    SHT$$ARM_EXIDX$$Limit                     - Undefined Reference
    __ARM::default_unexpected_handler()       - Undefined Weak Reference
    __ARM_exceptions_buffer_required          - Undefined Weak Reference
    __ARM_exceptions_init                     - Undefined Weak Reference
    __aeabi_unwind_cpp_pr1                    - Undefined Weak Reference
    __aeabi_unwind_cpp_pr2                    - Undefined Weak Reference
    __alloca_initialize                       - Undefined Weak Reference
    __arm_preinit_                            - Undefined Weak Reference
    __cxa_begin_cleanup                       - Undefined Weak Reference
    __cxa_type_match                          - Undefined Weak Reference
    __rt_locale                               - Undefined Weak Reference
    __sigvec_lookup                           - Undefined Weak Reference
    __user_heap_extent                        - Undefined Weak Reference
    _atexit_init                              - Undefined Weak Reference
    _call_atexit_fns                          - Undefined Weak Reference
    _clock_init                               - Undefined Weak Reference
    _fp_trap_init                             - Undefined Weak Reference
    _fp_trap_shutdown                         - Undefined Weak Reference
    _get_lc_collate                           - Undefined Weak Reference
    _get_lc_ctype                             - Undefined Weak Reference
    _get_lc_monetary                          - Undefined Weak Reference
    _get_lc_numeric                           - Undefined Weak Reference
    _get_lc_time                              - Undefined Weak Reference
    _getenv_init                              - Undefined Weak Reference
    _handle_redirection                       - Undefined Weak Reference
    _initio                                   - Undefined Weak Reference
    _mutex_acquire                            - Undefined Weak Reference
    _mutex_free                               - Undefined Weak Reference
    _mutex_release                            - Undefined Weak Reference
    _printf_post_padding                      - Undefined Weak Reference
    _printf_pre_padding                       - Undefined Weak Reference
    _printf_truncate_signed                   - Undefined Weak Reference
    _printf_truncate_unsigned                 - Undefined Weak Reference
    _rand_init                                - Undefined Weak Reference
    _signal_finish                            - Undefined Weak Reference
    _signal_init                              - Undefined Weak Reference
    _terminateio                              - Undefined Weak Reference
    __main                                   0x000000cd   Thumb Code     8  __main.o(!!!main)
    __scatterload                            0x000000d5   Thumb Code     0  __scatter.o(!!!scatter)
    __scatterload_rt2                        0x000000d5   Thumb Code    44  __scatter.o(!!!scatter)
    __scatterload_rt2_thumb_only             0x000000d5   Thumb Code     0  __scatter.o(!!!scatter)
    __scatterload_null                       0x000000e3   Thumb Code     0  __scatter.o(!!!scatter)
    __scatterload_copy                       0x00000109   Thumb Code    26  __scatter_copy.o(!!handler_copy)
    __scatterload_zeroinit                   0x00000125   Thumb Code    28  __scatter_zi.o(!!handler_zi)
    _printf_i                                0x00000141   Thumb Code     0  _printf_i.o(.ARM.Collect$$_printf_percent$$00000008)
    _printf_percent                          0x00000141   Thumb Code     0  _printf_percent.o(.ARM.Collect$$_printf_percent$$00000000)
    _printf_percent_end                      0x00000147   Thumb Code     0  _printf_percent_end.o(.ARM.Collect$$_printf_percent$$00000017)
    __rt_lib_init                            0x0000014b   Thumb Code     0  libinit.o(.ARM.Collect$$libinit$$00000000)
    __rt_lib_init_fp_1                       0x0000014d   Thumb Code     0  libinit2.o(.ARM.Collect$$libinit$$00000002)
    __rt_lib_init_heap_2                     0x0000014d   Thumb Code     0  libinit2.o(.ARM.Collect$$libinit$$00000005)
    __rt_lib_init_preinit_1                  0x0000014d   Thumb Code     0  libinit2.o(.ARM.Collect$$libinit$$00000004)
    __rt_lib_init_alloca_1                   0x00000155   Thumb Code     0  libinit2.o(.ARM.Collect$$libinit$$0000002E)
    __rt_lib_init_argv_1                     0x00000155   Thumb Code     0  libinit2.o(.ARM.Collect$$libinit$$0000002C)
    __rt_lib_init_atexit_1                   0x00000155   Thumb Code     0  libinit2.o(.ARM.Collect$$libinit$$0000001B)
    __rt_lib_init_clock_1                    0x00000155   Thumb Code     0  libinit2.o(.ARM.Collect$$libinit$$00000021)
    __rt_lib_init_cpp_2                      0x00000155   Thumb Code     0  libinit2.o(.ARM.Collect$$libinit$$00000031)
    __rt_lib_init_exceptions_1               0x00000155   Thumb Code     0  libinit2.o(.ARM.Collect$$libinit$$00000030)
    __rt_lib_init_fp_trap_1                  0x00000155   Thumb Code     0  libinit2.o(.ARM.Collect$$libinit$$0000001F)
    __rt_lib_init_getenv_1                   0x00000155   Thumb Code     0  libinit2.o(.ARM.Collect$$libinit$$00000023)
    __rt_lib_init_heap_1                     0x00000155   Thumb Code     0  libinit2.o(.ARM.Collect$$libinit$$0000000A)
    __rt_lib_init_lc_collate_1               0x00000155   Thumb Code     0  libinit2.o(.ARM.Collect$$libinit$$00000011)
    __rt_lib_init_lc_ctype_1                 0x00000155   Thumb Code     0  libinit2.o(.ARM.Collect$$libinit$$00000013)
    __rt_lib_init_lc_monetary_1              0x00000155   Thumb Code     0  libinit2.o(.ARM.Collect$$libinit$$00000015)
    __rt_lib_init_lc_numeric_1               0x00000155   Thumb Code     0  libinit2.o(.ARM.Collect$$libinit$$00000017)
    __rt_lib_init_lc_time_1                  0x00000155   Thumb Code     0  libinit2.o(.ARM.Collect$$libinit$$00000019)
    __rt_lib_init_rand_1                     0x00000155   Thumb Code     0  libinit2.o(.ARM.Collect$$libinit$$0000000E)
    __rt_lib_init_signal_1                   0x00000155   Thumb Code     0  libinit2.o(.ARM.Collect$$libinit$$0000001D)
    __rt_lib_init_stdio_1                    0x00000155   Thumb Code     0  libinit2.o(.ARM.Collect$$libinit$$00000025)
    __rt_lib_init_user_alloc_1               0x00000155   Thumb Code     0  libinit2.o(.ARM.Collect$$libinit$$0000000C)
    __rt_lib_init_cpp_1                      0x00000159   Thumb Code     0  libinit2.o(.ARM.Collect$$libinit$$00000032)
    __rt_lib_init_return                     0x00000159   Thumb Code     0  libinit2.o(.ARM.Collect$$libinit$$00000033)
    __rt_lib_shutdown                        0x0000015b   Thumb Code     0  libshutdown.o(.ARM.Collect$$libshutdown$$00000000)
    __rt_lib_shutdown_cpp_2                  0x0000015d   Thumb Code     0  libshutdown2.o(.ARM.Collect$$libshutdown$$00000001)
    __rt_lib_shutdown_cpp_1                  0x00000163   Thumb Code     0  libshutdown2.o(.ARM.Collect$$libshutdown$$00000002)
    __rt_lib_shutdown_fp_trap_1              0x00000163   Thumb Code     0  libshutdown2.o(.ARM.Collect$$libshutdown$$00000007)
    __rt_lib_shutdown_heap_1                 0x00000163   Thumb Code     0  libshutdown2.o(.ARM.Collect$$libshutdown$$0000000F)
    __rt_lib_shutdown_return                 0x00000163   Thumb Code     0  libshutdown2.o(.ARM.Collect$$libshutdown$$00000010)
    __rt_lib_shutdown_signal_1               0x00000163   Thumb Code     0  libshutdown2.o(.ARM.Collect$$libshutdown$$0000000A)
    __rt_lib_shutdown_stdio_1                0x00000163   Thumb Code     0  libshutdown2.o(.ARM.Collect$$libshutdown$$00000004)
    __rt_lib_shutdown_user_alloc_1           0x00000163   Thumb Code     0  libshutdown2.o(.ARM.Collect$$libshutdown$$0000000C)
    __rt_entry                               0x00000165   Thumb Code     0  __rtentry.o(.ARM.Collect$$rtentry$$00000000)
    __rt_entry_presh_1                       0x00000165   Thumb Code     0  __rtentry2.o(.ARM.Collect$$rtentry$$00000002)
    __rt_entry_sh                            0x00000165   Thumb Code     0  __rtentry4.o(.ARM.Collect$$rtentry$$00000004)
    __rt_entry_li                            0x0000016b   Thumb Code     0  __rtentry2.o(.ARM.Collect$$rtentry$$0000000A)
    __rt_entry_postsh_1                      0x0000016b   Thumb Code     0  __rtentry2.o(.ARM.Collect$$rtentry$$00000009)
    __rt_entry_main                          0x0000016f   Thumb Code     0  __rtentry2.o(.ARM.Collect$$rtentry$$0000000D)
    __rt_entry_postli_1                      0x0000016f   Thumb Code     0  __rtentry2.o(.ARM.Collect$$rtentry$$0000000C)
    __rt_exit                                0x00000177   Thumb Code     0  rtexit.o(.ARM.Collect$$rtexit$$00000000)
    __rt_exit_ls                             0x00000179   Thumb Code     0  rtexit2.o(.ARM.Collect$$rtexit$$00000003)
    __rt_exit_prels_1                        0x00000179   Thumb Code     0  rtexit2.o(.ARM.Collect$$rtexit$$00000002)
    __rt_exit_exit                           0x0000017d   Thumb Code     0  rtexit2.o(.ARM.Collect$$rtexit$$00000004)
    Default_initRelations()                  0x00000185   Thumb Code    12  default.o(.text)
    _maybe_terminate_alloc                   0x00000185   Thumb Code     0  maybetermalloc1.o(.emb_text)
    Default_startBehavior()                  0x00000191   Thumb Code    16  default.o(.text)
    Default_OMInitializer::Default_OMInitializer() 0x000001a1   Thumb Code    20  default.o(.text)
    Default_OMInitializer::Default_OMInitializer__sub_object() 0x000001a1   Thumb Code     0  default.o(.text)
    Default_OMInitializer::~Default_OMInitializer() 0x000001b5   Thumb Code     2  default.o(.text)
    Default_OMInitializer::~Default_OMInitializer__sub_object() 0x000001b5   Thumb Code     0  default.o(.text)
    Default_OMInitializer::~Default_OMInitializer__deallocating() 0x000001b7   Thumb Code    18  default.o(.text)
    evSwitchLed::evSwitchLed(int)            0x000001c9   Thumb Code    34  default.o(.text)
    evSwitchLed::evSwitchLed__sub_object(int) 0x000001c9   Thumb Code     0  default.o(.text)
    evSwitchLed::isTypeOf(short) const       0x000001eb   Thumb Code    18  default.o(.text)
    evPotiValue::evPotiValue(int)            0x000001fd   Thumb Code    34  default.o(.text)
    evPotiValue::evPotiValue__sub_object(int) 0x000001fd   Thumb Code     0  default.o(.text)
    evPotiValue::isTypeOf(short) const       0x0000021f   Thumb Code    18  default.o(.text)
    MCB1700::MCB1700()                       0x00000265   Thumb Code    16  mainmcb1700.o(.text)
    MCB1700::MCB1700__sub_object()           0x00000265   Thumb Code     0  mainmcb1700.o(.text)
    WST_RXF_Main(short, char**)              0x00000275   Thumb Code    34  mainmcb1700.o(.text)
    WSTMonitor_sendTypeSize()                0x00000297   Thumb Code     2  wstmonitor_sendtypes.o(.text)
    main                                     0x00000299   Thumb Code    22  rxf_behaviorpkg.o(.text)
    Reset_Handler                            0x000002b1   Thumb Code     8  startup_lpc17xx.o(.text)
    NMI_Handler                              0x000002b9   Thumb Code     2  startup_lpc17xx.o(.text)
    HardFault_Handler                        0x000002bb   Thumb Code     2  startup_lpc17xx.o(.text)
    MemManage_Handler                        0x000002bd   Thumb Code     2  startup_lpc17xx.o(.text)
    BusFault_Handler                         0x000002bf   Thumb Code     2  startup_lpc17xx.o(.text)
    UsageFault_Handler                       0x000002c1   Thumb Code     2  startup_lpc17xx.o(.text)
    SVC_Handler                              0x000002c3   Thumb Code     2  startup_lpc17xx.o(.text)
    DebugMon_Handler                         0x000002c5   Thumb Code     2  startup_lpc17xx.o(.text)
    PendSV_Handler                           0x000002c7   Thumb Code     2  startup_lpc17xx.o(.text)
    ADC_IRQHandler                           0x000002cb   Thumb Code     0  startup_lpc17xx.o(.text)
    BOD_IRQHandler                           0x000002cb   Thumb Code     0  startup_lpc17xx.o(.text)
    CANActivity_IRQHandler                   0x000002cb   Thumb Code     0  startup_lpc17xx.o(.text)
    CAN_IRQHandler                           0x000002cb   Thumb Code     0  startup_lpc17xx.o(.text)
    EINT0_IRQHandler                         0x000002cb   Thumb Code     0  startup_lpc17xx.o(.text)
    EINT1_IRQHandler                         0x000002cb   Thumb Code     0  startup_lpc17xx.o(.text)
    EINT2_IRQHandler                         0x000002cb   Thumb Code     0  startup_lpc17xx.o(.text)
    EINT3_IRQHandler                         0x000002cb   Thumb Code     0  startup_lpc17xx.o(.text)
    ENET_IRQHandler                          0x000002cb   Thumb Code     0  startup_lpc17xx.o(.text)
    I2C0_IRQHandler                          0x000002cb   Thumb Code     0  startup_lpc17xx.o(.text)
    I2C1_IRQHandler                          0x000002cb   Thumb Code     0  startup_lpc17xx.o(.text)
    I2C2_IRQHandler                          0x000002cb   Thumb Code     0  startup_lpc17xx.o(.text)
    I2S_IRQHandler                           0x000002cb   Thumb Code     0  startup_lpc17xx.o(.text)
    MCPWM_IRQHandler                         0x000002cb   Thumb Code     0  startup_lpc17xx.o(.text)
    PLL0_IRQHandler                          0x000002cb   Thumb Code     0  startup_lpc17xx.o(.text)
    PLL1_IRQHandler                          0x000002cb   Thumb Code     0  startup_lpc17xx.o(.text)
    PWM1_IRQHandler                          0x000002cb   Thumb Code     0  startup_lpc17xx.o(.text)
    QEI_IRQHandler                           0x000002cb   Thumb Code     0  startup_lpc17xx.o(.text)
    RIT_IRQHandler                           0x000002cb   Thumb Code     0  startup_lpc17xx.o(.text)
    RTC_IRQHandler                           0x000002cb   Thumb Code     0  startup_lpc17xx.o(.text)
    SPI_IRQHandler                           0x000002cb   Thumb Code     0  startup_lpc17xx.o(.text)
    SSP0_IRQHandler                          0x000002cb   Thumb Code     0  startup_lpc17xx.o(.text)
    TIMER0_IRQHandler                        0x000002cb   Thumb Code     0  startup_lpc17xx.o(.text)
    TIMER1_IRQHandler                        0x000002cb   Thumb Code     0  startup_lpc17xx.o(.text)
    TIMER2_IRQHandler                        0x000002cb   Thumb Code     0  startup_lpc17xx.o(.text)
    TIMER3_IRQHandler                        0x000002cb   Thumb Code     0  startup_lpc17xx.o(.text)
    UART0_IRQHandler                         0x000002cb   Thumb Code     0  startup_lpc17xx.o(.text)
    UART1_IRQHandler                         0x000002cb   Thumb Code     0  startup_lpc17xx.o(.text)
    UART2_IRQHandler                         0x000002cb   Thumb Code     0  startup_lpc17xx.o(.text)
    UART3_IRQHandler                         0x000002cb   Thumb Code     0  startup_lpc17xx.o(.text)
    USBActivity_IRQHandler                   0x000002cb   Thumb Code     0  startup_lpc17xx.o(.text)
    USB_IRQHandler                           0x000002cb   Thumb Code     0  startup_lpc17xx.o(.text)
    WDT_IRQHandler                           0x000002cb   Thumb Code     0  startup_lpc17xx.o(.text)
    __user_initial_stackheap                 0x000002cd   Thumb Code     0  startup_lpc17xx.o(.text)
    WST_ERR::~WST_ERR()                      0x000002f1   Thumb Code     2  wst_err.o(.text)
    WST_ERR::~WST_ERR__sub_object()          0x000002f1   Thumb Code     0  wst_err.o(.text)
    WST_ERR::error(const WST_ERR::ErrorCode&, const unsigned&) 0x000002f3   Thumb Code     4  wst_err.o(.text)
    __use_two_region_memory                  0x000002f7   Thumb Code     2  heapauxi.o(.text)
    __rt_heap_escrow                         0x000002f9   Thumb Code     2  heapauxi.o(.text)
    __rt_heap_expand                         0x000002fb   Thumb Code     2  heapauxi.o(.text)
    Board::initStatechart()                  0x00000301   Thumb Code    22  board.o(.text)
    Board::initRelations()                   0x00000317   Thumb Code    36  board.o(.text)
    Board::setTask(WST_TSK*, bool)           0x0000033b   Thumb Code    56  board.o(.text)
    Board::Board(int, int, WST_TSK*)         0x00000373   Thumb Code   128  board.o(.text)
    Board::Board__sub_object(int, int, WST_TSK*) 0x00000373   Thumb Code     0  board.o(.text)
    Board::Board(WST_TSK*)                   0x000003f3   Thumb Code   116  board.o(.text)
    Board::Board__sub_object(WST_TSK*)       0x000003f3   Thumb Code     0  board.o(.text)
    Board::cancelTimeouts()                  0x00000467   Thumb Code    16  board.o(.text)
    Board::~Board()                          0x00000477   Thumb Code    62  board.o(.text)
    Board::~Board__sub_object()              0x00000477   Thumb Code     0  board.o(.text)
    Board::~Board__deallocating()            0x000004b5   Thumb Code    22  board.o(.text)
    Board::drawPotiValue(int)                0x000004cb   Thumb Code    36  board.o(.text)
    Board::getDelay() const                  0x000004ef   Thumb Code     6  board.o(.text)
    Board::setDelay(int)                     0x000004f5   Thumb Code     4  board.o(.text)
    Board::getLedNr() const                  0x000004f9   Thumb Code     6  board.o(.text)
    Board::setLedNr(int)                     0x000004ff   Thumb Code     4  board.o(.text)
    Board::getPotiValue() const              0x00000503   Thumb Code     6  board.o(.text)
    Board::setPotiValue(int)                 0x00000509   Thumb Code     4  board.o(.text)
    Board::getItsDisplay() const             0x0000050d   Thumb Code     8  board.o(.text)
    Board::getItsLedBar() const              0x00000515   Thumb Code     8  board.o(.text)
    Board::getItsPoti() const                0x0000051d   Thumb Code     8  board.o(.text)
    Board::startBehavior()                   0x00000525   Thumb Code    48  board.o(.text)
    Board::cancelTimeout(const WST_TMR*)     0x00000555   Thumb Code    22  board.o(.text)
    Board::destroy()                         0x0000056b   Thumb Code    36  board.o(.text)
    Board::state_4_entDef()                  0x0000058f   Thumb Code    24  board.o(.text)
    Board::state_3_entDef()                  0x000005a7   Thumb Code    30  board.o(.text)
    Board::state_2_entDef()                  0x000005c5   Thumb Code    28  board.o(.text)
    Board::rootState_entDef()                0x000005e1   Thumb Code    12  board.o(.text)
    Board::state_4_processEvent()            0x000005ed   Thumb Code    88  board.o(.text)
    Board::state_3_processEvent()            0x00000645   Thumb Code   254  board.o(.text)
    Board::state_2_processEvent()            0x00000743   Thumb Code    74  board.o(.text)
    Board::rootState_processEvent()          0x0000078d   Thumb Code    26  board.o(.text)
    Board::state_3_exit()                    0x000007a7   Thumb Code    80  board.o(.text)
    Board::state_2_exit()                    0x000007f7   Thumb Code    30  board.o(.text)
    Display::Display(WST_TSK*)               0x00000815   Thumb Code    64  display.o(.text)
    Display::Display__sub_object(WST_TSK*)   0x00000815   Thumb Code     0  display.o(.text)
    Display::cleanUpRelations()              0x00000855   Thumb Code    10  display.o(.text)
    Display::~Display()                      0x0000085f   Thumb Code    26  display.o(.text)
    Display::~Display__sub_object()          0x0000085f   Thumb Code     0  display.o(.text)
    Display::~Display__deallocating()        0x00000879   Thumb Code    22  display.o(.text)
    Display::drawString(unsigned, unsigned, char*) 0x0000088f   Thumb Code    26  display.o(.text)
    Display::getItsBoard() const             0x000008a9   Thumb Code     6  display.o(.text)
    Display::__setItsBoard(Board*)           0x000008af   Thumb Code     4  display.o(.text)
    Display::_setItsBoard(Board*)            0x000008b3   Thumb Code    16  display.o(.text)
    Display::setItsBoard(Board*)             0x000008c3   Thumb Code    16  display.o(.text)
    Display::startBehavior()                 0x000008d3   Thumb Code    18  display.o(.text)
    Display::_clearItsBoard()                0x000008e5   Thumb Code     6  display.o(.text)
    LedBar::initStatechart()                 0x000008f5   Thumb Code     8  ledbar.o(.text)
    LedBar::LedBar(int, int, WST_TSK*)       0x000008fd   Thumb Code    76  ledbar.o(.text)
    LedBar::LedBar__sub_object(int, int, WST_TSK*) 0x000008fd   Thumb Code     0  ledbar.o(.text)
    LedBar::LedBar(WST_TSK*)                 0x00000949   Thumb Code    64  ledbar.o(.text)
    LedBar::LedBar__sub_object(WST_TSK*)     0x00000949   Thumb Code     0  ledbar.o(.text)
    LedBar::cleanUpRelations()               0x00000989   Thumb Code    10  ledbar.o(.text)
    LedBar::~LedBar()                        0x00000993   Thumb Code    26  ledbar.o(.text)
    LedBar::~LedBar__sub_object()            0x00000993   Thumb Code     0  ledbar.o(.text)
    LedBar::~LedBar__deallocating()          0x000009ad   Thumb Code    22  ledbar.o(.text)
    LedBar::off()                            0x000009c3   Thumb Code    18  ledbar.o(.text)
    LedBar::on()                             0x000009d5   Thumb Code    18  ledbar.o(.text)
    LedBar::getBitNr() const                 0x000009e7   Thumb Code     6  ledbar.o(.text)
    LedBar::setBitNr(int)                    0x000009ed   Thumb Code     4  ledbar.o(.text)
    LedBar::getDelay() const                 0x000009f1   Thumb Code     6  ledbar.o(.text)
    LedBar::setDelay(int)                    0x000009f7   Thumb Code     4  ledbar.o(.text)
    LedBar::getItsBoard() const              0x000009fb   Thumb Code     6  ledbar.o(.text)
    LedBar::__setItsBoard(Board*)            0x00000a01   Thumb Code     4  ledbar.o(.text)
    LedBar::_setItsBoard(Board*)             0x00000a05   Thumb Code    16  ledbar.o(.text)
    LedBar::setItsBoard(Board*)              0x00000a15   Thumb Code    16  ledbar.o(.text)
    LedBar::startBehavior()                  0x00000a25   Thumb Code    18  ledbar.o(.text)
    LedBar::_clearItsBoard()                 0x00000a37   Thumb Code     6  ledbar.o(.text)
    LedBar::rootState_entDef()               0x00000a3d   Thumb Code    24  ledbar.o(.text)
    LedBar::rootState_processEvent()         0x00000a55   Thumb Code   184  ledbar.o(.text)
    Poti::initStatechart()                   0x00000b15   Thumb Code    10  poti.o(.text)
    Poti::Poti(WST_TSK*)                     0x00000b1f   Thumb Code    74  poti.o(.text)
    Poti::Poti__sub_object(WST_TSK*)         0x00000b1f   Thumb Code     0  poti.o(.text)
    Poti::cancelTimeouts()                   0x00000b69   Thumb Code    14  poti.o(.text)
    Poti::cleanUpRelations()                 0x00000b77   Thumb Code    10  poti.o(.text)
    Poti::~Poti()                            0x00000b81   Thumb Code    32  poti.o(.text)
    Poti::~Poti__sub_object()                0x00000b81   Thumb Code     0  poti.o(.text)
    Poti::~Poti__deallocating()              0x00000ba1   Thumb Code    22  poti.o(.text)
    Poti::sample()                           0x00000bb7   Thumb Code    88  poti.o(.text)
    Poti::getAdcValue() const                0x00000c0f   Thumb Code     6  poti.o(.text)
    Poti::setAdcValue(int)                   0x00000c15   Thumb Code     4  poti.o(.text)
    Poti::getPotiValue() const               0x00000c19   Thumb Code     6  poti.o(.text)
    Poti::setPotiValue(int)                  0x00000c1f   Thumb Code     4  poti.o(.text)
    Poti::getSampleInterval() const          0x00000c23   Thumb Code     6  poti.o(.text)
    Poti::setSampleInterval(int)             0x00000c29   Thumb Code     4  poti.o(.text)
    Poti::getItsBoard() const                0x00000c2d   Thumb Code     6  poti.o(.text)
    Poti::__setItsBoard(Board*)              0x00000c33   Thumb Code     4  poti.o(.text)
    Poti::_setItsBoard(Board*)               0x00000c37   Thumb Code    16  poti.o(.text)
    Poti::setItsBoard(Board*)                0x00000c47   Thumb Code    16  poti.o(.text)
    Poti::startBehavior()                    0x00000c57   Thumb Code    18  poti.o(.text)
    Poti::cancelTimeout(const WST_TMR*)      0x00000c69   Thumb Code    18  poti.o(.text)
    Poti::getAdcFullRangeDeflection() const  0x00000c7b   Thumb Code     6  poti.o(.text)
    Poti::setAdcFullRangeDeflection(int)     0x00000c81   Thumb Code     4  poti.o(.text)
    Poti::getLastPotiValue() const           0x00000c85   Thumb Code     6  poti.o(.text)
    Poti::setLastPotiValue(int)              0x00000c8b   Thumb Code     4  poti.o(.text)
    Poti::_clearItsBoard()                   0x00000c8f   Thumb Code     6  poti.o(.text)
    Poti::rootState_entDef()                 0x00000c95   Thumb Code    24  poti.o(.text)
    Poti::rootState_processEvent()           0x00000cad   Thumb Code   260  poti.o(.text)
    WST_MEM::WST_MEM()                       0x00000dc5   Thumb Code   154  wst_mem.o(.text)
    WST_MEM::WST_MEM__sub_object()           0x00000dc5   Thumb Code     0  wst_mem.o(.text)
    WST_MEM::getMemory(unsigned)             0x00000e5f   Thumb Code   348  wst_mem.o(.text)
    WST_MEM::returnMemory(void*)             0x00000fbb   Thumb Code   192  wst_mem.o(.text)
    WST_MEM::reallocMemory(unsigned, unsigned, void*) 0x0000107b   Thumb Code    88  wst_mem.o(.text)
    GLCD_SetWindow                           0x00001465   Thumb Code   184  glcd_mcb1700.o(.text)
    GLCD_WindowMax                           0x0000151d   Thumb Code    18  glcd_mcb1700.o(.text)
    GLCD_Initialize                          0x0000152f   Thumb Code  1462  glcd_mcb1700.o(.text)
    GLCD_Uninitialize                        0x00001ae5   Thumb Code    30  glcd_mcb1700.o(.text)
    GLCD_SetForegroundColor                  0x00001b03   Thumb Code    10  glcd_mcb1700.o(.text)
    GLCD_SetBackgroundColor                  0x00001b0d   Thumb Code    10  glcd_mcb1700.o(.text)
    GLCD_ClearScreen                         0x00001b17   Thumb Code    44  glcd_mcb1700.o(.text)
    GLCD_SetFont                             0x00001b43   Thumb Code    10  glcd_mcb1700.o(.text)
    GLCD_DrawPixel                           0x00001b4d   Thumb Code   120  glcd_mcb1700.o(.text)
    GLCD_DrawHLine                           0x00001bc5   Thumb Code    56  glcd_mcb1700.o(.text)
    GLCD_DrawVLine                           0x00001bfd   Thumb Code    56  glcd_mcb1700.o(.text)
    GLCD_DrawRectangle                       0x00001c35   Thumb Code    58  glcd_mcb1700.o(.text)
    GLCD_DrawChar                            0x00001c6f   Thumb Code   194  glcd_mcb1700.o(.text)
    GLCD_DrawString                          0x00001d31   Thumb Code    38  glcd_mcb1700.o(.text)
    GLCD_DrawBargraph                        0x00001d57   Thumb Code   100  glcd_mcb1700.o(.text)
    GLCD_DrawBitmap                          0x00001dbb   Thumb Code    92  glcd_mcb1700.o(.text)
    GLCD_VScroll                             0x00001e17   Thumb Code     8  glcd_mcb1700.o(.text)
    GLCD_FrameBufferAccess                   0x00001e1f   Thumb Code     8  glcd_mcb1700.o(.text)
    GLCD_FrameBufferAddress                  0x00001e27   Thumb Code     4  glcd_mcb1700.o(.text)
    SSPx_GPDMA_Tx_SignalEvent                0x00002b0d   Thumb Code    28  ssp_lpc17xx.o(.text)
    SSPx_GPDMA_Rx_SignalEvent                0x00002b29   Thumb Code    54  ssp_lpc17xx.o(.text)
    SSP1_GPDMA_Tx_SignalEvent                0x00002ceb   Thumb Code    14  ssp_lpc17xx.o(.text)
    SSP1_GPDMA_Rx_SignalEvent                0x00002cf9   Thumb Code    14  ssp_lpc17xx.o(.text)
    SSP1_IRQHandler                          0x00002d07   Thumb Code    10  ssp_lpc17xx.o(.text)
    GPDMA_Initialize                         0x00002d63   Thumb Code   146  gpdma_lpc17xx.o(.text)
    GPDMA_Uninitialize                       0x00002df5   Thumb Code   116  gpdma_lpc17xx.o(.text)
    GPDMA_PeripheralSelect                   0x00002e69   Thumb Code    62  gpdma_lpc17xx.o(.text)
    GPDMA_ChannelConfigure                   0x00002ea7   Thumb Code   232  gpdma_lpc17xx.o(.text)
    GPDMA_ChannelEnable                      0x00002f8f   Thumb Code    54  gpdma_lpc17xx.o(.text)
    GPDMA_ChannelDisable                     0x00002fc5   Thumb Code    44  gpdma_lpc17xx.o(.text)
    GPDMA_ChannelGetStatus                   0x00002ff1   Thumb Code    30  gpdma_lpc17xx.o(.text)
    GPDMA_ChannelGetCount                    0x0000300f   Thumb Code    38  gpdma_lpc17xx.o(.text)
    DMA_IRQHandler                           0x00003035   Thumb Code   408  gpdma_lpc17xx.o(.text)
    GPIO_PortClock                           0x00003211   Thumb Code    38  gpio_lpc17xx.o(.text)
    GPIO_SetDir                              0x00003237   Thumb Code    52  gpio_lpc17xx.o(.text)
    GPIO_PinWrite                            0x0000326b   Thumb Code    36  gpio_lpc17xx.o(.text)
    GPIO_PinRead                             0x0000328f   Thumb Code    28  gpio_lpc17xx.o(.text)
    GPIO_PortWrite                           0x000032ab   Thumb Code    26  gpio_lpc17xx.o(.text)
    GPIO_PortRead                            0x000032c5   Thumb Code    14  gpio_lpc17xx.o(.text)
    PIN_Configure                            0x000032dd   Thumb Code   246  pin_lpc17xx.o(.text)
    PIN_ConfigureTPIU                        0x000033d3   Thumb Code    36  pin_lpc17xx.o(.text)
    PIN_ConfigureI2C0Pins                    0x000033f7   Thumb Code    28  pin_lpc17xx.o(.text)
    SystemCoreClockUpdate                    0x00003419   Thumb Code   408  system_lpc17xx.o(.text)
    SystemInit                               0x000035b1   Thumb Code   314  system_lpc17xx.o(.text)
    WST_FSM::WST_FSM()                       0x00003709   Thumb Code    34  wst_fsm.o(.text)
    WST_FSM::WST_FSM__sub_object()           0x00003709   Thumb Code     0  wst_fsm.o(.text)
    WST_FSM::cleanUpRelations()              0x0000372b   Thumb Code    18  wst_fsm.o(.text)
    WST_FSM::cancelEventsAndTimeouts()       0x0000373d   Thumb Code    74  wst_fsm.o(.text)
    WST_FSM::~WST_FSM()                      0x00003787   Thumb Code    32  wst_fsm.o(.text)
    WST_FSM::~WST_FSM__sub_object()          0x00003787   Thumb Code     0  wst_fsm.o(.text)
    WST_FSM::~WST_FSM__deallocating()        0x000037a7   Thumb Code    22  wst_fsm.o(.text)
    WST_FSM::cancel(WST_TMR*)                0x000037bd   Thumb Code    44  wst_fsm.o(.text)
    WST_FSM::destroy()                       0x000037e9   Thumb Code     2  wst_fsm.o(.text)
    WST_FSM::endBehavior()                   0x000037eb   Thumb Code    30  wst_fsm.o(.text)
    WST_FSM::gen(WST_EVT*, bool)             0x00003809   Thumb Code    58  wst_fsm.o(.text)
    WST_FSM::takeEvent(WST_EVT*)             0x00003843   Thumb Code   582  wst_fsm.o(.text)
    WST_FSM::handleSyncEvent(WST_EVT*)       0x00003a89   Thumb Code    16  wst_fsm.o(.text)
    WST_FSM::popNullTransition()             0x00003a99   Thumb Code    36  wst_fsm.o(.text)
    WST_FSM::pushNullTransition()            0x00003abd   Thumb Code     8  wst_fsm.o(.text)
    WST_FSM::rootState_entDef()              0x00003ac5   Thumb Code     2  wst_fsm.o(.text)
    WST_FSM::cancelTimeout(const WST_TMR*)   0x00003ac7   Thumb Code     6  wst_fsm.o(.text)
    WST_FSM::rootState_processEvent()        0x00003acd   Thumb Code     6  wst_fsm.o(.text)
    WST_FSM::scheduleTimeout(unsigned, char*) 0x00003ad3   Thumb Code    54  wst_fsm.o(.text)
    WST_FSM::setShouldDelete(bool)           0x00003b09   Thumb Code    24  wst_fsm.o(.text)
    WST_FSM::setTask(WST_TSK*, bool)         0x00003b21   Thumb Code    14  wst_fsm.o(.text)
    WST_FSM::startBehavior()                 0x00003b2f   Thumb Code   188  wst_fsm.o(.text)
    WST_FSM::terminate()                     0x00003beb   Thumb Code    30  wst_fsm.o(.text)
    WST_FSM::send(WST_EVT*)                  0x00003c09   Thumb Code    18  wst_fsm.o(.text)
    WST_FSM::send(WST_EVT*, const void*&)    0x00003c1b   Thumb Code    20  wst_fsm.o(.text)
    WST_FSM::handleTrigger(WST_EVT*)         0x00003c2f   Thumb Code    32  wst_fsm.o(.text)
    WST_RXF::WST_RXF()                       0x00003c55   Thumb Code     2  wst_rxf.o(.text)
    WST_RXF::WST_RXF__sub_object()           0x00003c55   Thumb Code     0  wst_rxf.o(.text)
    WST_RXF::~WST_RXF()                      0x00003c57   Thumb Code     2  wst_rxf.o(.text)
    WST_RXF::~WST_RXF__sub_object()          0x00003c57   Thumb Code     0  wst_rxf.o(.text)
    WST_RXF::initialize()                    0x00003c59   Thumb Code    10  wst_rxf.o(.text)
    WST_RXF::start()                         0x00003c63   Thumb Code    10  wst_rxf.o(.text)
    WST_MSQ::WST_MSQ()                       0x00003c71   Thumb Code     8  wst_msq.o(.text)
    WST_MSQ::WST_MSQ__sub_object()           0x00003c71   Thumb Code     0  wst_msq.o(.text)
    WST_MSQ::~WST_MSQ()                      0x00003c79   Thumb Code     2  wst_msq.o(.text)
    WST_MSQ::~WST_MSQ__sub_object()          0x00003c79   Thumb Code     0  wst_msq.o(.text)
    WST_MSQ::cancelEvents(WST_FSM*, short)   0x00003c7b   Thumb Code   114  wst_msq.o(.text)
    WST_MSQ::get()                           0x00003ced   Thumb Code    36  wst_msq.o(.text)
    WST_MSQ::put(WST_EVT*, bool)             0x00003d11   Thumb Code    42  wst_msq.o(.text)
    WST_MSQ::startMSQ()                      0x00003d3b   Thumb Code     2  wst_msq.o(.text)
    WST_TMM::getInst()                       0x00003d3d   Thumb Code     4  wst_tmm.o(.text)
    WST_TMM::WST_TMM()                       0x00003d41   Thumb Code    24  wst_tmm.o(.text)
    WST_TMM::WST_TMM__sub_object()           0x00003d41   Thumb Code     0  wst_tmm.o(.text)
    WST_TMM::WSTTimeToTicks(unsigned)        0x00003d59   Thumb Code    14  wst_tmm.o(.text)
    WST_TMM::stop(WST_TMR*)                  0x00003d67   Thumb Code   110  wst_tmm.o(.text)
    WST_TMM::cancelEvents(WST_FSM*)          0x00003dd5   Thumb Code   100  wst_tmm.o(.text)
    WST_TMM::getExpiredTimeout()             0x00003e39   Thumb Code    56  wst_tmm.o(.text)
    WST_TMM::tick(short)                     0x00003e71   Thumb Code    32  wst_tmm.o(.text)
    WST_TMM::processTimeouts()               0x00003e91   Thumb Code    88  wst_tmm.o(.text)
    WST_TMM::start(unsigned, WST_FSM*)       0x00003ee9   Thumb Code   240  wst_tmm.o(.text)
    WST_TMM::initMutex()                     0x00003fd9   Thumb Code    22  wst_tmm.o(.text)
    WST_TSK::WST_TSK()                       0x0000400d   Thumb Code    16  wst_tsk.o(.text)
    WST_TSK::WST_TSK__sub_object()           0x0000400d   Thumb Code     0  wst_tsk.o(.text)
    WST_TSK::cleanUpRelations()              0x0000401d   Thumb Code     2  wst_tsk.o(.text)
    WST_TSK::~WST_TSK()                      0x0000401f   Thumb Code    22  wst_tsk.o(.text)
    WST_TSK::~WST_TSK__sub_object()          0x0000401f   Thumb Code     0  wst_tsk.o(.text)
    WST_TSK::execute()                       0x00004035   Thumb Code   172  wst_tsk.o(.text)
    WST_TSK::executeOnce()                   0x000040e1   Thumb Code   126  wst_tsk.o(.text)
    WST_MTX::WST_MTX_enterCriticalRegion()   0x00004185   Thumb Code    10  wst_mtx.o(.text)
    WST_MTX::WST_MTX()                       0x0000418f   Thumb Code    14  wst_mtx.o(.text)
    WST_MTX::WST_MTX__sub_object()           0x0000418f   Thumb Code     0  wst_mtx.o(.text)
    WST_MTX::WST_MTX(const WST_MTX*)         0x0000419d   Thumb Code    16  wst_mtx.o(.text)
    WST_MTX::WST_MTX__sub_object(const WST_MTX*) 0x0000419d   Thumb Code     0  wst_mtx.o(.text)
    WST_MTX::WST_MTX_exitCriticalRegion()    0x000041ad   Thumb Code    10  wst_mtx.o(.text)
    WST_MTX::~WST_MTX()                      0x000041b7   Thumb Code    14  wst_mtx.o(.text)
    WST_MTX::~WST_MTX__sub_object()          0x000041b7   Thumb Code     0  wst_mtx.o(.text)
    WST_MTX_inUse::WST_MTX_inUse(const WST_MTX*) 0x000041c5   Thumb Code    42  wst_mtx.o(.text)
    WST_MTX_inUse::WST_MTX_inUse__sub_object(const WST_MTX*) 0x000041c5   Thumb Code     0  wst_mtx.o(.text)
    WST_MTX_inUse::~WST_MTX_inUse()          0x000041ef   Thumb Code    22  wst_mtx.o(.text)
    WST_MTX_inUse::~WST_MTX_inUse__sub_object() 0x000041ef   Thumb Code     0  wst_mtx.o(.text)
    WST_TMR::operator delete (void*)         0x00004205   Thumb Code    26  wst_tmr.o(.text)
    WST_TMR::operator new(unsigned)          0x0000421f   Thumb Code    52  wst_tmr.o(.text)
    WST_TMR::cancel()                        0x00004253   Thumb Code    18  wst_tmr.o(.text)
    WST_TMR::initTimeoutLists()              0x00004265   Thumb Code    52  wst_tmr.o(.text)
    WSTMonitor_IO_Init                       0x000042dd   Thumb Code    20  wstmonitorio_keil_cortexm3_itm.o(.text)
    WSTMonitor_IO_PutByte                    0x000042f1   Thumb Code    30  wstmonitorio_keil_cortexm3_itm.o(.text)
    WSTMonitor_IO_GetByte                    0x0000430f   Thumb Code    26  wstmonitorio_keil_cortexm3_itm.o(.text)
    WSTMonitorIO_receiveIncomingData         0x00004329   Thumb Code    18  wstmonitorio_keil_cortexm3_itm.o(.text)
    __aeabi_uldivmod                         0x00004351   Thumb Code     0  lludivv7m.o(.text)
    _ll_udiv                                 0x00004351   Thumb Code   238  lludivv7m.o(.text)
    __2sprintf                               0x00004441   Thumb Code    34  noretval__2sprintf.o(.text)
    __printf                                 0x00004469   Thumb Code   104  __printf.o(.text)
    _printf_int_dec                          0x000044d1   Thumb Code   104  _printf_dec.o(.text)
    __aeabi_atexit                           0x00004549   Thumb Code    46  aeabi_atexit.o(.text)
    __aeabi_memcpy                           0x00004577   Thumb Code     0  rt_memcpy_v6.o(.text)
    __rt_memcpy                              0x00004577   Thumb Code   138  rt_memcpy_v6.o(.text)
    _memcpy_lastbytes                        0x000045dd   Thumb Code     0  rt_memcpy_v6.o(.text)
    __aeabi_memclr4                          0x00004601   Thumb Code     0  rt_memclr_w.o(.text)
    __aeabi_memclr8                          0x00004601   Thumb Code     0  rt_memclr_w.o(.text)
    __rt_memclr_w                            0x00004601   Thumb Code    78  rt_memclr_w.o(.text)
    _memset_w                                0x00004605   Thumb Code     0  rt_memclr_w.o(.text)
    __cpp_initialize__aeabi_                 0x00004651   Thumb Code    26  init_aeabi.o(.text)
    __aeabi_vec_dtor                         0x00004675   Thumb Code    34  aeabi_vec_dtor_noexceptions.o(.text)
    __rt_new_handler_addr                    0x00004699   Thumb Code     8  rt_new_handler_addr_intlibspace.o(.text)
    __rt_ddtor_pointer_addr                  0x000046a1   Thumb Code     8  rt_ddtor_pointer_addr_intlibspace.o(.text)
    malloc                                   0x000046a9   Thumb Code    94  h1_alloc.o(.text)
    free                                     0x00004707   Thumb Code    78  h1_free.o(.text)
    _printf_int_common                       0x00004755   Thumb Code   178  _printf_intcommon.o(.text)
    _printf_char_common                      0x00004813   Thumb Code    32  _printf_char_common.o(.text)
    _sputc                                   0x00004839   Thumb Code    10  _sputc.o(.text)
    __cxa_finalize                           0x00004843   Thumb Code    66  cxa_finalize.o(.text)
    __aeabi_memcpy4                          0x00004885   Thumb Code     0  rt_memcpy_w.o(.text)
    __aeabi_memcpy8                          0x00004885   Thumb Code     0  rt_memcpy_w.o(.text)
    __rt_memcpy_w                            0x00004885   Thumb Code   100  rt_memcpy_w.o(.text)
    _memcpy_lastbytes_aligned                0x000048cd   Thumb Code     0  rt_memcpy_w.o(.text)
    __default_new_handler()                  0x000048e9   Thumb Code     4  arm_newhandler_noexceptions.o(.text)
    __user_libspace                          0x000048ed   Thumb Code     8  libspace.o(.text)
    __user_perproc_libspace                  0x000048ed   Thumb Code     0  libspace.o(.text)
    __user_perthread_libspace                0x000048ed   Thumb Code     0  libspace.o(.text)
    __rt_heap_descriptor                     0x000048f5   Thumb Code     8  rt_heap_descriptor_intlibspace.o(.text)
    __use_no_heap                            0x000048fd   Thumb Code     2  hguard.o(.text)
    __heap$guard                             0x000048ff   Thumb Code     2  hguard.o(.text)
    _terminate_user_alloc                    0x00004901   Thumb Code     2  init_alloc.o(.text)
    _init_user_alloc                         0x00004903   Thumb Code     2  init_alloc.o(.text)
    __Heap_Full                              0x00004905   Thumb Code    34  init_alloc.o(.text)
    __Heap_Broken                            0x00004927   Thumb Code     6  init_alloc.o(.text)
    _init_alloc                              0x0000492d   Thumb Code    94  init_alloc.o(.text)
    __Heap_Initialize                        0x0000498b   Thumb Code    10  h1_init.o(.text)
    __Heap_DescSize                          0x00004995   Thumb Code     4  h1_init.o(.text)
    std::terminate()                         0x00004999   Thumb Code    26  arm_exceptions_terminate.o(.text)
    __cxa_get_globals                        0x000049bb   Thumb Code    62  arm_exceptions_globs.o(.text)
    __user_setup_stackheap                   0x00004a05   Thumb Code    74  sys_stackheap_outer.o(.text)
    __rt_eh_globals_addr                     0x00004a51   Thumb Code     8  rt_eh_globals_addr_intlibspace.o(.text)
    __Heap_ProvideMemory                     0x00004a59   Thumb Code    52  h1_extend.o(.text)
    exit                                     0x00004a8d   Thumb Code    18  exit.o(.text)
    abort                                    0x00004a9f   Thumb Code    22  abort.o(.text)
    __rt_SIGRTMEM                            0x00004ab5   Thumb Code    14  defsig_rtmem_outer.o(.text)
    __ARM_exceptions_buffer_init             0x00004ac3   Thumb Code    18  arm_exceptions_mem.o(.text)
    __ARM_exceptions_buffer_allocate         0x00004ad5   Thumb Code    22  arm_exceptions_mem.o(.text)
    __ARM_exceptions_buffer_free             0x00004aeb   Thumb Code    20  arm_exceptions_mem.o(.text)
    _sys_exit                                0x00004b01   Thumb Code     8  sys_exit.o(.text)
    __I$use$semihosting                      0x00004b0d   Thumb Code     0  use_no_semi.o(.text)
    __use_no_semihosting_swi                 0x00004b0d   Thumb Code     2  use_no_semi.o(.text)
    __semihosting_library_function           0x00004b0f   Thumb Code     0  indicate_semi.o(.text)
    __sig_exit                               0x00004b0f   Thumb Code    10  defsig_exit.o(.text)
    __rt_SIGABRT                             0x00004b19   Thumb Code    14  defsig_abrt_outer.o(.text)
    __rt_SIGRTMEM_inner                      0x00004b29   Thumb Code    22  defsig_rtmem_inner.o(.text)
    __default_signal_display                 0x00004b79   Thumb Code    50  defsig_general.o(.text)
    __rt_SIGABRT_inner                       0x00004bad   Thumb Code    14  defsig_abrt_inner.o(.text)
    _ttywrch                                 0x00004bdd   Thumb Code    14  sys_wrch.o(.text)
    WSTMonitor_sendDataStruct(void*, unsigned short) 0x00004bed   Thumb Code    36  wstmonitor.o(CODE_ANIM_RUNNING_FAST)
    WSTMonitor_sendFSMSize()                 0x00004c11   Thumb Code    36  wstmonitor.o(CODE_ANIM_RUNNING_FAST)
    WSTMonitor_sendHighwater()               0x00004c35   Thumb Code    24  wstmonitor.o(CODE_ANIM_RUNNING_FAST)
    WSTMonitor_sendVersion()                 0x00004c4d   Thumb Code    20  wstmonitor.o(CODE_ANIM_RUNNING_FAST)
    WSTMonitor_init()                        0x00004c61   Thumb Code    60  wstmonitor.o(CODE_ANIM_RUNNING_FAST)
    WSTMonitor_resumeRxf()                   0x00004c9d   Thumb Code     8  wstmonitor.o(CODE_ANIM_RUNNING_FAST)
    WSTMonitor_suspendRxf()                  0x00004ca5   Thumb Code     8  wstmonitor.o(CODE_ANIM_RUNNING_FAST)
    WSTMonitor_performCmd()                  0x00004cad   Thumb Code   648  wstmonitor.o(CODE_ANIM_RUNNING_FAST)
    WSTMonitor_pollIncomingData()            0x00004f35   Thumb Code     8  wstmonitor.o(CODE_ANIM_RUNNING_FAST)
    WSTMonitor_sendInit(void*, unsigned short, void*) 0x00004f3d   Thumb Code    42  wstmonitor.o(CODE_ANIM_RUNNING_FAST)
    WSTMonitor_sendDestroy(void*)            0x00004f67   Thumb Code    24  wstmonitor.o(CODE_ANIM_RUNNING_FAST)
    WSTMonitor_sendOpCall(void*, void*, unsigned short, void*, void*) 0x00004f7f   Thumb Code    86  wstmonitor.o(CODE_ANIM_RUNNING_FAST)
    WSTMonitor_isFiltered(const void*)       0x00004fd5   Thumb Code   112  wstmonitor.o(CODE_ANIM_RUNNING_FAST)
    WSTMonitor_sendEvent(unsigned char*, unsigned char, unsigned char*) 0x00005045   Thumb Code    76  wstmonitor.o(CODE_ANIM_RUNNING_FAST)
    WSTMonitor_sendTimeOut(unsigned char*)   0x00005091   Thumb Code    44  wstmonitor.o(CODE_ANIM_RUNNING_FAST)
    WSTMonitor_sendError()                   0x000050bd   Thumb Code    12  wstmonitor.o(CODE_ANIM_RUNNING_FAST)
    WSTMonitor_sendBufferReset()             0x000050c9   Thumb Code    12  wstmonitor.o(CODE_ANIM_RUNNING_FAST)
    WSTTarget_enterCriticalRegion            0x000050e9   Thumb Code     4  wsttarget.o(CODE_RXF_RUNNING_FAST)
    WSTTarget_exitCriticalRegion             0x000050ed   Thumb Code     4  wsttarget.o(CODE_RXF_RUNNING_FAST)
    WSTTarget_Init                           0x000050f1   Thumb Code    86  wsttarget.o(CODE_RXF_RUNNING_FAST)
    WSTTarget_Cleanup                        0x00005147   Thumb Code     2  wsttarget.o(CODE_RXF_RUNNING_FAST)
    os_def_interrupt()                       0x00005149   Thumb Code     2  wsttarget.o(CODE_RXF_RUNNING_FAST)
    SysTick_Handler                          0x0000514b   Thumb Code     8  wsttarget.o(CODE_RXF_RUNNING_FAST)
    WSTRTOS_incrementRxfTicks()              0x00005161   Thumb Code    12  wstrtos.o(CODE_RXF_RUNNING_FAST)
    WSTRTOS_getRxfTicks()                    0x0000516d   Thumb Code     6  wstrtos.o(CODE_RXF_RUNNING_FAST)
    evPotiValue::~evPotiValue__deallocating() 0x00005179   Thumb Code    22  default.o(i._ZN11evPotiValueD0Ev)
    evPotiValue::~evPotiValue()              0x0000518f   Thumb Code     4  default.o(i._ZN11evPotiValueD1Ev)
    evPotiValue::~evPotiValue__sub_object()  0x0000518f   Thumb Code     0  default.o(i._ZN11evPotiValueD1Ev)
    evSwitchLed::~evSwitchLed__deallocating() 0x00005193   Thumb Code    22  default.o(i._ZN11evSwitchLedD0Ev)
    evSwitchLed::~evSwitchLed()              0x000051a9   Thumb Code     4  default.o(i._ZN11evSwitchLedD1Ev)
    evSwitchLed::~evSwitchLed__sub_object()  0x000051a9   Thumb Code     0  default.o(i._ZN11evSwitchLedD1Ev)
    WST_EVT::WST_EVT()                       0x000051ad   Thumb Code    10  default.o(i._ZN7WST_EVTC1Ev)
    WST_EVT::WST_EVT__sub_object()           0x000051ad   Thumb Code     0  default.o(i._ZN7WST_EVTC1Ev)
    WST_EVT::~WST_EVT__deallocating()        0x000051bd   Thumb Code    18  default.o(i._ZN7WST_EVTD0Ev)
    WST_TMR::WST_TMR()                       0x000051d1   Thumb Code    16  wst_tmr.o(i._ZN7WST_TMRC1Ev)
    WST_TMR::WST_TMR__sub_object()           0x000051d1   Thumb Code     0  wst_tmr.o(i._ZN7WST_TMRC1Ev)
    WST_TMR::~WST_TMR__deallocating()        0x000051e9   Thumb Code    18  wst_tmm.o(i._ZN7WST_TMRD0Ev)
    WST_TMR::~WST_TMR()                      0x000051fb   Thumb Code     8  wst_tmm.o(i._ZN7WST_TMRD1Ev)
    WST_TMR::~WST_TMR__sub_object()          0x000051fb   Thumb Code     0  wst_tmm.o(i._ZN7WST_TMRD1Ev)
    Board::state_2_IN() const                0x00005203   Thumb Code    16  board.o(i._ZNK5Board10state_2_INEv)
    operator delete (void*)                  0x00005213   Thumb Code     8  delete.o(i._ZdlPv)
    operator new[] (unsigned)                0x0000521b   Thumb Code     8  array_new.o(i._Znaj)
    operator new(unsigned)                   0x00005225   Thumb Code    34  new.o(i._Znwj)
    __aeabi_vec_ctor_nocookie_nodtor         0x0000524d   Thumb Code    36  aeabi_vec_ctor_nocookie_nodtor.o(i.__aeabi_vec_ctor_nocookie_nodtor)
    __cxa_guard_acquire                      0x00005271   Thumb Code    16  cxa_guard_acquire.o(i.__cxa_guard_acquire)
    GLCD_Font_6x8                            0x00006b00   Data          16  glcd_fonts.o(.constdata)
    GLCD_Font_16x24                          0x00006b10   Data          16  glcd_fonts.o(.constdata)
    Driver_SPI1                              0x00006b70   Data          44  ssp_lpc17xx.o(.constdata)
    vtable for evPotiValue                   0x00006b9c   Data          20  default.o(.constdata__ZTV11evPotiValue)
    vtable for evSwitchLed                   0x00006bb0   Data          20  default.o(.constdata__ZTV11evSwitchLed)
    vtable for Default_OMInitializer         0x00006bc4   Data          16  default.o(.constdata__ZTV21Default_OMInitializer)
    vtable for Poti                          0x00006bd4   Data          40  poti.o(.constdata__ZTV4Poti)
    vtable for Board                         0x00006bfc   Data          44  board.o(.constdata__ZTV5Board)
    vtable for LedBar                        0x00006c28   Data          40  ledbar.o(.constdata__ZTV6LedBar)
    vtable for Display                       0x00006c50   Data          40  display.o(.constdata__ZTV7Display)
    vtable for WST_EVT                       0x00006c78   Data          16  default.o(.constdata__ZTV7WST_EVT)
    vtable for WST_FSM                       0x00006c88   Data          36  wst_fsm.o(.constdata__ZTV7WST_FSM)
    vtable for WST_TMR                       0x00006cac   Data          16  wst_tmm.o(.constdata__ZTV7WST_TMR)
    Region$$Table$$Base                      0x00006cbc   Number         0  anon$$obj.o(Region$$Table)
    Region$$Table$$Limit                     0x00006cdc   Number         0  anon$$obj.o(Region$$Table)
    SHT$$INIT_ARRAY$$Base                    0x00006cdc   Number         0  default.o(.init_array)
    SHT$$INIT_ARRAY$$Limit                   0x00006cec   Number         0  init_aeabi.o(.init_array)
    WST_CFG_Highwater::smallBuffersMax       0x10000000   Data           2  wst_cfg_highwater.o(.data)
    WST_CFG_Highwater::mediumBuffersMax      0x10000002   Data           2  wst_cfg_highwater.o(.data)
    WST_CFG_Highwater::largeBuffersMax       0x10000004   Data           2  wst_cfg_highwater.o(.data)
    WST_CFG_Highwater::timeoutsMax           0x10000006   Data           2  wst_cfg_highwater.o(.data)
    WST_CFG_Highwater::bufferOverflow        0x10000008   Data           2  wst_cfg_highwater.o(.data)
    myInstance                               0x1000000c   Data           4  wst_mem.o(.data)
    startSmall                               0x10000010   Data           2  wst_mem.o(.data)
    smallCounter                             0x10000012   Data           2  wst_mem.o(.data)
    startMedium                              0x10000014   Data           2  wst_mem.o(.data)
    mediumCounter                            0x10000016   Data           2  wst_mem.o(.data)
    startLarge                               0x10000018   Data           2  wst_mem.o(.data)
    largeCounter                             0x1000001a   Data           2  wst_mem.o(.data)
    SystemCoreClock                          0x10000050   Data           4  system_lpc17xx.o(.data)
    theMainTask                              0x10000054   Data           8  wst_tsk.o(.data)
    itsFreeList                              0x10000080   Data           4  wst_tmr.o(.data)
    ITM_RxBuffer                             0x10000084   Data           4  wstmonitorio_keil_cortexm3_itm.o(.data)
    monitorFiltersEnableFlag                 0x10000088   Data           1  wstmonitor.o(DATA_ANIM_RUNNING_UNSPECIFIED_NOINIT_FAST)
    monitorStopFlag                          0x10000089   Data           1  wstmonitor.o(DATA_ANIM_RUNNING_UNSPECIFIED_NOINIT_FAST)
    monitorNbCmd                             0x1000008a   Data           2  wstmonitor.o(DATA_ANIM_RUNNING_UNSPECIFIED_NOINIT_FAST)
    monitorSendOff                           0x1000008c   Data           1  wstmonitor.o(DATA_ANIM_RUNNING_UNSPECIFIED_NOINIT_FAST)
    monitorTimeoutEnableFlag                 0x1000008d   Data           1  wstmonitor.o(DATA_ANIM_RUNNING_UNSPECIFIED_NOINIT_FAST)
    firstBreakPoint                          0x10000090   Data           4  wstmonitor.o(DATA_ANIM_RUNNING_UNSPECIFIED_NOINIT_FAST)
    itsBoard                                 0x10000098   Data         196  default.o(.bss)
    smallBuffers                             0x1000015c   Data         240  wst_mem.o(.bss)
    mediumBuffers                            0x1000024c   Data         216  wst_mem.o(.bss)
    largeBuffers                             0x10000324   Data         200  wst_mem.o(.bss)
    WST_TMM::inst                            0x100004d4   Data          16  wst_tmm.o(.bss)
    monitorBuffer                            0x100004e4   Data          32  wstmonitor.o(.bss)
    showedObject                             0x10000504   Data          32  wstmonitor.o(.bss)
    itsWST_TMR                               0x10000524   Data        1152  wst_tmr.o(.bss)
    __libspace_start                         0x100009a4   Data          96  libspace.o(.bss)
    __temporary_stack_top$libspace           0x10000a04   Data           0  libspace.o(.bss)



==============================================================================

Memory Map of the image

  Image Entry point : 0x000000cd

  Load Region LR_IROM1 (Base: 0x00000000, Size: 0x00006d84, Max: 0x00040000, ABSOLUTE)

    Execution Region ER_IROM1 (Base: 0x00000000, Size: 0x00006cec, Max: 0x00040000, ABSOLUTE)

    Base Addr    Size         Type   Attr      Idx    E Section Name        Object

    0x00000000   0x000000cc   Data   RO          857    RESET               startup_lpc17xx.o
    0x000000cc   0x00000008   Code   RO         1019  * !!!main             c_w.l(__main.o)
    0x000000d4   0x00000034   Code   RO         1538    !!!scatter          c_w.l(__scatter.o)
    0x00000108   0x0000001a   Code   RO         1540    !!handler_copy      c_w.l(__scatter_copy.o)
    0x00000122   0x00000002   PAD
    0x00000124   0x0000001c   Code   RO         1542    !!handler_zi        c_w.l(__scatter_zi.o)
    0x00000140   0x00000000   Code   RO         1006    .ARM.Collect$$_printf_percent$$00000000  c_w.l(_printf_percent.o)
    0x00000140   0x00000006   Code   RO         1005    .ARM.Collect$$_printf_percent$$00000008  c_w.l(_printf_i.o)
    0x00000146   0x00000004   Code   RO         1239    .ARM.Collect$$_printf_percent$$00000017  c_w.l(_printf_percent_end.o)
    0x0000014a   0x00000002   Code   RO         1463    .ARM.Collect$$libinit$$00000000  c_w.l(libinit.o)
    0x0000014c   0x00000000   Code   RO         1246    .ARM.Collect$$libinit$$00000002  c_w.l(libinit2.o)
    0x0000014c   0x00000000   Code   RO         1248    .ARM.Collect$$libinit$$00000004  c_w.l(libinit2.o)
    0x0000014c   0x00000008   Code   RO         1249    .ARM.Collect$$libinit$$00000005  c_w.l(libinit2.o)
    0x00000154   0x00000000   Code   RO         1251    .ARM.Collect$$libinit$$0000000A  c_w.l(libinit2.o)
    0x00000154   0x00000000   Code   RO         1253    .ARM.Collect$$libinit$$0000000C  c_w.l(libinit2.o)
    0x00000154   0x00000000   Code   RO         1255    .ARM.Collect$$libinit$$0000000E  c_w.l(libinit2.o)
    0x00000154   0x00000000   Code   RO         1258    .ARM.Collect$$libinit$$00000011  c_w.l(libinit2.o)
    0x00000154   0x00000000   Code   RO         1260    .ARM.Collect$$libinit$$00000013  c_w.l(libinit2.o)
    0x00000154   0x00000000   Code   RO         1262    .ARM.Collect$$libinit$$00000015  c_w.l(libinit2.o)
    0x00000154   0x00000000   Code   RO         1264    .ARM.Collect$$libinit$$00000017  c_w.l(libinit2.o)
    0x00000154   0x00000000   Code   RO         1266    .ARM.Collect$$libinit$$00000019  c_w.l(libinit2.o)
    0x00000154   0x00000000   Code   RO         1268    .ARM.Collect$$libinit$$0000001B  c_w.l(libinit2.o)
    0x00000154   0x00000000   Code   RO         1270    .ARM.Collect$$libinit$$0000001D  c_w.l(libinit2.o)
    0x00000154   0x00000000   Code   RO         1272    .ARM.Collect$$libinit$$0000001F  c_w.l(libinit2.o)
    0x00000154   0x00000000   Code   RO         1274    .ARM.Collect$$libinit$$00000021  c_w.l(libinit2.o)
    0x00000154   0x00000000   Code   RO         1276    .ARM.Collect$$libinit$$00000023  c_w.l(libinit2.o)
    0x00000154   0x00000000   Code   RO         1278    .ARM.Collect$$libinit$$00000025  c_w.l(libinit2.o)
    0x00000154   0x00000000   Code   RO         1282    .ARM.Collect$$libinit$$0000002C  c_w.l(libinit2.o)
    0x00000154   0x00000000   Code   RO         1284    .ARM.Collect$$libinit$$0000002E  c_w.l(libinit2.o)
    0x00000154   0x00000000   Code   RO         1286    .ARM.Collect$$libinit$$00000030  c_w.l(libinit2.o)
    0x00000154   0x00000004   Code   RO         1287    .ARM.Collect$$libinit$$00000031  c_w.l(libinit2.o)
    0x00000158   0x00000000   Code   RO         1288    .ARM.Collect$$libinit$$00000032  c_w.l(libinit2.o)
    0x00000158   0x00000002   Code   RO         1289    .ARM.Collect$$libinit$$00000033  c_w.l(libinit2.o)
    0x0000015a   0x00000002   Code   RO         1523    .ARM.Collect$$libshutdown$$00000000  c_w.l(libshutdown.o)
    0x0000015c   0x00000006   Code   RO         1375    .ARM.Collect$$libshutdown$$00000001  c_w.l(libshutdown2.o)
    0x00000162   0x00000000   Code   RO         1376    .ARM.Collect$$libshutdown$$00000002  c_w.l(libshutdown2.o)
    0x00000162   0x00000000   Code   RO         1378    .ARM.Collect$$libshutdown$$00000004  c_w.l(libshutdown2.o)
    0x00000162   0x00000000   Code   RO         1381    .ARM.Collect$$libshutdown$$00000007  c_w.l(libshutdown2.o)
    0x00000162   0x00000000   Code   RO         1384    .ARM.Collect$$libshutdown$$0000000A  c_w.l(libshutdown2.o)
    0x00000162   0x00000000   Code   RO         1386    .ARM.Collect$$libshutdown$$0000000C  c_w.l(libshutdown2.o)
    0x00000162   0x00000000   Code   RO         1389    .ARM.Collect$$libshutdown$$0000000F  c_w.l(libshutdown2.o)
    0x00000162   0x00000002   Code   RO         1390    .ARM.Collect$$libshutdown$$00000010  c_w.l(libshutdown2.o)
    0x00000164   0x00000000   Code   RO         1156    .ARM.Collect$$rtentry$$00000000  c_w.l(__rtentry.o)
    0x00000164   0x00000000   Code   RO         1328    .ARM.Collect$$rtentry$$00000002  c_w.l(__rtentry2.o)
    0x00000164   0x00000006   Code   RO         1340    .ARM.Collect$$rtentry$$00000004  c_w.l(__rtentry4.o)
    0x0000016a   0x00000000   Code   RO         1330    .ARM.Collect$$rtentry$$00000009  c_w.l(__rtentry2.o)
    0x0000016a   0x00000004   Code   RO         1331    .ARM.Collect$$rtentry$$0000000A  c_w.l(__rtentry2.o)
    0x0000016e   0x00000000   Code   RO         1333    .ARM.Collect$$rtentry$$0000000C  c_w.l(__rtentry2.o)
    0x0000016e   0x00000008   Code   RO         1334    .ARM.Collect$$rtentry$$0000000D  c_w.l(__rtentry2.o)
    0x00000176   0x00000002   Code   RO         1482    .ARM.Collect$$rtexit$$00000000  c_w.l(rtexit.o)
    0x00000178   0x00000000   Code   RO         1501    .ARM.Collect$$rtexit$$00000002  c_w.l(rtexit2.o)
    0x00000178   0x00000004   Code   RO         1502    .ARM.Collect$$rtexit$$00000003  c_w.l(rtexit2.o)
    0x0000017c   0x00000006   Code   RO         1503    .ARM.Collect$$rtexit$$00000004  c_w.l(rtexit2.o)
    0x00000182   0x00000002   PAD
    0x00000184   0x00000000   Code   RO         1433    .emb_text           c_w.l(maybetermalloc1.o)
    0x00000184   0x000000e0   Code   RO          161    .text               default.o
    0x00000264   0x00000032   Code   RO          410    .text               mainmcb1700.o
    0x00000296   0x00000002   Code   RO          502    .text               wstmonitor_sendtypes.o
    0x00000298   0x00000016   Code   RO          513    .text               rxf_behaviorpkg.o
    0x000002ae   0x00000002   PAD
    0x000002b0   0x00000040   Code   RO          859    .text               startup_lpc17xx.o
    0x000002f0   0x00000006   Code   RO          919    .text               RXFR.lib(wst_err.o)
    0x000002f6   0x00000006   Code   RO         1017    .text               c_w.l(heapauxi.o)
    0x000002fc   0x00000004   Code   RO          858    .ARM.__at_0x02FC    startup_lpc17xx.o
    0x00000300   0x00000514   Code   RO            4    .text               board.o
    0x00000814   0x000000e0   Code   RO          273    .text               display.o
    0x000008f4   0x00000220   Code   RO          340    .text               ledbar.o
    0x00000b14   0x000002b0   Code   RO          461    .text               poti.o
    0x00000dc4   0x00000350   Code   RO          625    .text               wst_mem.o
    0x00001114   0x00000d2c   Code   RO          670    .text               glcd_mcb1700.o
    0x00001e40   0x00000ef0   Code   RO          732    .text               ssp_lpc17xx.o
    0x00002d30   0x000004e0   Code   RO          783    .text               gpdma_lpc17xx.o
    0x00003210   0x000000cc   Code   RO          810    .text               gpio_lpc17xx.o
    0x000032dc   0x0000013c   Code   RO          834    .text               pin_lpc17xx.o
    0x00003418   0x000002f0   Code   RO          868    .text               system_lpc17xx.o
    0x00003708   0x0000054c   Code   RO          895    .text               RXFR.lib(wst_fsm.o)
    0x00003c54   0x0000001c   Code   RO          904    .text               RXFR.lib(wst_rxf.o)
    0x00003c70   0x000000cc   Code   RO          922    .text               RXFR.lib(wst_msq.o)
    0x00003d3c   0x000002d0   Code   RO          925    .text               RXFR.lib(wst_tmm.o)
    0x0000400c   0x00000178   Code   RO          941    .text               RXFR.lib(wst_tsk.o)
    0x00004184   0x00000080   Code   RO          957    .text               RXFR.lib(wst_mtx.o)
    0x00004204   0x000000d8   Code   RO          960    .text               RXFR.lib(wst_tmr.o)
    0x000042dc   0x00000074   Code   RO          969    .text               RXFR.lib(wstmonitorio_keil_cortexm3_itm.o)
    0x00004350   0x000000ee   Code   RO          975    .text               c_w.l(lludivv7m.o)
    0x0000443e   0x00000002   PAD
    0x00004440   0x00000028   Code   RO          979    .text               c_w.l(noretval__2sprintf.o)
    0x00004468   0x00000068   Code   RO          981    .text               c_w.l(__printf.o)
    0x000044d0   0x00000078   Code   RO          983    .text               c_w.l(_printf_dec.o)
    0x00004548   0x0000002e   Code   RO         1010    .text               c_w.l(aeabi_atexit.o)
    0x00004576   0x0000008a   Code   RO         1013    .text               c_w.l(rt_memcpy_v6.o)
    0x00004600   0x0000004e   Code   RO         1015    .text               c_w.l(rt_memclr_w.o)
    0x0000464e   0x00000002   PAD
    0x00004650   0x00000024   Code   RO         1024    .text               c_w.l(init_aeabi.o)
    0x00004674   0x00000022   Code   RO         1153    .text               cpprt_w.l(aeabi_vec_dtor_noexceptions.o)
    0x00004696   0x00000002   PAD
    0x00004698   0x00000008   Code   RO         1164    .text               c_w.l(rt_new_handler_addr_intlibspace.o)
    0x000046a0   0x00000008   Code   RO         1169    .text               c_w.l(rt_ddtor_pointer_addr_intlibspace.o)
    0x000046a8   0x0000005e   Code   RO         1175    .text               c_w.l(h1_alloc.o)
    0x00004706   0x0000004e   Code   RO         1177    .text               c_w.l(h1_free.o)
    0x00004754   0x000000b2   Code   RO         1233    .text               c_w.l(_printf_intcommon.o)
    0x00004806   0x00000002   PAD
    0x00004808   0x00000030   Code   RO         1235    .text               c_w.l(_printf_char_common.o)
    0x00004838   0x0000000a   Code   RO         1237    .text               c_w.l(_sputc.o)
    0x00004842   0x00000042   Code   RO         1240    .text               c_w.l(cxa_finalize.o)
    0x00004884   0x00000064   Code   RO         1243    .text               c_w.l(rt_memcpy_w.o)
    0x000048e8   0x00000004   Code   RO         1293    .text               cpprt_w.l(arm_newhandler_noexceptions.o)
    0x000048ec   0x00000008   Code   RO         1322    .text               c_w.l(libspace.o)
    0x000048f4   0x00000008   Code   RO         1347    .text               c_w.l(rt_heap_descriptor_intlibspace.o)
    0x000048fc   0x00000004   Code   RO         1349    .text               c_w.l(hguard.o)
    0x00004900   0x0000008a   Code   RO         1351    .text               c_w.l(init_alloc.o)
    0x0000498a   0x0000000e   Code   RO         1355    .text               c_w.l(h1_init.o)
    0x00004998   0x0000001a   Code   RO         1411    .text               cpprt_w.l(arm_exceptions_terminate.o)
    0x000049b2   0x00000002   PAD
    0x000049b4   0x00000050   Code   RO         1414    .text               cpprt_w.l(arm_exceptions_globs.o)
    0x00004a04   0x0000004a   Code   RO         1424    .text               c_w.l(sys_stackheap_outer.o)
    0x00004a4e   0x00000002   PAD
    0x00004a50   0x00000008   Code   RO         1429    .text               c_w.l(rt_eh_globals_addr_intlibspace.o)
    0x00004a58   0x00000034   Code   RO         1435    .text               c_w.l(h1_extend.o)
    0x00004a8c   0x00000012   Code   RO         1439    .text               c_w.l(exit.o)
    0x00004a9e   0x00000016   Code   RO         1441    .text               c_w.l(abort.o)
    0x00004ab4   0x0000000e   Code   RO         1447    .text               c_w.l(defsig_rtmem_outer.o)
    0x00004ac2   0x0000003c   Code   RO         1467    .text               cpprt_w.l(arm_exceptions_mem.o)
    0x00004afe   0x00000002   PAD
    0x00004b00   0x0000000c   Code   RO         1477    .text               c_w.l(sys_exit.o)
    0x00004b0c   0x00000002   Code   RO         1479    .text               c_w.l(use_no_semi.o)
    0x00004b0e   0x00000000   Code   RO         1481    .text               c_w.l(indicate_semi.o)
    0x00004b0e   0x0000000a   Code   RO         1490    .text               c_w.l(defsig_exit.o)
    0x00004b18   0x0000000e   Code   RO         1492    .text               c_w.l(defsig_abrt_outer.o)
    0x00004b26   0x00000002   PAD
    0x00004b28   0x00000050   Code   RO         1498    .text               c_w.l(defsig_rtmem_inner.o)
    0x00004b78   0x00000032   Code   RO         1513    .text               c_w.l(defsig_general.o)
    0x00004baa   0x00000002   PAD
    0x00004bac   0x00000030   Code   RO         1515    .text               c_w.l(defsig_abrt_inner.o)
    0x00004bdc   0x0000000e   Code   RO         1517    .text               c_w.l(sys_wrch.o)
    0x00004bea   0x00000002   PAD
    0x00004bec   0x000004fc   Code   RO          947    CODE_ANIM_RUNNING_FAST  RXFR.lib(wstmonitor.o)
    0x000050e8   0x00000078   Code   RO          910    CODE_RXF_RUNNING_FAST  RXFR.lib(wsttarget.o)
    0x00005160   0x00000018   Code   RO          953    CODE_RXF_RUNNING_FAST  RXFR.lib(wstrtos.o)
    0x00005178   0x00000016   Code   RO          205    i._ZN11evPotiValueD0Ev  default.o
    0x0000518e   0x00000004   Code   RO          193    i._ZN11evPotiValueD1Ev  default.o
    0x00005192   0x00000016   Code   RO          202    i._ZN11evSwitchLedD0Ev  default.o
    0x000051a8   0x00000004   Code   RO          190    i._ZN11evSwitchLedD1Ev  default.o
    0x000051ac   0x00000010   Code   RO          196    i._ZN7WST_EVTC1Ev   default.o
    0x000051bc   0x00000012   Code   RO          224    i._ZN7WST_EVTD0Ev   default.o
    0x000051ce   0x00000002   PAD
    0x000051d0   0x00000018   Code   RO          966    i._ZN7WST_TMRC1Ev   RXFR.lib(wst_tmr.o)
    0x000051e8   0x00000012   Code   RO          938    i._ZN7WST_TMRD0Ev   RXFR.lib(wst_tmm.o)
    0x000051fa   0x00000008   Code   RO          935    i._ZN7WST_TMRD1Ev   RXFR.lib(wst_tmm.o)
    0x00005202   0x00000010   Code   RO           25    i._ZNK5Board10state_2_INEv  board.o
    0x00005212   0x00000008   Code   RO         1031    i._ZdlPv            cpprt_w.l(delete.o)
    0x0000521a   0x00000008   Code   RO         1027    i._Znaj             cpprt_w.l(array_new.o)
    0x00005222   0x00000002   PAD
    0x00005224   0x00000028   Code   RO         1034    i._Znwj             cpprt_w.l(new.o)
    0x0000524c   0x00000024   Code   RO         1150    i.__aeabi_vec_ctor_nocookie_nodtor  cpprt_w.l(aeabi_vec_ctor_nocookie_nodtor.o)
    0x00005270   0x00000010   Code   RO         1038    i.__cxa_guard_acquire  cpprt_w.l(cxa_guard_acquire.o)
    0x00005280   0x000018a0   Data   RO          648    .constdata          glcd_fonts.o
    0x00006b20   0x0000007c   Data   RO          734    .constdata          ssp_lpc17xx.o
    0x00006b9c   0x00000014   Data   RO          189    .constdata__ZTV11evPotiValue  default.o
    0x00006bb0   0x00000014   Data   RO          187    .constdata__ZTV11evSwitchLed  default.o
    0x00006bc4   0x00000010   Data   RO          185    .constdata__ZTV21Default_OMInitializer  default.o
    0x00006bd4   0x00000028   Data   RO          480    .constdata__ZTV4Poti  poti.o
    0x00006bfc   0x0000002c   Data   RO           24    .constdata__ZTV5Board  board.o
    0x00006c28   0x00000028   Data   RO          359    .constdata__ZTV6LedBar  ledbar.o
    0x00006c50   0x00000028   Data   RO          292    .constdata__ZTV7Display  display.o
    0x00006c78   0x00000010   Data   RO          209    .constdata__ZTV7WST_EVT  default.o
    0x00006c88   0x00000024   Data   RO          901    .constdata__ZTV7WST_FSM  RXFR.lib(wst_fsm.o)
    0x00006cac   0x00000010   Data   RO          932    .constdata__ZTV7WST_TMR  RXFR.lib(wst_tmm.o)
    0x00006cbc   0x00000020   Data   RO         1536    Region$$Table       anon$$obj.o
    0x00006cdc   0x00000004   Data   RO          164    .init_array         default.o
    0x00006ce0   0x00000004   Data   RO          929    .init_array         RXFR.lib(wst_tmm.o)
    0x00006ce4   0x00000004   Data   RO          945    .init_array         RXFR.lib(wst_tsk.o)
    0x00006ce8   0x00000004   Data   RO          964    .init_array         RXFR.lib(wst_tmr.o)
    0x00006cec   0x00000000   Data   RO         1022    .init_array         c_w.l(init_aeabi.o)


    Execution Region RW_IRAM1 (Base: 0x10000000, Size: 0x00001c08, Max: 0x00008000, ABSOLUTE)

    Base Addr    Size         Type   Attr      Idx    E Section Name        Object

    0x10000000   0x0000000a   Data   RW          587    .data               wst_cfg_highwater.o
    0x1000000a   0x00000002   PAD
    0x1000000c   0x00000015   Data   RW          628    .data               wst_mem.o
    0x10000021   0x00000003   PAD
    0x10000024   0x00000011   Data   RW          671    .data               glcd_mcb1700.o
    0x10000035   0x00000003   PAD
    0x10000038   0x00000010   Data   RW          735    .data               ssp_lpc17xx.o
    0x10000048   0x00000008   Data   RW          785    .data               gpdma_lpc17xx.o
    0x10000050   0x00000004   Data   RW          869    .data               system_lpc17xx.o
    0x10000054   0x00000008   Data   RW          944    .data               RXFR.lib(wst_tsk.o)
    0x1000005c   0x00000022   Data   RW          950    .data               RXFR.lib(wstmonitor.o)
    0x1000007e   0x00000002   PAD
    0x10000080   0x00000004   Data   RW          963    .data               RXFR.lib(wst_tmr.o)
    0x10000084   0x00000004   Data   RW          971    .data               RXFR.lib(wstmonitorio_keil_cortexm3_itm.o)
    0x10000088   0x0000000c   Data   RW          951    DATA_ANIM_RUNNING_UNSPECIFIED_NOINIT_FAST  RXFR.lib(wstmonitor.o)
    0x10000094   0x00000004   Data   RW          955    DATA_RXF_RUNNING_32_INIT_FAST  RXFR.lib(wstrtos.o)
    0x10000098   0x000000c4   Zero   RW          163    .bss                default.o
    0x1000015c   0x00000290   Zero   RW          627    .bss                wst_mem.o
    0x100003ec   0x00000028   Zero   RW          733    .bss                ssp_lpc17xx.o
    0x10000414   0x000000a0   Zero   RW          784    .bss                gpdma_lpc17xx.o
    0x100004b4   0x00000020   Zero   RW          898    .bss                RXFR.lib(wst_fsm.o)
    0x100004d4   0x00000010   Zero   RW          928    .bss                RXFR.lib(wst_tmm.o)
    0x100004e4   0x00000040   Zero   RW          949    .bss                RXFR.lib(wstmonitor.o)
    0x10000524   0x00000480   Zero   RW          962    .bss                RXFR.lib(wst_tmr.o)
    0x100009a4   0x00000060   Zero   RW         1323    .bss                c_w.l(libspace.o)
    0x10000a04   0x00000004   PAD
    0x10000a08   0x00001000   Zero   RW          856    HEAP                startup_lpc17xx.o
    0x10001a08   0x00000200   Zero   RW          855    STACK               startup_lpc17xx.o


==============================================================================

Image component sizes


      Code (inc. data)   RO Data    RW Data    ZI Data      Debug   Object Name

      1316         20         44          0          0      33816   board.o
       310         30         76          0        196      19952   default.o
       224         10         40          0          0      19575   display.o
         0          0       6304          0          0       5724   glcd_fonts.o
      3372         54          0         17          0      32318   glcd_mcb1700.o
      1248         50          0          8        160       5393   gpdma_lpc17xx.o
       204         10          0          0          0       1681   gpio_lpc17xx.o
       544          8         40          0          0      22720   ledbar.o
        50          0          0          0          0       2339   mainmcb1700.o
       316          6          0          0          0       1348   pin_lpc17xx.o
       688         20         40          0          0      12640   poti.o
        22          0          0          0          0       1327   rxf_behaviorpkg.o
      3824         34        124         16         40      43955   ssp_lpc17xx.o
        68         30        204          0       4608       1004   startup_lpc17xx.o
       752         30          0          4          0       1085   system_lpc17xx.o
         0          0          0         10          0        228   wst_cfg_highwater.o
       848         66          0         21        656       3783   wst_mem.o
         2          0          0          0          0        454   wstmonitor_sendtypes.o

    ----------------------------------------------------------------------
     13792        368       6904         84       5660     209342   Object Totals
         0          0         32          0          0          0   (incl. Generated)
         4          0          0          8          0          0   (incl. Padding)

    ----------------------------------------------------------------------

      Code (inc. data)   RO Data    RW Data    ZI Data      Debug   Library Member Name

         6          0          0          0          0        136   wst_err.o
      1356         32         36          0         32        784   wst_fsm.o
       204          0          0          0          0        296   wst_msq.o
       128          0          0          0          0        228   wst_mtx.o
        28          4          0          0          0        184   wst_rxf.o
       746         20         20          0         16        540   wst_tmm.o
       240         32          4          4       1152        268   wst_tmr.o
       376         16          4          8          0        248   wst_tsk.o
      1276        112          0         46         64        540   wstmonitor.o
       116         22          0          4          0        168   wstmonitorio_keil_cortexm3_itm.o
        24          6          0          4          0        136   wstrtos.o
       120         14          0          0          0        220   wsttarget.o
         8          0          0          0          0         68   __main.o
       104          0          0          0          0         84   __printf.o
         0          0          0          0          0          0   __rtentry.o
        12          0          0          0          0          0   __rtentry2.o
         6          0          0          0          0          0   __rtentry4.o
        52          8          0          0          0          0   __scatter.o
        26          0          0          0          0          0   __scatter_copy.o
        28          0          0          0          0          0   __scatter_zi.o
        48          6          0          0          0         96   _printf_char_common.o
       120         16          0          0          0         92   _printf_dec.o
         6          0          0          0          0          0   _printf_i.o
       178          0          0          0          0         88   _printf_intcommon.o
         0          0          0          0          0          0   _printf_percent.o
         4          0          0          0          0          0   _printf_percent_end.o
        10          0          0          0          0         68   _sputc.o
        22          0          0          0          0         80   abort.o
        46          0          0          0          0         84   aeabi_atexit.o
        66          0          0          0          0         84   cxa_finalize.o
        48         34          0          0          0         76   defsig_abrt_inner.o
        14          0          0          0          0         80   defsig_abrt_outer.o
        10          0          0          0          0         68   defsig_exit.o
        50          0          0          0          0         88   defsig_general.o
        80         58          0          0          0         76   defsig_rtmem_inner.o
        14          0          0          0          0         80   defsig_rtmem_outer.o
        18          0          0          0          0         80   exit.o
        94          0          0          0          0         80   h1_alloc.o
        52          0          0          0          0         68   h1_extend.o
        78          0          0          0          0         80   h1_free.o
        14          0          0          0          0         84   h1_init.o
         6          0          0          0          0        152   heapauxi.o
         4          0          0          0          0        136   hguard.o
         0          0          0          0          0          0   indicate_semi.o
        36         10          0          0          0         80   init_aeabi.o
       138          0          0          0          0        168   init_alloc.o
         2          0          0          0          0          0   libinit.o
        14          0          0          0          0          0   libinit2.o
         2          0          0          0          0          0   libshutdown.o
         8          0          0          0          0          0   libshutdown2.o
         8          4          0          0         96         68   libspace.o
       238          0          0          0          0        100   lludivv7m.o
         0          0          0          0          0          0   maybetermalloc1.o
        40          6          0          0          0         84   noretval__2sprintf.o
         8          4          0          0          0         68   rt_ddtor_pointer_addr_intlibspace.o
         8          4          0          0          0         68   rt_eh_globals_addr_intlibspace.o
         8          4          0          0          0         68   rt_heap_descriptor_intlibspace.o
        78          0          0          0          0         80   rt_memclr_w.o
       138          0          0          0          0         68   rt_memcpy_v6.o
       100          0          0          0          0         80   rt_memcpy_w.o
         8          4          0          0          0         68   rt_new_handler_addr_intlibspace.o
         2          0          0          0          0          0   rtexit.o
        10          0          0          0          0          0   rtexit2.o
        12          4          0          0          0         68   sys_exit.o
        74          0          0          0          0         80   sys_stackheap_outer.o
        14          0          0          0          0         76   sys_wrch.o
         2          0          0          0          0         68   use_no_semi.o
        36          0          0          0          0         84   aeabi_vec_ctor_nocookie_nodtor.o
        34          0          0          0          0         84   aeabi_vec_dtor_noexceptions.o
        80         12          0          0          0        104   arm_exceptions_globs.o
        60          0          0          0          0        108   arm_exceptions_mem.o
        26          0          0          0          0         76   arm_exceptions_terminate.o
         4          0          0          0          0         68   arm_newhandler_noexceptions.o
         8          0          0          0          0         76   array_new.o
        16          0          0          0          0         68   cxa_guard_acquire.o
         8          0          0          0          0         76   delete.o
        40          6          0          0          0         76   new.o

    ----------------------------------------------------------------------
      7124        438         64         68       1364       7752   Library Totals
        26          0          0          2          4          0   (incl. Padding)

    ----------------------------------------------------------------------

      Code (inc. data)   RO Data    RW Data    ZI Data      Debug   Library Name

      4620        258         64         66       1264       3748   RXFR.lib
      2166        162          0          0         96       3184   c_w.l
       312         18          0          0          0        820   cpprt_w.l

    ----------------------------------------------------------------------
      7124        438         64         68       1364       7752   Library Totals

    ----------------------------------------------------------------------

==============================================================================


      Code (inc. data)   RO Data    RW Data    ZI Data      Debug   

     20916        806       6968        152       7024     211682   Grand Totals
     20916        806       6968        152       7024     211682   ELF Image Totals
     20916        806       6968        152          0          0   ROM Totals

==============================================================================

    Total RO  Size (Code + RO Data)                27884 (  27.23kB)
    Total RW  Size (RW Data + ZI Data)              7176 (   7.01kB)
    Total ROM Size (Code + RO Data + RW Data)      28036 (  27.38kB)

==============================================================================

