<!doctype html public "-//w3c//dtd html 4.0 transitional//en">
<html><head>
<title>Static Call Graph - [.\Flash\Exercise_5_Display.axf]</title></head>
<body><HR>
<H1>Static Call Graph for image .\Flash\Exercise_5_Display.axf</H1><HR>
<BR><P>#&#060CALLGRAPH&#062# ARM Linker, 5060422: Last Updated: Mon Apr 03 21:45:59 2017
<BR><P>
<H3>Maximum Stack Usage =        192 bytes + Unknown(Functions without stacksize, Cycles, Untraceable Function Pointers)</H3><H3>
Call chain for Maximum Stack Depth:</H3>
__rt_entry_main &rArr; main &rArr; WST_RXF_Main(short, char**) &rArr; WST_RXF::start() &rArr; WST_TSK::execute() &rArr; WST_FSM::takeEvent(WST_EVT*) &rArr; WSTMonitor_sendEvent(unsigned char*, unsigned char, unsigned char*) &rArr; WSTMonitor_sendDataStruct(void*, unsigned short)
<P>
<H3>
Functions with no stack information
</H3><UL>
 <LI><a href="#[145]">__user_initial_stackheap</a>
</UL>
</UL>
<P>
<H3>
Mutually Recursive functions
</H3> <LI><a href="#[13]">NMI_Handler</a>&nbsp;&nbsp;&nbsp;&rArr;&nbsp;&nbsp;&nbsp;<a href="#[13]">NMI_Handler</a><BR>
 <LI><a href="#[14]">HardFault_Handler</a>&nbsp;&nbsp;&nbsp;&rArr;&nbsp;&nbsp;&nbsp;<a href="#[14]">HardFault_Handler</a><BR>
 <LI><a href="#[15]">MemManage_Handler</a>&nbsp;&nbsp;&nbsp;&rArr;&nbsp;&nbsp;&nbsp;<a href="#[15]">MemManage_Handler</a><BR>
 <LI><a href="#[16]">BusFault_Handler</a>&nbsp;&nbsp;&nbsp;&rArr;&nbsp;&nbsp;&nbsp;<a href="#[16]">BusFault_Handler</a><BR>
 <LI><a href="#[17]">UsageFault_Handler</a>&nbsp;&nbsp;&nbsp;&rArr;&nbsp;&nbsp;&nbsp;<a href="#[17]">UsageFault_Handler</a><BR>
 <LI><a href="#[18]">SVC_Handler</a>&nbsp;&nbsp;&nbsp;&rArr;&nbsp;&nbsp;&nbsp;<a href="#[18]">SVC_Handler</a><BR>
 <LI><a href="#[19]">DebugMon_Handler</a>&nbsp;&nbsp;&nbsp;&rArr;&nbsp;&nbsp;&nbsp;<a href="#[19]">DebugMon_Handler</a><BR>
 <LI><a href="#[1a]">PendSV_Handler</a>&nbsp;&nbsp;&nbsp;&rArr;&nbsp;&nbsp;&nbsp;<a href="#[1a]">PendSV_Handler</a><BR>
 <LI><a href="#[32]">ADC_IRQHandler</a>&nbsp;&nbsp;&nbsp;&rArr;&nbsp;&nbsp;&nbsp;<a href="#[32]">ADC_IRQHandler</a><BR>
</UL>
<P>
<H3>
Function Pointers
</H3><UL>
 <LI><a href="#[44]">&lang;Func3&rang;</a> from wst_tmr.o(.text) referenced from wst_tmr.o(.text)
 <LI><a href="#[32]">ADC_IRQHandler</a> from startup_lpc17xx.o(.text) referenced from startup_lpc17xx.o(RESET)
 <LI><a href="#[33]">BOD_IRQHandler</a> from startup_lpc17xx.o(.text) referenced from startup_lpc17xx.o(RESET)
 <LI><a href="#[16]">BusFault_Handler</a> from startup_lpc17xx.o(.text) referenced from startup_lpc17xx.o(RESET)
 <LI><a href="#[3e]">CANActivity_IRQHandler</a> from startup_lpc17xx.o(.text) referenced from startup_lpc17xx.o(RESET)
 <LI><a href="#[35]">CAN_IRQHandler</a> from startup_lpc17xx.o(.text) referenced from startup_lpc17xx.o(RESET)
 <LI><a href="#[36]">DMA_IRQHandler</a> from gpdma_lpc17xx.o(.text) referenced from startup_lpc17xx.o(RESET)
 <LI><a href="#[19]">DebugMon_Handler</a> from startup_lpc17xx.o(.text) referenced from startup_lpc17xx.o(RESET)
 <LI><a href="#[2e]">EINT0_IRQHandler</a> from startup_lpc17xx.o(.text) referenced from startup_lpc17xx.o(RESET)
 <LI><a href="#[2f]">EINT1_IRQHandler</a> from startup_lpc17xx.o(.text) referenced from startup_lpc17xx.o(RESET)
 <LI><a href="#[30]">EINT2_IRQHandler</a> from startup_lpc17xx.o(.text) referenced from startup_lpc17xx.o(RESET)
 <LI><a href="#[31]">EINT3_IRQHandler</a> from startup_lpc17xx.o(.text) referenced from startup_lpc17xx.o(RESET)
 <LI><a href="#[38]">ENET_IRQHandler</a> from startup_lpc17xx.o(.text) referenced from startup_lpc17xx.o(RESET)
 <LI><a href="#[14]">HardFault_Handler</a> from startup_lpc17xx.o(.text) referenced from startup_lpc17xx.o(RESET)
 <LI><a href="#[26]">I2C0_IRQHandler</a> from startup_lpc17xx.o(.text) referenced from startup_lpc17xx.o(RESET)
 <LI><a href="#[27]">I2C1_IRQHandler</a> from startup_lpc17xx.o(.text) referenced from startup_lpc17xx.o(RESET)
 <LI><a href="#[28]">I2C2_IRQHandler</a> from startup_lpc17xx.o(.text) referenced from startup_lpc17xx.o(RESET)
 <LI><a href="#[37]">I2S_IRQHandler</a> from startup_lpc17xx.o(.text) referenced from startup_lpc17xx.o(RESET)
 <LI><a href="#[3a]">MCPWM_IRQHandler</a> from startup_lpc17xx.o(.text) referenced from startup_lpc17xx.o(RESET)
 <LI><a href="#[15]">MemManage_Handler</a> from startup_lpc17xx.o(.text) referenced from startup_lpc17xx.o(RESET)
 <LI><a href="#[13]">NMI_Handler</a> from startup_lpc17xx.o(.text) referenced from startup_lpc17xx.o(RESET)
 <LI><a href="#[2c]">PLL0_IRQHandler</a> from startup_lpc17xx.o(.text) referenced from startup_lpc17xx.o(RESET)
 <LI><a href="#[3c]">PLL1_IRQHandler</a> from startup_lpc17xx.o(.text) referenced from startup_lpc17xx.o(RESET)
 <LI><a href="#[25]">PWM1_IRQHandler</a> from startup_lpc17xx.o(.text) referenced from startup_lpc17xx.o(RESET)
 <LI><a href="#[1a]">PendSV_Handler</a> from startup_lpc17xx.o(.text) referenced from startup_lpc17xx.o(RESET)
 <LI><a href="#[3b]">QEI_IRQHandler</a> from startup_lpc17xx.o(.text) referenced from startup_lpc17xx.o(RESET)
 <LI><a href="#[39]">RIT_IRQHandler</a> from startup_lpc17xx.o(.text) referenced from startup_lpc17xx.o(RESET)
 <LI><a href="#[2d]">RTC_IRQHandler</a> from startup_lpc17xx.o(.text) referenced from startup_lpc17xx.o(RESET)
 <LI><a href="#[12]">Reset_Handler</a> from startup_lpc17xx.o(.text) referenced from startup_lpc17xx.o(RESET)
 <LI><a href="#[29]">SPI_IRQHandler</a> from startup_lpc17xx.o(.text) referenced from startup_lpc17xx.o(RESET)
 <LI><a href="#[2a]">SSP0_IRQHandler</a> from startup_lpc17xx.o(.text) referenced from startup_lpc17xx.o(RESET)
 <LI><a href="#[54]">SSP1_Control</a> from ssp_lpc17xx.o(.text) referenced from ssp_lpc17xx.o(.constdata)
 <LI><a href="#[4a]">SSP1_GPDMA_Rx_SignalEvent</a> from ssp_lpc17xx.o(.text) referenced from ssp_lpc17xx.o(.constdata)
 <LI><a href="#[49]">SSP1_GPDMA_Tx_SignalEvent</a> from ssp_lpc17xx.o(.text) referenced from ssp_lpc17xx.o(.constdata)
 <LI><a href="#[53]">SSP1_GetDataCount</a> from ssp_lpc17xx.o(.text) referenced from ssp_lpc17xx.o(.constdata)
 <LI><a href="#[55]">SSP1_GetStatus</a> from ssp_lpc17xx.o(.text) referenced from ssp_lpc17xx.o(.constdata)
 <LI><a href="#[2b]">SSP1_IRQHandler</a> from ssp_lpc17xx.o(.text) referenced from startup_lpc17xx.o(RESET)
 <LI><a href="#[4d]">SSP1_Initialize</a> from ssp_lpc17xx.o(.text) referenced from ssp_lpc17xx.o(.constdata)
 <LI><a href="#[4f]">SSP1_PowerControl</a> from ssp_lpc17xx.o(.text) referenced from ssp_lpc17xx.o(.constdata)
 <LI><a href="#[51]">SSP1_Receive</a> from ssp_lpc17xx.o(.text) referenced from ssp_lpc17xx.o(.constdata)
 <LI><a href="#[50]">SSP1_Send</a> from ssp_lpc17xx.o(.text) referenced from ssp_lpc17xx.o(.constdata)
 <LI><a href="#[52]">SSP1_Transfer</a> from ssp_lpc17xx.o(.text) referenced from ssp_lpc17xx.o(.constdata)
 <LI><a href="#[4e]">SSP1_Uninitialize</a> from ssp_lpc17xx.o(.text) referenced from ssp_lpc17xx.o(.constdata)
 <LI><a href="#[4c]">SSP_GetCapabilities</a> from ssp_lpc17xx.o(.text) referenced from ssp_lpc17xx.o(.constdata)
 <LI><a href="#[4b]">SSP_GetVersion</a> from ssp_lpc17xx.o(.text) referenced from ssp_lpc17xx.o(.constdata)
 <LI><a href="#[18]">SVC_Handler</a> from startup_lpc17xx.o(.text) referenced from startup_lpc17xx.o(RESET)
 <LI><a href="#[1b]">SysTick_Handler</a> from wsttarget.o(CODE_RXF_RUNNING_FAST) referenced from startup_lpc17xx.o(RESET)
 <LI><a href="#[40]">SystemInit</a> from system_lpc17xx.o(.text) referenced from startup_lpc17xx.o(.text)
 <LI><a href="#[1d]">TIMER0_IRQHandler</a> from startup_lpc17xx.o(.text) referenced from startup_lpc17xx.o(RESET)
 <LI><a href="#[1e]">TIMER1_IRQHandler</a> from startup_lpc17xx.o(.text) referenced from startup_lpc17xx.o(RESET)
 <LI><a href="#[1f]">TIMER2_IRQHandler</a> from startup_lpc17xx.o(.text) referenced from startup_lpc17xx.o(RESET)
 <LI><a href="#[20]">TIMER3_IRQHandler</a> from startup_lpc17xx.o(.text) referenced from startup_lpc17xx.o(RESET)
 <LI><a href="#[21]">UART0_IRQHandler</a> from startup_lpc17xx.o(.text) referenced from startup_lpc17xx.o(RESET)
 <LI><a href="#[22]">UART1_IRQHandler</a> from startup_lpc17xx.o(.text) referenced from startup_lpc17xx.o(RESET)
 <LI><a href="#[23]">UART2_IRQHandler</a> from startup_lpc17xx.o(.text) referenced from startup_lpc17xx.o(RESET)
 <LI><a href="#[24]">UART3_IRQHandler</a> from startup_lpc17xx.o(.text) referenced from startup_lpc17xx.o(RESET)
 <LI><a href="#[3d]">USBActivity_IRQHandler</a> from startup_lpc17xx.o(.text) referenced from startup_lpc17xx.o(RESET)
 <LI><a href="#[34]">USB_IRQHandler</a> from startup_lpc17xx.o(.text) referenced from startup_lpc17xx.o(RESET)
 <LI><a href="#[17]">UsageFault_Handler</a> from startup_lpc17xx.o(.text) referenced from startup_lpc17xx.o(RESET)
 <LI><a href="#[1c]">WDT_IRQHandler</a> from startup_lpc17xx.o(.text) referenced from startup_lpc17xx.o(RESET)
 <LI><a href="#[48]">__default_new_handler()</a> from arm_newhandler_noexceptions.o(.text) referenced from new.o(i._Znwj)
 <LI><a href="#[57]">evSwitchLed::~evSwitchLed__deallocating()</a> from default.o(i._ZN11evSwitchLedD0Ev) referenced from default.o(.constdata__ZTV11evSwitchLed)
 <LI><a href="#[56]">evSwitchLed::~evSwitchLed()</a> from default.o(i._ZN11evSwitchLedD1Ev) referenced from default.o(.constdata__ZTV11evSwitchLed)
 <LI><a href="#[5a]">Default_OMInitializer::~Default_OMInitializer__deallocating()</a> from default.o(.text) referenced from default.o(.constdata__ZTV21Default_OMInitializer)
 <LI><a href="#[59]">Default_OMInitializer::~Default_OMInitializer()</a> from default.o(.text) referenced from default.o(.constdata__ZTV21Default_OMInitializer)
 <LI><a href="#[47]">[local to arm_exceptions_c]::__default_terminate_handler()</a> from arm_exceptions_globs.o(.text) referenced from arm_exceptions_globs.o(.text)
 <LI><a href="#[5d]">Board::cancelTimeout(const WST_TMR*)</a> from board.o(.text) referenced from board.o(.constdata__ZTV5Board)
 <LI><a href="#[61]">Board::startBehavior()</a> from board.o(.text) referenced from board.o(.constdata__ZTV5Board)
 <LI><a href="#[5c]">Board::rootState_entDef()</a> from board.o(.text) referenced from board.o(.constdata__ZTV5Board)
 <LI><a href="#[5e]">Board::rootState_processEvent()</a> from board.o(.text) referenced from board.o(.constdata__ZTV5Board)
 <LI><a href="#[62]">Board::destroy()</a> from board.o(.text) referenced from board.o(.constdata__ZTV5Board)
 <LI><a href="#[5b]">Board::~Board__deallocating()</a> from board.o(.text) referenced from board.o(.constdata__ZTV5Board)
 <LI><a href="#[3f]">Board::~Board()</a> from board.o(.text) referenced from board.o(.constdata__ZTV5Board)
 <LI><a href="#[3f]">Board::~Board()</a> from board.o(.text) referenced from default.o(.text)
 <LI><a href="#[68]">LedBar::startBehavior()</a> from ledbar.o(.text) referenced from ledbar.o(.constdata__ZTV6LedBar)
 <LI><a href="#[65]">LedBar::rootState_entDef()</a> from ledbar.o(.text) referenced from ledbar.o(.constdata__ZTV6LedBar)
 <LI><a href="#[67]">LedBar::rootState_processEvent()</a> from ledbar.o(.text) referenced from ledbar.o(.constdata__ZTV6LedBar)
 <LI><a href="#[64]">LedBar::~LedBar__deallocating()</a> from ledbar.o(.text) referenced from ledbar.o(.constdata__ZTV6LedBar)
 <LI><a href="#[63]">LedBar::~LedBar()</a> from ledbar.o(.text) referenced from ledbar.o(.constdata__ZTV6LedBar)
 <LI><a href="#[6d]">Display::startBehavior()</a> from display.o(.text) referenced from display.o(.constdata__ZTV7Display)
 <LI><a href="#[6b]">Display::rootState_entDef()</a> from display.o(.text) referenced from display.o(.constdata__ZTV7Display)
 <LI><a href="#[6c]">Display::rootState_processEvent()</a> from display.o(.text) referenced from display.o(.constdata__ZTV7Display)
 <LI><a href="#[6a]">Display::~Display__deallocating()</a> from display.o(.text) referenced from display.o(.constdata__ZTV7Display)
 <LI><a href="#[69]">Display::~Display()</a> from display.o(.text) referenced from display.o(.constdata__ZTV7Display)
 <LI><a href="#[6e]">WST_EVT::~WST_EVT__deallocating()</a> from default.o(i._ZN7WST_EVTD0Ev) referenced from default.o(.constdata__ZTV7WST_EVT)
 <LI><a href="#[66]">WST_FSM::cancelTimeout(const WST_TMR*)</a> from wst_fsm.o(.text) referenced from ledbar.o(.constdata__ZTV6LedBar)
 <LI><a href="#[66]">WST_FSM::cancelTimeout(const WST_TMR*)</a> from wst_fsm.o(.text) referenced from display.o(.constdata__ZTV7Display)
 <LI><a href="#[66]">WST_FSM::cancelTimeout(const WST_TMR*)</a> from wst_fsm.o(.text) referenced from wst_fsm.o(.constdata__ZTV7WST_FSM)
 <LI><a href="#[71]">WST_FSM::rootState_entDef()</a> from wst_fsm.o(.text) referenced from wst_fsm.o(.constdata__ZTV7WST_FSM)
 <LI><a href="#[72]">WST_FSM::rootState_processEvent()</a> from wst_fsm.o(.text) referenced from wst_fsm.o(.constdata__ZTV7WST_FSM)
 <LI><a href="#[5f]">WST_FSM::send(WST_EVT*)</a> from wst_fsm.o(.text) referenced from board.o(.constdata__ZTV5Board)
 <LI><a href="#[5f]">WST_FSM::send(WST_EVT*)</a> from wst_fsm.o(.text) referenced from ledbar.o(.constdata__ZTV6LedBar)
 <LI><a href="#[5f]">WST_FSM::send(WST_EVT*)</a> from wst_fsm.o(.text) referenced from display.o(.constdata__ZTV7Display)
 <LI><a href="#[5f]">WST_FSM::send(WST_EVT*)</a> from wst_fsm.o(.text) referenced from wst_fsm.o(.constdata__ZTV7WST_FSM)
 <LI><a href="#[60]">WST_FSM::send(WST_EVT*, const void*&)</a> from wst_fsm.o(.text) referenced from board.o(.constdata__ZTV5Board)
 <LI><a href="#[60]">WST_FSM::send(WST_EVT*, const void*&)</a> from wst_fsm.o(.text) referenced from ledbar.o(.constdata__ZTV6LedBar)
 <LI><a href="#[60]">WST_FSM::send(WST_EVT*, const void*&)</a> from wst_fsm.o(.text) referenced from display.o(.constdata__ZTV7Display)
 <LI><a href="#[60]">WST_FSM::send(WST_EVT*, const void*&)</a> from wst_fsm.o(.text) referenced from wst_fsm.o(.constdata__ZTV7WST_FSM)
 <LI><a href="#[70]">WST_FSM::~WST_FSM__deallocating()</a> from wst_fsm.o(.text) referenced from wst_fsm.o(.constdata__ZTV7WST_FSM)
 <LI><a href="#[6f]">WST_FSM::~WST_FSM()</a> from wst_fsm.o(.text) referenced from wst_fsm.o(.constdata__ZTV7WST_FSM)
 <LI><a href="#[43]">WST_TMR::WST_TMR()</a> from wst_tmr.o(i._ZN7WST_TMRC1Ev) referenced from wst_tmr.o(.text)
 <LI><a href="#[73]">WST_TMR::~WST_TMR__deallocating()</a> from wst_tmm.o(i._ZN7WST_TMRD0Ev) referenced from wst_tmm.o(.constdata__ZTV7WST_TMR)
 <LI><a href="#[42]">WST_TMR::~WST_TMR()</a> from wst_tmm.o(i._ZN7WST_TMRD1Ev) referenced from wst_tmm.o(.constdata__ZTV7WST_TMR)
 <LI><a href="#[42]">WST_TMR::~WST_TMR()</a> from wst_tmm.o(i._ZN7WST_TMRD1Ev) referenced from wst_tmr.o(.text)
 <LI><a href="#[123]">WST_TSK::~WST_TSK()</a> from wst_tsk.o(.text) referenced from wst_tsk.o(.text)
 <LI><a href="#[58]">evSwitchLed::isTypeOf(short) const</a> from default.o(.text) referenced from default.o(.constdata__ZTV11evSwitchLed)
 <LI><a href="#[78]">__main</a> from __main.o(!!!main) referenced from startup_lpc17xx.o(.text)
 <LI><a href="#[74]">__sti___11_Default_cpp_itsBoard</a> from default.o(.text) referenced from default.o(.init_array)
 <LI><a href="#[75]">__sti___11_WST_TMM_cpp_5cffd7cf</a> from wst_tmm.o(.text) referenced from wst_tmm.o(.init_array)
 <LI><a href="#[77]">__sti___11_WST_TMR_cpp_d87a1f05</a> from wst_tmr.o(.text) referenced from wst_tmr.o(.init_array)
 <LI><a href="#[76]">__sti___11_WST_TSK_cpp_b410bc26</a> from wst_tsk.o(.text) referenced from wst_tsk.o(.init_array)
 <LI><a href="#[46]">_printf_input_char</a> from _printf_char_common.o(.text) referenced from _printf_char_common.o(.text)
 <LI><a href="#[45]">_sputc</a> from _sputc.o(.text) referenced from noretval__2sprintf.o(.text)
</UL>
<P>
<H3>
Global Symbols
</H3>
<P><STRONG><a name="[78]"></a>__main</STRONG> (Thumb, 8 bytes, Stack size 0 bytes, __main.o(!!!main))
<BR><BR>[Calls]<UL><LI><a href="#[7b]">&gt;&gt;</a>&nbsp;&nbsp;&nbsp;__rt_entry
<LI><a href="#[7a]">&gt;&gt;</a>&nbsp;&nbsp;&nbsp;__scatterload
</UL>

<P><STRONG><a name="[7a]"></a>__scatterload</STRONG> (Thumb, 0 bytes, Stack size unknown bytes, __scatter.o(!!!scatter))
<BR><BR>[Called By]<UL><LI><a href="#[78]">&gt;&gt;</a>&nbsp;&nbsp;&nbsp;__main
</UL>

<P><STRONG><a name="[7c]"></a>__scatterload_rt2</STRONG> (Thumb, 44 bytes, Stack size unknown bytes, __scatter.o(!!!scatter), UNUSED)
<BR><BR>[Calls]<UL><LI><a href="#[7b]">&gt;&gt;</a>&nbsp;&nbsp;&nbsp;__rt_entry
</UL>

<P><STRONG><a name="[160]"></a>__scatterload_rt2_thumb_only</STRONG> (Thumb, 0 bytes, Stack size unknown bytes, __scatter.o(!!!scatter), UNUSED)

<P><STRONG><a name="[161]"></a>__scatterload_null</STRONG> (Thumb, 0 bytes, Stack size unknown bytes, __scatter.o(!!!scatter), UNUSED)

<P><STRONG><a name="[7d]"></a>__scatterload_copy</STRONG> (Thumb, 26 bytes, Stack size unknown bytes, __scatter_copy.o(!!handler_copy), UNUSED)
<BR><BR>[Calls]<UL><LI><a href="#[7d]">&gt;&gt;</a>&nbsp;&nbsp;&nbsp;__scatterload_copy
</UL>
<BR>[Called By]<UL><LI><a href="#[7d]">&gt;&gt;</a>&nbsp;&nbsp;&nbsp;__scatterload_copy
</UL>

<P><STRONG><a name="[162]"></a>__scatterload_zeroinit</STRONG> (Thumb, 28 bytes, Stack size unknown bytes, __scatter_zi.o(!!handler_zi), UNUSED)

<P><STRONG><a name="[7e]"></a>_printf_i</STRONG> (Thumb, 0 bytes, Stack size unknown bytes, _printf_i.o(.ARM.Collect$$_printf_percent$$00000008))
<BR><BR>[Stack]<UL><LI>Max Depth = 56 + Unknown Stack Size
<LI>Call Chain = _printf_i &rArr; _printf_int_dec &rArr; _printf_int_common
</UL>
<BR>[Calls]<UL><LI><a href="#[7f]">&gt;&gt;</a>&nbsp;&nbsp;&nbsp;_printf_int_dec
</UL>

<P><STRONG><a name="[133]"></a>_printf_percent</STRONG> (Thumb, 0 bytes, Stack size unknown bytes, _printf_percent.o(.ARM.Collect$$_printf_percent$$00000000))
<BR><BR>[Called By]<UL><LI><a href="#[132]">&gt;&gt;</a>&nbsp;&nbsp;&nbsp;__printf
</UL>

<P><STRONG><a name="[163]"></a>_printf_percent_end</STRONG> (Thumb, 0 bytes, Stack size unknown bytes, _printf_percent_end.o(.ARM.Collect$$_printf_percent$$00000017))

<P><STRONG><a name="[88]"></a>__rt_lib_init</STRONG> (Thumb, 0 bytes, Stack size unknown bytes, libinit.o(.ARM.Collect$$libinit$$00000000))
<BR><BR>[Called By]<UL><LI><a href="#[87]">&gt;&gt;</a>&nbsp;&nbsp;&nbsp;__rt_entry_li
</UL>

<P><STRONG><a name="[164]"></a>__rt_lib_init_fp_1</STRONG> (Thumb, 0 bytes, Stack size unknown bytes, libinit2.o(.ARM.Collect$$libinit$$00000002))

<P><STRONG><a name="[80]"></a>__rt_lib_init_heap_2</STRONG> (Thumb, 0 bytes, Stack size unknown bytes, libinit2.o(.ARM.Collect$$libinit$$00000005))
<BR><BR>[Stack]<UL><LI>Max Depth = 64 + Unknown Stack Size
<LI>Call Chain = __rt_lib_init_heap_2 &rArr; _init_alloc &rArr; __rt_SIGRTMEM &rArr; __rt_SIGRTMEM_inner &rArr; __default_signal_display &rArr; _ttywrch
</UL>
<BR>[Calls]<UL><LI><a href="#[81]">&gt;&gt;</a>&nbsp;&nbsp;&nbsp;_init_alloc
</UL>

<P><STRONG><a name="[165]"></a>__rt_lib_init_preinit_1</STRONG> (Thumb, 0 bytes, Stack size unknown bytes, libinit2.o(.ARM.Collect$$libinit$$00000004))

<P><STRONG><a name="[166]"></a>__rt_lib_init_alloca_1</STRONG> (Thumb, 0 bytes, Stack size unknown bytes, libinit2.o(.ARM.Collect$$libinit$$0000002E))

<P><STRONG><a name="[167]"></a>__rt_lib_init_argv_1</STRONG> (Thumb, 0 bytes, Stack size unknown bytes, libinit2.o(.ARM.Collect$$libinit$$0000002C))

<P><STRONG><a name="[168]"></a>__rt_lib_init_atexit_1</STRONG> (Thumb, 0 bytes, Stack size unknown bytes, libinit2.o(.ARM.Collect$$libinit$$0000001B))

<P><STRONG><a name="[169]"></a>__rt_lib_init_clock_1</STRONG> (Thumb, 0 bytes, Stack size unknown bytes, libinit2.o(.ARM.Collect$$libinit$$00000021))

<P><STRONG><a name="[82]"></a>__rt_lib_init_cpp_2</STRONG> (Thumb, 0 bytes, Stack size unknown bytes, libinit2.o(.ARM.Collect$$libinit$$00000031))
<BR><BR>[Stack]<UL><LI>Max Depth = 16 + Unknown Stack Size
<LI>Call Chain = __rt_lib_init_cpp_2 &rArr; __cpp_initialize__aeabi_
</UL>
<BR>[Calls]<UL><LI><a href="#[79]">&gt;&gt;</a>&nbsp;&nbsp;&nbsp;__cpp_initialize__aeabi_
</UL>

<P><STRONG><a name="[16a]"></a>__rt_lib_init_exceptions_1</STRONG> (Thumb, 0 bytes, Stack size unknown bytes, libinit2.o(.ARM.Collect$$libinit$$00000030))

<P><STRONG><a name="[16b]"></a>__rt_lib_init_fp_trap_1</STRONG> (Thumb, 0 bytes, Stack size unknown bytes, libinit2.o(.ARM.Collect$$libinit$$0000001F))

<P><STRONG><a name="[16c]"></a>__rt_lib_init_getenv_1</STRONG> (Thumb, 0 bytes, Stack size unknown bytes, libinit2.o(.ARM.Collect$$libinit$$00000023))

<P><STRONG><a name="[16d]"></a>__rt_lib_init_heap_1</STRONG> (Thumb, 0 bytes, Stack size unknown bytes, libinit2.o(.ARM.Collect$$libinit$$0000000A))

<P><STRONG><a name="[16e]"></a>__rt_lib_init_lc_collate_1</STRONG> (Thumb, 0 bytes, Stack size unknown bytes, libinit2.o(.ARM.Collect$$libinit$$00000011))

<P><STRONG><a name="[16f]"></a>__rt_lib_init_lc_ctype_1</STRONG> (Thumb, 0 bytes, Stack size unknown bytes, libinit2.o(.ARM.Collect$$libinit$$00000013))

<P><STRONG><a name="[170]"></a>__rt_lib_init_lc_monetary_1</STRONG> (Thumb, 0 bytes, Stack size unknown bytes, libinit2.o(.ARM.Collect$$libinit$$00000015))

<P><STRONG><a name="[171]"></a>__rt_lib_init_lc_numeric_1</STRONG> (Thumb, 0 bytes, Stack size unknown bytes, libinit2.o(.ARM.Collect$$libinit$$00000017))

<P><STRONG><a name="[172]"></a>__rt_lib_init_lc_time_1</STRONG> (Thumb, 0 bytes, Stack size unknown bytes, libinit2.o(.ARM.Collect$$libinit$$00000019))

<P><STRONG><a name="[173]"></a>__rt_lib_init_rand_1</STRONG> (Thumb, 0 bytes, Stack size unknown bytes, libinit2.o(.ARM.Collect$$libinit$$0000000E))

<P><STRONG><a name="[174]"></a>__rt_lib_init_signal_1</STRONG> (Thumb, 0 bytes, Stack size unknown bytes, libinit2.o(.ARM.Collect$$libinit$$0000001D))

<P><STRONG><a name="[175]"></a>__rt_lib_init_stdio_1</STRONG> (Thumb, 0 bytes, Stack size unknown bytes, libinit2.o(.ARM.Collect$$libinit$$00000025))

<P><STRONG><a name="[176]"></a>__rt_lib_init_user_alloc_1</STRONG> (Thumb, 0 bytes, Stack size unknown bytes, libinit2.o(.ARM.Collect$$libinit$$0000000C))

<P><STRONG><a name="[177]"></a>__rt_lib_init_cpp_1</STRONG> (Thumb, 0 bytes, Stack size unknown bytes, libinit2.o(.ARM.Collect$$libinit$$00000032))

<P><STRONG><a name="[178]"></a>__rt_lib_init_return</STRONG> (Thumb, 0 bytes, Stack size unknown bytes, libinit2.o(.ARM.Collect$$libinit$$00000033))

<P><STRONG><a name="[8d]"></a>__rt_lib_shutdown</STRONG> (Thumb, 0 bytes, Stack size unknown bytes, libshutdown.o(.ARM.Collect$$libshutdown$$00000000))
<BR><BR>[Called By]<UL><LI><a href="#[8c]">&gt;&gt;</a>&nbsp;&nbsp;&nbsp;__rt_exit_ls
<LI><a href="#[141]">&gt;&gt;</a>&nbsp;&nbsp;&nbsp;abort
</UL>

<P><STRONG><a name="[83]"></a>__rt_lib_shutdown_cpp_2</STRONG> (Thumb, 0 bytes, Stack size unknown bytes, libshutdown2.o(.ARM.Collect$$libshutdown$$00000001))
<BR><BR>[Stack]<UL><LI>Max Depth = 40 + Unknown Stack Size
<LI>Call Chain = __rt_lib_shutdown_cpp_2 &rArr; __cxa_finalize &rArr; free
</UL>
<BR>[Calls]<UL><LI><a href="#[84]">&gt;&gt;</a>&nbsp;&nbsp;&nbsp;__cxa_finalize
</UL>

<P><STRONG><a name="[179]"></a>__rt_lib_shutdown_cpp_1</STRONG> (Thumb, 0 bytes, Stack size unknown bytes, libshutdown2.o(.ARM.Collect$$libshutdown$$00000002))

<P><STRONG><a name="[17a]"></a>__rt_lib_shutdown_fp_trap_1</STRONG> (Thumb, 0 bytes, Stack size unknown bytes, libshutdown2.o(.ARM.Collect$$libshutdown$$00000007))

<P><STRONG><a name="[17b]"></a>__rt_lib_shutdown_heap_1</STRONG> (Thumb, 0 bytes, Stack size unknown bytes, libshutdown2.o(.ARM.Collect$$libshutdown$$0000000F))

<P><STRONG><a name="[17c]"></a>__rt_lib_shutdown_return</STRONG> (Thumb, 0 bytes, Stack size unknown bytes, libshutdown2.o(.ARM.Collect$$libshutdown$$00000010))

<P><STRONG><a name="[17d]"></a>__rt_lib_shutdown_signal_1</STRONG> (Thumb, 0 bytes, Stack size unknown bytes, libshutdown2.o(.ARM.Collect$$libshutdown$$0000000A))

<P><STRONG><a name="[17e]"></a>__rt_lib_shutdown_stdio_1</STRONG> (Thumb, 0 bytes, Stack size unknown bytes, libshutdown2.o(.ARM.Collect$$libshutdown$$00000004))

<P><STRONG><a name="[17f]"></a>__rt_lib_shutdown_user_alloc_1</STRONG> (Thumb, 0 bytes, Stack size unknown bytes, libshutdown2.o(.ARM.Collect$$libshutdown$$0000000C))

<P><STRONG><a name="[7b]"></a>__rt_entry</STRONG> (Thumb, 0 bytes, Stack size unknown bytes, __rtentry.o(.ARM.Collect$$rtentry$$00000000))
<BR><BR>[Called By]<UL><LI><a href="#[78]">&gt;&gt;</a>&nbsp;&nbsp;&nbsp;__main
<LI><a href="#[7c]">&gt;&gt;</a>&nbsp;&nbsp;&nbsp;__scatterload_rt2
</UL>

<P><STRONG><a name="[180]"></a>__rt_entry_presh_1</STRONG> (Thumb, 0 bytes, Stack size unknown bytes, __rtentry2.o(.ARM.Collect$$rtentry$$00000002))

<P><STRONG><a name="[85]"></a>__rt_entry_sh</STRONG> (Thumb, 0 bytes, Stack size unknown bytes, __rtentry4.o(.ARM.Collect$$rtentry$$00000004))
<BR><BR>[Stack]<UL><LI>Max Depth = 8 + Unknown Stack Size
<LI>Call Chain = __rt_entry_sh &rArr; __user_setup_stackheap
</UL>
<BR>[Calls]<UL><LI><a href="#[86]">&gt;&gt;</a>&nbsp;&nbsp;&nbsp;__user_setup_stackheap
</UL>

<P><STRONG><a name="[87]"></a>__rt_entry_li</STRONG> (Thumb, 0 bytes, Stack size unknown bytes, __rtentry2.o(.ARM.Collect$$rtentry$$0000000A))
<BR><BR>[Calls]<UL><LI><a href="#[88]">&gt;&gt;</a>&nbsp;&nbsp;&nbsp;__rt_lib_init
</UL>

<P><STRONG><a name="[181]"></a>__rt_entry_postsh_1</STRONG> (Thumb, 0 bytes, Stack size unknown bytes, __rtentry2.o(.ARM.Collect$$rtentry$$00000009))

<P><STRONG><a name="[89]"></a>__rt_entry_main</STRONG> (Thumb, 0 bytes, Stack size unknown bytes, __rtentry2.o(.ARM.Collect$$rtentry$$0000000D))
<BR><BR>[Stack]<UL><LI>Max Depth = 192 + Unknown Stack Size
<LI>Call Chain = __rt_entry_main &rArr; main &rArr; WST_RXF_Main(short, char**) &rArr; WST_RXF::start() &rArr; WST_TSK::execute() &rArr; WST_FSM::takeEvent(WST_EVT*) &rArr; WSTMonitor_sendEvent(unsigned char*, unsigned char, unsigned char*) &rArr; WSTMonitor_sendDataStruct(void*, unsigned short)
</UL>
<BR>[Calls]<UL><LI><a href="#[8a]">&gt;&gt;</a>&nbsp;&nbsp;&nbsp;main
<LI><a href="#[8b]">&gt;&gt;</a>&nbsp;&nbsp;&nbsp;exit
</UL>

<P><STRONG><a name="[182]"></a>__rt_entry_postli_1</STRONG> (Thumb, 0 bytes, Stack size unknown bytes, __rtentry2.o(.ARM.Collect$$rtentry$$0000000C))

<P><STRONG><a name="[146]"></a>__rt_exit</STRONG> (Thumb, 0 bytes, Stack size unknown bytes, rtexit.o(.ARM.Collect$$rtexit$$00000000))
<BR><BR>[Called By]<UL><LI><a href="#[8b]">&gt;&gt;</a>&nbsp;&nbsp;&nbsp;exit
</UL>

<P><STRONG><a name="[8c]"></a>__rt_exit_ls</STRONG> (Thumb, 0 bytes, Stack size unknown bytes, rtexit2.o(.ARM.Collect$$rtexit$$00000003))
<BR><BR>[Calls]<UL><LI><a href="#[8d]">&gt;&gt;</a>&nbsp;&nbsp;&nbsp;__rt_lib_shutdown
</UL>

<P><STRONG><a name="[183]"></a>__rt_exit_prels_1</STRONG> (Thumb, 0 bytes, Stack size unknown bytes, rtexit2.o(.ARM.Collect$$rtexit$$00000002))

<P><STRONG><a name="[8e]"></a>__rt_exit_exit</STRONG> (Thumb, 0 bytes, Stack size unknown bytes, rtexit2.o(.ARM.Collect$$rtexit$$00000004))
<BR><BR>[Calls]<UL><LI><a href="#[8f]">&gt;&gt;</a>&nbsp;&nbsp;&nbsp;_sys_exit
</UL>

<P><STRONG><a name="[90]"></a>Default_initRelations()</STRONG> (Thumb, 12 bytes, Stack size 8 bytes, default.o(.text))
<BR><BR>[Stack]<UL><LI>Max Depth = 8<LI>Call Chain = Default_initRelations()
</UL>
<BR>[Calls]<UL><LI><a href="#[91]">&gt;&gt;</a>&nbsp;&nbsp;&nbsp;WST_FSM::setShouldDelete(bool)
</UL>
<BR>[Called By]<UL><LI><a href="#[97]">&gt;&gt;</a>&nbsp;&nbsp;&nbsp;MCB1700::MCB1700()
<LI><a href="#[93]">&gt;&gt;</a>&nbsp;&nbsp;&nbsp;Default_OMInitializer::Default_OMInitializer()
</UL>

<P><STRONG><a name="[184]"></a>_maybe_terminate_alloc</STRONG> (Thumb, 0 bytes, Stack size 8 bytes, maybetermalloc1.o(.emb_text), UNUSED)

<P><STRONG><a name="[92]"></a>Default_startBehavior()</STRONG> (Thumb, 16 bytes, Stack size 8 bytes, default.o(.text))
<BR><BR>[Stack]<UL><LI>Max Depth = 144<LI>Call Chain = Default_startBehavior() &rArr; Board::startBehavior() &rArr; Display::startBehavior() &rArr; WST_FSM::startBehavior() &rArr; WST_MEM::getMemory(unsigned) &rArr; operator new[] (unsigned) &rArr; operator new(unsigned) &rArr; malloc &rArr; __Heap_Full &rArr; __Heap_ProvideMemory &rArr; free
</UL>
<BR>[Calls]<UL><LI><a href="#[61]">&gt;&gt;</a>&nbsp;&nbsp;&nbsp;Board::startBehavior()
</UL>
<BR>[Called By]<UL><LI><a href="#[97]">&gt;&gt;</a>&nbsp;&nbsp;&nbsp;MCB1700::MCB1700()
<LI><a href="#[93]">&gt;&gt;</a>&nbsp;&nbsp;&nbsp;Default_OMInitializer::Default_OMInitializer()
</UL>

<P><STRONG><a name="[93]"></a>Default_OMInitializer::Default_OMInitializer()</STRONG> (Thumb, 20 bytes, Stack size 8 bytes, default.o(.text), UNUSED)
<BR><BR>[Calls]<UL><LI><a href="#[92]">&gt;&gt;</a>&nbsp;&nbsp;&nbsp;Default_startBehavior()
<LI><a href="#[90]">&gt;&gt;</a>&nbsp;&nbsp;&nbsp;Default_initRelations()
</UL>

<P><STRONG><a name="[185]"></a>Default_OMInitializer::Default_OMInitializer__sub_object()</STRONG> (Thumb, 0 bytes, Stack size 8 bytes, default.o(.text), UNUSED)

<P><STRONG><a name="[59]"></a>Default_OMInitializer::~Default_OMInitializer()</STRONG> (Thumb, 2 bytes, Stack size 0 bytes, default.o(.text))
<BR><BR>[Called By]<UL><LI><a href="#[5a]">&gt;&gt;</a>&nbsp;&nbsp;&nbsp;Default_OMInitializer::~Default_OMInitializer__deallocating()
</UL>
<BR>[Address Reference Count : 1]<UL><LI> default.o(.constdata__ZTV21Default_OMInitializer)
</UL>
<P><STRONG><a name="[186]"></a>Default_OMInitializer::~Default_OMInitializer__sub_object()</STRONG> (Thumb, 0 bytes, Stack size 0 bytes, default.o(.text), UNUSED)

<P><STRONG><a name="[5a]"></a>Default_OMInitializer::~Default_OMInitializer__deallocating()</STRONG> (Thumb, 18 bytes, Stack size 16 bytes, default.o(.text))
<BR><BR>[Stack]<UL><LI>Max Depth = 40<LI>Call Chain = Default_OMInitializer::~Default_OMInitializer__deallocating() &rArr; operator delete (void*) &rArr; free
</UL>
<BR>[Calls]<UL><LI><a href="#[59]">&gt;&gt;</a>&nbsp;&nbsp;&nbsp;Default_OMInitializer::~Default_OMInitializer()
<LI><a href="#[94]">&gt;&gt;</a>&nbsp;&nbsp;&nbsp;operator delete (void*)
</UL>
<BR>[Address Reference Count : 1]<UL><LI> default.o(.constdata__ZTV21Default_OMInitializer)
</UL>
<P><STRONG><a name="[b1]"></a>evSwitchLed::evSwitchLed(int)</STRONG> (Thumb, 26 bytes, Stack size 0 bytes, default.o(.text))
<BR><BR>[Called By]<UL><LI><a href="#[5e]">&gt;&gt;</a>&nbsp;&nbsp;&nbsp;Board::rootState_processEvent()
</UL>

<P><STRONG><a name="[187]"></a>evSwitchLed::evSwitchLed__sub_object(int)</STRONG> (Thumb, 0 bytes, Stack size 0 bytes, default.o(.text), UNUSED)

<P><STRONG><a name="[58]"></a>evSwitchLed::isTypeOf(short) const</STRONG> (Thumb, 18 bytes, Stack size 0 bytes, default.o(.text))
<BR>[Address Reference Count : 1]<UL><LI> default.o(.constdata__ZTV11evSwitchLed)
</UL>
<P><STRONG><a name="[97]"></a>MCB1700::MCB1700()</STRONG> (Thumb, 16 bytes, Stack size 8 bytes, mainmcb1700.o(.text))
<BR><BR>[Stack]<UL><LI>Max Depth = 152<LI>Call Chain = MCB1700::MCB1700() &rArr; Default_startBehavior() &rArr; Board::startBehavior() &rArr; Display::startBehavior() &rArr; WST_FSM::startBehavior() &rArr; WST_MEM::getMemory(unsigned) &rArr; operator new[] (unsigned) &rArr; operator new(unsigned) &rArr; malloc &rArr; __Heap_Full &rArr; __Heap_ProvideMemory &rArr; free
</UL>
<BR>[Calls]<UL><LI><a href="#[92]">&gt;&gt;</a>&nbsp;&nbsp;&nbsp;Default_startBehavior()
<LI><a href="#[90]">&gt;&gt;</a>&nbsp;&nbsp;&nbsp;Default_initRelations()
</UL>
<BR>[Called By]<UL><LI><a href="#[98]">&gt;&gt;</a>&nbsp;&nbsp;&nbsp;WST_RXF_Main(short, char**)
</UL>

<P><STRONG><a name="[188]"></a>MCB1700::MCB1700__sub_object()</STRONG> (Thumb, 0 bytes, Stack size 8 bytes, mainmcb1700.o(.text), UNUSED)

<P><STRONG><a name="[98]"></a>WST_RXF_Main(short, char**)</STRONG> (Thumb, 34 bytes, Stack size 24 bytes, mainmcb1700.o(.text))
<BR><BR>[Stack]<UL><LI>Max Depth = 184<LI>Call Chain = WST_RXF_Main(short, char**) &rArr; WST_RXF::start() &rArr; WST_TSK::execute() &rArr; WST_FSM::takeEvent(WST_EVT*) &rArr; WSTMonitor_sendEvent(unsigned char*, unsigned char, unsigned char*) &rArr; WSTMonitor_sendDataStruct(void*, unsigned short)
</UL>
<BR>[Calls]<UL><LI><a href="#[9a]">&gt;&gt;</a>&nbsp;&nbsp;&nbsp;WST_RXF::start()
<LI><a href="#[99]">&gt;&gt;</a>&nbsp;&nbsp;&nbsp;WST_RXF::initialize()
<LI><a href="#[97]">&gt;&gt;</a>&nbsp;&nbsp;&nbsp;MCB1700::MCB1700()
</UL>
<BR>[Called By]<UL><LI><a href="#[8a]">&gt;&gt;</a>&nbsp;&nbsp;&nbsp;main
</UL>

<P><STRONG><a name="[153]"></a>WSTMonitor_sendTypeSize()</STRONG> (Thumb, 2 bytes, Stack size 0 bytes, wstmonitor_sendtypes.o(.text))
<BR><BR>[Called By]<UL><LI><a href="#[9c]">&gt;&gt;</a>&nbsp;&nbsp;&nbsp;WSTMonitor_init()
</UL>

<P><STRONG><a name="[8a]"></a>main</STRONG> (Thumb, 22 bytes, Stack size 8 bytes, rxf_behaviorpkg.o(.text))
<BR><BR>[Stack]<UL><LI>Max Depth = 192<LI>Call Chain = main &rArr; WST_RXF_Main(short, char**) &rArr; WST_RXF::start() &rArr; WST_TSK::execute() &rArr; WST_FSM::takeEvent(WST_EVT*) &rArr; WSTMonitor_sendEvent(unsigned char*, unsigned char, unsigned char*) &rArr; WSTMonitor_sendDataStruct(void*, unsigned short)
</UL>
<BR>[Calls]<UL><LI><a href="#[9b]">&gt;&gt;</a>&nbsp;&nbsp;&nbsp;WSTTarget_Init
<LI><a href="#[99]">&gt;&gt;</a>&nbsp;&nbsp;&nbsp;WST_RXF::initialize()
<LI><a href="#[98]">&gt;&gt;</a>&nbsp;&nbsp;&nbsp;WST_RXF_Main(short, char**)
</UL>
<BR>[Called By]<UL><LI><a href="#[89]">&gt;&gt;</a>&nbsp;&nbsp;&nbsp;__rt_entry_main
</UL>

<P><STRONG><a name="[12]"></a>Reset_Handler</STRONG> (Thumb, 8 bytes, Stack size 0 bytes, startup_lpc17xx.o(.text))
<BR>[Address Reference Count : 1]<UL><LI> startup_lpc17xx.o(RESET)
</UL>
<P><STRONG><a name="[13]"></a>NMI_Handler</STRONG> (Thumb, 2 bytes, Stack size 0 bytes, startup_lpc17xx.o(.text))
<BR><BR>[Calls]<UL><LI><a href="#[13]">&gt;&gt;</a>&nbsp;&nbsp;&nbsp;NMI_Handler
</UL>
<BR>[Called By]<UL><LI><a href="#[13]">&gt;&gt;</a>&nbsp;&nbsp;&nbsp;NMI_Handler
</UL>
<BR>[Address Reference Count : 1]<UL><LI> startup_lpc17xx.o(RESET)
</UL>
<P><STRONG><a name="[14]"></a>HardFault_Handler</STRONG> (Thumb, 2 bytes, Stack size 0 bytes, startup_lpc17xx.o(.text))
<BR><BR>[Calls]<UL><LI><a href="#[14]">&gt;&gt;</a>&nbsp;&nbsp;&nbsp;HardFault_Handler
</UL>
<BR>[Called By]<UL><LI><a href="#[14]">&gt;&gt;</a>&nbsp;&nbsp;&nbsp;HardFault_Handler
</UL>
<BR>[Address Reference Count : 1]<UL><LI> startup_lpc17xx.o(RESET)
</UL>
<P><STRONG><a name="[15]"></a>MemManage_Handler</STRONG> (Thumb, 2 bytes, Stack size 0 bytes, startup_lpc17xx.o(.text))
<BR><BR>[Calls]<UL><LI><a href="#[15]">&gt;&gt;</a>&nbsp;&nbsp;&nbsp;MemManage_Handler
</UL>
<BR>[Called By]<UL><LI><a href="#[15]">&gt;&gt;</a>&nbsp;&nbsp;&nbsp;MemManage_Handler
</UL>
<BR>[Address Reference Count : 1]<UL><LI> startup_lpc17xx.o(RESET)
</UL>
<P><STRONG><a name="[16]"></a>BusFault_Handler</STRONG> (Thumb, 2 bytes, Stack size 0 bytes, startup_lpc17xx.o(.text))
<BR><BR>[Calls]<UL><LI><a href="#[16]">&gt;&gt;</a>&nbsp;&nbsp;&nbsp;BusFault_Handler
</UL>
<BR>[Called By]<UL><LI><a href="#[16]">&gt;&gt;</a>&nbsp;&nbsp;&nbsp;BusFault_Handler
</UL>
<BR>[Address Reference Count : 1]<UL><LI> startup_lpc17xx.o(RESET)
</UL>
<P><STRONG><a name="[17]"></a>UsageFault_Handler</STRONG> (Thumb, 2 bytes, Stack size 0 bytes, startup_lpc17xx.o(.text))
<BR><BR>[Calls]<UL><LI><a href="#[17]">&gt;&gt;</a>&nbsp;&nbsp;&nbsp;UsageFault_Handler
</UL>
<BR>[Called By]<UL><LI><a href="#[17]">&gt;&gt;</a>&nbsp;&nbsp;&nbsp;UsageFault_Handler
</UL>
<BR>[Address Reference Count : 1]<UL><LI> startup_lpc17xx.o(RESET)
</UL>
<P><STRONG><a name="[18]"></a>SVC_Handler</STRONG> (Thumb, 2 bytes, Stack size 0 bytes, startup_lpc17xx.o(.text))
<BR><BR>[Calls]<UL><LI><a href="#[18]">&gt;&gt;</a>&nbsp;&nbsp;&nbsp;SVC_Handler
</UL>
<BR>[Called By]<UL><LI><a href="#[18]">&gt;&gt;</a>&nbsp;&nbsp;&nbsp;SVC_Handler
</UL>
<BR>[Address Reference Count : 1]<UL><LI> startup_lpc17xx.o(RESET)
</UL>
<P><STRONG><a name="[19]"></a>DebugMon_Handler</STRONG> (Thumb, 2 bytes, Stack size 0 bytes, startup_lpc17xx.o(.text))
<BR><BR>[Calls]<UL><LI><a href="#[19]">&gt;&gt;</a>&nbsp;&nbsp;&nbsp;DebugMon_Handler
</UL>
<BR>[Called By]<UL><LI><a href="#[19]">&gt;&gt;</a>&nbsp;&nbsp;&nbsp;DebugMon_Handler
</UL>
<BR>[Address Reference Count : 1]<UL><LI> startup_lpc17xx.o(RESET)
</UL>
<P><STRONG><a name="[1a]"></a>PendSV_Handler</STRONG> (Thumb, 2 bytes, Stack size 0 bytes, startup_lpc17xx.o(.text))
<BR><BR>[Calls]<UL><LI><a href="#[1a]">&gt;&gt;</a>&nbsp;&nbsp;&nbsp;PendSV_Handler
</UL>
<BR>[Called By]<UL><LI><a href="#[1a]">&gt;&gt;</a>&nbsp;&nbsp;&nbsp;PendSV_Handler
</UL>
<BR>[Address Reference Count : 1]<UL><LI> startup_lpc17xx.o(RESET)
</UL>
<P><STRONG><a name="[32]"></a>ADC_IRQHandler</STRONG> (Thumb, 0 bytes, Stack size 0 bytes, startup_lpc17xx.o(.text))
<BR><BR>[Calls]<UL><LI><a href="#[32]">&gt;&gt;</a>&nbsp;&nbsp;&nbsp;ADC_IRQHandler
</UL>
<BR>[Called By]<UL><LI><a href="#[32]">&gt;&gt;</a>&nbsp;&nbsp;&nbsp;ADC_IRQHandler
</UL>
<BR>[Address Reference Count : 1]<UL><LI> startup_lpc17xx.o(RESET)
</UL>
<P><STRONG><a name="[33]"></a>BOD_IRQHandler</STRONG> (Thumb, 0 bytes, Stack size 0 bytes, startup_lpc17xx.o(.text))
<BR>[Address Reference Count : 1]<UL><LI> startup_lpc17xx.o(RESET)
</UL>
<P><STRONG><a name="[3e]"></a>CANActivity_IRQHandler</STRONG> (Thumb, 0 bytes, Stack size 0 bytes, startup_lpc17xx.o(.text))
<BR>[Address Reference Count : 1]<UL><LI> startup_lpc17xx.o(RESET)
</UL>
<P><STRONG><a name="[35]"></a>CAN_IRQHandler</STRONG> (Thumb, 0 bytes, Stack size 0 bytes, startup_lpc17xx.o(.text))
<BR>[Address Reference Count : 1]<UL><LI> startup_lpc17xx.o(RESET)
</UL>
<P><STRONG><a name="[2e]"></a>EINT0_IRQHandler</STRONG> (Thumb, 0 bytes, Stack size 0 bytes, startup_lpc17xx.o(.text))
<BR>[Address Reference Count : 1]<UL><LI> startup_lpc17xx.o(RESET)
</UL>
<P><STRONG><a name="[2f]"></a>EINT1_IRQHandler</STRONG> (Thumb, 0 bytes, Stack size 0 bytes, startup_lpc17xx.o(.text))
<BR>[Address Reference Count : 1]<UL><LI> startup_lpc17xx.o(RESET)
</UL>
<P><STRONG><a name="[30]"></a>EINT2_IRQHandler</STRONG> (Thumb, 0 bytes, Stack size 0 bytes, startup_lpc17xx.o(.text))
<BR>[Address Reference Count : 1]<UL><LI> startup_lpc17xx.o(RESET)
</UL>
<P><STRONG><a name="[31]"></a>EINT3_IRQHandler</STRONG> (Thumb, 0 bytes, Stack size 0 bytes, startup_lpc17xx.o(.text))
<BR>[Address Reference Count : 1]<UL><LI> startup_lpc17xx.o(RESET)
</UL>
<P><STRONG><a name="[38]"></a>ENET_IRQHandler</STRONG> (Thumb, 0 bytes, Stack size 0 bytes, startup_lpc17xx.o(.text))
<BR>[Address Reference Count : 1]<UL><LI> startup_lpc17xx.o(RESET)
</UL>
<P><STRONG><a name="[26]"></a>I2C0_IRQHandler</STRONG> (Thumb, 0 bytes, Stack size 0 bytes, startup_lpc17xx.o(.text))
<BR>[Address Reference Count : 1]<UL><LI> startup_lpc17xx.o(RESET)
</UL>
<P><STRONG><a name="[27]"></a>I2C1_IRQHandler</STRONG> (Thumb, 0 bytes, Stack size 0 bytes, startup_lpc17xx.o(.text))
<BR>[Address Reference Count : 1]<UL><LI> startup_lpc17xx.o(RESET)
</UL>
<P><STRONG><a name="[28]"></a>I2C2_IRQHandler</STRONG> (Thumb, 0 bytes, Stack size 0 bytes, startup_lpc17xx.o(.text))
<BR>[Address Reference Count : 1]<UL><LI> startup_lpc17xx.o(RESET)
</UL>
<P><STRONG><a name="[37]"></a>I2S_IRQHandler</STRONG> (Thumb, 0 bytes, Stack size 0 bytes, startup_lpc17xx.o(.text))
<BR>[Address Reference Count : 1]<UL><LI> startup_lpc17xx.o(RESET)
</UL>
<P><STRONG><a name="[3a]"></a>MCPWM_IRQHandler</STRONG> (Thumb, 0 bytes, Stack size 0 bytes, startup_lpc17xx.o(.text))
<BR>[Address Reference Count : 1]<UL><LI> startup_lpc17xx.o(RESET)
</UL>
<P><STRONG><a name="[2c]"></a>PLL0_IRQHandler</STRONG> (Thumb, 0 bytes, Stack size 0 bytes, startup_lpc17xx.o(.text))
<BR>[Address Reference Count : 1]<UL><LI> startup_lpc17xx.o(RESET)
</UL>
<P><STRONG><a name="[3c]"></a>PLL1_IRQHandler</STRONG> (Thumb, 0 bytes, Stack size 0 bytes, startup_lpc17xx.o(.text))
<BR>[Address Reference Count : 1]<UL><LI> startup_lpc17xx.o(RESET)
</UL>
<P><STRONG><a name="[25]"></a>PWM1_IRQHandler</STRONG> (Thumb, 0 bytes, Stack size 0 bytes, startup_lpc17xx.o(.text))
<BR>[Address Reference Count : 1]<UL><LI> startup_lpc17xx.o(RESET)
</UL>
<P><STRONG><a name="[3b]"></a>QEI_IRQHandler</STRONG> (Thumb, 0 bytes, Stack size 0 bytes, startup_lpc17xx.o(.text))
<BR>[Address Reference Count : 1]<UL><LI> startup_lpc17xx.o(RESET)
</UL>
<P><STRONG><a name="[39]"></a>RIT_IRQHandler</STRONG> (Thumb, 0 bytes, Stack size 0 bytes, startup_lpc17xx.o(.text))
<BR>[Address Reference Count : 1]<UL><LI> startup_lpc17xx.o(RESET)
</UL>
<P><STRONG><a name="[2d]"></a>RTC_IRQHandler</STRONG> (Thumb, 0 bytes, Stack size 0 bytes, startup_lpc17xx.o(.text))
<BR>[Address Reference Count : 1]<UL><LI> startup_lpc17xx.o(RESET)
</UL>
<P><STRONG><a name="[29]"></a>SPI_IRQHandler</STRONG> (Thumb, 0 bytes, Stack size 0 bytes, startup_lpc17xx.o(.text))
<BR>[Address Reference Count : 1]<UL><LI> startup_lpc17xx.o(RESET)
</UL>
<P><STRONG><a name="[2a]"></a>SSP0_IRQHandler</STRONG> (Thumb, 0 bytes, Stack size 0 bytes, startup_lpc17xx.o(.text))
<BR>[Address Reference Count : 1]<UL><LI> startup_lpc17xx.o(RESET)
</UL>
<P><STRONG><a name="[1d]"></a>TIMER0_IRQHandler</STRONG> (Thumb, 0 bytes, Stack size 0 bytes, startup_lpc17xx.o(.text))
<BR>[Address Reference Count : 1]<UL><LI> startup_lpc17xx.o(RESET)
</UL>
<P><STRONG><a name="[1e]"></a>TIMER1_IRQHandler</STRONG> (Thumb, 0 bytes, Stack size 0 bytes, startup_lpc17xx.o(.text))
<BR>[Address Reference Count : 1]<UL><LI> startup_lpc17xx.o(RESET)
</UL>
<P><STRONG><a name="[1f]"></a>TIMER2_IRQHandler</STRONG> (Thumb, 0 bytes, Stack size 0 bytes, startup_lpc17xx.o(.text))
<BR>[Address Reference Count : 1]<UL><LI> startup_lpc17xx.o(RESET)
</UL>
<P><STRONG><a name="[20]"></a>TIMER3_IRQHandler</STRONG> (Thumb, 0 bytes, Stack size 0 bytes, startup_lpc17xx.o(.text))
<BR>[Address Reference Count : 1]<UL><LI> startup_lpc17xx.o(RESET)
</UL>
<P><STRONG><a name="[21]"></a>UART0_IRQHandler</STRONG> (Thumb, 0 bytes, Stack size 0 bytes, startup_lpc17xx.o(.text))
<BR>[Address Reference Count : 1]<UL><LI> startup_lpc17xx.o(RESET)
</UL>
<P><STRONG><a name="[22]"></a>UART1_IRQHandler</STRONG> (Thumb, 0 bytes, Stack size 0 bytes, startup_lpc17xx.o(.text))
<BR>[Address Reference Count : 1]<UL><LI> startup_lpc17xx.o(RESET)
</UL>
<P><STRONG><a name="[23]"></a>UART2_IRQHandler</STRONG> (Thumb, 0 bytes, Stack size 0 bytes, startup_lpc17xx.o(.text))
<BR>[Address Reference Count : 1]<UL><LI> startup_lpc17xx.o(RESET)
</UL>
<P><STRONG><a name="[24]"></a>UART3_IRQHandler</STRONG> (Thumb, 0 bytes, Stack size 0 bytes, startup_lpc17xx.o(.text))
<BR>[Address Reference Count : 1]<UL><LI> startup_lpc17xx.o(RESET)
</UL>
<P><STRONG><a name="[3d]"></a>USBActivity_IRQHandler</STRONG> (Thumb, 0 bytes, Stack size 0 bytes, startup_lpc17xx.o(.text))
<BR>[Address Reference Count : 1]<UL><LI> startup_lpc17xx.o(RESET)
</UL>
<P><STRONG><a name="[34]"></a>USB_IRQHandler</STRONG> (Thumb, 0 bytes, Stack size 0 bytes, startup_lpc17xx.o(.text))
<BR>[Address Reference Count : 1]<UL><LI> startup_lpc17xx.o(RESET)
</UL>
<P><STRONG><a name="[1c]"></a>WDT_IRQHandler</STRONG> (Thumb, 0 bytes, Stack size 0 bytes, startup_lpc17xx.o(.text))
<BR>[Address Reference Count : 1]<UL><LI> startup_lpc17xx.o(RESET)
</UL>
<P><STRONG><a name="[145]"></a>__user_initial_stackheap</STRONG> (Thumb, 0 bytes, Stack size unknown bytes, startup_lpc17xx.o(.text))
<BR><BR>[Called By]<UL><LI><a href="#[86]">&gt;&gt;</a>&nbsp;&nbsp;&nbsp;__user_setup_stackheap
</UL>

<P><STRONG><a name="[189]"></a>WST_RXF::WST_RXF()</STRONG> (Thumb, 2 bytes, Stack size 0 bytes, wst_rxf.o(.text), UNUSED)

<P><STRONG><a name="[18a]"></a>WST_RXF::WST_RXF__sub_object()</STRONG> (Thumb, 0 bytes, Stack size 0 bytes, wst_rxf.o(.text), UNUSED)

<P><STRONG><a name="[18b]"></a>WST_RXF::~WST_RXF()</STRONG> (Thumb, 2 bytes, Stack size 0 bytes, wst_rxf.o(.text), UNUSED)

<P><STRONG><a name="[18c]"></a>WST_RXF::~WST_RXF__sub_object()</STRONG> (Thumb, 0 bytes, Stack size 0 bytes, wst_rxf.o(.text), UNUSED)

<P><STRONG><a name="[99]"></a>WST_RXF::initialize()</STRONG> (Thumb, 10 bytes, Stack size 8 bytes, wst_rxf.o(.text))
<BR><BR>[Stack]<UL><LI>Max Depth = 48<LI>Call Chain = WST_RXF::initialize() &rArr; WSTMonitor_init() &rArr; WSTMonitor_sendVersion() &rArr; WSTMonitor_sendDataStruct(void*, unsigned short)
</UL>
<BR>[Calls]<UL><LI><a href="#[9c]">&gt;&gt;</a>&nbsp;&nbsp;&nbsp;WSTMonitor_init()
</UL>
<BR>[Called By]<UL><LI><a href="#[8a]">&gt;&gt;</a>&nbsp;&nbsp;&nbsp;main
<LI><a href="#[98]">&gt;&gt;</a>&nbsp;&nbsp;&nbsp;WST_RXF_Main(short, char**)
</UL>

<P><STRONG><a name="[9a]"></a>WST_RXF::start()</STRONG> (Thumb, 10 bytes, Stack size 8 bytes, wst_rxf.o(.text))
<BR><BR>[Stack]<UL><LI>Max Depth = 160<LI>Call Chain = WST_RXF::start() &rArr; WST_TSK::execute() &rArr; WST_FSM::takeEvent(WST_EVT*) &rArr; WSTMonitor_sendEvent(unsigned char*, unsigned char, unsigned char*) &rArr; WSTMonitor_sendDataStruct(void*, unsigned short)
</UL>
<BR>[Calls]<UL><LI><a href="#[9d]">&gt;&gt;</a>&nbsp;&nbsp;&nbsp;WST_TSK::execute()
</UL>
<BR>[Called By]<UL><LI><a href="#[98]">&gt;&gt;</a>&nbsp;&nbsp;&nbsp;WST_RXF_Main(short, char**)
</UL>

<P><STRONG><a name="[18d]"></a>WST_ERR::~WST_ERR()</STRONG> (Thumb, 2 bytes, Stack size 0 bytes, wst_err.o(.text), UNUSED)

<P><STRONG><a name="[18e]"></a>WST_ERR::~WST_ERR__sub_object()</STRONG> (Thumb, 0 bytes, Stack size 0 bytes, wst_err.o(.text), UNUSED)

<P><STRONG><a name="[10d]"></a>WST_ERR::error(const WST_ERR::ErrorCode&, const unsigned&)</STRONG> (Thumb, 4 bytes, Stack size 0 bytes, wst_err.o(.text))
<BR><BR>[Called By]<UL><LI><a href="#[c5]">&gt;&gt;</a>&nbsp;&nbsp;&nbsp;WST_FSM::popNullTransition()
<LI><a href="#[128]">&gt;&gt;</a>&nbsp;&nbsp;&nbsp;WST_TSK::executeOnce()
<LI><a href="#[11c]">&gt;&gt;</a>&nbsp;&nbsp;&nbsp;WST_TMR::operator new(unsigned)
<LI><a href="#[9d]">&gt;&gt;</a>&nbsp;&nbsp;&nbsp;WST_TSK::execute()
<LI><a href="#[10b]">&gt;&gt;</a>&nbsp;&nbsp;&nbsp;WST_FSM::takeEvent(WST_EVT*)
</UL>

<P><STRONG><a name="[18f]"></a>__use_two_region_memory</STRONG> (Thumb, 2 bytes, Stack size 0 bytes, heapauxi.o(.text), UNUSED)

<P><STRONG><a name="[a]"></a>__rt_heap_escrow</STRONG> (Thumb, 2 bytes, Stack size 0 bytes, heapauxi.o(.text), UNUSED)

<P><STRONG><a name="[9]"></a>__rt_heap_expand</STRONG> (Thumb, 2 bytes, Stack size 0 bytes, heapauxi.o(.text), UNUSED)

<P><STRONG><a name="[15f]"></a>__rt_new_handler_addr</STRONG> (Thumb, 8 bytes, Stack size 0 bytes, rt_new_handler_addr_intlibspace.o(.text))
<BR><BR>[Called By]<UL><LI><a href="#[11f]">&gt;&gt;</a>&nbsp;&nbsp;&nbsp;operator new(unsigned)
</UL>

<P><STRONG><a name="[136]"></a>__rt_ddtor_pointer_addr</STRONG> (Thumb, 8 bytes, Stack size 0 bytes, rt_ddtor_pointer_addr_intlibspace.o(.text))
<BR><BR>[Called By]<UL><LI><a href="#[96]">&gt;&gt;</a>&nbsp;&nbsp;&nbsp;__aeabi_atexit
<LI><a href="#[84]">&gt;&gt;</a>&nbsp;&nbsp;&nbsp;__cxa_finalize
</UL>

<P><STRONG><a name="[45]"></a>_sputc</STRONG> (Thumb, 10 bytes, Stack size 0 bytes, _sputc.o(.text))
<BR><BR>[Called By]<UL><LI><a href="#[ba]">&gt;&gt;</a>&nbsp;&nbsp;&nbsp;__2sprintf
</UL>
<BR>[Address Reference Count : 1]<UL><LI> noretval__2sprintf.o(.text)
</UL>
<P><STRONG><a name="[48]"></a>__default_new_handler()</STRONG> (Thumb, 4 bytes, Stack size 0 bytes, arm_newhandler_noexceptions.o(.text))
<BR><BR>[Stack]<UL><LI>Max Depth = 80 + Unknown Stack Size
<LI>Call Chain = __default_new_handler() &rArr; std::terminate() &rArr; __cxa_get_globals &rArr; __ARM_exceptions_buffer_init &rArr; malloc &rArr; __Heap_Full &rArr; __Heap_ProvideMemory &rArr; free
</UL>
<BR>[Calls]<UL><LI><a href="#[9e]">&gt;&gt;</a>&nbsp;&nbsp;&nbsp;std::terminate()
</UL>
<BR>[Address Reference Count : 1]<UL><LI> new.o(i._Znwj)
</UL>
<P><STRONG><a name="[190]"></a>__I$use$semihosting</STRONG> (Thumb, 0 bytes, Stack size 0 bytes, use_no_semi.o(.text), UNUSED)

<P><STRONG><a name="[191]"></a>__use_no_semihosting_swi</STRONG> (Thumb, 2 bytes, Stack size 0 bytes, use_no_semi.o(.text), UNUSED)

<P><STRONG><a name="[a7]"></a>Board::initStatechart()</STRONG> (Thumb, 10 bytes, Stack size 0 bytes, board.o(.text))
<BR><BR>[Called By]<UL><LI><a href="#[a8]">&gt;&gt;</a>&nbsp;&nbsp;&nbsp;Board::Board(WST_TSK*)
<LI><a href="#[95]">&gt;&gt;</a>&nbsp;&nbsp;&nbsp;Board::Board(int, int, WST_TSK*)
</UL>

<P><STRONG><a name="[9f]"></a>Board::initRelations()</STRONG> (Thumb, 26 bytes, Stack size 8 bytes, board.o(.text))
<BR><BR>[Stack]<UL><LI>Max Depth = 12<LI>Call Chain = Board::initRelations() &rArr; Display::_setItsBoard(Board*)
</UL>
<BR>[Calls]<UL><LI><a href="#[a0]">&gt;&gt;</a>&nbsp;&nbsp;&nbsp;Display::_setItsBoard(Board*)
<LI><a href="#[a1]">&gt;&gt;</a>&nbsp;&nbsp;&nbsp;LedBar::_setItsBoard(Board*)
</UL>
<BR>[Called By]<UL><LI><a href="#[a8]">&gt;&gt;</a>&nbsp;&nbsp;&nbsp;Board::Board(WST_TSK*)
<LI><a href="#[95]">&gt;&gt;</a>&nbsp;&nbsp;&nbsp;Board::Board(int, int, WST_TSK*)
</UL>

<P><STRONG><a name="[a2]"></a>Board::setTask(WST_TSK*, bool)</STRONG> (Thumb, 44 bytes, Stack size 16 bytes, board.o(.text))
<BR><BR>[Stack]<UL><LI>Max Depth = 16<LI>Call Chain = Board::setTask(WST_TSK*, bool)
</UL>
<BR>[Calls]<UL><LI><a href="#[a3]">&gt;&gt;</a>&nbsp;&nbsp;&nbsp;WST_FSM::setTask(WST_TSK*, bool)
</UL>
<BR>[Called By]<UL><LI><a href="#[a8]">&gt;&gt;</a>&nbsp;&nbsp;&nbsp;Board::Board(WST_TSK*)
<LI><a href="#[95]">&gt;&gt;</a>&nbsp;&nbsp;&nbsp;Board::Board(int, int, WST_TSK*)
</UL>

<P><STRONG><a name="[95]"></a>Board::Board(int, int, WST_TSK*)</STRONG> (Thumb, 104 bytes, Stack size 24 bytes, board.o(.text))
<BR><BR>[Stack]<UL><LI>Max Depth = 112<LI>Call Chain = Board::Board(int, int, WST_TSK*) &rArr; Display::Display(WST_TSK*) &rArr; GLCD_ClearScreen &rArr; GLCD_WindowMax &rArr; GLCD_SetWindow &rArr; wr_reg
</UL>
<BR>[Calls]<UL><LI><a href="#[a4]">&gt;&gt;</a>&nbsp;&nbsp;&nbsp;WST_FSM::WST_FSM()
<LI><a href="#[91]">&gt;&gt;</a>&nbsp;&nbsp;&nbsp;WST_FSM::setShouldDelete(bool)
<LI><a href="#[a5]">&gt;&gt;</a>&nbsp;&nbsp;&nbsp;Display::Display(WST_TSK*)
<LI><a href="#[a6]">&gt;&gt;</a>&nbsp;&nbsp;&nbsp;LedBar::LedBar(WST_TSK*)
<LI><a href="#[a2]">&gt;&gt;</a>&nbsp;&nbsp;&nbsp;Board::setTask(WST_TSK*, bool)
<LI><a href="#[9f]">&gt;&gt;</a>&nbsp;&nbsp;&nbsp;Board::initRelations()
<LI><a href="#[a7]">&gt;&gt;</a>&nbsp;&nbsp;&nbsp;Board::initStatechart()
</UL>
<BR>[Called By]<UL><LI><a href="#[74]">&gt;&gt;</a>&nbsp;&nbsp;&nbsp;__sti___11_Default_cpp_itsBoard
</UL>

<P><STRONG><a name="[192]"></a>Board::Board__sub_object(int, int, WST_TSK*)</STRONG> (Thumb, 0 bytes, Stack size 24 bytes, board.o(.text), UNUSED)

<P><STRONG><a name="[a8]"></a>Board::Board(WST_TSK*)</STRONG> (Thumb, 92 bytes, Stack size 16 bytes, board.o(.text), UNUSED)
<BR><BR>[Calls]<UL><LI><a href="#[a4]">&gt;&gt;</a>&nbsp;&nbsp;&nbsp;WST_FSM::WST_FSM()
<LI><a href="#[91]">&gt;&gt;</a>&nbsp;&nbsp;&nbsp;WST_FSM::setShouldDelete(bool)
<LI><a href="#[a5]">&gt;&gt;</a>&nbsp;&nbsp;&nbsp;Display::Display(WST_TSK*)
<LI><a href="#[a6]">&gt;&gt;</a>&nbsp;&nbsp;&nbsp;LedBar::LedBar(WST_TSK*)
<LI><a href="#[a2]">&gt;&gt;</a>&nbsp;&nbsp;&nbsp;Board::setTask(WST_TSK*, bool)
<LI><a href="#[9f]">&gt;&gt;</a>&nbsp;&nbsp;&nbsp;Board::initRelations()
<LI><a href="#[a7]">&gt;&gt;</a>&nbsp;&nbsp;&nbsp;Board::initStatechart()
</UL>

<P><STRONG><a name="[193]"></a>Board::Board__sub_object(WST_TSK*)</STRONG> (Thumb, 0 bytes, Stack size 16 bytes, board.o(.text), UNUSED)

<P><STRONG><a name="[a9]"></a>Board::cancelTimeouts()</STRONG> (Thumb, 14 bytes, Stack size 8 bytes, board.o(.text))
<BR><BR>[Stack]<UL><LI>Max Depth = 56<LI>Call Chain = Board::cancelTimeouts() &rArr; WST_FSM::cancel(WST_TMR*) &rArr; WST_TMM::stop(WST_TMR*) &rArr; WST_MTX::WST_MTX_enterCriticalRegion()
</UL>
<BR>[Calls]<UL><LI><a href="#[aa]">&gt;&gt;</a>&nbsp;&nbsp;&nbsp;WST_FSM::cancel(WST_TMR*)
</UL>
<BR>[Called By]<UL><LI><a href="#[3f]">&gt;&gt;</a>&nbsp;&nbsp;&nbsp;Board::~Board()
</UL>

<P><STRONG><a name="[3f]"></a>Board::~Board()</STRONG> (Thumb, 50 bytes, Stack size 8 bytes, board.o(.text))
<BR><BR>[Stack]<UL><LI>Max Depth = 144<LI>Call Chain = Board::~Board() &rArr; Display::~Display() &rArr; WST_FSM::~WST_FSM() &rArr; WST_FSM::cancelEventsAndTimeouts() &rArr; WST_TMM::cancelEvents(WST_FSM*) &rArr; WST_MSQ::cancelEvents(WST_FSM*, short) &rArr; WST_MEM::returnMemory(void*) &rArr; operator delete (void*) &rArr; free
</UL>
<BR>[Calls]<UL><LI><a href="#[6f]">&gt;&gt;</a>&nbsp;&nbsp;&nbsp;WST_FSM::~WST_FSM()
<LI><a href="#[69]">&gt;&gt;</a>&nbsp;&nbsp;&nbsp;Display::~Display()
<LI><a href="#[63]">&gt;&gt;</a>&nbsp;&nbsp;&nbsp;LedBar::~LedBar()
<LI><a href="#[a9]">&gt;&gt;</a>&nbsp;&nbsp;&nbsp;Board::cancelTimeouts()
</UL>
<BR>[Called By]<UL><LI><a href="#[5b]">&gt;&gt;</a>&nbsp;&nbsp;&nbsp;Board::~Board__deallocating()
</UL>
<BR>[Address Reference Count : 2]<UL><LI> default.o(.text)
<LI> board.o(.constdata__ZTV5Board)
</UL>
<P><STRONG><a name="[194]"></a>Board::~Board__sub_object()</STRONG> (Thumb, 0 bytes, Stack size 8 bytes, board.o(.text), UNUSED)

<P><STRONG><a name="[5b]"></a>Board::~Board__deallocating()</STRONG> (Thumb, 22 bytes, Stack size 16 bytes, board.o(.text))
<BR><BR>[Stack]<UL><LI>Max Depth = 160<LI>Call Chain = Board::~Board__deallocating() &rArr; Board::~Board() &rArr; Display::~Display() &rArr; WST_FSM::~WST_FSM() &rArr; WST_FSM::cancelEventsAndTimeouts() &rArr; WST_TMM::cancelEvents(WST_FSM*) &rArr; WST_MSQ::cancelEvents(WST_FSM*, short) &rArr; WST_MEM::returnMemory(void*) &rArr; operator delete (void*) &rArr; free
</UL>
<BR>[Calls]<UL><LI><a href="#[ab]">&gt;&gt;</a>&nbsp;&nbsp;&nbsp;WST_MEM::returnMemory(void*)
<LI><a href="#[3f]">&gt;&gt;</a>&nbsp;&nbsp;&nbsp;Board::~Board()
</UL>
<BR>[Address Reference Count : 1]<UL><LI> board.o(.constdata__ZTV5Board)
</UL>
<P><STRONG><a name="[195]"></a>Board::getDelay() const</STRONG> (Thumb, 6 bytes, Stack size 0 bytes, board.o(.text), UNUSED)

<P><STRONG><a name="[196]"></a>Board::setDelay(int)</STRONG> (Thumb, 4 bytes, Stack size 0 bytes, board.o(.text), UNUSED)

<P><STRONG><a name="[197]"></a>Board::getLedNr() const</STRONG> (Thumb, 6 bytes, Stack size 0 bytes, board.o(.text), UNUSED)

<P><STRONG><a name="[198]"></a>Board::setLedNr(int)</STRONG> (Thumb, 4 bytes, Stack size 0 bytes, board.o(.text), UNUSED)

<P><STRONG><a name="[199]"></a>Board::getItsDisplay() const</STRONG> (Thumb, 8 bytes, Stack size 0 bytes, board.o(.text), UNUSED)

<P><STRONG><a name="[19a]"></a>Board::getItsLedBar() const</STRONG> (Thumb, 8 bytes, Stack size 0 bytes, board.o(.text), UNUSED)

<P><STRONG><a name="[61]"></a>Board::startBehavior()</STRONG> (Thumb, 38 bytes, Stack size 16 bytes, board.o(.text))
<BR><BR>[Stack]<UL><LI>Max Depth = 136<LI>Call Chain = Board::startBehavior() &rArr; Display::startBehavior() &rArr; WST_FSM::startBehavior() &rArr; WST_MEM::getMemory(unsigned) &rArr; operator new[] (unsigned) &rArr; operator new(unsigned) &rArr; malloc &rArr; __Heap_Full &rArr; __Heap_ProvideMemory &rArr; free
</UL>
<BR>[Calls]<UL><LI><a href="#[ac]">&gt;&gt;</a>&nbsp;&nbsp;&nbsp;WST_FSM::startBehavior()
<LI><a href="#[6d]">&gt;&gt;</a>&nbsp;&nbsp;&nbsp;Display::startBehavior()
<LI><a href="#[68]">&gt;&gt;</a>&nbsp;&nbsp;&nbsp;LedBar::startBehavior()
</UL>
<BR>[Called By]<UL><LI><a href="#[92]">&gt;&gt;</a>&nbsp;&nbsp;&nbsp;Default_startBehavior()
</UL>
<BR>[Address Reference Count : 1]<UL><LI> board.o(.constdata__ZTV5Board)
</UL>
<P><STRONG><a name="[5d]"></a>Board::cancelTimeout(const WST_TMR*)</STRONG> (Thumb, 18 bytes, Stack size 0 bytes, board.o(.text))
<BR>[Address Reference Count : 1]<UL><LI> board.o(.constdata__ZTV5Board)
</UL>
<P><STRONG><a name="[62]"></a>Board::destroy()</STRONG> (Thumb, 28 bytes, Stack size 8 bytes, board.o(.text))
<BR><BR>[Stack]<UL><LI>Max Depth = 8<LI>Call Chain = Board::destroy()
</UL>
<BR>[Calls]<UL><LI><a href="#[ad]">&gt;&gt;</a>&nbsp;&nbsp;&nbsp;WST_FSM::destroy()
</UL>
<BR>[Address Reference Count : 1]<UL><LI> board.o(.constdata__ZTV5Board)
</UL>
<P><STRONG><a name="[5c]"></a>Board::rootState_entDef()</STRONG> (Thumb, 34 bytes, Stack size 8 bytes, board.o(.text))
<BR><BR>[Stack]<UL><LI>Max Depth = 160 + Unknown Stack Size
<LI>Call Chain = Board::rootState_entDef() &rArr; Display::drawString(int) &rArr; __2sprintf &rArr; _printf_char_common &rArr; __printf
</UL>
<BR>[Calls]<UL><LI><a href="#[af]">&gt;&gt;</a>&nbsp;&nbsp;&nbsp;WST_FSM::scheduleTimeout(unsigned, char*)
<LI><a href="#[ae]">&gt;&gt;</a>&nbsp;&nbsp;&nbsp;Display::drawString(int)
</UL>
<BR>[Address Reference Count : 1]<UL><LI> board.o(.constdata__ZTV5Board)
</UL>
<P><STRONG><a name="[5e]"></a>Board::rootState_processEvent()</STRONG> (Thumb, 254 bytes, Stack size 24 bytes, board.o(.text))
<BR><BR>[Stack]<UL><LI>Max Depth = 176 + Unknown Stack Size
<LI>Call Chain = Board::rootState_processEvent() &rArr; Display::drawString(int) &rArr; __2sprintf &rArr; _printf_char_common &rArr; __printf
</UL>
<BR>[Calls]<UL><LI><a href="#[b0]">&gt;&gt;</a>&nbsp;&nbsp;&nbsp;WST_MEM::getMemory(unsigned)
<LI><a href="#[aa]">&gt;&gt;</a>&nbsp;&nbsp;&nbsp;WST_FSM::cancel(WST_TMR*)
<LI><a href="#[b2]">&gt;&gt;</a>&nbsp;&nbsp;&nbsp;WST_FSM::gen(WST_EVT*, bool)
<LI><a href="#[af]">&gt;&gt;</a>&nbsp;&nbsp;&nbsp;WST_FSM::scheduleTimeout(unsigned, char*)
<LI><a href="#[ae]">&gt;&gt;</a>&nbsp;&nbsp;&nbsp;Display::drawString(int)
<LI><a href="#[b1]">&gt;&gt;</a>&nbsp;&nbsp;&nbsp;evSwitchLed::evSwitchLed(int)
</UL>
<BR>[Address Reference Count : 1]<UL><LI> board.o(.constdata__ZTV5Board)
</UL>
<P><STRONG><a name="[b3]"></a>Display::initStatechart()</STRONG> (Thumb, 8 bytes, Stack size 0 bytes, display.o(.text))
<BR><BR>[Called By]<UL><LI><a href="#[a5]">&gt;&gt;</a>&nbsp;&nbsp;&nbsp;Display::Display(WST_TSK*)
</UL>

<P><STRONG><a name="[a5]"></a>Display::Display(WST_TSK*)</STRONG> (Thumb, 70 bytes, Stack size 16 bytes, display.o(.text))
<BR><BR>[Stack]<UL><LI>Max Depth = 88<LI>Call Chain = Display::Display(WST_TSK*) &rArr; GLCD_ClearScreen &rArr; GLCD_WindowMax &rArr; GLCD_SetWindow &rArr; wr_reg
</UL>
<BR>[Calls]<UL><LI><a href="#[b6]">&gt;&gt;</a>&nbsp;&nbsp;&nbsp;GLCD_SetForegroundColor
<LI><a href="#[b7]">&gt;&gt;</a>&nbsp;&nbsp;&nbsp;GLCD_SetFont
<LI><a href="#[b5]">&gt;&gt;</a>&nbsp;&nbsp;&nbsp;GLCD_SetBackgroundColor
<LI><a href="#[b4]">&gt;&gt;</a>&nbsp;&nbsp;&nbsp;GLCD_Initialize
<LI><a href="#[b8]">&gt;&gt;</a>&nbsp;&nbsp;&nbsp;GLCD_ClearScreen
<LI><a href="#[b3]">&gt;&gt;</a>&nbsp;&nbsp;&nbsp;Display::initStatechart()
<LI><a href="#[a4]">&gt;&gt;</a>&nbsp;&nbsp;&nbsp;WST_FSM::WST_FSM()
<LI><a href="#[a3]">&gt;&gt;</a>&nbsp;&nbsp;&nbsp;WST_FSM::setTask(WST_TSK*, bool)
</UL>
<BR>[Called By]<UL><LI><a href="#[a8]">&gt;&gt;</a>&nbsp;&nbsp;&nbsp;Board::Board(WST_TSK*)
<LI><a href="#[95]">&gt;&gt;</a>&nbsp;&nbsp;&nbsp;Board::Board(int, int, WST_TSK*)
</UL>

<P><STRONG><a name="[19b]"></a>Display::Display__sub_object(WST_TSK*)</STRONG> (Thumb, 0 bytes, Stack size 16 bytes, display.o(.text), UNUSED)

<P><STRONG><a name="[b9]"></a>Display::cleanUpRelations()</STRONG> (Thumb, 10 bytes, Stack size 0 bytes, display.o(.text))
<BR><BR>[Called By]<UL><LI><a href="#[69]">&gt;&gt;</a>&nbsp;&nbsp;&nbsp;Display::~Display()
</UL>

<P><STRONG><a name="[69]"></a>Display::~Display()</STRONG> (Thumb, 26 bytes, Stack size 8 bytes, display.o(.text))
<BR><BR>[Stack]<UL><LI>Max Depth = 136<LI>Call Chain = Display::~Display() &rArr; WST_FSM::~WST_FSM() &rArr; WST_FSM::cancelEventsAndTimeouts() &rArr; WST_TMM::cancelEvents(WST_FSM*) &rArr; WST_MSQ::cancelEvents(WST_FSM*, short) &rArr; WST_MEM::returnMemory(void*) &rArr; operator delete (void*) &rArr; free
</UL>
<BR>[Calls]<UL><LI><a href="#[b9]">&gt;&gt;</a>&nbsp;&nbsp;&nbsp;Display::cleanUpRelations()
<LI><a href="#[6f]">&gt;&gt;</a>&nbsp;&nbsp;&nbsp;WST_FSM::~WST_FSM()
</UL>
<BR>[Called By]<UL><LI><a href="#[6a]">&gt;&gt;</a>&nbsp;&nbsp;&nbsp;Display::~Display__deallocating()
<LI><a href="#[3f]">&gt;&gt;</a>&nbsp;&nbsp;&nbsp;Board::~Board()
</UL>
<BR>[Address Reference Count : 1]<UL><LI> display.o(.constdata__ZTV7Display)
</UL>
<P><STRONG><a name="[19c]"></a>Display::~Display__sub_object()</STRONG> (Thumb, 0 bytes, Stack size 8 bytes, display.o(.text), UNUSED)

<P><STRONG><a name="[6a]"></a>Display::~Display__deallocating()</STRONG> (Thumb, 22 bytes, Stack size 16 bytes, display.o(.text))
<BR><BR>[Stack]<UL><LI>Max Depth = 152<LI>Call Chain = Display::~Display__deallocating() &rArr; Display::~Display() &rArr; WST_FSM::~WST_FSM() &rArr; WST_FSM::cancelEventsAndTimeouts() &rArr; WST_TMM::cancelEvents(WST_FSM*) &rArr; WST_MSQ::cancelEvents(WST_FSM*, short) &rArr; WST_MEM::returnMemory(void*) &rArr; operator delete (void*) &rArr; free
</UL>
<BR>[Calls]<UL><LI><a href="#[ab]">&gt;&gt;</a>&nbsp;&nbsp;&nbsp;WST_MEM::returnMemory(void*)
<LI><a href="#[69]">&gt;&gt;</a>&nbsp;&nbsp;&nbsp;Display::~Display()
</UL>
<BR>[Address Reference Count : 1]<UL><LI> display.o(.constdata__ZTV7Display)
</UL>
<P><STRONG><a name="[ae]"></a>Display::drawString(int)</STRONG> (Thumb, 32 bytes, Stack size 32 bytes, display.o(.text))
<BR><BR>[Stack]<UL><LI>Max Depth = 152 + Unknown Stack Size
<LI>Call Chain = Display::drawString(int) &rArr; __2sprintf &rArr; _printf_char_common &rArr; __printf
</UL>
<BR>[Calls]<UL><LI><a href="#[bb]">&gt;&gt;</a>&nbsp;&nbsp;&nbsp;GLCD_DrawString
<LI><a href="#[ba]">&gt;&gt;</a>&nbsp;&nbsp;&nbsp;__2sprintf
</UL>
<BR>[Called By]<UL><LI><a href="#[6c]">&gt;&gt;</a>&nbsp;&nbsp;&nbsp;Display::rootState_processEvent()
<LI><a href="#[5e]">&gt;&gt;</a>&nbsp;&nbsp;&nbsp;Board::rootState_processEvent()
<LI><a href="#[5c]">&gt;&gt;</a>&nbsp;&nbsp;&nbsp;Board::rootState_entDef()
</UL>

<P><STRONG><a name="[19d]"></a>Display::getItsBoard() const</STRONG> (Thumb, 6 bytes, Stack size 0 bytes, display.o(.text), UNUSED)

<P><STRONG><a name="[bc]"></a>Display::__setItsBoard(Board*)</STRONG> (Thumb, 4 bytes, Stack size 0 bytes, display.o(.text))
<BR><BR>[Called By]<UL><LI><a href="#[a0]">&gt;&gt;</a>&nbsp;&nbsp;&nbsp;Display::_setItsBoard(Board*)
</UL>

<P><STRONG><a name="[a0]"></a>Display::_setItsBoard(Board*)</STRONG> (Thumb, 16 bytes, Stack size 4 bytes, display.o(.text))
<BR><BR>[Stack]<UL><LI>Max Depth = 4<LI>Call Chain = Display::_setItsBoard(Board*)
</UL>
<BR>[Calls]<UL><LI><a href="#[bc]">&gt;&gt;</a>&nbsp;&nbsp;&nbsp;Display::__setItsBoard(Board*)
</UL>
<BR>[Called By]<UL><LI><a href="#[bd]">&gt;&gt;</a>&nbsp;&nbsp;&nbsp;Display::setItsBoard(Board*)
<LI><a href="#[9f]">&gt;&gt;</a>&nbsp;&nbsp;&nbsp;Board::initRelations()
</UL>

<P><STRONG><a name="[bd]"></a>Display::setItsBoard(Board*)</STRONG> (Thumb, 16 bytes, Stack size 12 bytes, display.o(.text), UNUSED)
<BR><BR>[Calls]<UL><LI><a href="#[a0]">&gt;&gt;</a>&nbsp;&nbsp;&nbsp;Display::_setItsBoard(Board*)
</UL>

<P><STRONG><a name="[6d]"></a>Display::startBehavior()</STRONG> (Thumb, 18 bytes, Stack size 16 bytes, display.o(.text))
<BR><BR>[Stack]<UL><LI>Max Depth = 120<LI>Call Chain = Display::startBehavior() &rArr; WST_FSM::startBehavior() &rArr; WST_MEM::getMemory(unsigned) &rArr; operator new[] (unsigned) &rArr; operator new(unsigned) &rArr; malloc &rArr; __Heap_Full &rArr; __Heap_ProvideMemory &rArr; free
</UL>
<BR>[Calls]<UL><LI><a href="#[ac]">&gt;&gt;</a>&nbsp;&nbsp;&nbsp;WST_FSM::startBehavior()
</UL>
<BR>[Called By]<UL><LI><a href="#[61]">&gt;&gt;</a>&nbsp;&nbsp;&nbsp;Board::startBehavior()
</UL>
<BR>[Address Reference Count : 1]<UL><LI> display.o(.constdata__ZTV7Display)
</UL>
<P><STRONG><a name="[19e]"></a>Display::_clearItsBoard()</STRONG> (Thumb, 6 bytes, Stack size 0 bytes, display.o(.text), UNUSED)

<P><STRONG><a name="[6b]"></a>Display::rootState_entDef()</STRONG> (Thumb, 8 bytes, Stack size 0 bytes, display.o(.text))
<BR>[Address Reference Count : 1]<UL><LI> display.o(.constdata__ZTV7Display)
</UL>
<P><STRONG><a name="[6c]"></a>Display::rootState_processEvent()</STRONG> (Thumb, 74 bytes, Stack size 16 bytes, display.o(.text))
<BR><BR>[Stack]<UL><LI>Max Depth = 168 + Unknown Stack Size
<LI>Call Chain = Display::rootState_processEvent() &rArr; Display::drawString(int) &rArr; __2sprintf &rArr; _printf_char_common &rArr; __printf
</UL>
<BR>[Calls]<UL><LI><a href="#[ae]">&gt;&gt;</a>&nbsp;&nbsp;&nbsp;Display::drawString(int)
</UL>
<BR>[Address Reference Count : 1]<UL><LI> display.o(.constdata__ZTV7Display)
</UL>
<P><STRONG><a name="[bf]"></a>LedBar::initStatechart()</STRONG> (Thumb, 8 bytes, Stack size 0 bytes, ledbar.o(.text))
<BR><BR>[Called By]<UL><LI><a href="#[be]">&gt;&gt;</a>&nbsp;&nbsp;&nbsp;LedBar::LedBar(int, int, WST_TSK*)
<LI><a href="#[a6]">&gt;&gt;</a>&nbsp;&nbsp;&nbsp;LedBar::LedBar(WST_TSK*)
</UL>

<P><STRONG><a name="[be]"></a>LedBar::LedBar(int, int, WST_TSK*)</STRONG> (Thumb, 76 bytes, Stack size 24 bytes, ledbar.o(.text), UNUSED)
<BR><BR>[Calls]<UL><LI><a href="#[bf]">&gt;&gt;</a>&nbsp;&nbsp;&nbsp;LedBar::initStatechart()
<LI><a href="#[a4]">&gt;&gt;</a>&nbsp;&nbsp;&nbsp;WST_FSM::WST_FSM()
<LI><a href="#[a3]">&gt;&gt;</a>&nbsp;&nbsp;&nbsp;WST_FSM::setTask(WST_TSK*, bool)
</UL>

<P><STRONG><a name="[19f]"></a>LedBar::LedBar__sub_object(int, int, WST_TSK*)</STRONG> (Thumb, 0 bytes, Stack size 24 bytes, ledbar.o(.text), UNUSED)

<P><STRONG><a name="[a6]"></a>LedBar::LedBar(WST_TSK*)</STRONG> (Thumb, 64 bytes, Stack size 16 bytes, ledbar.o(.text))
<BR><BR>[Stack]<UL><LI>Max Depth = 16<LI>Call Chain = LedBar::LedBar(WST_TSK*)
</UL>
<BR>[Calls]<UL><LI><a href="#[bf]">&gt;&gt;</a>&nbsp;&nbsp;&nbsp;LedBar::initStatechart()
<LI><a href="#[a4]">&gt;&gt;</a>&nbsp;&nbsp;&nbsp;WST_FSM::WST_FSM()
<LI><a href="#[a3]">&gt;&gt;</a>&nbsp;&nbsp;&nbsp;WST_FSM::setTask(WST_TSK*, bool)
</UL>
<BR>[Called By]<UL><LI><a href="#[a8]">&gt;&gt;</a>&nbsp;&nbsp;&nbsp;Board::Board(WST_TSK*)
<LI><a href="#[95]">&gt;&gt;</a>&nbsp;&nbsp;&nbsp;Board::Board(int, int, WST_TSK*)
</UL>

<P><STRONG><a name="[1a0]"></a>LedBar::LedBar__sub_object(WST_TSK*)</STRONG> (Thumb, 0 bytes, Stack size 16 bytes, ledbar.o(.text), UNUSED)

<P><STRONG><a name="[c0]"></a>LedBar::cleanUpRelations()</STRONG> (Thumb, 10 bytes, Stack size 0 bytes, ledbar.o(.text))
<BR><BR>[Called By]<UL><LI><a href="#[63]">&gt;&gt;</a>&nbsp;&nbsp;&nbsp;LedBar::~LedBar()
</UL>

<P><STRONG><a name="[63]"></a>LedBar::~LedBar()</STRONG> (Thumb, 26 bytes, Stack size 8 bytes, ledbar.o(.text))
<BR><BR>[Stack]<UL><LI>Max Depth = 136<LI>Call Chain = LedBar::~LedBar() &rArr; WST_FSM::~WST_FSM() &rArr; WST_FSM::cancelEventsAndTimeouts() &rArr; WST_TMM::cancelEvents(WST_FSM*) &rArr; WST_MSQ::cancelEvents(WST_FSM*, short) &rArr; WST_MEM::returnMemory(void*) &rArr; operator delete (void*) &rArr; free
</UL>
<BR>[Calls]<UL><LI><a href="#[c0]">&gt;&gt;</a>&nbsp;&nbsp;&nbsp;LedBar::cleanUpRelations()
<LI><a href="#[6f]">&gt;&gt;</a>&nbsp;&nbsp;&nbsp;WST_FSM::~WST_FSM()
</UL>
<BR>[Called By]<UL><LI><a href="#[64]">&gt;&gt;</a>&nbsp;&nbsp;&nbsp;LedBar::~LedBar__deallocating()
<LI><a href="#[3f]">&gt;&gt;</a>&nbsp;&nbsp;&nbsp;Board::~Board()
</UL>
<BR>[Address Reference Count : 1]<UL><LI> ledbar.o(.constdata__ZTV6LedBar)
</UL>
<P><STRONG><a name="[1a1]"></a>LedBar::~LedBar__sub_object()</STRONG> (Thumb, 0 bytes, Stack size 8 bytes, ledbar.o(.text), UNUSED)

<P><STRONG><a name="[64]"></a>LedBar::~LedBar__deallocating()</STRONG> (Thumb, 22 bytes, Stack size 16 bytes, ledbar.o(.text))
<BR><BR>[Stack]<UL><LI>Max Depth = 152<LI>Call Chain = LedBar::~LedBar__deallocating() &rArr; LedBar::~LedBar() &rArr; WST_FSM::~WST_FSM() &rArr; WST_FSM::cancelEventsAndTimeouts() &rArr; WST_TMM::cancelEvents(WST_FSM*) &rArr; WST_MSQ::cancelEvents(WST_FSM*, short) &rArr; WST_MEM::returnMemory(void*) &rArr; operator delete (void*) &rArr; free
</UL>
<BR>[Calls]<UL><LI><a href="#[ab]">&gt;&gt;</a>&nbsp;&nbsp;&nbsp;WST_MEM::returnMemory(void*)
<LI><a href="#[63]">&gt;&gt;</a>&nbsp;&nbsp;&nbsp;LedBar::~LedBar()
</UL>
<BR>[Address Reference Count : 1]<UL><LI> ledbar.o(.constdata__ZTV6LedBar)
</UL>
<P><STRONG><a name="[c4]"></a>LedBar::off()</STRONG> (Thumb, 18 bytes, Stack size 0 bytes, ledbar.o(.text))
<BR><BR>[Called By]<UL><LI><a href="#[67]">&gt;&gt;</a>&nbsp;&nbsp;&nbsp;LedBar::rootState_processEvent()
<LI><a href="#[65]">&gt;&gt;</a>&nbsp;&nbsp;&nbsp;LedBar::rootState_entDef()
</UL>

<P><STRONG><a name="[c6]"></a>LedBar::on()</STRONG> (Thumb, 18 bytes, Stack size 0 bytes, ledbar.o(.text))
<BR><BR>[Called By]<UL><LI><a href="#[67]">&gt;&gt;</a>&nbsp;&nbsp;&nbsp;LedBar::rootState_processEvent()
</UL>

<P><STRONG><a name="[1a2]"></a>LedBar::getBitNr() const</STRONG> (Thumb, 6 bytes, Stack size 0 bytes, ledbar.o(.text), UNUSED)

<P><STRONG><a name="[1a3]"></a>LedBar::setBitNr(int)</STRONG> (Thumb, 4 bytes, Stack size 0 bytes, ledbar.o(.text), UNUSED)

<P><STRONG><a name="[1a4]"></a>LedBar::getDelay() const</STRONG> (Thumb, 6 bytes, Stack size 0 bytes, ledbar.o(.text), UNUSED)

<P><STRONG><a name="[1a5]"></a>LedBar::setDelay(int)</STRONG> (Thumb, 4 bytes, Stack size 0 bytes, ledbar.o(.text), UNUSED)

<P><STRONG><a name="[1a6]"></a>LedBar::getItsBoard() const</STRONG> (Thumb, 6 bytes, Stack size 0 bytes, ledbar.o(.text), UNUSED)

<P><STRONG><a name="[c1]"></a>LedBar::__setItsBoard(Board*)</STRONG> (Thumb, 4 bytes, Stack size 0 bytes, ledbar.o(.text))
<BR><BR>[Called By]<UL><LI><a href="#[a1]">&gt;&gt;</a>&nbsp;&nbsp;&nbsp;LedBar::_setItsBoard(Board*)
</UL>

<P><STRONG><a name="[a1]"></a>LedBar::_setItsBoard(Board*)</STRONG> (Thumb, 16 bytes, Stack size 4 bytes, ledbar.o(.text))
<BR><BR>[Stack]<UL><LI>Max Depth = 4<LI>Call Chain = LedBar::_setItsBoard(Board*)
</UL>
<BR>[Calls]<UL><LI><a href="#[c1]">&gt;&gt;</a>&nbsp;&nbsp;&nbsp;LedBar::__setItsBoard(Board*)
</UL>
<BR>[Called By]<UL><LI><a href="#[c2]">&gt;&gt;</a>&nbsp;&nbsp;&nbsp;LedBar::setItsBoard(Board*)
<LI><a href="#[9f]">&gt;&gt;</a>&nbsp;&nbsp;&nbsp;Board::initRelations()
</UL>

<P><STRONG><a name="[c2]"></a>LedBar::setItsBoard(Board*)</STRONG> (Thumb, 16 bytes, Stack size 12 bytes, ledbar.o(.text), UNUSED)
<BR><BR>[Calls]<UL><LI><a href="#[a1]">&gt;&gt;</a>&nbsp;&nbsp;&nbsp;LedBar::_setItsBoard(Board*)
</UL>

<P><STRONG><a name="[68]"></a>LedBar::startBehavior()</STRONG> (Thumb, 18 bytes, Stack size 16 bytes, ledbar.o(.text))
<BR><BR>[Stack]<UL><LI>Max Depth = 120<LI>Call Chain = LedBar::startBehavior() &rArr; WST_FSM::startBehavior() &rArr; WST_MEM::getMemory(unsigned) &rArr; operator new[] (unsigned) &rArr; operator new(unsigned) &rArr; malloc &rArr; __Heap_Full &rArr; __Heap_ProvideMemory &rArr; free
</UL>
<BR>[Calls]<UL><LI><a href="#[ac]">&gt;&gt;</a>&nbsp;&nbsp;&nbsp;WST_FSM::startBehavior()
</UL>
<BR>[Called By]<UL><LI><a href="#[61]">&gt;&gt;</a>&nbsp;&nbsp;&nbsp;Board::startBehavior()
</UL>
<BR>[Address Reference Count : 1]<UL><LI> ledbar.o(.constdata__ZTV6LedBar)
</UL>
<P><STRONG><a name="[1a7]"></a>LedBar::_clearItsBoard()</STRONG> (Thumb, 6 bytes, Stack size 0 bytes, ledbar.o(.text), UNUSED)

<P><STRONG><a name="[65]"></a>LedBar::rootState_entDef()</STRONG> (Thumb, 24 bytes, Stack size 8 bytes, ledbar.o(.text))
<BR><BR>[Stack]<UL><LI>Max Depth = 8<LI>Call Chain = LedBar::rootState_entDef()
</UL>
<BR>[Calls]<UL><LI><a href="#[c3]">&gt;&gt;</a>&nbsp;&nbsp;&nbsp;WST_FSM::pushNullTransition()
<LI><a href="#[c4]">&gt;&gt;</a>&nbsp;&nbsp;&nbsp;LedBar::off()
</UL>
<BR>[Address Reference Count : 1]<UL><LI> ledbar.o(.constdata__ZTV6LedBar)
</UL>
<P><STRONG><a name="[67]"></a>LedBar::rootState_processEvent()</STRONG> (Thumb, 184 bytes, Stack size 16 bytes, ledbar.o(.text))
<BR><BR>[Stack]<UL><LI>Max Depth = 32<LI>Call Chain = LedBar::rootState_processEvent() &rArr; WST_FSM::popNullTransition()
</UL>
<BR>[Calls]<UL><LI><a href="#[c3]">&gt;&gt;</a>&nbsp;&nbsp;&nbsp;WST_FSM::pushNullTransition()
<LI><a href="#[c5]">&gt;&gt;</a>&nbsp;&nbsp;&nbsp;WST_FSM::popNullTransition()
<LI><a href="#[c6]">&gt;&gt;</a>&nbsp;&nbsp;&nbsp;LedBar::on()
<LI><a href="#[c4]">&gt;&gt;</a>&nbsp;&nbsp;&nbsp;LedBar::off()
</UL>
<BR>[Address Reference Count : 1]<UL><LI> ledbar.o(.constdata__ZTV6LedBar)
</UL>
<P><STRONG><a name="[c8]"></a>WST_MEM::WST_MEM()</STRONG> (Thumb, 154 bytes, Stack size 8 bytes, wst_mem.o(.text))
<BR><BR>[Stack]<UL><LI>Max Depth = 8<LI>Call Chain = WST_MEM::WST_MEM()
</UL>
<BR>[Called By]<UL><LI><a href="#[b0]">&gt;&gt;</a>&nbsp;&nbsp;&nbsp;WST_MEM::getMemory(unsigned)
</UL>

<P><STRONG><a name="[1a8]"></a>WST_MEM::WST_MEM__sub_object()</STRONG> (Thumb, 0 bytes, Stack size 8 bytes, wst_mem.o(.text), UNUSED)

<P><STRONG><a name="[b0]"></a>WST_MEM::getMemory(unsigned)</STRONG> (Thumb, 348 bytes, Stack size 16 bytes, wst_mem.o(.text))
<BR><BR>[Stack]<UL><LI>Max Depth = 80<LI>Call Chain = WST_MEM::getMemory(unsigned) &rArr; operator new[] (unsigned) &rArr; operator new(unsigned) &rArr; malloc &rArr; __Heap_Full &rArr; __Heap_ProvideMemory &rArr; free
</UL>
<BR>[Calls]<UL><LI><a href="#[ca]">&gt;&gt;</a>&nbsp;&nbsp;&nbsp;WSTTarget_exitCriticalRegion
<LI><a href="#[c9]">&gt;&gt;</a>&nbsp;&nbsp;&nbsp;WSTTarget_enterCriticalRegion
<LI><a href="#[c8]">&gt;&gt;</a>&nbsp;&nbsp;&nbsp;WST_MEM::WST_MEM()
<LI><a href="#[c7]">&gt;&gt;</a>&nbsp;&nbsp;&nbsp;__cxa_guard_acquire
<LI><a href="#[cb]">&gt;&gt;</a>&nbsp;&nbsp;&nbsp;operator new[] (unsigned)
</UL>
<BR>[Called By]<UL><LI><a href="#[cc]">&gt;&gt;</a>&nbsp;&nbsp;&nbsp;WST_MEM::reallocMemory(unsigned, unsigned, void*)
<LI><a href="#[ac]">&gt;&gt;</a>&nbsp;&nbsp;&nbsp;WST_FSM::startBehavior()
<LI><a href="#[5e]">&gt;&gt;</a>&nbsp;&nbsp;&nbsp;Board::rootState_processEvent()
<LI><a href="#[127]">&gt;&gt;</a>&nbsp;&nbsp;&nbsp;WSTMonitor_performCmd()
</UL>

<P><STRONG><a name="[ab]"></a>WST_MEM::returnMemory(void*)</STRONG> (Thumb, 192 bytes, Stack size 16 bytes, wst_mem.o(.text))
<BR><BR>[Stack]<UL><LI>Max Depth = 40<LI>Call Chain = WST_MEM::returnMemory(void*) &rArr; operator delete (void*) &rArr; free
</UL>
<BR>[Calls]<UL><LI><a href="#[ca]">&gt;&gt;</a>&nbsp;&nbsp;&nbsp;WSTTarget_exitCriticalRegion
<LI><a href="#[c9]">&gt;&gt;</a>&nbsp;&nbsp;&nbsp;WSTTarget_enterCriticalRegion
<LI><a href="#[94]">&gt;&gt;</a>&nbsp;&nbsp;&nbsp;operator delete (void*)
</UL>
<BR>[Called By]<UL><LI><a href="#[cc]">&gt;&gt;</a>&nbsp;&nbsp;&nbsp;WST_MEM::reallocMemory(unsigned, unsigned, void*)
<LI><a href="#[64]">&gt;&gt;</a>&nbsp;&nbsp;&nbsp;LedBar::~LedBar__deallocating()
<LI><a href="#[6a]">&gt;&gt;</a>&nbsp;&nbsp;&nbsp;Display::~Display__deallocating()
<LI><a href="#[6e]">&gt;&gt;</a>&nbsp;&nbsp;&nbsp;WST_EVT::~WST_EVT__deallocating()
<LI><a href="#[57]">&gt;&gt;</a>&nbsp;&nbsp;&nbsp;evSwitchLed::~evSwitchLed__deallocating()
<LI><a href="#[5b]">&gt;&gt;</a>&nbsp;&nbsp;&nbsp;Board::~Board__deallocating()
<LI><a href="#[127]">&gt;&gt;</a>&nbsp;&nbsp;&nbsp;WSTMonitor_performCmd()
<LI><a href="#[107]">&gt;&gt;</a>&nbsp;&nbsp;&nbsp;WST_MSQ::cancelEvents(WST_FSM*, short)
<LI><a href="#[70]">&gt;&gt;</a>&nbsp;&nbsp;&nbsp;WST_FSM::~WST_FSM__deallocating()
</UL>

<P><STRONG><a name="[cc]"></a>WST_MEM::reallocMemory(unsigned, unsigned, void*)</STRONG> (Thumb, 88 bytes, Stack size 24 bytes, wst_mem.o(.text), UNUSED)
<BR><BR>[Calls]<UL><LI><a href="#[b0]">&gt;&gt;</a>&nbsp;&nbsp;&nbsp;WST_MEM::getMemory(unsigned)
<LI><a href="#[ab]">&gt;&gt;</a>&nbsp;&nbsp;&nbsp;WST_MEM::returnMemory(void*)
<LI><a href="#[cd]">&gt;&gt;</a>&nbsp;&nbsp;&nbsp;__aeabi_memcpy
</UL>

<P><STRONG><a name="[da]"></a>GLCD_SetWindow</STRONG> (Thumb, 184 bytes, Stack size 32 bytes, glcd_mcb1700.o(.text))
<BR><BR>[Stack]<UL><LI>Max Depth = 56<LI>Call Chain = GLCD_SetWindow &rArr; wr_reg
</UL>
<BR>[Calls]<UL><LI><a href="#[db]">&gt;&gt;</a>&nbsp;&nbsp;&nbsp;wr_reg
</UL>
<BR>[Called By]<UL><LI><a href="#[e8]">&gt;&gt;</a>&nbsp;&nbsp;&nbsp;GLCD_DrawBitmap
<LI><a href="#[e7]">&gt;&gt;</a>&nbsp;&nbsp;&nbsp;GLCD_DrawBargraph
<LI><a href="#[e6]">&gt;&gt;</a>&nbsp;&nbsp;&nbsp;GLCD_DrawChar
<LI><a href="#[e4]">&gt;&gt;</a>&nbsp;&nbsp;&nbsp;GLCD_DrawVLine
<LI><a href="#[e3]">&gt;&gt;</a>&nbsp;&nbsp;&nbsp;GLCD_DrawHLine
<LI><a href="#[dc]">&gt;&gt;</a>&nbsp;&nbsp;&nbsp;GLCD_WindowMax
</UL>

<P><STRONG><a name="[dc]"></a>GLCD_WindowMax</STRONG> (Thumb, 18 bytes, Stack size 8 bytes, glcd_mcb1700.o(.text))
<BR><BR>[Stack]<UL><LI>Max Depth = 64<LI>Call Chain = GLCD_WindowMax &rArr; GLCD_SetWindow &rArr; wr_reg
</UL>
<BR>[Calls]<UL><LI><a href="#[da]">&gt;&gt;</a>&nbsp;&nbsp;&nbsp;GLCD_SetWindow
</UL>
<BR>[Called By]<UL><LI><a href="#[b8]">&gt;&gt;</a>&nbsp;&nbsp;&nbsp;GLCD_ClearScreen
</UL>

<P><STRONG><a name="[b4]"></a>GLCD_Initialize</STRONG> (Thumb, 1462 bytes, Stack size 16 bytes, glcd_mcb1700.o(.text))
<BR><BR>[Stack]<UL><LI>Max Depth = 68<LI>Call Chain = GLCD_Initialize &rArr; rd_id_man &rArr; spi_tran_man &rArr; GPIO_SetDir
</UL>
<BR>[Calls]<UL><LI><a href="#[d9]">&gt;&gt;</a>&nbsp;&nbsp;&nbsp;PIN_Configure
<LI><a href="#[cf]">&gt;&gt;</a>&nbsp;&nbsp;&nbsp;GPIO_SetDir
<LI><a href="#[dd]">&gt;&gt;</a>&nbsp;&nbsp;&nbsp;GPIO_PortClock
<LI><a href="#[d0]">&gt;&gt;</a>&nbsp;&nbsp;&nbsp;GPIO_PinWrite
<LI><a href="#[d8]">&gt;&gt;</a>&nbsp;&nbsp;&nbsp;rd_id_man
<LI><a href="#[d6]">&gt;&gt;</a>&nbsp;&nbsp;&nbsp;rd_reg
<LI><a href="#[db]">&gt;&gt;</a>&nbsp;&nbsp;&nbsp;wr_reg
<LI><a href="#[d1]">&gt;&gt;</a>&nbsp;&nbsp;&nbsp;delay_ms
</UL>
<BR>[Called By]<UL><LI><a href="#[a5]">&gt;&gt;</a>&nbsp;&nbsp;&nbsp;Display::Display(WST_TSK*)
</UL>

<P><STRONG><a name="[de]"></a>GLCD_Uninitialize</STRONG> (Thumb, 30 bytes, Stack size 8 bytes, glcd_mcb1700.o(.text), UNUSED)
<BR><BR>[Calls]<UL><LI><a href="#[d0]">&gt;&gt;</a>&nbsp;&nbsp;&nbsp;GPIO_PinWrite
</UL>

<P><STRONG><a name="[b6]"></a>GLCD_SetForegroundColor</STRONG> (Thumb, 10 bytes, Stack size 0 bytes, glcd_mcb1700.o(.text))
<BR><BR>[Called By]<UL><LI><a href="#[a5]">&gt;&gt;</a>&nbsp;&nbsp;&nbsp;Display::Display(WST_TSK*)
</UL>

<P><STRONG><a name="[b5]"></a>GLCD_SetBackgroundColor</STRONG> (Thumb, 10 bytes, Stack size 0 bytes, glcd_mcb1700.o(.text))
<BR><BR>[Called By]<UL><LI><a href="#[a5]">&gt;&gt;</a>&nbsp;&nbsp;&nbsp;Display::Display(WST_TSK*)
</UL>

<P><STRONG><a name="[b8]"></a>GLCD_ClearScreen</STRONG> (Thumb, 44 bytes, Stack size 8 bytes, glcd_mcb1700.o(.text))
<BR><BR>[Stack]<UL><LI>Max Depth = 72<LI>Call Chain = GLCD_ClearScreen &rArr; GLCD_WindowMax &rArr; GLCD_SetWindow &rArr; wr_reg
</UL>
<BR>[Calls]<UL><LI><a href="#[dc]">&gt;&gt;</a>&nbsp;&nbsp;&nbsp;GLCD_WindowMax
<LI><a href="#[df]">&gt;&gt;</a>&nbsp;&nbsp;&nbsp;wr_dat_only
<LI><a href="#[e0]">&gt;&gt;</a>&nbsp;&nbsp;&nbsp;wr_dat_stop
<LI><a href="#[d3]">&gt;&gt;</a>&nbsp;&nbsp;&nbsp;wr_dat_start
<LI><a href="#[d7]">&gt;&gt;</a>&nbsp;&nbsp;&nbsp;wr_cmd
</UL>
<BR>[Called By]<UL><LI><a href="#[a5]">&gt;&gt;</a>&nbsp;&nbsp;&nbsp;Display::Display(WST_TSK*)
</UL>

<P><STRONG><a name="[b7]"></a>GLCD_SetFont</STRONG> (Thumb, 10 bytes, Stack size 0 bytes, glcd_mcb1700.o(.text))
<BR><BR>[Called By]<UL><LI><a href="#[a5]">&gt;&gt;</a>&nbsp;&nbsp;&nbsp;Display::Display(WST_TSK*)
</UL>

<P><STRONG><a name="[e1]"></a>GLCD_DrawPixel</STRONG> (Thumb, 120 bytes, Stack size 16 bytes, glcd_mcb1700.o(.text), UNUSED)
<BR><BR>[Calls]<UL><LI><a href="#[db]">&gt;&gt;</a>&nbsp;&nbsp;&nbsp;wr_reg
<LI><a href="#[e2]">&gt;&gt;</a>&nbsp;&nbsp;&nbsp;wr_dat
<LI><a href="#[d7]">&gt;&gt;</a>&nbsp;&nbsp;&nbsp;wr_cmd
</UL>

<P><STRONG><a name="[e3]"></a>GLCD_DrawHLine</STRONG> (Thumb, 56 bytes, Stack size 16 bytes, glcd_mcb1700.o(.text), UNUSED)
<BR><BR>[Calls]<UL><LI><a href="#[da]">&gt;&gt;</a>&nbsp;&nbsp;&nbsp;GLCD_SetWindow
<LI><a href="#[df]">&gt;&gt;</a>&nbsp;&nbsp;&nbsp;wr_dat_only
<LI><a href="#[e0]">&gt;&gt;</a>&nbsp;&nbsp;&nbsp;wr_dat_stop
<LI><a href="#[d3]">&gt;&gt;</a>&nbsp;&nbsp;&nbsp;wr_dat_start
<LI><a href="#[d7]">&gt;&gt;</a>&nbsp;&nbsp;&nbsp;wr_cmd
</UL>
<BR>[Called By]<UL><LI><a href="#[e5]">&gt;&gt;</a>&nbsp;&nbsp;&nbsp;GLCD_DrawRectangle
</UL>

<P><STRONG><a name="[e4]"></a>GLCD_DrawVLine</STRONG> (Thumb, 56 bytes, Stack size 16 bytes, glcd_mcb1700.o(.text), UNUSED)
<BR><BR>[Calls]<UL><LI><a href="#[da]">&gt;&gt;</a>&nbsp;&nbsp;&nbsp;GLCD_SetWindow
<LI><a href="#[df]">&gt;&gt;</a>&nbsp;&nbsp;&nbsp;wr_dat_only
<LI><a href="#[e0]">&gt;&gt;</a>&nbsp;&nbsp;&nbsp;wr_dat_stop
<LI><a href="#[d3]">&gt;&gt;</a>&nbsp;&nbsp;&nbsp;wr_dat_start
<LI><a href="#[d7]">&gt;&gt;</a>&nbsp;&nbsp;&nbsp;wr_cmd
</UL>
<BR>[Called By]<UL><LI><a href="#[e5]">&gt;&gt;</a>&nbsp;&nbsp;&nbsp;GLCD_DrawRectangle
</UL>

<P><STRONG><a name="[e5]"></a>GLCD_DrawRectangle</STRONG> (Thumb, 58 bytes, Stack size 24 bytes, glcd_mcb1700.o(.text), UNUSED)
<BR><BR>[Calls]<UL><LI><a href="#[e4]">&gt;&gt;</a>&nbsp;&nbsp;&nbsp;GLCD_DrawVLine
<LI><a href="#[e3]">&gt;&gt;</a>&nbsp;&nbsp;&nbsp;GLCD_DrawHLine
</UL>

<P><STRONG><a name="[e6]"></a>GLCD_DrawChar</STRONG> (Thumb, 194 bytes, Stack size 32 bytes, glcd_mcb1700.o(.text))
<BR><BR>[Stack]<UL><LI>Max Depth = 88<LI>Call Chain = GLCD_DrawChar &rArr; GLCD_SetWindow &rArr; wr_reg
</UL>
<BR>[Calls]<UL><LI><a href="#[da]">&gt;&gt;</a>&nbsp;&nbsp;&nbsp;GLCD_SetWindow
<LI><a href="#[df]">&gt;&gt;</a>&nbsp;&nbsp;&nbsp;wr_dat_only
<LI><a href="#[e0]">&gt;&gt;</a>&nbsp;&nbsp;&nbsp;wr_dat_stop
[...]
<LI><a href="#[11e]">&gt;&gt;</a>&nbsp;&nbsp;&nbsp;WST_TMM::initMutex()
</UL>

<P><STRONG><a name="[130]"></a>__aeabi_vec_ctor_nocookie_nodtor</STRONG> (Thumb, 36 bytes, Stack size 24 bytes, aeabi_vec_ctor_nocookie_nodtor.o(i.__aeabi_vec_ctor_nocookie_nodtor))
<BR><BR>[Stack]<UL><LI>Max Depth = 24<LI>Call Chain = __aeabi_vec_ctor_nocookie_nodtor
</UL>
<BR>[Called By]<UL><LI><a href="#[77]">&gt;&gt;</a>&nbsp;&nbsp;&nbsp;__sti___11_WST_TMR_cpp_d87a1f05
</UL>

<P><STRONG><a name="[c7]"></a>__cxa_guard_acquire</STRONG> (Thumb, 16 bytes, Stack size 0 bytes, cxa_guard_acquire.o(i.__cxa_guard_acquire))
<BR><BR>[Called By]<UL><LI><a href="#[b0]">&gt;&gt;</a>&nbsp;&nbsp;&nbsp;WST_MEM::getMemory(unsigned)
</UL>
<P>
<H3>
Local Symbols
</H3>
<P><STRONG><a name="[74]"></a>__sti___11_Default_cpp_itsBoard</STRONG> (Thumb, 28 bytes, Stack size 8 bytes, default.o(.text))
<BR><BR>[Stack]<UL><LI>Max Depth = 120<LI>Call Chain = __sti___11_Default_cpp_itsBoard &rArr; Board::Board(int, int, WST_TSK*) &rArr; Display::Display(WST_TSK*) &rArr; GLCD_ClearScreen &rArr; GLCD_WindowMax &rArr; GLCD_SetWindow &rArr; wr_reg
</UL>
<BR>[Calls]<UL><LI><a href="#[95]">&gt;&gt;</a>&nbsp;&nbsp;&nbsp;Board::Board(int, int, WST_TSK*)
<LI><a href="#[96]">&gt;&gt;</a>&nbsp;&nbsp;&nbsp;__aeabi_atexit
</UL>
<BR>[Address Reference Count : 1]<UL><LI> default.o(.init_array)
</UL>
<P><STRONG><a name="[d1]"></a>delay_ms</STRONG> (Thumb, 38 bytes, Stack size 0 bytes, glcd_mcb1700.o(.text))
<BR><BR>[Called By]<UL><LI><a href="#[ce]">&gt;&gt;</a>&nbsp;&nbsp;&nbsp;spi_tran_man
<LI><a href="#[b4]">&gt;&gt;</a>&nbsp;&nbsp;&nbsp;GLCD_Initialize
</UL>

<P><STRONG><a name="[ce]"></a>spi_tran_man</STRONG> (Thumb, 132 bytes, Stack size 24 bytes, glcd_mcb1700.o(.text))
<BR><BR>[Stack]<UL><LI>Max Depth = 36<LI>Call Chain = spi_tran_man &rArr; GPIO_SetDir
</UL>
<BR>[Calls]<UL><LI><a href="#[cf]">&gt;&gt;</a>&nbsp;&nbsp;&nbsp;GPIO_SetDir
<LI><a href="#[d0]">&gt;&gt;</a>&nbsp;&nbsp;&nbsp;GPIO_PinWrite
<LI><a href="#[d2]">&gt;&gt;</a>&nbsp;&nbsp;&nbsp;GPIO_PinRead
<LI><a href="#[d1]">&gt;&gt;</a>&nbsp;&nbsp;&nbsp;delay_ms
</UL>
<BR>[Called By]<UL><LI><a href="#[d8]">&gt;&gt;</a>&nbsp;&nbsp;&nbsp;rd_id_man
</UL>

<P><STRONG><a name="[d4]"></a>spi_tran</STRONG> (Thumb, 40 bytes, Stack size 16 bytes, glcd_mcb1700.o(.text))
<BR><BR>[Stack]<UL><LI>Max Depth = 16<LI>Call Chain = spi_tran
</UL>
<BR>[Called By]<UL><LI><a href="#[d5]">&gt;&gt;</a>&nbsp;&nbsp;&nbsp;rd_dat
<LI><a href="#[d3]">&gt;&gt;</a>&nbsp;&nbsp;&nbsp;wr_dat_start
</UL>

<P><STRONG><a name="[d7]"></a>wr_cmd</STRONG> (Thumb, 70 bytes, Stack size 16 bytes, glcd_mcb1700.o(.text))
<BR><BR>[Stack]<UL><LI>Max Depth = 16<LI>Call Chain = wr_cmd
</UL>
<BR>[Called By]<UL><LI><a href="#[e8]">&gt;&gt;</a>&nbsp;&nbsp;&nbsp;GLCD_DrawBitmap
<LI><a href="#[e7]">&gt;&gt;</a>&nbsp;&nbsp;&nbsp;GLCD_DrawBargraph
<LI><a href="#[e6]">&gt;&gt;</a>&nbsp;&nbsp;&nbsp;GLCD_DrawChar
<LI><a href="#[e4]">&gt;&gt;</a>&nbsp;&nbsp;&nbsp;GLCD_DrawVLine
<LI><a href="#[e3]">&gt;&gt;</a>&nbsp;&nbsp;&nbsp;GLCD_DrawHLine
<LI><a href="#[e1]">&gt;&gt;</a>&nbsp;&nbsp;&nbsp;GLCD_DrawPixel
<LI><a href="#[d6]">&gt;&gt;</a>&nbsp;&nbsp;&nbsp;rd_reg
<LI><a href="#[b8]">&gt;&gt;</a>&nbsp;&nbsp;&nbsp;GLCD_ClearScreen
</UL>

<P><STRONG><a name="[e2]"></a>wr_dat</STRONG> (Thumb, 72 bytes, Stack size 16 bytes, glcd_mcb1700.o(.text), UNUSED)
<BR><BR>[Called By]<UL><LI><a href="#[e1]">&gt;&gt;</a>&nbsp;&nbsp;&nbsp;GLCD_DrawPixel
</UL>

<P><STRONG><a name="[d3]"></a>wr_dat_start</STRONG> (Thumb, 20 bytes, Stack size 8 bytes, glcd_mcb1700.o(.text))
<BR><BR>[Stack]<UL><LI>Max Depth = 24<LI>Call Chain = wr_dat_start &rArr; spi_tran
</UL>
<BR>[Calls]<UL><LI><a href="#[d4]">&gt;&gt;</a>&nbsp;&nbsp;&nbsp;spi_tran
</UL>
<BR>[Called By]<UL><LI><a href="#[e8]">&gt;&gt;</a>&nbsp;&nbsp;&nbsp;GLCD_DrawBitmap
<LI><a href="#[e7]">&gt;&gt;</a>&nbsp;&nbsp;&nbsp;GLCD_DrawBargraph
<LI><a href="#[e6]">&gt;&gt;</a>&nbsp;&nbsp;&nbsp;GLCD_DrawChar
<LI><a href="#[e4]">&gt;&gt;</a>&nbsp;&nbsp;&nbsp;GLCD_DrawVLine
<LI><a href="#[e3]">&gt;&gt;</a>&nbsp;&nbsp;&nbsp;GLCD_DrawHLine
<LI><a href="#[b8]">&gt;&gt;</a>&nbsp;&nbsp;&nbsp;GLCD_ClearScreen
</UL>

<P><STRONG><a name="[e0]"></a>wr_dat_stop</STRONG> (Thumb, 14 bytes, Stack size 8 bytes, glcd_mcb1700.o(.text))
<BR><BR>[Stack]<UL><LI>Max Depth = 8<LI>Call Chain = wr_dat_stop
</UL>
<BR>[Called By]<UL><LI><a href="#[e8]">&gt;&gt;</a>&nbsp;&nbsp;&nbsp;GLCD_DrawBitmap
<LI><a href="#[e7]">&gt;&gt;</a>&nbsp;&nbsp;&nbsp;GLCD_DrawBargraph
<LI><a href="#[e6]">&gt;&gt;</a>&nbsp;&nbsp;&nbsp;GLCD_DrawChar
<LI><a href="#[e4]">&gt;&gt;</a>&nbsp;&nbsp;&nbsp;GLCD_DrawVLine
<LI><a href="#[e3]">&gt;&gt;</a>&nbsp;&nbsp;&nbsp;GLCD_DrawHLine
<LI><a href="#[b8]">&gt;&gt;</a>&nbsp;&nbsp;&nbsp;GLCD_ClearScreen
</UL>

<P><STRONG><a name="[df]"></a>wr_dat_only</STRONG> (Thumb, 46 bytes, Stack size 16 bytes, glcd_mcb1700.o(.text))
<BR><BR>[Stack]<UL><LI>Max Depth = 16<LI>Call Chain = wr_dat_only
</UL>
<BR>[Called By]<UL><LI><a href="#[e8]">&gt;&gt;</a>&nbsp;&nbsp;&nbsp;GLCD_DrawBitmap
<LI><a href="#[e7]">&gt;&gt;</a>&nbsp;&nbsp;&nbsp;GLCD_DrawBargraph
<LI><a href="#[e6]">&gt;&gt;</a>&nbsp;&nbsp;&nbsp;GLCD_DrawChar
<LI><a href="#[e4]">&gt;&gt;</a>&nbsp;&nbsp;&nbsp;GLCD_DrawVLine
<LI><a href="#[e3]">&gt;&gt;</a>&nbsp;&nbsp;&nbsp;GLCD_DrawHLine
<LI><a href="#[b8]">&gt;&gt;</a>&nbsp;&nbsp;&nbsp;GLCD_ClearScreen
</UL>

<P><STRONG><a name="[d5]"></a>rd_dat</STRONG> (Thumb, 64 bytes, Stack size 8 bytes, glcd_mcb1700.o(.text))
<BR><BR>[Stack]<UL><LI>Max Depth = 24<LI>Call Chain = rd_dat &rArr; spi_tran
</UL>
<BR>[Calls]<UL><LI><a href="#[d4]">&gt;&gt;</a>&nbsp;&nbsp;&nbsp;spi_tran
</UL>
<BR>[Called By]<UL><LI><a href="#[d6]">&gt;&gt;</a>&nbsp;&nbsp;&nbsp;rd_reg
</UL>

<P><STRONG><a name="[db]"></a>wr_reg</STRONG> (Thumb, 140 bytes, Stack size 24 bytes, glcd_mcb1700.o(.text))
<BR><BR>[Stack]<UL><LI>Max Depth = 24<LI>Call Chain = wr_reg
</UL>
<BR>[Called By]<UL><LI><a href="#[e1]">&gt;&gt;</a>&nbsp;&nbsp;&nbsp;GLCD_DrawPixel
<LI><a href="#[da]">&gt;&gt;</a>&nbsp;&nbsp;&nbsp;GLCD_SetWindow
<LI><a href="#[b4]">&gt;&gt;</a>&nbsp;&nbsp;&nbsp;GLCD_Initialize
</UL>

<P><STRONG><a name="[d6]"></a>rd_reg</STRONG> (Thumb, 16 bytes, Stack size 8 bytes, glcd_mcb1700.o(.text))
<BR><BR>[Stack]<UL><LI>Max Depth = 32<LI>Call Chain = rd_reg &rArr; rd_dat &rArr; spi_tran
</UL>
<BR>[Calls]<UL><LI><a href="#[d5]">&gt;&gt;</a>&nbsp;&nbsp;&nbsp;rd_dat
<LI><a href="#[d7]">&gt;&gt;</a>&nbsp;&nbsp;&nbsp;wr_cmd
</UL>
<BR>[Called By]<UL><LI><a href="#[b4]">&gt;&gt;</a>&nbsp;&nbsp;&nbsp;GLCD_Initialize
</UL>

<P><STRONG><a name="[d8]"></a>rd_id_man</STRONG> (Thumb, 196 bytes, Stack size 16 bytes, glcd_mcb1700.o(.text))
<BR><BR>[Stack]<UL><LI>Max Depth = 52<LI>Call Chain = rd_id_man &rArr; spi_tran_man &rArr; GPIO_SetDir
</UL>
<BR>[Calls]<UL><LI><a href="#[d9]">&gt;&gt;</a>&nbsp;&nbsp;&nbsp;PIN_Configure
<LI><a href="#[cf]">&gt;&gt;</a>&nbsp;&nbsp;&nbsp;GPIO_SetDir
<LI><a href="#[d0]">&gt;&gt;</a>&nbsp;&nbsp;&nbsp;GPIO_PinWrite
<LI><a href="#[ce]">&gt;&gt;</a>&nbsp;&nbsp;&nbsp;spi_tran_man
</UL>
<BR>[Called By]<UL><LI><a href="#[b4]">&gt;&gt;</a>&nbsp;&nbsp;&nbsp;GLCD_Initialize
</UL>

<P><STRONG><a name="[f9]"></a>GetSSPClockFreq</STRONG> (Thumb, 64 bytes, Stack size 12 bytes, ssp_lpc17xx.o(.text))
<BR><BR>[Stack]<UL><LI>Max Depth = 12<LI>Call Chain = GetSSPClockFreq
</UL>
<BR>[Called By]<UL><LI><a href="#[f8]">&gt;&gt;</a>&nbsp;&nbsp;&nbsp;SSPx_Control
</UL>

<P><STRONG><a name="[4b]"></a>SSP_GetVersion</STRONG> (Thumb, 10 bytes, Stack size 8 bytes, ssp_lpc17xx.o(.text))
<BR><BR>[Stack]<UL><LI>Max Depth = 8<LI>Call Chain = SSP_GetVersion
</UL>
<BR>[Address Reference Count : 1]<UL><LI> ssp_lpc17xx.o(.constdata)
</UL>
<P><STRONG><a name="[4c]"></a>SSP_GetCapabilities</STRONG> (Thumb, 6 bytes, Stack size 0 bytes, ssp_lpc17xx.o(.text))
<BR>[Address Reference Count : 1]<UL><LI> ssp_lpc17xx.o(.constdata)
</UL>
<P><STRONG><a name="[e9]"></a>SSPx_Initialize</STRONG> (Thumb, 168 bytes, Stack size 16 bytes, ssp_lpc17xx.o(.text))
<BR><BR>[Stack]<UL><LI>Max Depth = 40<LI>Call Chain = SSPx_Initialize &rArr; PIN_Configure
</UL>
<BR>[Calls]<UL><LI><a href="#[d9]">&gt;&gt;</a>&nbsp;&nbsp;&nbsp;PIN_Configure
<LI><a href="#[ea]">&gt;&gt;</a>&nbsp;&nbsp;&nbsp;__aeabi_memclr4
<LI><a href="#[ec]">&gt;&gt;</a>&nbsp;&nbsp;&nbsp;GPDMA_PeripheralSelect
<LI><a href="#[eb]">&gt;&gt;</a>&nbsp;&nbsp;&nbsp;GPDMA_Initialize
</UL>
<BR>[Called By]<UL><LI><a href="#[4d]">&gt;&gt;</a>&nbsp;&nbsp;&nbsp;SSP1_Initialize
</UL>

<P><STRONG><a name="[ed]"></a>SSPx_Uninitialize</STRONG> (Thumb, 112 bytes, Stack size 16 bytes, ssp_lpc17xx.o(.text))
<BR><BR>[Stack]<UL><LI>Max Depth = 40<LI>Call Chain = SSPx_Uninitialize &rArr; PIN_Configure
</UL>
<BR>[Calls]<UL><LI><a href="#[d9]">&gt;&gt;</a>&nbsp;&nbsp;&nbsp;PIN_Configure
<LI><a href="#[ee]">&gt;&gt;</a>&nbsp;&nbsp;&nbsp;GPDMA_Uninitialize
</UL>
<BR>[Called By]<UL><LI><a href="#[4e]">&gt;&gt;</a>&nbsp;&nbsp;&nbsp;SSP1_Uninitialize
</UL>

<P><STRONG><a name="[ef]"></a>SSPx_PowerControl</STRONG> (Thumb, 430 bytes, Stack size 16 bytes, ssp_lpc17xx.o(.text))
<BR><BR>[Stack]<UL><LI>Max Depth = 24<LI>Call Chain = SSPx_PowerControl &rArr; GPDMA_ChannelDisable
</UL>
<BR>[Calls]<UL><LI><a href="#[ea]">&gt;&gt;</a>&nbsp;&nbsp;&nbsp;__aeabi_memclr4
<LI><a href="#[f0]">&gt;&gt;</a>&nbsp;&nbsp;&nbsp;GPDMA_ChannelDisable
<LI><a href="#[f1]">&gt;&gt;</a>&nbsp;&nbsp;&nbsp;__NVIC_ClearPendingIRQ
</UL>
<BR>[Called By]<UL><LI><a href="#[4f]">&gt;&gt;</a>&nbsp;&nbsp;&nbsp;SSP1_PowerControl
</UL>

<P><STRONG><a name="[f2]"></a>SSPx_Send</STRONG> (Thumb, 356 bytes, Stack size 32 bytes, ssp_lpc17xx.o(.text))
<BR><BR>[Stack]<UL><LI>Max Depth = 80<LI>Call Chain = SSPx_Send &rArr; GPDMA_ChannelConfigure &rArr; Set_Channel_active_flag
</UL>
<BR>[Calls]<UL><LI><a href="#[f3]">&gt;&gt;</a>&nbsp;&nbsp;&nbsp;GPDMA_ChannelConfigure
</UL>
<BR>[Called By]<UL><LI><a href="#[50]">&gt;&gt;</a>&nbsp;&nbsp;&nbsp;SSP1_Send
</UL>

<P><STRONG><a name="[f4]"></a>SSPx_Receive</STRONG> (Thumb, 344 bytes, Stack size 32 bytes, ssp_lpc17xx.o(.text))
<BR><BR>[Stack]<UL><LI>Max Depth = 80<LI>Call Chain = SSPx_Receive &rArr; GPDMA_ChannelConfigure &rArr; Set_Channel_active_flag
</UL>
<BR>[Calls]<UL><LI><a href="#[f3]">&gt;&gt;</a>&nbsp;&nbsp;&nbsp;GPDMA_ChannelConfigure
</UL>
<BR>[Called By]<UL><LI><a href="#[51]">&gt;&gt;</a>&nbsp;&nbsp;&nbsp;SSP1_Receive
</UL>

<P><STRONG><a name="[f5]"></a>SSPx_Transfer</STRONG> (Thumb, 338 bytes, Stack size 32 bytes, ssp_lpc17xx.o(.text))
<BR><BR>[Stack]<UL><LI>Max Depth = 80<LI>Call Chain = SSPx_Transfer &rArr; GPDMA_ChannelConfigure &rArr; Set_Channel_active_flag
</UL>
<BR>[Calls]<UL><LI><a href="#[f3]">&gt;&gt;</a>&nbsp;&nbsp;&nbsp;GPDMA_ChannelConfigure
</UL>
<BR>[Called By]<UL><LI><a href="#[52]">&gt;&gt;</a>&nbsp;&nbsp;&nbsp;SSP1_Transfer
</UL>

<P><STRONG><a name="[f6]"></a>SSPx_GetDataCount</STRONG> (Thumb, 44 bytes, Stack size 16 bytes, ssp_lpc17xx.o(.text))
<BR><BR>[Stack]<UL><LI>Max Depth = 16<LI>Call Chain = SSPx_GetDataCount
</UL>
<BR>[Calls]<UL><LI><a href="#[f7]">&gt;&gt;</a>&nbsp;&nbsp;&nbsp;GPDMA_ChannelGetCount
</UL>
<BR>[Called By]<UL><LI><a href="#[53]">&gt;&gt;</a>&nbsp;&nbsp;&nbsp;SSP1_GetDataCount
</UL>

<P><STRONG><a name="[f8]"></a>SSPx_Control</STRONG> (Thumb, 1314 bytes, Stack size 56 bytes, ssp_lpc17xx.o(.text))
<BR><BR>[Stack]<UL><LI>Max Depth = 80<LI>Call Chain = SSPx_Control &rArr; PIN_Configure
</UL>
<BR>[Calls]<UL><LI><a href="#[f9]">&gt;&gt;</a>&nbsp;&nbsp;&nbsp;GetSSPClockFreq
<LI><a href="#[d9]">&gt;&gt;</a>&nbsp;&nbsp;&nbsp;PIN_Configure
<LI><a href="#[cf]">&gt;&gt;</a>&nbsp;&nbsp;&nbsp;GPIO_SetDir
<LI><a href="#[d0]">&gt;&gt;</a>&nbsp;&nbsp;&nbsp;GPIO_PinWrite
<LI><a href="#[ea]">&gt;&gt;</a>&nbsp;&nbsp;&nbsp;__aeabi_memclr4
<LI><a href="#[f0]">&gt;&gt;</a>&nbsp;&nbsp;&nbsp;GPDMA_ChannelDisable
</UL>
<BR>[Called By]<UL><LI><a href="#[54]">&gt;&gt;</a>&nbsp;&nbsp;&nbsp;SSP1_Control
</UL>

<P><STRONG><a name="[fa]"></a>SSPx_GetStatus</STRONG> (Thumb, 90 bytes, Stack size 12 bytes, ssp_lpc17xx.o(.text))
<BR><BR>[Stack]<UL><LI>Max Depth = 12<LI>Call Chain = SSPx_GetStatus
</UL>
<BR>[Called By]<UL><LI><a href="#[55]">&gt;&gt;</a>&nbsp;&nbsp;&nbsp;SSP1_GetStatus
</UL>

<P><STRONG><a name="[fd]"></a>SSPx_IRQHandler</STRONG> (Thumb, 260 bytes, Stack size 16 bytes, ssp_lpc17xx.o(.text))
<BR><BR>[Stack]<UL><LI>Max Depth = 16<LI>Call Chain = SSPx_IRQHandler
</UL>
<BR>[Called By]<UL><LI><a href="#[2b]">&gt;&gt;</a>&nbsp;&nbsp;&nbsp;SSP1_IRQHandler
</UL>

<P><STRONG><a name="[4d]"></a>SSP1_Initialize</STRONG> (Thumb, 14 bytes, Stack size 8 bytes, ssp_lpc17xx.o(.text))
<BR><BR>[Stack]<UL><LI>Max Depth = 48<LI>Call Chain = SSP1_Initialize &rArr; SSPx_Initialize &rArr; PIN_Configure
</UL>
<BR>[Calls]<UL><LI><a href="#[e9]">&gt;&gt;</a>&nbsp;&nbsp;&nbsp;SSPx_Initialize
</UL>
<BR>[Address Reference Count : 1]<UL><LI> ssp_lpc17xx.o(.constdata)
</UL>
<P><STRONG><a name="[4e]"></a>SSP1_Uninitialize</STRONG> (Thumb, 10 bytes, Stack size 8 bytes, ssp_lpc17xx.o(.text))
<BR><BR>[Stack]<UL><LI>Max Depth = 48<LI>Call Chain = SSP1_Uninitialize &rArr; SSPx_Uninitialize &rArr; PIN_Configure
</UL>
<BR>[Calls]<UL><LI><a href="#[ed]">&gt;&gt;</a>&nbsp;&nbsp;&nbsp;SSPx_Uninitialize
</UL>
<BR>[Address Reference Count : 1]<UL><LI> ssp_lpc17xx.o(.constdata)
</UL>
<P><STRONG><a name="[4f]"></a>SSP1_PowerControl</STRONG> (Thumb, 14 bytes, Stack size 8 bytes, ssp_lpc17xx.o(.text))
<BR><BR>[Stack]<UL><LI>Max Depth = 32<LI>Call Chain = SSP1_PowerControl &rArr; SSPx_PowerControl &rArr; GPDMA_ChannelDisable
</UL>
<BR>[Calls]<UL><LI><a href="#[ef]">&gt;&gt;</a>&nbsp;&nbsp;&nbsp;SSPx_PowerControl
</UL>
<BR>[Address Reference Count : 1]<UL><LI> ssp_lpc17xx.o(.constdata)
</UL>
<P><STRONG><a name="[50]"></a>SSP1_Send</STRONG> (Thumb, 18 bytes, Stack size 16 bytes, ssp_lpc17xx.o(.text))
<BR><BR>[Stack]<UL><LI>Max Depth = 96<LI>Call Chain = SSP1_Send &rArr; SSPx_Send &rArr; GPDMA_ChannelConfigure &rArr; Set_Channel_active_flag
</UL>
<BR>[Calls]<UL><LI><a href="#[f2]">&gt;&gt;</a>&nbsp;&nbsp;&nbsp;SSPx_Send
</UL>
<BR>[Address Reference Count : 1]<UL><LI> ssp_lpc17xx.o(.constdata)
</UL>
<P><STRONG><a name="[51]"></a>SSP1_Receive</STRONG> (Thumb, 18 bytes, Stack size 16 bytes, ssp_lpc17xx.o(.text))
<BR><BR>[Stack]<UL><LI>Max Depth = 96<LI>Call Chain = SSP1_Receive &rArr; SSPx_Receive &rArr; GPDMA_ChannelConfigure &rArr; Set_Channel_active_flag
</UL>
<BR>[Calls]<UL><LI><a href="#[f4]">&gt;&gt;</a>&nbsp;&nbsp;&nbsp;SSPx_Receive
</UL>
<BR>[Address Reference Count : 1]<UL><LI> ssp_lpc17xx.o(.constdata)
</UL>
<P><STRONG><a name="[52]"></a>SSP1_Transfer</STRONG> (Thumb, 22 bytes, Stack size 16 bytes, ssp_lpc17xx.o(.text))
<BR><BR>[Stack]<UL><LI>Max Depth = 96<LI>Call Chain = SSP1_Transfer &rArr; SSPx_Transfer &rArr; GPDMA_ChannelConfigure &rArr; Set_Channel_active_flag
</UL>
<BR>[Calls]<UL><LI><a href="#[f5]">&gt;&gt;</a>&nbsp;&nbsp;&nbsp;SSPx_Transfer
</UL>
<BR>[Address Reference Count : 1]<UL><LI> ssp_lpc17xx.o(.constdata)
</UL>
<P><STRONG><a name="[53]"></a>SSP1_GetDataCount</STRONG> (Thumb, 10 bytes, Stack size 8 bytes, ssp_lpc17xx.o(.text))
<BR><BR>[Stack]<UL><LI>Max Depth = 24<LI>Call Chain = SSP1_GetDataCount &rArr; SSPx_GetDataCount
</UL>
<BR>[Calls]<UL><LI><a href="#[f6]">&gt;&gt;</a>&nbsp;&nbsp;&nbsp;SSPx_GetDataCount
</UL>
<BR>[Address Reference Count : 1]<UL><LI> ssp_lpc17xx.o(.constdata)
</UL>
<P><STRONG><a name="[54]"></a>SSP1_Control</STRONG> (Thumb, 18 bytes, Stack size 16 bytes, ssp_lpc17xx.o(.text))
<BR><BR>[Stack]<UL><LI>Max Depth = 96<LI>Call Chain = SSP1_Control &rArr; SSPx_Control &rArr; PIN_Configure
</UL>
<BR>[Calls]<UL><LI><a href="#[f8]">&gt;&gt;</a>&nbsp;&nbsp;&nbsp;SSPx_Control
</UL>
<BR>[Address Reference Count : 1]<UL><LI> ssp_lpc17xx.o(.constdata)
</UL>
<P><STRONG><a name="[55]"></a>SSP1_GetStatus</STRONG> (Thumb, 12 bytes, Stack size 8 bytes, ssp_lpc17xx.o(.text))
<BR><BR>[Stack]<UL><LI>Max Depth = 20<LI>Call Chain = SSP1_GetStatus &rArr; SSPx_GetStatus
</UL>
<BR>[Calls]<UL><LI><a href="#[fa]">&gt;&gt;</a>&nbsp;&nbsp;&nbsp;SSPx_GetStatus
</UL>
<BR>[Address Reference Count : 1]<UL><LI> ssp_lpc17xx.o(.constdata)
</UL>
<P><STRONG><a name="[f1]"></a>__NVIC_ClearPendingIRQ</STRONG> (Thumb, 22 bytes, Stack size 0 bytes, ssp_lpc17xx.o(.text))
<BR><BR>[Called By]<UL><LI><a href="#[ef]">&gt;&gt;</a>&nbsp;&nbsp;&nbsp;SSPx_PowerControl
</UL>

<P><STRONG><a name="[ff]"></a>Set_Channel_active_flag</STRONG> (Thumb, 50 bytes, Stack size 8 bytes, gpdma_lpc17xx.o(.text))
<BR><BR>[Stack]<UL><LI>Max Depth = 8<LI>Call Chain = Set_Channel_active_flag
</UL>
<BR>[Called By]<UL><LI><a href="#[101]">&gt;&gt;</a>&nbsp;&nbsp;&nbsp;GPDMA_ChannelEnable
<LI><a href="#[f3]">&gt;&gt;</a>&nbsp;&nbsp;&nbsp;GPDMA_ChannelConfigure
</UL>

<P><STRONG><a name="[fe]"></a>__NVIC_ClearPendingIRQ</STRONG> (Thumb, 22 bytes, Stack size 0 bytes, gpdma_lpc17xx.o(.text))
<BR><BR>[Called By]<UL><LI><a href="#[ee]">&gt;&gt;</a>&nbsp;&nbsp;&nbsp;GPDMA_Uninitialize
<LI><a href="#[eb]">&gt;&gt;</a>&nbsp;&nbsp;&nbsp;GPDMA_Initialize
</UL>

<P><STRONG><a name="[100]"></a>Clear_Channel_active_flag</STRONG> (Thumb, 28 bytes, Stack size 0 bytes, gpdma_lpc17xx.o(.text))
<BR><BR>[Called By]<UL><LI><a href="#[36]">&gt;&gt;</a>&nbsp;&nbsp;&nbsp;DMA_IRQHandler
<LI><a href="#[f0]">&gt;&gt;</a>&nbsp;&nbsp;&nbsp;GPDMA_ChannelDisable
<LI><a href="#[f3]">&gt;&gt;</a>&nbsp;&nbsp;&nbsp;GPDMA_ChannelConfigure
</UL>

<P><STRONG><a name="[75]"></a>__sti___11_WST_TMM_cpp_5cffd7cf</STRONG> (Thumb, 10 bytes, Stack size 8 bytes, wst_tmm.o(.text))
<BR><BR>[Stack]<UL><LI>Max Depth = 16<LI>Call Chain = __sti___11_WST_TMM_cpp_5cffd7cf &rArr; WST_TMM::WST_TMM()
</UL>
<BR>[Calls]<UL><LI><a href="#[115]">&gt;&gt;</a>&nbsp;&nbsp;&nbsp;WST_TMM::WST_TMM()
</UL>
<BR>[Address Reference Count : 1]<UL><LI> wst_tmm.o(.init_array)
</UL>
<P><STRONG><a name="[76]"></a>__sti___11_WST_TSK_cpp_b410bc26</STRONG> (Thumb, 22 bytes, Stack size 8 bytes, wst_tsk.o(.text))
<BR><BR>[Stack]<UL><LI>Max Depth = 80<LI>Call Chain = __sti___11_WST_TSK_cpp_b410bc26 &rArr; __aeabi_atexit &rArr; malloc &rArr; __Heap_Full &rArr; __Heap_ProvideMemory &rArr; free
</UL>
<BR>[Calls]<UL><LI><a href="#[96]">&gt;&gt;</a>&nbsp;&nbsp;&nbsp;__aeabi_atexit
<LI><a href="#[121]">&gt;&gt;</a>&nbsp;&nbsp;&nbsp;WST_TSK::WST_TSK()
</UL>
<BR>[Address Reference Count : 1]<UL><LI> wst_tsk.o(.init_array)
</UL>
<P><STRONG><a name="[44]"></a>&lang;Func3&rang;</STRONG> (Thumb, 18 bytes, Stack size 8 bytes, wst_tmr.o(.text))
<BR><BR>[Stack]<UL><LI>Max Depth = 32<LI>Call Chain = &lang;Func3&rang; &rArr; __aeabi_vec_dtor
</UL>
<BR>[Calls]<UL><LI><a href="#[12f]">&gt;&gt;</a>&nbsp;&nbsp;&nbsp;__aeabi_vec_dtor
</UL>
<BR>[Address Reference Count : 1]<UL><LI> wst_tmr.o(.text)
</UL>
<P><STRONG><a name="[77]"></a>__sti___11_WST_TMR_cpp_d87a1f05</STRONG> (Thumb, 26 bytes, Stack size 8 bytes, wst_tmr.o(.text))
<BR><BR>[Stack]<UL><LI>Max Depth = 80<LI>Call Chain = __sti___11_WST_TMR_cpp_d87a1f05 &rArr; __aeabi_atexit &rArr; malloc &rArr; __Heap_Full &rArr; __Heap_ProvideMemory &rArr; free
</UL>
<BR>[Calls]<UL><LI><a href="#[130]">&gt;&gt;</a>&nbsp;&nbsp;&nbsp;__aeabi_vec_ctor_nocookie_nodtor
<LI><a href="#[96]">&gt;&gt;</a>&nbsp;&nbsp;&nbsp;__aeabi_atexit
</UL>
<BR>[Address Reference Count : 1]<UL><LI> wst_tmr.o(.init_array)
</UL>
<P><STRONG><a name="[46]"></a>_printf_input_char</STRONG> (Thumb, 10 bytes, Stack size 0 bytes, _printf_char_common.o(.text))
<BR>[Address Reference Count : 1]<UL><LI> _printf_char_common.o(.text)
</UL>
<P><STRONG><a name="[47]"></a>[local to arm_exceptions_c]::__default_terminate_handler()</STRONG> (Thumb, 6 bytes, Stack size 8 bytes, arm_exceptions_globs.o(.text))
<BR><BR>[Stack]<UL><LI>Max Depth = 56 + Unknown Stack Size
<LI>Call Chain = [local to arm_exceptions_c]::__default_terminate_handler() &rArr; abort &rArr; __rt_SIGABRT &rArr; __rt_SIGABRT_inner &rArr; __default_signal_display &rArr; _ttywrch
</UL>
<BR>[Calls]<UL><LI><a href="#[141]">&gt;&gt;</a>&nbsp;&nbsp;&nbsp;abort
</UL>
<BR>[Address Reference Count : 1]<UL><LI> arm_exceptions_globs.o(.text)
</UL><P>
<H3>
Undefined Global Symbols
</H3><HR></body></html>
