<!doctype html public "-//w3c//dtd html 4.0 transitional//en">
<html><head>
<title>Static Call Graph - [.\Flash\Exercise_12_SDCard.axf]</title></head>
<body><HR>
<H1>Static Call Graph for image .\Flash\Exercise_12_SDCard.axf</H1><HR>
<BR><P>#&#060CALLGRAPH&#062# ARM Linker, 5060422: Last Updated: Thu Jun 01 15:38:02 2017
<BR><P>
<H3>Maximum Stack Usage =        624 bytes + Unknown(Functions without stacksize, Cycles, Untraceable Function Pointers)</H3><H3>
Call chain for Maximum Stack Depth:</H3>
SDCard::rootState_processEvent() &rArr; SDCard::append(char) &rArr; fopen &rArr; _freopen_locked &rArr; _sys_open &rArr; __sys_open &rArr; fat_open &rArr; path_create &rArr; frec_find &rArr; entry_pos_inc &rArr; alloc_table_read &rArr; cache_fat
<P>
<H3>
Functions with no stack information
</H3><UL>
 <LI><a href="#[2a5]">__user_initial_stackheap</a>
</UL>
</UL>
<P>
<H3>
Mutually Recursive functions
</H3> <LI><a href="#[3f]">rt_alloc_box</a>&nbsp;&nbsp;&nbsp;&rArr;&nbsp;&nbsp;&nbsp;<a href="#[3f]">rt_alloc_box</a><BR>
 <LI><a href="#[1d9]">WST_OSW_MEM_malloc(unsigned)</a>&nbsp;&nbsp;&nbsp;&rArr;&nbsp;&nbsp;&nbsp;<a href="#[14f]">WST_MEM::getMemory(unsigned)</a><BR>
 <LI><a href="#[13]">NMI_Handler</a>&nbsp;&nbsp;&nbsp;&rArr;&nbsp;&nbsp;&nbsp;<a href="#[13]">NMI_Handler</a><BR>
 <LI><a href="#[14]">HardFault_Handler</a>&nbsp;&nbsp;&nbsp;&rArr;&nbsp;&nbsp;&nbsp;<a href="#[14]">HardFault_Handler</a><BR>
 <LI><a href="#[15]">MemManage_Handler</a>&nbsp;&nbsp;&nbsp;&rArr;&nbsp;&nbsp;&nbsp;<a href="#[15]">MemManage_Handler</a><BR>
 <LI><a href="#[16]">BusFault_Handler</a>&nbsp;&nbsp;&nbsp;&rArr;&nbsp;&nbsp;&nbsp;<a href="#[16]">BusFault_Handler</a><BR>
 <LI><a href="#[17]">UsageFault_Handler</a>&nbsp;&nbsp;&nbsp;&rArr;&nbsp;&nbsp;&nbsp;<a href="#[17]">UsageFault_Handler</a><BR>
 <LI><a href="#[19]">DebugMon_Handler</a>&nbsp;&nbsp;&nbsp;&rArr;&nbsp;&nbsp;&nbsp;<a href="#[19]">DebugMon_Handler</a><BR>
 <LI><a href="#[32]">ADC_IRQHandler</a>&nbsp;&nbsp;&nbsp;&rArr;&nbsp;&nbsp;&nbsp;<a href="#[32]">ADC_IRQHandler</a><BR>
</UL>
<P>
<H3>
Function Pointers
</H3><UL>
 <LI><a href="#[41]">&lang;Func1&rang;</a> from ledbar.o(.text) referenced from ledbar.o(.text)
 <LI><a href="#[45]">&lang;Func3&rang;</a> from wst_tmr.o(.text) referenced from wst_tmr.o(.text)
 <LI><a href="#[32]">ADC_IRQHandler</a> from startup_lpc17xx.o(.text) referenced from startup_lpc17xx.o(RESET)
 <LI><a href="#[33]">BOD_IRQHandler</a> from startup_lpc17xx.o(.text) referenced from startup_lpc17xx.o(RESET)
 <LI><a href="#[16]">BusFault_Handler</a> from startup_lpc17xx.o(.text) referenced from startup_lpc17xx.o(RESET)
 <LI><a href="#[3e]">CANActivity_IRQHandler</a> from startup_lpc17xx.o(.text) referenced from startup_lpc17xx.o(RESET)
 <LI><a href="#[35]">CAN_IRQHandler</a> from startup_lpc17xx.o(.text) referenced from startup_lpc17xx.o(RESET)
 <LI><a href="#[36]">DMA_IRQHandler</a> from gpdma_lpc17xx.o(.text) referenced from startup_lpc17xx.o(RESET)
 <LI><a href="#[19]">DebugMon_Handler</a> from startup_lpc17xx.o(.text) referenced from startup_lpc17xx.o(RESET)
 <LI><a href="#[2e]">EINT0_IRQHandler</a> from startup_lpc17xx.o(.text) referenced from startup_lpc17xx.o(RESET)
 <LI><a href="#[2f]">EINT1_IRQHandler</a> from startup_lpc17xx.o(.text) referenced from startup_lpc17xx.o(RESET)
 <LI><a href="#[30]">EINT2_IRQHandler</a> from startup_lpc17xx.o(.text) referenced from startup_lpc17xx.o(RESET)
 <LI><a href="#[31]">EINT3_IRQHandler</a> from startup_lpc17xx.o(.text) referenced from startup_lpc17xx.o(RESET)
 <LI><a href="#[38]">ENET_IRQHandler</a> from startup_lpc17xx.o(.text) referenced from startup_lpc17xx.o(RESET)
 <LI><a href="#[14]">HardFault_Handler</a> from startup_lpc17xx.o(.text) referenced from startup_lpc17xx.o(RESET)
 <LI><a href="#[26]">I2C0_IRQHandler</a> from startup_lpc17xx.o(.text) referenced from startup_lpc17xx.o(RESET)
 <LI><a href="#[27]">I2C1_IRQHandler</a> from startup_lpc17xx.o(.text) referenced from startup_lpc17xx.o(RESET)
 <LI><a href="#[28]">I2C2_IRQHandler</a> from startup_lpc17xx.o(.text) referenced from startup_lpc17xx.o(RESET)
 <LI><a href="#[37]">I2S_IRQHandler</a> from startup_lpc17xx.o(.text) referenced from startup_lpc17xx.o(RESET)
 <LI><a href="#[4b]">MC0_SPI_SignalEvent</a> from fs_config.o(.text) referenced from fs_config.o(.text)
 <LI><a href="#[3a]">MCPWM_IRQHandler</a> from startup_lpc17xx.o(.text) referenced from startup_lpc17xx.o(RESET)
 <LI><a href="#[15]">MemManage_Handler</a> from startup_lpc17xx.o(.text) referenced from startup_lpc17xx.o(RESET)
 <LI><a href="#[13]">NMI_Handler</a> from startup_lpc17xx.o(.text) referenced from startup_lpc17xx.o(RESET)
 <LI><a href="#[2c]">PLL0_IRQHandler</a> from startup_lpc17xx.o(.text) referenced from startup_lpc17xx.o(RESET)
 <LI><a href="#[3c]">PLL1_IRQHandler</a> from startup_lpc17xx.o(.text) referenced from startup_lpc17xx.o(RESET)
 <LI><a href="#[25]">PWM1_IRQHandler</a> from startup_lpc17xx.o(.text) referenced from startup_lpc17xx.o(RESET)
 <LI><a href="#[1a]">PendSV_Handler</a> from hal_cm3.o(.emb_text) referenced from startup_lpc17xx.o(RESET)
 <LI><a href="#[3b]">QEI_IRQHandler</a> from startup_lpc17xx.o(.text) referenced from startup_lpc17xx.o(RESET)
 <LI><a href="#[39]">RIT_IRQHandler</a> from startup_lpc17xx.o(.text) referenced from startup_lpc17xx.o(RESET)
 <LI><a href="#[2d]">RTC_IRQHandler</a> from startup_lpc17xx.o(.text) referenced from startup_lpc17xx.o(RESET)
 <LI><a href="#[12]">Reset_Handler</a> from startup_lpc17xx.o(.text) referenced from startup_lpc17xx.o(RESET)
 <LI><a href="#[29]">SPI_IRQHandler</a> from startup_lpc17xx.o(.text) referenced from startup_lpc17xx.o(RESET)
 <LI><a href="#[7b]">SSP0_Control</a> from ssp_lpc17xx.o(.text) referenced from ssp_lpc17xx.o(.constdata)
 <LI><a href="#[6f]">SSP0_GPDMA_Rx_SignalEvent</a> from ssp_lpc17xx.o(.text) referenced from ssp_lpc17xx.o(.constdata)
 <LI><a href="#[6e]">SSP0_GPDMA_Tx_SignalEvent</a> from ssp_lpc17xx.o(.text) referenced from ssp_lpc17xx.o(.constdata)
 <LI><a href="#[7a]">SSP0_GetDataCount</a> from ssp_lpc17xx.o(.text) referenced from ssp_lpc17xx.o(.constdata)
 <LI><a href="#[7c]">SSP0_GetStatus</a> from ssp_lpc17xx.o(.text) referenced from ssp_lpc17xx.o(.constdata)
 <LI><a href="#[2a]">SSP0_IRQHandler</a> from ssp_lpc17xx.o(.text) referenced from startup_lpc17xx.o(RESET)
 <LI><a href="#[74]">SSP0_Initialize</a> from ssp_lpc17xx.o(.text) referenced from ssp_lpc17xx.o(.constdata)
 <LI><a href="#[76]">SSP0_PowerControl</a> from ssp_lpc17xx.o(.text) referenced from ssp_lpc17xx.o(.constdata)
 <LI><a href="#[78]">SSP0_Receive</a> from ssp_lpc17xx.o(.text) referenced from ssp_lpc17xx.o(.constdata)
 <LI><a href="#[77]">SSP0_Send</a> from ssp_lpc17xx.o(.text) referenced from ssp_lpc17xx.o(.constdata)
 <LI><a href="#[79]">SSP0_Transfer</a> from ssp_lpc17xx.o(.text) referenced from ssp_lpc17xx.o(.constdata)
 <LI><a href="#[75]">SSP0_Uninitialize</a> from ssp_lpc17xx.o(.text) referenced from ssp_lpc17xx.o(.constdata)
 <LI><a href="#[84]">SSP1_Control</a> from ssp_lpc17xx.o(.text) referenced from ssp_lpc17xx.o(.constdata)
 <LI><a href="#[71]">SSP1_GPDMA_Rx_SignalEvent</a> from ssp_lpc17xx.o(.text) referenced from ssp_lpc17xx.o(.constdata)
 <LI><a href="#[70]">SSP1_GPDMA_Tx_SignalEvent</a> from ssp_lpc17xx.o(.text) referenced from ssp_lpc17xx.o(.constdata)
 <LI><a href="#[83]">SSP1_GetDataCount</a> from ssp_lpc17xx.o(.text) referenced from ssp_lpc17xx.o(.constdata)
 <LI><a href="#[85]">SSP1_GetStatus</a> from ssp_lpc17xx.o(.text) referenced from ssp_lpc17xx.o(.constdata)
 <LI><a href="#[2b]">SSP1_IRQHandler</a> from ssp_lpc17xx.o(.text) referenced from startup_lpc17xx.o(RESET)
 <LI><a href="#[7d]">SSP1_Initialize</a> from ssp_lpc17xx.o(.text) referenced from ssp_lpc17xx.o(.constdata)
 <LI><a href="#[7f]">SSP1_PowerControl</a> from ssp_lpc17xx.o(.text) referenced from ssp_lpc17xx.o(.constdata)
 <LI><a href="#[81]">SSP1_Receive</a> from ssp_lpc17xx.o(.text) referenced from ssp_lpc17xx.o(.constdata)
 <LI><a href="#[80]">SSP1_Send</a> from ssp_lpc17xx.o(.text) referenced from ssp_lpc17xx.o(.constdata)
 <LI><a href="#[82]">SSP1_Transfer</a> from ssp_lpc17xx.o(.text) referenced from ssp_lpc17xx.o(.constdata)
 <LI><a href="#[7e]">SSP1_Uninitialize</a> from ssp_lpc17xx.o(.text) referenced from ssp_lpc17xx.o(.constdata)
 <LI><a href="#[73]">SSP_GetCapabilities</a> from ssp_lpc17xx.o(.text) referenced 2 times from ssp_lpc17xx.o(.constdata)
 <LI><a href="#[72]">SSP_GetVersion</a> from ssp_lpc17xx.o(.text) referenced 2 times from ssp_lpc17xx.o(.constdata)
 <LI><a href="#[18]">SVC_Handler</a> from hal_cm3.o(.emb_text) referenced from startup_lpc17xx.o(RESET)
 <LI><a href="#[1b]">SysTick_Handler</a> from hal_cm3.o(.emb_text) referenced from startup_lpc17xx.o(RESET)
 <LI><a href="#[49]">SystemInit</a> from system_lpc17xx.o(.text) referenced from startup_lpc17xx.o(.text)
 <LI><a href="#[1d]">TIMER0_IRQHandler</a> from startup_lpc17xx.o(.text) referenced from startup_lpc17xx.o(RESET)
 <LI><a href="#[1e]">TIMER1_IRQHandler</a> from startup_lpc17xx.o(.text) referenced from startup_lpc17xx.o(RESET)
 <LI><a href="#[1f]">TIMER2_IRQHandler</a> from startup_lpc17xx.o(.text) referenced from startup_lpc17xx.o(RESET)
 <LI><a href="#[20]">TIMER3_IRQHandler</a> from startup_lpc17xx.o(.text) referenced from startup_lpc17xx.o(RESET)
 <LI><a href="#[21]">UART0_IRQHandler</a> from startup_lpc17xx.o(.text) referenced from startup_lpc17xx.o(RESET)
 <LI><a href="#[22]">UART1_IRQHandler</a> from startup_lpc17xx.o(.text) referenced from startup_lpc17xx.o(RESET)
 <LI><a href="#[23]">UART2_IRQHandler</a> from startup_lpc17xx.o(.text) referenced from startup_lpc17xx.o(RESET)
 <LI><a href="#[24]">UART3_IRQHandler</a> from startup_lpc17xx.o(.text) referenced from startup_lpc17xx.o(RESET)
 <LI><a href="#[3d]">USBActivity_IRQHandler</a> from startup_lpc17xx.o(.text) referenced from startup_lpc17xx.o(RESET)
 <LI><a href="#[34]">USB_IRQHandler</a> from startup_lpc17xx.o(.text) referenced from startup_lpc17xx.o(RESET)
 <LI><a href="#[17]">UsageFault_Handler</a> from startup_lpc17xx.o(.text) referenced from startup_lpc17xx.o(RESET)
 <LI><a href="#[1c]">WDT_IRQHandler</a> from startup_lpc17xx.o(.text) referenced from startup_lpc17xx.o(RESET)
 <LI><a href="#[57]">__default_new_handler()</a> from arm_newhandler_noexceptions.o(.text) referenced from new.o(i._Znwj)
 <LI><a href="#[2b5]">WST_Monitor_receiveTask(void*)</a> from wstmonitor.o(CODE_ANIM_RUNNING_FAST) referenced from wstmonitor.o(CODE_ANIM_RUNNING_FAST)
 <LI><a href="#[2bf]">WST_OSW_TMM_timerCallBack(const void*)</a> from wst_osw.o(CODE_RXF_RUNNING_FAST) referenced from wst_osw.o(CODE_RXF_RUNNING_FAST)
 <LI><a href="#[93]">TestBuilder::startBehavior()</a> from testbuilder.o(.text) referenced from testbuilder.o(.constdata__ZTV11TestBuilder)
 <LI><a href="#[94]">TestBuilder::destroy()</a> from testbuilder.o(.text) referenced from testbuilder.o(.constdata__ZTV11TestBuilder)
 <LI><a href="#[8d]">TestBuilder::~TestBuilder__deallocating()</a> from testbuilder.o(.text) referenced from testbuilder.o(.constdata__ZTV11TestBuilder)
 <LI><a href="#[8c]">TestBuilder::~TestBuilder()</a> from testbuilder.o(.text) referenced from testbuilder.o(.constdata__ZTV11TestBuilder)
 <LI><a href="#[96]">evJoystickPos::~evJoystickPos__deallocating()</a> from defaultpkg.o(i._ZN13evJoystickPosD0Ev) referenced from defaultpkg.o(.constdata__ZTV13evJoystickPos)
 <LI><a href="#[95]">evJoystickPos::~evJoystickPos()</a> from defaultpkg.o(i._ZN13evJoystickPosD1Ev) referenced from defaultpkg.o(.constdata__ZTV13evJoystickPos)
 <LI><a href="#[9c]">RunningIndicatorLed::cancelTimeout(const WST_TMR*)</a> from runningindicatorled.o(.text) referenced from runningindicatorled.o(.constdata__ZTV19RunningIndicatorLed)
 <LI><a href="#[9b]">RunningIndicatorLed::startBehavior()</a> from runningindicatorled.o(.text) referenced from runningindicatorled.o(.constdata__ZTV19RunningIndicatorLed)
 <LI><a href="#[9d]">RunningIndicatorLed::rootState_entDef()</a> from runningindicatorled.o(.text) referenced from runningindicatorled.o(.constdata__ZTV19RunningIndicatorLed)
 <LI><a href="#[9e]">RunningIndicatorLed::rootState_processEvent()</a> from runningindicatorled.o(.text) referenced from runningindicatorled.o(.constdata__ZTV19RunningIndicatorLed)
 <LI><a href="#[9a]">RunningIndicatorLed::~RunningIndicatorLed__deallocating()</a> from runningindicatorled.o(.text) referenced from runningindicatorled.o(.constdata__ZTV19RunningIndicatorLed)
 <LI><a href="#[99]">RunningIndicatorLed::~RunningIndicatorLed()</a> from runningindicatorled.o(.text) referenced from runningindicatorled.o(.constdata__ZTV19RunningIndicatorLed)
 <LI><a href="#[53]">[local to arm_exceptions_c]::__default_terminate_handler()</a> from arm_exceptions_globs.o(.text) referenced from arm_exceptions_globs.o(.text)
 <LI><a href="#[a6]">Led::cancelTimeout(const WST_TMR*)</a> from led.o(.text) referenced from led.o(.constdata__ZTV3Led)
 <LI><a href="#[a8]">Led::startBehavior()</a> from led.o(.text) referenced from led.o(.constdata__ZTV3Led)
 <LI><a href="#[a5]">Led::rootState_entDef()</a> from led.o(.text) referenced from led.o(.constdata__ZTV3Led)
 <LI><a href="#[a7]">Led::rootState_processEvent()</a> from led.o(.text) referenced from led.o(.constdata__ZTV3Led)
 <LI><a href="#[a4]">Led::~Led__deallocating()</a> from led.o(.text) referenced from led.o(.constdata__ZTV3Led)
 <LI><a href="#[42]">Led::~Led()</a> from led.o(.text) referenced from led.o(.constdata__ZTV3Led)
 <LI><a href="#[42]">Led::~Led()</a> from led.o(.text) referenced from ledbar.o(.text)
 <LI><a href="#[aa]">evOn::~evOn__deallocating()</a> from defaultpkg.o(i._ZN4evOnD0Ev) referenced from defaultpkg.o(.constdata__ZTV4evOn)
 <LI><a href="#[a9]">evOn::~evOn()</a> from defaultpkg.o(i._ZN4evOnD1Ev) referenced from defaultpkg.o(.constdata__ZTV4evOn)
 <LI><a href="#[ad]">Clock::~Clock__deallocating()</a> from clock.o(.text) referenced from clock.o(.constdata__ZTV5Clock)
 <LI><a href="#[ac]">Clock::~Clock()</a> from clock.o(.text) referenced from clock.o(.constdata__ZTV5Clock)
 <LI><a href="#[af]">evOff::~evOff__deallocating()</a> from defaultpkg.o(i._ZN5evOffD0Ev) referenced from defaultpkg.o(.constdata__ZTV5evOff)
 <LI><a href="#[ae]">evOff::~evOff()</a> from defaultpkg.o(i._ZN5evOffD1Ev) referenced from defaultpkg.o(.constdata__ZTV5evOff)
 <LI><a href="#[b5]">LedBar::startBehavior()</a> from ledbar.o(.text) referenced from ledbar.o(.constdata__ZTV6LedBar)
 <LI><a href="#[b3]">LedBar::rootState_entDef()</a> from ledbar.o(.text) referenced from ledbar.o(.constdata__ZTV6LedBar)
 <LI><a href="#[b4]">LedBar::rootState_processEvent()</a> from ledbar.o(.text) referenced from ledbar.o(.constdata__ZTV6LedBar)
 <LI><a href="#[b6]">LedBar::destroy()</a> from ledbar.o(.text) referenced from ledbar.o(.constdata__ZTV6LedBar)
 <LI><a href="#[b2]">LedBar::~LedBar__deallocating()</a> from ledbar.o(.text) referenced from ledbar.o(.constdata__ZTV6LedBar)
 <LI><a href="#[b1]">LedBar::~LedBar()</a> from ledbar.o(.text) referenced from ledbar.o(.constdata__ZTV6LedBar)
 <LI><a href="#[b7]">OMList&lang;OMString&rang;::~OMList()</a> from display.o(t._ZN6OMListI8OMStringED1Ev) referenced from display.o(.constdata__ZTV6OMListI8OMStringE)
 <LI><a href="#[bf]">SDCard::startBehavior()</a> from sdcard.o(.text) referenced from sdcard.o(.constdata__ZTV6SDCard)
 <LI><a href="#[bd]">SDCard::rootState_entDef()</a> from sdcard.o(.text) referenced from sdcard.o(.constdata__ZTV6SDCard)
 <LI><a href="#[be]">SDCard::rootState_processEvent()</a> from sdcard.o(.text) referenced from sdcard.o(.constdata__ZTV6SDCard)
 <LI><a href="#[bc]">SDCard::~SDCard__deallocating()</a> from sdcard.o(.text) referenced from sdcard.o(.constdata__ZTV6SDCard)
 <LI><a href="#[bb]">SDCard::~SDCard()</a> from sdcard.o(.text) referenced from sdcard.o(.constdata__ZTV6SDCard)
 <LI><a href="#[c4]">Display::startBehavior()</a> from display.o(.text) referenced from display.o(.constdata__ZTV7Display)
 <LI><a href="#[c2]">Display::rootState_entDef()</a> from display.o(.text) referenced from display.o(.constdata__ZTV7Display)
 <LI><a href="#[c3]">Display::rootState_processEvent()</a> from display.o(.text) referenced from display.o(.constdata__ZTV7Display)
 <LI><a href="#[c1]">Display::~Display__deallocating()</a> from display.o(.text) referenced from display.o(.constdata__ZTV7Display)
 <LI><a href="#[c0]">Display::~Display()</a> from display.o(.text) referenced from display.o(.constdata__ZTV7Display)
 <LI><a href="#[c5]">WST_EVT::~WST_EVT__deallocating()</a> from defaultpkg.o(CODE_RXF_RUNNING_FAST) referenced from defaultpkg.o(.constdata__ZTV7WST_EVT)
 <LI><a href="#[8f]">WST_FSM::cancelTimeout(const WST_TMR*)</a> from wst_fsm.o(.text) referenced from testbuilder.o(.constdata__ZTV11TestBuilder)
 <LI><a href="#[8f]">WST_FSM::cancelTimeout(const WST_TMR*)</a> from wst_fsm.o(.text) referenced from ledbar.o(.constdata__ZTV6LedBar)
 <LI><a href="#[8f]">WST_FSM::cancelTimeout(const WST_TMR*)</a> from wst_fsm.o(.text) referenced from sdcard.o(.constdata__ZTV6SDCard)
 <LI><a href="#[8f]">WST_FSM::cancelTimeout(const WST_TMR*)</a> from wst_fsm.o(.text) referenced from display.o(.constdata__ZTV7Display)
 <LI><a href="#[8f]">WST_FSM::cancelTimeout(const WST_TMR*)</a> from wst_fsm.o(.text) referenced from wst_fsm.o(.constdata__ZTV7WST_FSM)
 <LI><a href="#[8e]">WST_FSM::rootState_entDef()</a> from wst_fsm.o(.text) referenced from testbuilder.o(.constdata__ZTV11TestBuilder)
 <LI><a href="#[8e]">WST_FSM::rootState_entDef()</a> from wst_fsm.o(.text) referenced from wst_fsm.o(.constdata__ZTV7WST_FSM)
 <LI><a href="#[90]">WST_FSM::rootState_processEvent()</a> from wst_fsm.o(.text) referenced from testbuilder.o(.constdata__ZTV11TestBuilder)
 <LI><a href="#[90]">WST_FSM::rootState_processEvent()</a> from wst_fsm.o(.text) referenced from wst_fsm.o(.constdata__ZTV7WST_FSM)
 <LI><a href="#[91]">WST_FSM::send(WST_EVT*)</a> from wst_fsm.o(.text) referenced from testbuilder.o(.constdata__ZTV11TestBuilder)
 <LI><a href="#[91]">WST_FSM::send(WST_EVT*)</a> from wst_fsm.o(.text) referenced from runningindicatorled.o(.constdata__ZTV19RunningIndicatorLed)
 <LI><a href="#[91]">WST_FSM::send(WST_EVT*)</a> from wst_fsm.o(.text) referenced from led.o(.constdata__ZTV3Led)
 <LI><a href="#[91]">WST_FSM::send(WST_EVT*)</a> from wst_fsm.o(.text) referenced from ledbar.o(.constdata__ZTV6LedBar)
 <LI><a href="#[91]">WST_FSM::send(WST_EVT*)</a> from wst_fsm.o(.text) referenced from sdcard.o(.constdata__ZTV6SDCard)
 <LI><a href="#[91]">WST_FSM::send(WST_EVT*)</a> from wst_fsm.o(.text) referenced from display.o(.constdata__ZTV7Display)
 <LI><a href="#[91]">WST_FSM::send(WST_EVT*)</a> from wst_fsm.o(.text) referenced from wst_fsm.o(.constdata__ZTV7WST_FSM)
 <LI><a href="#[91]">WST_FSM::send(WST_EVT*)</a> from wst_fsm.o(.text) referenced from joystick.o(.constdata__ZTV8Joystick)
 <LI><a href="#[92]">WST_FSM::send(WST_EVT*, const void*&)</a> from wst_fsm.o(.text) referenced from testbuilder.o(.constdata__ZTV11TestBuilder)
 <LI><a href="#[92]">WST_FSM::send(WST_EVT*, const void*&)</a> from wst_fsm.o(.text) referenced from runningindicatorled.o(.constdata__ZTV19RunningIndicatorLed)
 <LI><a href="#[92]">WST_FSM::send(WST_EVT*, const void*&)</a> from wst_fsm.o(.text) referenced from led.o(.constdata__ZTV3Led)
 <LI><a href="#[92]">WST_FSM::send(WST_EVT*, const void*&)</a> from wst_fsm.o(.text) referenced from ledbar.o(.constdata__ZTV6LedBar)
 <LI><a href="#[92]">WST_FSM::send(WST_EVT*, const void*&)</a> from wst_fsm.o(.text) referenced from sdcard.o(.constdata__ZTV6SDCard)
 <LI><a href="#[92]">WST_FSM::send(WST_EVT*, const void*&)</a> from wst_fsm.o(.text) referenced from display.o(.constdata__ZTV7Display)
 <LI><a href="#[92]">WST_FSM::send(WST_EVT*, const void*&)</a> from wst_fsm.o(.text) referenced from wst_fsm.o(.constdata__ZTV7WST_FSM)
 <LI><a href="#[92]">WST_FSM::send(WST_EVT*, const void*&)</a> from wst_fsm.o(.text) referenced from joystick.o(.constdata__ZTV8Joystick)
 <LI><a href="#[c7]">WST_FSM::~WST_FSM__deallocating()</a> from wst_fsm.o(.text) referenced from wst_fsm.o(.constdata__ZTV7WST_FSM)
 <LI><a href="#[c6]">WST_FSM::~WST_FSM()</a> from wst_fsm.o(.text) referenced from wst_fsm.o(.constdata__ZTV7WST_FSM)
 <LI><a href="#[56]">WST_MSQ::~WST_MSQ()</a> from wst_msq.o(.text) referenced from wst_osw.o(CODE_RXF_RUNNING_FAST)
 <LI><a href="#[44]">WST_TMR::WST_TMR()</a> from wst_tmr.o(i._ZN7WST_TMRC1Ev) referenced from wst_tmr.o(.text)
 <LI><a href="#[c8]">WST_TMR::~WST_TMR__deallocating()</a> from wst_tmm.o(i._ZN7WST_TMRD0Ev) referenced from wst_tmm.o(.constdata__ZTV7WST_TMR)
 <LI><a href="#[43]">WST_TMR::~WST_TMR()</a> from wst_tmm.o(i._ZN7WST_TMRD1Ev) referenced from wst_tmm.o(.constdata__ZTV7WST_TMR)
 <LI><a href="#[43]">WST_TMR::~WST_TMR()</a> from wst_tmm.o(i._ZN7WST_TMRD1Ev) referenced from wst_tmr.o(.text)
 <LI><a href="#[55]">WST_TSK::task_start(void*)</a> from wst_tsk.o(.text) referenced from wst_osw.o(CODE_RXF_RUNNING_FAST)
 <LI><a href="#[c9]">WST_TSK::~WST_TSK__deallocating()</a> from wst_tsk.o(.text) referenced from wst_tsk.o(.constdata__ZTV7WST_TSK)
 <LI><a href="#[46]">WST_TSK::~WST_TSK()</a> from wst_tsk.o(.text) referenced from wst_tsk.o(.constdata__ZTV7WST_TSK)
 <LI><a href="#[46]">WST_TSK::~WST_TSK()</a> from wst_tsk.o(.text) referenced from wstrtos.o(.text)
 <LI><a href="#[cb]">evBlink::~evBlink__deallocating()</a> from defaultpkg.o(i._ZN7evBlinkD0Ev) referenced from defaultpkg.o(.constdata__ZTV7evBlink)
 <LI><a href="#[ca]">evBlink::~evBlink()</a> from defaultpkg.o(i._ZN7evBlinkD1Ev) referenced from defaultpkg.o(.constdata__ZTV7evBlink)
 <LI><a href="#[ce]">evError::~evError__deallocating()</a> from defaultpkg.o(i._ZN7evErrorD0Ev) referenced from defaultpkg.o(.constdata__ZTV7evError)
 <LI><a href="#[cd]">evError::~evError()</a> from defaultpkg.o(i._ZN7evErrorD1Ev) referenced from defaultpkg.o(.constdata__ZTV7evError)
 <LI><a href="#[d1]">evSDLog::~evSDLog__deallocating()</a> from defaultpkg.o(i._ZN7evSDLogD0Ev) referenced from defaultpkg.o(.constdata__ZTV7evSDLog)
 <LI><a href="#[d0]">evSDLog::~evSDLog()</a> from defaultpkg.o(i._ZN7evSDLogD1Ev) referenced from defaultpkg.o(.constdata__ZTV7evSDLog)
 <LI><a href="#[d6]">Joystick::cancelTimeout(const WST_TMR*)</a> from joystick.o(.text) referenced from joystick.o(.constdata__ZTV8Joystick)
 <LI><a href="#[d5]">Joystick::startBehavior()</a> from joystick.o(.text) referenced from joystick.o(.constdata__ZTV8Joystick)
 <LI><a href="#[d7]">Joystick::rootState_entDef()</a> from joystick.o(.text) referenced from joystick.o(.constdata__ZTV8Joystick)
 <LI><a href="#[d8]">Joystick::rootState_processEvent()</a> from joystick.o(.text) referenced from joystick.o(.constdata__ZTV8Joystick)
 <LI><a href="#[d4]">Joystick::~Joystick__deallocating()</a> from joystick.o(.text) referenced from joystick.o(.constdata__ZTV8Joystick)
 <LI><a href="#[d3]">Joystick::~Joystick()</a> from joystick.o(.text) referenced from joystick.o(.constdata__ZTV8Joystick)
 <LI><a href="#[df]">evSDLog2::~evSDLog2__deallocating()</a> from defaultpkg.o(i._ZN8evSDLog2D0Ev) referenced from defaultpkg.o(.constdata__ZTV8evSDLog2)
 <LI><a href="#[de]">evSDLog2::~evSDLog2()</a> from defaultpkg.o(i._ZN8evSDLog2D1Ev) referenced from defaultpkg.o(.constdata__ZTV8evSDLog2)
 <LI><a href="#[e2]">evToggle::~evToggle__deallocating()</a> from defaultpkg.o(i._ZN8evToggleD0Ev) referenced from defaultpkg.o(.constdata__ZTV8evToggle)
 <LI><a href="#[e1]">evToggle::~evToggle()</a> from defaultpkg.o(i._ZN8evToggleD1Ev) referenced from defaultpkg.o(.constdata__ZTV8evToggle)
 <LI><a href="#[97]">evJoystickPos::isTypeOf(short) const</a> from defaultpkg.o(.text) referenced from defaultpkg.o(.constdata__ZTV13evJoystickPos)
 <LI><a href="#[ab]">evOn::isTypeOf(short) const</a> from defaultpkg.o(.text) referenced from defaultpkg.o(.constdata__ZTV4evOn)
 <LI><a href="#[b0]">evOff::isTypeOf(short) const</a> from defaultpkg.o(.text) referenced from defaultpkg.o(.constdata__ZTV5evOff)
 <LI><a href="#[b8]">OMList&lang;OMString&rang;::getCurrent(void*) const</a> from display.o(t._ZNK6OMListI8OMStringE10getCurrentEPv) referenced from display.o(.constdata__ZTV6OMListI8OMStringE)
 <LI><a href="#[ba]">OMList&lang;OMString&rang;::getNext(void*&) const</a> from display.o(t._ZNK6OMListI8OMStringE7getNextERPv) referenced from display.o(.constdata__ZTV6OMListI8OMStringE)
 <LI><a href="#[b9]">OMList&lang;OMString&rang;::getFirst(void*&) const</a> from display.o(t._ZNK6OMListI8OMStringE8getFirstERPv) referenced from display.o(.constdata__ZTV6OMListI8OMStringE)
 <LI><a href="#[cc]">evBlink::isTypeOf(short) const</a> from defaultpkg.o(.text) referenced from defaultpkg.o(.constdata__ZTV7evBlink)
 <LI><a href="#[cf]">evError::isTypeOf(short) const</a> from defaultpkg.o(.text) referenced from defaultpkg.o(.constdata__ZTV7evError)
 <LI><a href="#[d2]">evSDLog::isTypeOf(short) const</a> from defaultpkg.o(.text) referenced from defaultpkg.o(.constdata__ZTV7evSDLog)
 <LI><a href="#[e0]">evSDLog2::isTypeOf(short) const</a> from defaultpkg.o(.text) referenced from defaultpkg.o(.constdata__ZTV8evSDLog2)
 <LI><a href="#[e3]">evToggle::isTypeOf(short) const</a> from defaultpkg.o(.text) referenced from defaultpkg.o(.constdata__ZTV8evToggle)
 <LI><a href="#[a2]">thunk{-64} to RunningIndicatorLed::cancelTimeout(const WST_TMR*)</a> from runningindicatorled.o(.text) referenced from runningindicatorled.o(.constdata__ZTV19RunningIndicatorLed)
 <LI><a href="#[a1]">thunk{-64} to RunningIndicatorLed::rootState_entDef()</a> from runningindicatorled.o(.text) referenced from runningindicatorled.o(.constdata__ZTV19RunningIndicatorLed)
 <LI><a href="#[a3]">thunk{-64} to RunningIndicatorLed::rootState_processEvent()</a> from runningindicatorled.o(.text) referenced from runningindicatorled.o(.constdata__ZTV19RunningIndicatorLed)
 <LI><a href="#[a0]">thunk{-64} to RunningIndicatorLed::~RunningIndicatorLed__deallocating()</a> from runningindicatorled.o(.text) referenced from runningindicatorled.o(.constdata__ZTV19RunningIndicatorLed)
 <LI><a href="#[9f]">thunk{-64} to RunningIndicatorLed::~RunningIndicatorLed()</a> from runningindicatorled.o(.text) referenced from runningindicatorled.o(.constdata__ZTV19RunningIndicatorLed)
 <LI><a href="#[dc]">thunk{-64} to Joystick::cancelTimeout(const WST_TMR*)</a> from joystick.o(.text) referenced from joystick.o(.constdata__ZTV8Joystick)
 <LI><a href="#[db]">thunk{-64} to Joystick::rootState_entDef()</a> from joystick.o(.text) referenced from joystick.o(.constdata__ZTV8Joystick)
 <LI><a href="#[dd]">thunk{-64} to Joystick::rootState_processEvent()</a> from joystick.o(.text) referenced from joystick.o(.constdata__ZTV8Joystick)
 <LI><a href="#[da]">thunk{-64} to Joystick::~Joystick__deallocating()</a> from joystick.o(.text) referenced from joystick.o(.constdata__ZTV8Joystick)
 <LI><a href="#[d9]">thunk{-64} to Joystick::~Joystick()</a> from joystick.o(.text) referenced from joystick.o(.constdata__ZTV8Joystick)
 <LI><a href="#[98]">__cxa_pure_virtual</a> from pure_virt.o(i.__cxa_pure_virtual) referenced 3 times from display.o(.constdata__ZTV19OMAbstractContainerI8OMStringE)
 <LI><a href="#[e7]">__main</a> from __main.o(!!!main) referenced from startup_lpc17xx.o(.text)
 <LI><a href="#[e6]">__sti___11_WSTRTOS_cpp_b410bc26</a> from wstrtos.o(.text) referenced from wstrtos.o(.init_array)
 <LI><a href="#[e4]">__sti___11_WST_TMM_cpp_5cffd7cf</a> from wst_tmm.o(.text) referenced from wst_tmm.o(.init_array)
 <LI><a href="#[e5]">__sti___11_WST_TMR_cpp_d87a1f05</a> from wst_tmr.o(.text) referenced from wst_tmr.o(.init_array)
 <LI><a href="#[54]">_fputc$unlocked</a> from fputc.o(i.fputc) referenced from _printf_char_file_locked.o(.text)
 <LI><a href="#[4f]">_get_lc_ctype</a> from lc_ctype_c.o(locale$$code) referenced from rt_ctype_table.o(.text)
 <LI><a href="#[50]">_printf_input_char</a> from _printf_char_common.o(.text) referenced from _printf_char_common.o(.text)
 <LI><a href="#[4e]">_sbackspace</a> from _sgetc.o(.text) referenced from __0sscanf.o(.text)
 <LI><a href="#[51]">_scanf_char_input</a> from scanf_char.o(.text) referenced from scanf_char.o(.text)
 <LI><a href="#[4d]">_sgetc</a> from _sgetc.o(.text) referenced from __0sscanf.o(.text)
 <LI><a href="#[4c]">_sputc</a> from _sputc.o(.text) referenced from noretval__2sprintf.o(.text)
 <LI><a href="#[52]">isspace</a> from isspace.o(.text) referenced from scanf_char.o(.text)
 <LI><a href="#[6d]">main</a> from rxf_behaviorpkg.o(.text) referenced from rtx_conf_cm.o(.constdata)
 <LI><a href="#[8b]">mc0_DevCtrl</a> from fs_config.o(.text) referenced from fs_config.o(.constdata)
 <LI><a href="#[86]">mc0_Init</a> from fs_config.o(.text) referenced from fs_config.o(.constdata)
 <LI><a href="#[8a]">mc0_RdInfo</a> from fs_config.o(.text) referenced from fs_config.o(.constdata)
 <LI><a href="#[88]">mc0_RdSect</a> from fs_config.o(.text) referenced from fs_config.o(.constdata)
 <LI><a href="#[87]">mc0_UnInit</a> from fs_config.o(.text) referenced from fs_config.o(.constdata)
 <LI><a href="#[89]">mc0_WrSect</a> from fs_config.o(.text) referenced from fs_config.o(.constdata)
 <LI><a href="#[6b]">osThreadExit</a> from rt_cmsis.o(i.osThreadExit) referenced from rt_cmsis.o(i.svcThreadCreate)
 <LI><a href="#[6c]">osTimerThread</a> from rt_cmsis.o(i.osTimerThread) referenced from rtx_conf_cm.o(.constdata)
 <LI><a href="#[6a]">os_idle_demon</a> from rtx_conf_cm.o(.text) referenced from rt_task.o(i.rt_sys_init)
 <LI><a href="#[3f]">rt_alloc_box</a> from rt_membox.o(i.rt_alloc_box) referenced from hal_cm3.o(.emb_text)
 <LI><a href="#[40]">rt_free_box</a> from rt_membox.o(i.rt_free_box) referenced from hal_cm3.o(.emb_text)
 <LI><a href="#[48]">rt_mut_release</a> from rt_mutex.o(i.rt_mut_release) referenced from rtx_conf_cm.o(.text)
 <LI><a href="#[47]">rt_mut_wait</a> from rt_mutex.o(i.rt_mut_wait) referenced from rtx_conf_cm.o(.text)
 <LI><a href="#[58]">svcDelay</a> from rt_cmsis.o(i.svcDelay) referenced from rt_cmsis.o(i.osDelay)
 <LI><a href="#[59]">svcKernelInitialize</a> from rt_cmsis.o(i.svcKernelInitialize) referenced from rt_cmsis.o(i.osKernelInitialize)
 <LI><a href="#[5a]">svcKernelRunning</a> from rt_cmsis.o(i.svcKernelRunning) referenced from rt_cmsis.o(i.osKernelRunning)
 <LI><a href="#[5b]">svcKernelStart</a> from rt_cmsis.o(i.svcKernelStart) referenced from rt_cmsis.o(i.osKernelStart)
 <LI><a href="#[5c]">svcKernelSysTick</a> from rt_cmsis.o(i.svcKernelSysTick) referenced from rt_cmsis.o(i.osKernelSysTick)
 <LI><a href="#[5d]">svcMessageCreate</a> from rt_cmsis.o(i.svcMessageCreate) referenced from rt_cmsis.o(i.osMessageCreate)
 <LI><a href="#[5e]">svcMessageGet</a> from rt_cmsis.o(i.svcMessageGet) referenced from rt_cmsis.o(i.osMessageGet)
 <LI><a href="#[5f]">svcMessagePut</a> from rt_cmsis.o(i.svcMessagePut) referenced from rt_cmsis.o(i.osMessagePut)
 <LI><a href="#[60]">svcMutexCreate</a> from rt_cmsis.o(i.svcMutexCreate) referenced from rt_cmsis.o(i.osMutexCreate)
 <LI><a href="#[61]">svcMutexDelete</a> from rt_cmsis.o(i.svcMutexDelete) referenced from rt_cmsis.o(i.osMutexDelete)
 <LI><a href="#[62]">svcMutexRelease</a> from rt_cmsis.o(i.svcMutexRelease) referenced from rt_cmsis.o(i.osMutexRelease)
 <LI><a href="#[63]">svcMutexWait</a> from rt_cmsis.o(i.svcMutexWait) referenced from rt_cmsis.o(i.osMutexWait)
 <LI><a href="#[64]">svcThreadCreate</a> from rt_cmsis.o(i.svcThreadCreate) referenced from rt_cmsis.o(i.osThreadCreate)
 <LI><a href="#[65]">svcThreadGetId</a> from rt_cmsis.o(i.svcThreadGetId) referenced from rt_cmsis.o(i.osThreadExit)
 <LI><a href="#[65]">svcThreadGetId</a> from rt_cmsis.o(i.svcThreadGetId) referenced from rt_cmsis.o(i.osThreadGetId)
 <LI><a href="#[66]">svcThreadTerminate</a> from rt_cmsis.o(i.svcThreadTerminate) referenced from rt_cmsis.o(i.osThreadExit)
 <LI><a href="#[66]">svcThreadTerminate</a> from rt_cmsis.o(i.svcThreadTerminate) referenced from rt_cmsis.o(i.osThreadTerminate)
 <LI><a href="#[67]">svcTimerCall</a> from rt_cmsis.o(i.svcTimerCall) referenced from rt_cmsis.o(i.osTimerCall)
 <LI><a href="#[68]">svcTimerCreate</a> from rt_cmsis.o(i.svcTimerCreate) referenced from rt_cmsis.o(i.osTimerCreate)
 <LI><a href="#[69]">svcTimerStart</a> from rt_cmsis.o(i.svcTimerStart) referenced from rt_cmsis.o(i.osTimerStart)
</UL>
<P>
<H3>
Global Symbols
</H3>
<P><STRONG><a name="[e7]"></a>__main</STRONG> (Thumb, 8 bytes, Stack size 0 bytes, __main.o(!!!main))
<BR><BR>[Calls]<UL><LI><a href="#[f1]">&gt;&gt;</a>&nbsp;&nbsp;&nbsp;__rt_entry
<LI><a href="#[f0]">&gt;&gt;</a>&nbsp;&nbsp;&nbsp;__scatterload
</UL>

<P><STRONG><a name="[f0]"></a>__scatterload</STRONG> (Thumb, 0 bytes, Stack size unknown bytes, __scatter.o(!!!scatter))
<BR><BR>[Called By]<UL><LI><a href="#[e7]">&gt;&gt;</a>&nbsp;&nbsp;&nbsp;__main
</UL>

<P><STRONG><a name="[f2]"></a>__scatterload_rt2</STRONG> (Thumb, 44 bytes, Stack size unknown bytes, __scatter.o(!!!scatter), UNUSED)
<BR><BR>[Calls]<UL><LI><a href="#[f1]">&gt;&gt;</a>&nbsp;&nbsp;&nbsp;__rt_entry
</UL>

<P><STRONG><a name="[37c]"></a>__scatterload_rt2_thumb_only</STRONG> (Thumb, 0 bytes, Stack size unknown bytes, __scatter.o(!!!scatter), UNUSED)

<P><STRONG><a name="[37d]"></a>__scatterload_null</STRONG> (Thumb, 0 bytes, Stack size unknown bytes, __scatter.o(!!!scatter), UNUSED)

<P><STRONG><a name="[f3]"></a>__scatterload_copy</STRONG> (Thumb, 26 bytes, Stack size unknown bytes, __scatter_copy.o(!!handler_copy), UNUSED)
<BR><BR>[Calls]<UL><LI><a href="#[f3]">&gt;&gt;</a>&nbsp;&nbsp;&nbsp;__scatterload_copy
</UL>
<BR>[Called By]<UL><LI><a href="#[f3]">&gt;&gt;</a>&nbsp;&nbsp;&nbsp;__scatterload_copy
</UL>

<P><STRONG><a name="[37e]"></a>__scatterload_zeroinit</STRONG> (Thumb, 28 bytes, Stack size unknown bytes, __scatter_zi.o(!!handler_zi), UNUSED)

<P><STRONG><a name="[f4]"></a>_printf_d</STRONG> (Thumb, 0 bytes, Stack size unknown bytes, _printf_d.o(.ARM.Collect$$_printf_percent$$00000009))
<BR><BR>[Stack]<UL><LI>Max Depth = 72 + Unknown Stack Size
<LI>Call Chain = _printf_d &rArr; _printf_int_dec &rArr; _printf_int_common &rArr; _printf_post_padding
</UL>
<BR>[Calls]<UL><LI><a href="#[f5]">&gt;&gt;</a>&nbsp;&nbsp;&nbsp;_printf_int_dec
</UL>

<P><STRONG><a name="[26f]"></a>_printf_percent</STRONG> (Thumb, 0 bytes, Stack size unknown bytes, _printf_percent.o(.ARM.Collect$$_printf_percent$$00000000))
<BR><BR>[Called By]<UL><LI><a href="#[26d]">&gt;&gt;</a>&nbsp;&nbsp;&nbsp;__printf
</UL>

<P><STRONG><a name="[f6]"></a>_printf_s</STRONG> (Thumb, 0 bytes, Stack size unknown bytes, _printf_s.o(.ARM.Collect$$_printf_percent$$00000014))
<BR><BR>[Stack]<UL><LI>Max Depth = 40 + Unknown Stack Size
<LI>Call Chain = _printf_s &rArr; _printf_string &rArr; _printf_cs_common &rArr; _printf_str &rArr; _printf_post_padding
</UL>
<BR>[Calls]<UL><LI><a href="#[f7]">&gt;&gt;</a>&nbsp;&nbsp;&nbsp;_printf_string
</UL>

<P><STRONG><a name="[37f]"></a>_printf_percent_end</STRONG> (Thumb, 0 bytes, Stack size unknown bytes, _printf_percent_end.o(.ARM.Collect$$_printf_percent$$00000017))

<P><STRONG><a name="[107]"></a>__rt_lib_init</STRONG> (Thumb, 0 bytes, Stack size unknown bytes, libinit.o(.ARM.Collect$$libinit$$00000000))
<BR><BR>[Called By]<UL><LI><a href="#[106]">&gt;&gt;</a>&nbsp;&nbsp;&nbsp;__rt_entry_li
</UL>

<P><STRONG><a name="[380]"></a>__rt_lib_init_fp_1</STRONG> (Thumb, 0 bytes, Stack size unknown bytes, libinit2.o(.ARM.Collect$$libinit$$00000002))

<P><STRONG><a name="[f8]"></a>__rt_lib_init_heap_2</STRONG> (Thumb, 0 bytes, Stack size unknown bytes, libinit2.o(.ARM.Collect$$libinit$$00000005))
<BR><BR>[Stack]<UL><LI>Max Depth = 64 + Unknown Stack Size
<LI>Call Chain = __rt_lib_init_heap_2 &rArr; _init_alloc &rArr; __rt_SIGRTMEM &rArr; __rt_SIGRTMEM_inner &rArr; __default_signal_display &rArr; _ttywrch
</UL>
<BR>[Calls]<UL><LI><a href="#[f9]">&gt;&gt;</a>&nbsp;&nbsp;&nbsp;_init_alloc
</UL>

<P><STRONG><a name="[381]"></a>__rt_lib_init_preinit_1</STRONG> (Thumb, 0 bytes, Stack size unknown bytes, libinit2.o(.ARM.Collect$$libinit$$00000004))

<P><STRONG><a name="[382]"></a>__rt_lib_init_heap_1</STRONG> (Thumb, 0 bytes, Stack size unknown bytes, libinit2.o(.ARM.Collect$$libinit$$0000000A))

<P><STRONG><a name="[fa]"></a>__rt_lib_init_lc_common</STRONG> (Thumb, 0 bytes, Stack size unknown bytes, libinit2.o(.ARM.Collect$$libinit$$0000000F))
<BR><BR>[Stack]<UL><LI>Max Depth = 8 + Unknown Stack Size
<LI>Call Chain = __rt_lib_init_lc_common &rArr; __rt_locale
</UL>
<BR>[Calls]<UL><LI><a href="#[fb]">&gt;&gt;</a>&nbsp;&nbsp;&nbsp;__rt_locale
</UL>

<P><STRONG><a name="[383]"></a>__rt_lib_init_rand_1</STRONG> (Thumb, 0 bytes, Stack size unknown bytes, libinit2.o(.ARM.Collect$$libinit$$0000000E))

<P><STRONG><a name="[384]"></a>__rt_lib_init_user_alloc_1</STRONG> (Thumb, 0 bytes, Stack size unknown bytes, libinit2.o(.ARM.Collect$$libinit$$0000000C))

<P><STRONG><a name="[385]"></a>__rt_lib_init_lc_collate_1</STRONG> (Thumb, 0 bytes, Stack size unknown bytes, libinit2.o(.ARM.Collect$$libinit$$00000011))

<P><STRONG><a name="[fc]"></a>__rt_lib_init_lc_ctype_2</STRONG> (Thumb, 0 bytes, Stack size unknown bytes, libinit2.o(.ARM.Collect$$libinit$$00000012))
<BR><BR>[Stack]<UL><LI>Max Depth = 8 + Unknown Stack Size
<LI>Call Chain = __rt_lib_init_lc_ctype_2 &rArr; _get_lc_ctype
</UL>
<BR>[Calls]<UL><LI><a href="#[4f]">&gt;&gt;</a>&nbsp;&nbsp;&nbsp;_get_lc_ctype
</UL>

<P><STRONG><a name="[386]"></a>__rt_lib_init_atexit_1</STRONG> (Thumb, 0 bytes, Stack size unknown bytes, libinit2.o(.ARM.Collect$$libinit$$0000001B))

<P><STRONG><a name="[387]"></a>__rt_lib_init_clock_1</STRONG> (Thumb, 0 bytes, Stack size unknown bytes, libinit2.o(.ARM.Collect$$libinit$$00000021))

<P><STRONG><a name="[388]"></a>__rt_lib_init_fp_trap_1</STRONG> (Thumb, 0 bytes, Stack size unknown bytes, libinit2.o(.ARM.Collect$$libinit$$0000001F))

<P><STRONG><a name="[389]"></a>__rt_lib_init_getenv_1</STRONG> (Thumb, 0 bytes, Stack size unknown bytes, libinit2.o(.ARM.Collect$$libinit$$00000023))

<P><STRONG><a name="[38a]"></a>__rt_lib_init_lc_ctype_1</STRONG> (Thumb, 0 bytes, Stack size unknown bytes, libinit2.o(.ARM.Collect$$libinit$$00000013))

<P><STRONG><a name="[38b]"></a>__rt_lib_init_lc_monetary_1</STRONG> (Thumb, 0 bytes, Stack size unknown bytes, libinit2.o(.ARM.Collect$$libinit$$00000015))

<P><STRONG><a name="[38c]"></a>__rt_lib_init_lc_numeric_1</STRONG> (Thumb, 0 bytes, Stack size unknown bytes, libinit2.o(.ARM.Collect$$libinit$$00000017))

<P><STRONG><a name="[38d]"></a>__rt_lib_init_lc_time_1</STRONG> (Thumb, 0 bytes, Stack size unknown bytes, libinit2.o(.ARM.Collect$$libinit$$00000019))

<P><STRONG><a name="[38e]"></a>__rt_lib_init_signal_1</STRONG> (Thumb, 0 bytes, Stack size unknown bytes, libinit2.o(.ARM.Collect$$libinit$$0000001D))

<P><STRONG><a name="[fd]"></a>__rt_lib_init_stdio_2</STRONG> (Thumb, 0 bytes, Stack size unknown bytes, libinit2.o(.ARM.Collect$$libinit$$00000024))
<BR><BR>[Stack]<UL><LI>Max Depth = 472 + Unknown Stack Size
<LI>Call Chain = __rt_lib_init_stdio_2 &rArr; _initio &rArr; freopen &rArr; _freopen_locked &rArr; _sys_open &rArr; __sys_open &rArr; fat_open &rArr; path_create &rArr; frec_find &rArr; entry_pos_inc &rArr; alloc_table_read &rArr; cache_fat
</UL>
<BR>[Calls]<UL><LI><a href="#[fe]">&gt;&gt;</a>&nbsp;&nbsp;&nbsp;_initio
</UL>

<P><STRONG><a name="[38f]"></a>__rt_lib_init_alloca_1</STRONG> (Thumb, 0 bytes, Stack size unknown bytes, libinit2.o(.ARM.Collect$$libinit$$0000002E))

<P><STRONG><a name="[390]"></a>__rt_lib_init_argv_1</STRONG> (Thumb, 0 bytes, Stack size unknown bytes, libinit2.o(.ARM.Collect$$libinit$$0000002C))

<P><STRONG><a name="[ff]"></a>__rt_lib_init_cpp_2</STRONG> (Thumb, 0 bytes, Stack size unknown bytes, libinit2.o(.ARM.Collect$$libinit$$00000031))
<BR><BR>[Stack]<UL><LI>Max Depth = 16 + Unknown Stack Size
<LI>Call Chain = __rt_lib_init_cpp_2 &rArr; __cpp_initialize__aeabi_
</UL>
<BR>[Calls]<UL><LI><a href="#[ef]">&gt;&gt;</a>&nbsp;&nbsp;&nbsp;__cpp_initialize__aeabi_
</UL>

<P><STRONG><a name="[391]"></a>__rt_lib_init_exceptions_1</STRONG> (Thumb, 0 bytes, Stack size unknown bytes, libinit2.o(.ARM.Collect$$libinit$$00000030))

<P><STRONG><a name="[392]"></a>__rt_lib_init_stdio_1</STRONG> (Thumb, 0 bytes, Stack size unknown bytes, libinit2.o(.ARM.Collect$$libinit$$00000025))

<P><STRONG><a name="[393]"></a>__rt_lib_init_cpp_1</STRONG> (Thumb, 0 bytes, Stack size unknown bytes, libinit2.o(.ARM.Collect$$libinit$$00000032))

<P><STRONG><a name="[394]"></a>__rt_lib_init_return</STRONG> (Thumb, 0 bytes, Stack size unknown bytes, libinit2.o(.ARM.Collect$$libinit$$00000033))

<P><STRONG><a name="[10d]"></a>__rt_lib_shutdown</STRONG> (Thumb, 0 bytes, Stack size unknown bytes, libshutdown.o(.ARM.Collect$$libshutdown$$00000000))
<BR><BR>[Called By]<UL><LI><a href="#[10c]">&gt;&gt;</a>&nbsp;&nbsp;&nbsp;__rt_exit_ls
<LI><a href="#[2a2]">&gt;&gt;</a>&nbsp;&nbsp;&nbsp;abort
</UL>

<P><STRONG><a name="[100]"></a>__rt_lib_shutdown_cpp_2</STRONG> (Thumb, 0 bytes, Stack size unknown bytes, libshutdown2.o(.ARM.Collect$$libshutdown$$00000001))
<BR><BR>[Stack]<UL><LI>Max Depth = 48 + Unknown Stack Size
<LI>Call Chain = __rt_lib_shutdown_cpp_2 &rArr; __cxa_finalize &rArr; free &rArr; _free_internal
</UL>
<BR>[Calls]<UL><LI><a href="#[101]">&gt;&gt;</a>&nbsp;&nbsp;&nbsp;__cxa_finalize
</UL>

<P><STRONG><a name="[395]"></a>__rt_lib_shutdown_cpp_1</STRONG> (Thumb, 0 bytes, Stack size unknown bytes, libshutdown2.o(.ARM.Collect$$libshutdown$$00000002))

<P><STRONG><a name="[102]"></a>__rt_lib_shutdown_stdio_2</STRONG> (Thumb, 0 bytes, Stack size unknown bytes, libshutdown2.o(.ARM.Collect$$libshutdown$$00000003))
<BR><BR>[Stack]<UL><LI>Max Depth = 280 + Unknown Stack Size
<LI>Call Chain = __rt_lib_shutdown_stdio_2 &rArr; _terminateio &rArr; _fclose_internal &rArr; _fflush &rArr; _writebuf &rArr; _sys_write &rArr; __sys_write &rArr; fat_write &rArr; alloc_clus &rArr; alloc_table_write &rArr; cache_fat
</UL>
<BR>[Calls]<UL><LI><a href="#[103]">&gt;&gt;</a>&nbsp;&nbsp;&nbsp;_terminateio
</UL>

<P><STRONG><a name="[396]"></a>__rt_lib_shutdown_fp_trap_1</STRONG> (Thumb, 0 bytes, Stack size unknown bytes, libshutdown2.o(.ARM.Collect$$libshutdown$$00000007))

<P><STRONG><a name="[397]"></a>__rt_lib_shutdown_heap_1</STRONG> (Thumb, 0 bytes, Stack size unknown bytes, libshutdown2.o(.ARM.Collect$$libshutdown$$0000000F))

<P><STRONG><a name="[398]"></a>__rt_lib_shutdown_return</STRONG> (Thumb, 0 bytes, Stack size unknown bytes, libshutdown2.o(.ARM.Collect$$libshutdown$$00000010))

<P><STRONG><a name="[399]"></a>__rt_lib_shutdown_signal_1</STRONG> (Thumb, 0 bytes, Stack size unknown bytes, libshutdown2.o(.ARM.Collect$$libshutdown$$0000000A))

<P><STRONG><a name="[39a]"></a>__rt_lib_shutdown_stdio_1</STRONG> (Thumb, 0 bytes, Stack size unknown bytes, libshutdown2.o(.ARM.Collect$$libshutdown$$00000004))

<P><STRONG><a name="[39b]"></a>__rt_lib_shutdown_user_alloc_1</STRONG> (Thumb, 0 bytes, Stack size unknown bytes, libshutdown2.o(.ARM.Collect$$libshutdown$$0000000C))

<P><STRONG><a name="[f1]"></a>__rt_entry</STRONG> (Thumb, 0 bytes, Stack size unknown bytes, __rtentry.o(.ARM.Collect$$rtentry$$00000000))
<BR><BR>[Called By]<UL><LI><a href="#[e7]">&gt;&gt;</a>&nbsp;&nbsp;&nbsp;__main
<LI><a href="#[f2]">&gt;&gt;</a>&nbsp;&nbsp;&nbsp;__scatterload_rt2
</UL>

<P><STRONG><a name="[39c]"></a>__rt_entry_presh_1</STRONG> (Thumb, 0 bytes, Stack size unknown bytes, __rtentry2.o(.ARM.Collect$$rtentry$$00000002))

<P><STRONG><a name="[104]"></a>__rt_entry_sh</STRONG> (Thumb, 0 bytes, Stack size unknown bytes, __rtentry4.o(.ARM.Collect$$rtentry$$00000004))
<BR><BR>[Stack]<UL><LI>Max Depth = 8 + Unknown Stack Size
<LI>Call Chain = __rt_entry_sh &rArr; __user_setup_stackheap
</UL>
<BR>[Calls]<UL><LI><a href="#[105]">&gt;&gt;</a>&nbsp;&nbsp;&nbsp;__user_setup_stackheap
</UL>

<P><STRONG><a name="[106]"></a>__rt_entry_li</STRONG> (Thumb, 0 bytes, Stack size unknown bytes, __rtentry2.o(.ARM.Collect$$rtentry$$0000000A))
<BR><BR>[Calls]<UL><LI><a href="#[107]">&gt;&gt;</a>&nbsp;&nbsp;&nbsp;__rt_lib_init
</UL>

<P><STRONG><a name="[39d]"></a>__rt_entry_postsh_1</STRONG> (Thumb, 0 bytes, Stack size unknown bytes, __rtentry2.o(.ARM.Collect$$rtentry$$00000009))

<P><STRONG><a name="[108]"></a>__rt_entry_postli_1</STRONG> (Thumb, 0 bytes, Stack size unknown bytes, __rtentry2.o(.ARM.Collect$$rtentry$$0000000B))
<BR><BR>[Stack]<UL><LI>Max Depth = 80 + Unknown Stack Size
<LI>Call Chain = __rt_entry_postli_1 &rArr; _platform_post_lib_init &rArr; osKernelInitialize &rArr; svcKernelInitialize &rArr; svcThreadCreate &rArr; rt_tsk_create &rArr; rt_init_context &rArr; rt_init_stack
</UL>
<BR>[Calls]<UL><LI><a href="#[109]">&gt;&gt;</a>&nbsp;&nbsp;&nbsp;_platform_post_lib_init
</UL>

<P><STRONG><a name="[10a]"></a>__rt_entry_main</STRONG> (Thumb, 0 bytes, Stack size unknown bytes, __rtentry2.o(.ARM.Collect$$rtentry$$0000000D))
<BR><BR>[Stack]<UL><LI>Max Depth = 304 + Unknown Stack Size
<LI>Call Chain = __rt_entry_main &rArr; main &rArr; WSTRTOS_Init() &rArr; WST_RXF_Main(short, char**) &rArr; TestBuilder::TestBuilder(WST_TSK*) &rArr; Joystick::Joystick(WST_TSK*) &rArr; WST_TSK::WST_TSK(char*, unsigned char, unsigned short, unsigned short, bool) &rArr; WST_MSQ::WST_MSQ(unsigned short, bool) &rArr; WST_OSW_MSQ_init(WST_MSQ*) &rArr; WST_MEM::getMemory(unsigned) &rArr; WST_OSW_MEM_malloc(unsigned) &rArr;  WST_MEM::getMemory(unsigned) (Cycle)
</UL>
<BR>[Calls]<UL><LI><a href="#[6d]">&gt;&gt;</a>&nbsp;&nbsp;&nbsp;main
<LI><a href="#[10b]">&gt;&gt;</a>&nbsp;&nbsp;&nbsp;exit
</UL>

<P><STRONG><a name="[27b]"></a>__rt_exit</STRONG> (Thumb, 0 bytes, Stack size unknown bytes, rtexit.o(.ARM.Collect$$rtexit$$00000000))
<BR><BR>[Called By]<UL><LI><a href="#[10b]">&gt;&gt;</a>&nbsp;&nbsp;&nbsp;exit
</UL>

<P><STRONG><a name="[10c]"></a>__rt_exit_ls</STRONG> (Thumb, 0 bytes, Stack size unknown bytes, rtexit2.o(.ARM.Collect$$rtexit$$00000003))
<BR><BR>[Calls]<UL><LI><a href="#[10d]">&gt;&gt;</a>&nbsp;&nbsp;&nbsp;__rt_lib_shutdown
</UL>

<P><STRONG><a name="[39e]"></a>__rt_exit_prels_1</STRONG> (Thumb, 0 bytes, Stack size unknown bytes, rtexit2.o(.ARM.Collect$$rtexit$$00000002))

<P><STRONG><a name="[10e]"></a>__rt_exit_exit</STRONG> (Thumb, 0 bytes, Stack size unknown bytes, rtexit2.o(.ARM.Collect$$rtexit$$00000004))
<BR><BR>[Calls]<UL><LI><a href="#[10f]">&gt;&gt;</a>&nbsp;&nbsp;&nbsp;_sys_exit
</UL>

<P><STRONG><a name="[109]"></a>_platform_post_lib_init</STRONG> (Thumb, 24 bytes, Stack size 0 bytes, rtx_conf_cm.o(.emb_text))
<BR><BR>[Stack]<UL><LI>Max Depth = 80 + Unknown Stack Size
<LI>Call Chain = _platform_post_lib_init &rArr; osKernelInitialize &rArr; svcKernelInitialize &rArr; svcThreadCreate &rArr; rt_tsk_create &rArr; rt_init_context &rArr; rt_init_stack
</UL>
<BR>[Calls]<UL><LI><a href="#[112]">&gt;&gt;</a>&nbsp;&nbsp;&nbsp;osKernelStart
<LI><a href="#[110]">&gt;&gt;</a>&nbsp;&nbsp;&nbsp;osKernelInitialize
<LI><a href="#[111]">&gt;&gt;</a>&nbsp;&nbsp;&nbsp;osThreadCreate
<LI><a href="#[10b]">&gt;&gt;</a>&nbsp;&nbsp;&nbsp;exit
</UL>
<BR>[Called By]<UL><LI><a href="#[108]">&gt;&gt;</a>&nbsp;&nbsp;&nbsp;__rt_entry_postli_1
</UL>

<P><STRONG><a name="[39f]"></a>rt_set_PSP</STRONG> (Thumb, 6 bytes, Stack size 0 bytes, hal_cm3.o(.emb_text), UNUSED)

<P><STRONG><a name="[36e]"></a>rt_get_PSP</STRONG> (Thumb, 6 bytes, Stack size 0 bytes, hal_cm3.o(.emb_text))
<BR><BR>[Called By]<UL><LI><a href="#[36d]">&gt;&gt;</a>&nbsp;&nbsp;&nbsp;rt_tsk_delete
</UL>

<P><STRONG><a name="[3a0]"></a>os_set_env</STRONG> (Thumb, 24 bytes, Stack size 0 bytes, hal_cm3.o(.emb_text), UNUSED)

<P><STRONG><a name="[3a1]"></a>_alloc_box</STRONG> (Thumb, 28 bytes, Stack size 0 bytes, hal_cm3.o(.emb_text), UNUSED)

<P><STRONG><a name="[3a2]"></a>_free_box</STRONG> (Thumb, 28 bytes, Stack size 0 bytes, hal_cm3.o(.emb_text), UNUSED)

<P><STRONG><a name="[18]"></a>SVC_Handler</STRONG> (Thumb, 108 bytes, Stack size 0 bytes, hal_cm3.o(.emb_text))
<BR><BR>[Calls]<UL><LI><a href="#[113]">&gt;&gt;</a>&nbsp;&nbsp;&nbsp;rt_stk_check
</UL>
<BR>[Address Reference Count : 1]<UL><LI> startup_lpc17xx.o(RESET)
</UL>
<P><STRONG><a name="[1a]"></a>PendSV_Handler</STRONG> (Thumb, 56 bytes, Stack size 0 bytes, hal_cm3.o(.emb_text))
<BR><BR>[Stack]<UL><LI>Max Depth = 52<LI>Call Chain = PendSV_Handler &rArr; rt_pop_req &rArr; rt_mbx_psh &rArr; rt_put_prio
</UL>
<BR>[Calls]<UL><LI><a href="#[114]">&gt;&gt;</a>&nbsp;&nbsp;&nbsp;rt_pop_req
<LI><a href="#[113]">&gt;&gt;</a>&nbsp;&nbsp;&nbsp;rt_stk_check
</UL>
<BR>[Address Reference Count : 1]<UL><LI> startup_lpc17xx.o(RESET)
</UL>
<P><STRONG><a name="[1b]"></a>SysTick_Handler</STRONG> (Thumb, 8 bytes, Stack size 0 bytes, hal_cm3.o(.emb_text))
<BR><BR>[Stack]<UL><LI>Max Depth = 72<LI>Call Chain = SysTick_Handler &rArr; rt_systick &rArr; sysTimerTick &rArr; isrMessagePut &rArr; isr_mbx_send &rArr; rt_psq_enq
</UL>
<BR>[Calls]<UL><LI><a href="#[115]">&gt;&gt;</a>&nbsp;&nbsp;&nbsp;rt_systick
</UL>
<BR>[Address Reference Count : 1]<UL><LI> startup_lpc17xx.o(RESET)
</UL>
<P><STRONG><a name="[116]"></a>OS_Tick_Handler</STRONG> (Thumb, 12 bytes, Stack size 0 bytes, hal_cm3.o(.emb_text), UNUSED)
<BR><BR>[Calls]<UL><LI><a href="#[117]">&gt;&gt;</a>&nbsp;&nbsp;&nbsp;os_tick_irqack
<LI><a href="#[115]">&gt;&gt;</a>&nbsp;&nbsp;&nbsp;rt_systick
</UL>

<P><STRONG><a name="[3a3]"></a>__use_no_heap</STRONG> (Thumb, 2 bytes, Stack size 0 bytes, hguard.o(.text), UNUSED)

<P><STRONG><a name="[3a4]"></a>_maybe_terminate_alloc</STRONG> (Thumb, 0 bytes, Stack size 0 bytes, maybetermalloc1.o(.emb_text), UNUSED)

<P><STRONG><a name="[3a5]"></a>__heap$guard</STRONG> (Thumb, 2 bytes, Stack size 0 bytes, hguard.o(.text), UNUSED)

<P><STRONG><a name="[118]"></a>Clock::Clock()</STRONG> (Thumb, 52 bytes, Stack size 8 bytes, clock.o(.text))
<BR><BR>[Stack]<UL><LI>Max Depth = 160<LI>Call Chain = Clock::Clock() &rArr; WSTMonitor_sendInit(void*, unsigned short, void*) &rArr; WST_MEM::getMemory(unsigned) &rArr; WST_OSW_MEM_malloc(unsigned) &rArr;  WST_MEM::getMemory(unsigned) (Cycle)
</UL>
<BR>[Calls]<UL><LI><a href="#[119]">&gt;&gt;</a>&nbsp;&nbsp;&nbsp;WSTMonitor_sendInit(void*, unsigned short, void*)
</UL>
<BR>[Called By]<UL><LI><a href="#[167]">&gt;&gt;</a>&nbsp;&nbsp;&nbsp;TestBuilder::TestBuilder(WST_TSK*)
</UL>

<P><STRONG><a name="[3a6]"></a>Clock::Clock__sub_object()</STRONG> (Thumb, 0 bytes, Stack size 8 bytes, clock.o(.text), UNUSED)

<P><STRONG><a name="[ac]"></a>Clock::~Clock()</STRONG> (Thumb, 18 bytes, Stack size 8 bytes, clock.o(.text))
<BR><BR>[Stack]<UL><LI>Max Depth = 40<LI>Call Chain = Clock::~Clock() &rArr; WSTMonitor_sendDestroy(void*) &rArr; WSTMonitor_sendDataStruct(void*, unsigned short)
</UL>
<BR>[Calls]<UL><LI><a href="#[11a]">&gt;&gt;</a>&nbsp;&nbsp;&nbsp;WSTMonitor_sendDestroy(void*)
</UL>
<BR>[Called By]<UL><LI><a href="#[ad]">&gt;&gt;</a>&nbsp;&nbsp;&nbsp;Clock::~Clock__deallocating()
<LI><a href="#[8c]">&gt;&gt;</a>&nbsp;&nbsp;&nbsp;TestBuilder::~TestBuilder()
</UL>
<BR>[Address Reference Count : 1]<UL><LI> clock.o(.constdata__ZTV5Clock)
</UL>
<P><STRONG><a name="[3a7]"></a>Clock::~Clock__sub_object()</STRONG> (Thumb, 0 bytes, Stack size 8 bytes, clock.o(.text), UNUSED)

<P><STRONG><a name="[ad]"></a>Clock::~Clock__deallocating()</STRONG> (Thumb, 18 bytes, Stack size 16 bytes, clock.o(.text))
<BR><BR>[Stack]<UL><LI>Max Depth = 56<LI>Call Chain = Clock::~Clock__deallocating() &rArr; Clock::~Clock() &rArr; WSTMonitor_sendDestroy(void*) &rArr; WSTMonitor_sendDataStruct(void*, unsigned short)
</UL>
<BR>[Calls]<UL><LI><a href="#[ac]">&gt;&gt;</a>&nbsp;&nbsp;&nbsp;Clock::~Clock()
<LI><a href="#[11b]">&gt;&gt;</a>&nbsp;&nbsp;&nbsp;operator delete (void*)
</UL>
<BR>[Address Reference Count : 1]<UL><LI> clock.o(.constdata__ZTV5Clock)
</UL>
<P><STRONG><a name="[177]"></a>Clock::getHour()</STRONG> (Thumb, 10 bytes, Stack size 0 bytes, clock.o(.text))
<BR><BR>[Called By]<UL><LI><a href="#[172]">&gt;&gt;</a>&nbsp;&nbsp;&nbsp;SDCard::append(char)
</UL>

<P><STRONG><a name="[176]"></a>Clock::getMin()</STRONG> (Thumb, 10 bytes, Stack size 0 bytes, clock.o(.text))
<BR><BR>[Called By]<UL><LI><a href="#[172]">&gt;&gt;</a>&nbsp;&nbsp;&nbsp;SDCard::append(char)
</UL>

<P><STRONG><a name="[175]"></a>Clock::getSec()</STRONG> (Thumb, 10 bytes, Stack size 0 bytes, clock.o(.text))
<BR><BR>[Called By]<UL><LI><a href="#[172]">&gt;&gt;</a>&nbsp;&nbsp;&nbsp;SDCard::append(char)
</UL>

<P><STRONG><a name="[19b]"></a>WSTMonitor_getTypeSize0()</STRONG> (Thumb, 4 bytes, Stack size 0 bytes, defaultpkg.o(.text))
<BR><BR>[Called By]<UL><LI><a href="#[19a]">&gt;&gt;</a>&nbsp;&nbsp;&nbsp;WSTMonitor_sendTypeSize()
</UL>

<P><STRONG><a name="[19c]"></a>WSTMonitor_getTypeSize1()</STRONG> (Thumb, 4 bytes, Stack size 0 bytes, defaultpkg.o(.text))
<BR><BR>[Called By]<UL><LI><a href="#[19a]">&gt;&gt;</a>&nbsp;&nbsp;&nbsp;WSTMonitor_sendTypeSize()
</UL>

<P><STRONG><a name="[11c]"></a>evToggle::evToggle()</STRONG> (Thumb, 34 bytes, Stack size 8 bytes, defaultpkg.o(.text))
<BR><BR>[Stack]<UL><LI>Max Depth = 8<LI>Call Chain = evToggle::evToggle()
</UL>
<BR>[Calls]<UL><LI><a href="#[11d]">&gt;&gt;</a>&nbsp;&nbsp;&nbsp;WST_EVT::WST_EVT()
</UL>
<BR>[Called By]<UL><LI><a href="#[162]">&gt;&gt;</a>&nbsp;&nbsp;&nbsp;LedBar::toggleSingleLed(int)
</UL>

<P><STRONG><a name="[3a8]"></a>evToggle::evToggle__sub_object()</STRONG> (Thumb, 0 bytes, Stack size 8 bytes, defaultpkg.o(.text), UNUSED)

<P><STRONG><a name="[e3]"></a>evToggle::isTypeOf(short) const</STRONG> (Thumb, 18 bytes, Stack size 0 bytes, defaultpkg.o(.text))
<BR>[Address Reference Count : 1]<UL><LI> defaultpkg.o(.constdata__ZTV8evToggle)
</UL>
<P><STRONG><a name="[11e]"></a>evOn::evOn()</STRONG> (Thumb, 34 bytes, Stack size 8 bytes, defaultpkg.o(.text))
<BR><BR>[Stack]<UL><LI>Max Depth = 8<LI>Call Chain = evOn::evOn()
</UL>
<BR>[Calls]<UL><LI><a href="#[11d]">&gt;&gt;</a>&nbsp;&nbsp;&nbsp;WST_EVT::WST_EVT()
</UL>
<BR>[Called By]<UL><LI><a href="#[9e]">&gt;&gt;</a>&nbsp;&nbsp;&nbsp;RunningIndicatorLed::rootState_processEvent()
</UL>

<P><STRONG><a name="[3a9]"></a>evOn::evOn__sub_object()</STRONG> (Thumb, 0 bytes, Stack size 8 bytes, defaultpkg.o(.text), UNUSED)

<P><STRONG><a name="[ab]"></a>evOn::isTypeOf(short) const</STRONG> (Thumb, 18 bytes, Stack size 0 bytes, defaultpkg.o(.text))
<BR>[Address Reference Count : 1]<UL><LI> defaultpkg.o(.constdata__ZTV4evOn)
</UL>
<P><STRONG><a name="[11f]"></a>evOff::evOff()</STRONG> (Thumb, 34 bytes, Stack size 8 bytes, defaultpkg.o(.text))
<BR><BR>[Stack]<UL><LI>Max Depth = 8<LI>Call Chain = evOff::evOff()
</UL>
<BR>[Calls]<UL><LI><a href="#[11d]">&gt;&gt;</a>&nbsp;&nbsp;&nbsp;WST_EVT::WST_EVT()
</UL>
<BR>[Called By]<UL><LI><a href="#[9e]">&gt;&gt;</a>&nbsp;&nbsp;&nbsp;RunningIndicatorLed::rootState_processEvent()
<LI><a href="#[9d]">&gt;&gt;</a>&nbsp;&nbsp;&nbsp;RunningIndicatorLed::rootState_entDef()
</UL>

<P><STRONG><a name="[3aa]"></a>evOff::evOff__sub_object()</STRONG> (Thumb, 0 bytes, Stack size 8 bytes, defaultpkg.o(.text), UNUSED)

<P><STRONG><a name="[b0]"></a>evOff::isTypeOf(short) const</STRONG> (Thumb, 18 bytes, Stack size 0 bytes, defaultpkg.o(.text))
<BR>[Address Reference Count : 1]<UL><LI> defaultpkg.o(.constdata__ZTV5evOff)
</UL>
<P><STRONG><a name="[120]"></a>evJoystickPos::evJoystickPos(char)</STRONG> (Thumb, 38 bytes, Stack size 16 bytes, defaultpkg.o(.text))
<BR><BR>[Stack]<UL><LI>Max Depth = 16<LI>Call Chain = evJoystickPos::evJoystickPos(char)
</UL>
<BR>[Calls]<UL><LI><a href="#[11d]">&gt;&gt;</a>&nbsp;&nbsp;&nbsp;WST_EVT::WST_EVT()
</UL>
<BR>[Called By]<UL><LI><a href="#[14e]">&gt;&gt;</a>&nbsp;&nbsp;&nbsp;Joystick::sample()
</UL>

<P><STRONG><a name="[3ab]"></a>evJoystickPos::evJoystickPos__sub_object(char)</STRONG> (Thumb, 0 bytes, Stack size 16 bytes, defaultpkg.o(.text), UNUSED)

<P><STRONG><a name="[97]"></a>evJoystickPos::isTypeOf(short) const</STRONG> (Thumb, 18 bytes, Stack size 0 bytes, defaultpkg.o(.text))
<BR>[Address Reference Count : 1]<UL><LI> defaultpkg.o(.constdata__ZTV13evJoystickPos)
</UL>
<P><STRONG><a name="[121]"></a>evBlink::evBlink()</STRONG> (Thumb, 34 bytes, Stack size 8 bytes, defaultpkg.o(.text), UNUSED)
<BR><BR>[Calls]<UL><LI><a href="#[11d]">&gt;&gt;</a>&nbsp;&nbsp;&nbsp;WST_EVT::WST_EVT()
</UL>

<P><STRONG><a name="[3ac]"></a>evBlink::evBlink__sub_object()</STRONG> (Thumb, 0 bytes, Stack size 8 bytes, defaultpkg.o(.text), UNUSED)

<P><STRONG><a name="[cc]"></a>evBlink::isTypeOf(short) const</STRONG> (Thumb, 18 bytes, Stack size 0 bytes, defaultpkg.o(.text))
<BR>[Address Reference Count : 1]<UL><LI> defaultpkg.o(.constdata__ZTV7evBlink)
</UL>
<P><STRONG><a name="[122]"></a>evSDLog::evSDLog(char*)</STRONG> (Thumb, 38 bytes, Stack size 16 bytes, defaultpkg.o(.text), UNUSED)
<BR><BR>[Calls]<UL><LI><a href="#[11d]">&gt;&gt;</a>&nbsp;&nbsp;&nbsp;WST_EVT::WST_EVT()
</UL>

<P><STRONG><a name="[3ad]"></a>evSDLog::evSDLog__sub_object(char*)</STRONG> (Thumb, 0 bytes, Stack size 16 bytes, defaultpkg.o(.text), UNUSED)

<P><STRONG><a name="[d2]"></a>evSDLog::isTypeOf(short) const</STRONG> (Thumb, 18 bytes, Stack size 0 bytes, defaultpkg.o(.text))
<BR>[Address Reference Count : 1]<UL><LI> defaultpkg.o(.constdata__ZTV7evSDLog)
</UL>
<P><STRONG><a name="[123]"></a>evError::evError()</STRONG> (Thumb, 34 bytes, Stack size 8 bytes, defaultpkg.o(.text))
<BR><BR>[Stack]<UL><LI>Max Depth = 8<LI>Call Chain = evError::evError()
</UL>
<BR>[Calls]<UL><LI><a href="#[11d]">&gt;&gt;</a>&nbsp;&nbsp;&nbsp;WST_EVT::WST_EVT()
</UL>
<BR>[Called By]<UL><LI><a href="#[17b]">&gt;&gt;</a>&nbsp;&nbsp;&nbsp;SDCard::deleteFile()
<LI><a href="#[172]">&gt;&gt;</a>&nbsp;&nbsp;&nbsp;SDCard::append(char)
</UL>

<P><STRONG><a name="[3ae]"></a>evError::evError__sub_object()</STRONG> (Thumb, 0 bytes, Stack size 8 bytes, defaultpkg.o(.text), UNUSED)

<P><STRONG><a name="[cf]"></a>evError::isTypeOf(short) const</STRONG> (Thumb, 18 bytes, Stack size 0 bytes, defaultpkg.o(.text))
<BR>[Address Reference Count : 1]<UL><LI> defaultpkg.o(.constdata__ZTV7evError)
</UL>
<P><STRONG><a name="[124]"></a>evSDLog2::evSDLog2(OMString)</STRONG> (Thumb, 50 bytes, Stack size 16 bytes, defaultpkg.o(.text))
<BR><BR>[Stack]<UL><LI>Max Depth = 176<LI>Call Chain = evSDLog2::evSDLog2(OMString) &rArr; OMString::OMString(const OMString&) &rArr; OMString::setSize(int) &rArr; WST_MEM::getMemory(unsigned) &rArr; WST_OSW_MEM_malloc(unsigned) &rArr;  WST_MEM::getMemory(unsigned) (Cycle)
</UL>
<BR>[Calls]<UL><LI><a href="#[125]">&gt;&gt;</a>&nbsp;&nbsp;&nbsp;OMString::OMString(const OMString&)
<LI><a href="#[11d]">&gt;&gt;</a>&nbsp;&nbsp;&nbsp;WST_EVT::WST_EVT()
</UL>
<BR>[Called By]<UL><LI><a href="#[be]">&gt;&gt;</a>&nbsp;&nbsp;&nbsp;SDCard::rootState_processEvent()
<LI><a href="#[180]">&gt;&gt;</a>&nbsp;&nbsp;&nbsp;SDCard::read()
<LI><a href="#[17d]">&gt;&gt;</a>&nbsp;&nbsp;&nbsp;SDCard::initAndMount()
<LI><a href="#[17b]">&gt;&gt;</a>&nbsp;&nbsp;&nbsp;SDCard::deleteFile()
<LI><a href="#[172]">&gt;&gt;</a>&nbsp;&nbsp;&nbsp;SDCard::append(char)
</UL>

<P><STRONG><a name="[3af]"></a>evSDLog2::evSDLog2__sub_object(OMString)</STRONG> (Thumb, 0 bytes, Stack size 16 bytes, defaultpkg.o(.text), UNUSED)

<P><STRONG><a name="[e0]"></a>evSDLog2::isTypeOf(short) const</STRONG> (Thumb, 18 bytes, Stack size 0 bytes, defaultpkg.o(.text))
<BR>[Address Reference Count : 1]<UL><LI> defaultpkg.o(.constdata__ZTV8evSDLog2)
</UL>
<P><STRONG><a name="[127]"></a>Display::ClassWSTMonitor_getTypeSize10()</STRONG> (Thumb, 4 bytes, Stack size 0 bytes, display.o(.text))
<BR><BR>[Called By]<UL><LI><a href="#[126]">&gt;&gt;</a>&nbsp;&nbsp;&nbsp;WSTMonitor_getTypeSize10()
</UL>

<P><STRONG><a name="[126]"></a>WSTMonitor_getTypeSize10()</STRONG> (Thumb, 8 bytes, Stack size 4 bytes, display.o(.text))
<BR><BR>[Stack]<UL><LI>Max Depth = 4<LI>Call Chain = WSTMonitor_getTypeSize10()
</UL>
<BR>[Calls]<UL><LI><a href="#[127]">&gt;&gt;</a>&nbsp;&nbsp;&nbsp;Display::ClassWSTMonitor_getTypeSize10()
</UL>
<BR>[Called By]<UL><LI><a href="#[19a]">&gt;&gt;</a>&nbsp;&nbsp;&nbsp;WSTMonitor_sendTypeSize()
</UL>

<P><STRONG><a name="[12b]"></a>Display::initStatechart()</STRONG> (Thumb, 8 bytes, Stack size 0 bytes, display.o(.text))
<BR><BR>[Called By]<UL><LI><a href="#[128]">&gt;&gt;</a>&nbsp;&nbsp;&nbsp;Display::Display(WST_TSK*)
</UL>

<P><STRONG><a name="[128]"></a>Display::Display(WST_TSK*)</STRONG> (Thumb, 144 bytes, Stack size 16 bytes, display.o(.text))
<BR><BR>[Stack]<UL><LI>Max Depth = 168<LI>Call Chain = Display::Display(WST_TSK*) &rArr; WSTMonitor_sendInit(void*, unsigned short, void*) &rArr; WST_MEM::getMemory(unsigned) &rArr; WST_OSW_MEM_malloc(unsigned) &rArr;  WST_MEM::getMemory(unsigned) (Cycle)
</UL>
<BR>[Calls]<UL><LI><a href="#[129]">&gt;&gt;</a>&nbsp;&nbsp;&nbsp;WST_FSM::WST_FSM()
<LI><a href="#[12a]">&gt;&gt;</a>&nbsp;&nbsp;&nbsp;WST_FSM::setTask(WST_TSK*, bool)
<LI><a href="#[12e]">&gt;&gt;</a>&nbsp;&nbsp;&nbsp;GLCD_SetForegroundColor
<LI><a href="#[12f]">&gt;&gt;</a>&nbsp;&nbsp;&nbsp;GLCD_SetFont
<LI><a href="#[12d]">&gt;&gt;</a>&nbsp;&nbsp;&nbsp;GLCD_SetBackgroundColor
<LI><a href="#[12c]">&gt;&gt;</a>&nbsp;&nbsp;&nbsp;GLCD_Initialize
<LI><a href="#[131]">&gt;&gt;</a>&nbsp;&nbsp;&nbsp;GLCD_DrawString
<LI><a href="#[132]">&gt;&gt;</a>&nbsp;&nbsp;&nbsp;GLCD_DrawHLine
<LI><a href="#[130]">&gt;&gt;</a>&nbsp;&nbsp;&nbsp;GLCD_ClearScreen
<LI><a href="#[12b]">&gt;&gt;</a>&nbsp;&nbsp;&nbsp;Display::initStatechart()
<LI><a href="#[119]">&gt;&gt;</a>&nbsp;&nbsp;&nbsp;WSTMonitor_sendInit(void*, unsigned short, void*)
</UL>
<BR>[Called By]<UL><LI><a href="#[167]">&gt;&gt;</a>&nbsp;&nbsp;&nbsp;TestBuilder::TestBuilder(WST_TSK*)
</UL>

<P><STRONG><a name="[3b0]"></a>Display::Display__sub_object(WST_TSK*)</STRONG> (Thumb, 0 bytes, Stack size 16 bytes, display.o(.text), UNUSED)

<P><STRONG><a name="[c0]"></a>Display::~Display()</STRONG> (Thumb, 38 bytes, Stack size 8 bytes, display.o(.text))
<BR><BR>[Stack]<UL><LI>Max Depth = 296<LI>Call Chain = Display::~Display() &rArr; WST_FSM::~WST_FSM() &rArr; WST_FSM::cancelEventsAndTimeouts() &rArr; WST_TMM::cancelEvents(WST_FSM*) &rArr; WST_MSQ::cancelEvents(WST_FSM*, short) &rArr; WST_OSW_MSQ_cancelEvents(WST_MSQ*, const WST_FSM*, short) &rArr; WST_MSQ::WST_MSQ(unsigned short, bool) &rArr; WST_OSW_MSQ_init(WST_MSQ*) &rArr; WST_MEM::getMemory(unsigned) &rArr; WST_OSW_MEM_malloc(unsigned) &rArr;  WST_MEM::getMemory(unsigned) (Cycle)
</UL>
<BR>[Calls]<UL><LI><a href="#[c6]">&gt;&gt;</a>&nbsp;&nbsp;&nbsp;WST_FSM::~WST_FSM()
<LI><a href="#[b7]">&gt;&gt;</a>&nbsp;&nbsp;&nbsp;OMList&lang;OMString&rang;::~OMList()
<LI><a href="#[11a]">&gt;&gt;</a>&nbsp;&nbsp;&nbsp;WSTMonitor_sendDestroy(void*)
</UL>
<BR>[Called By]<UL><LI><a href="#[c1]">&gt;&gt;</a>&nbsp;&nbsp;&nbsp;Display::~Display__deallocating()
<LI><a href="#[8c]">&gt;&gt;</a>&nbsp;&nbsp;&nbsp;TestBuilder::~TestBuilder()
</UL>
<BR>[Address Reference Count : 1]<UL><LI> display.o(.constdata__ZTV7Display)
</UL>
<P><STRONG><a name="[3b1]"></a>Display::~Display__sub_object()</STRONG> (Thumb, 0 bytes, Stack size 8 bytes, display.o(.text), UNUSED)

<P><STRONG><a name="[c1]"></a>Display::~Display__deallocating()</STRONG> (Thumb, 22 bytes, Stack size 16 bytes, display.o(.text))
<BR><BR>[Stack]<UL><LI>Max Depth = 312<LI>Call Chain = Display::~Display__deallocating() &rArr; Display::~Display() &rArr; WST_FSM::~WST_FSM() &rArr; WST_FSM::cancelEventsAndTimeouts() &rArr; WST_TMM::cancelEvents(WST_FSM*) &rArr; WST_MSQ::cancelEvents(WST_FSM*, short) &rArr; WST_OSW_MSQ_cancelEvents(WST_MSQ*, const WST_FSM*, short) &rArr; WST_MSQ::WST_MSQ(unsigned short, bool) &rArr; WST_OSW_MSQ_init(WST_MSQ*) &rArr; WST_MEM::getMemory(unsigned) &rArr; WST_OSW_MEM_malloc(unsigned) &rArr;  WST_MEM::getMemory(unsigned) (Cycle)
</UL>
<BR>[Calls]<UL><LI><a href="#[c0]">&gt;&gt;</a>&nbsp;&nbsp;&nbsp;Display::~Display()
<LI><a href="#[133]">&gt;&gt;</a>&nbsp;&nbsp;&nbsp;WST_MEM::returnMemory(void*)
</UL>
<BR>[Address Reference Count : 1]<UL><LI> display.o(.constdata__ZTV7Display)
</UL>
<P><STRONG><a name="[134]"></a>Display::drawSDCardLogging2()</STRONG> (Thumb, 236 bytes, Stack size 72 bytes, display.o(.text))
<BR><BR>[Stack]<UL><LI>Max Depth = 280<LI>Call Chain = Display::drawSDCardLogging2() &rArr; operator +(const OMString&, const char*) &rArr; OMString::operator +=(const char*) &rArr; OMString::resetSize(int) &rArr; OMString::setSize(int) &rArr; WST_MEM::getMemory(unsigned) &rArr; WST_OSW_MEM_malloc(unsigned) &rArr;  WST_MEM::getMemory(unsigned) (Cycle)
</UL>
<BR>[Calls]<UL><LI><a href="#[13b]">&gt;&gt;</a>&nbsp;&nbsp;&nbsp;operator +(const OMString&, const char*)
<LI><a href="#[13a]">&gt;&gt;</a>&nbsp;&nbsp;&nbsp;operator +(const char*, const OMString&)
<LI><a href="#[137]">&gt;&gt;</a>&nbsp;&nbsp;&nbsp;OMString::GetLength() const
<LI><a href="#[13c]">&gt;&gt;</a>&nbsp;&nbsp;&nbsp;OMString::operator const char*()
<LI><a href="#[139]">&gt;&gt;</a>&nbsp;&nbsp;&nbsp;OMString::SetAt(int, char)
<LI><a href="#[138]">&gt;&gt;</a>&nbsp;&nbsp;&nbsp;OMString::GetAt(int)
<LI><a href="#[131]">&gt;&gt;</a>&nbsp;&nbsp;&nbsp;GLCD_DrawString
<LI><a href="#[136]">&gt;&gt;</a>&nbsp;&nbsp;&nbsp;OMIterator&lang;OMString&rang;::operator *() const
<LI><a href="#[13e]">&gt;&gt;</a>&nbsp;&nbsp;&nbsp;OMIterator&lang;OMString&rang;::~OMIterator()
<LI><a href="#[135]">&gt;&gt;</a>&nbsp;&nbsp;&nbsp;OMIterator&lang;OMString&rang;::OMIterator(const OMAbstractContainer&lang;OMString&rang;&)
<LI><a href="#[13d]">&gt;&gt;</a>&nbsp;&nbsp;&nbsp;OMString::~OMString()
</UL>
<BR>[Called By]<UL><LI><a href="#[c3]">&gt;&gt;</a>&nbsp;&nbsp;&nbsp;Display::rootState_processEvent()
<LI><a href="#[c2]">&gt;&gt;</a>&nbsp;&nbsp;&nbsp;Display::rootState_entDef()
</UL>

<P><STRONG><a name="[13f]"></a>Display::drawSDCardStatus(const char*)</STRONG> (Thumb, 50 bytes, Stack size 72 bytes, display.o(.text), UNUSED)
<BR><BR>[Calls]<UL><LI><a href="#[131]">&gt;&gt;</a>&nbsp;&nbsp;&nbsp;GLCD_DrawString
<LI><a href="#[140]">&gt;&gt;</a>&nbsp;&nbsp;&nbsp;__2sprintf
</UL>

<P><STRONG><a name="[141]"></a>Display::getLoggedLines() const</STRONG> (Thumb, 20 bytes, Stack size 16 bytes, display.o(.text), UNUSED)
<BR><BR>[Calls]<UL><LI><a href="#[135]">&gt;&gt;</a>&nbsp;&nbsp;&nbsp;OMIterator&lang;OMString&rang;::OMIterator(const OMAbstractContainer&lang;OMString&rang;&)
</UL>

<P><STRONG><a name="[142]"></a>Display::setLoggedLines(OMString)</STRONG> (Thumb, 34 bytes, Stack size 32 bytes, display.o(.text), UNUSED)
<BR><BR>[Calls]<UL><LI><a href="#[143]">&gt;&gt;</a>&nbsp;&nbsp;&nbsp;OMList&lang;OMString&rang;::add(OMString)
<LI><a href="#[13d]">&gt;&gt;</a>&nbsp;&nbsp;&nbsp;OMString::~OMString()
<LI><a href="#[125]">&gt;&gt;</a>&nbsp;&nbsp;&nbsp;OMString::OMString(const OMString&)
</UL>

<P><STRONG><a name="[c4]"></a>Display::startBehavior()</STRONG> (Thumb, 18 bytes, Stack size 16 bytes, display.o(.text))
<BR><BR>[Stack]<UL><LI>Max Depth = 184<LI>Call Chain = Display::startBehavior() &rArr; WST_FSM::startBehavior() &rArr; WST_FSM::gen(WST_EVT*, bool) &rArr; WST_MSQ::put(WST_EVT*, bool) &rArr; WST_OSW_MSQ_put(WST_MSQ*, WST_EVT*, bool) &rArr; osMessagePut &rArr; isrMessagePut &rArr; isr_mbx_send &rArr; rt_psq_enq
</UL>
<BR>[Calls]<UL><LI><a href="#[144]">&gt;&gt;</a>&nbsp;&nbsp;&nbsp;WST_FSM::startBehavior()
</UL>
<BR>[Called By]<UL><LI><a href="#[93]">&gt;&gt;</a>&nbsp;&nbsp;&nbsp;TestBuilder::startBehavior()
</UL>
<BR>[Address Reference Count : 1]<UL><LI> display.o(.constdata__ZTV7Display)
</UL>
<P><STRONG><a name="[c2]"></a>Display::rootState_entDef()</STRONG> (Thumb, 18 bytes, Stack size 8 bytes, display.o(.text))
<BR><BR>[Stack]<UL><LI>Max Depth = 288<LI>Call Chain = Display::rootState_entDef() &rArr; Display::drawSDCardLogging2() &rArr; operator +(const OMString&, const char*) &rArr; OMString::operator +=(const char*) &rArr; OMString::resetSize(int) &rArr; OMString::setSize(int) &rArr; WST_MEM::getMemory(unsigned) &rArr; WST_OSW_MEM_malloc(unsigned) &rArr;  WST_MEM::getMemory(unsigned) (Cycle)
</UL>
<BR>[Calls]<UL><LI><a href="#[134]">&gt;&gt;</a>&nbsp;&nbsp;&nbsp;Display::drawSDCardLogging2()
</UL>
<BR>[Address Reference Count : 1]<UL><LI> display.o(.constdata__ZTV7Display)
</UL>
<P><STRONG><a name="[c3]"></a>Display::rootState_processEvent()</STRONG> (Thumb, 244 bytes, Stack size 32 bytes, display.o(.text))
<BR><BR>[Stack]<UL><LI>Max Depth = 312<LI>Call Chain = Display::rootState_processEvent() &rArr; Display::drawSDCardLogging2() &rArr; operator +(const OMString&, const char*) &rArr; OMString::operator +=(const char*) &rArr; OMString::resetSize(int) &rArr; OMString::setSize(int) &rArr; WST_MEM::getMemory(unsigned) &rArr; WST_OSW_MEM_malloc(unsigned) &rArr;  WST_MEM::getMemory(unsigned) (Cycle)
</UL>
<BR>[Calls]<UL><LI><a href="#[145]">&gt;&gt;</a>&nbsp;&nbsp;&nbsp;WST_FSM::pushNullTransition()
<LI><a href="#[147]">&gt;&gt;</a>&nbsp;&nbsp;&nbsp;WST_FSM::popNullTransition()
<LI><a href="#[143]">&gt;&gt;</a>&nbsp;&nbsp;&nbsp;OMList&lang;OMString&rang;::add(OMString)
<LI><a href="#[146]">&gt;&gt;</a>&nbsp;&nbsp;&nbsp;OMList&lang;OMString&rang;::_removeFirst()
<LI><a href="#[134]">&gt;&gt;</a>&nbsp;&nbsp;&nbsp;Display::drawSDCardLogging2()
<LI><a href="#[13d]">&gt;&gt;</a>&nbsp;&nbsp;&nbsp;OMString::~OMString()
<LI><a href="#[125]">&gt;&gt;</a>&nbsp;&nbsp;&nbsp;OMString::OMString(const OMString&)
</UL>
<BR>[Address Reference Count : 1]<UL><LI> display.o(.constdata__ZTV7Display)
</UL>
<P><STRONG><a name="[14a]"></a>Joystick::initStatechart()</STRONG> (Thumb, 10 bytes, Stack size 0 bytes, joystick.o(.text))
<BR><BR>[Called By]<UL><LI><a href="#[148]">&gt;&gt;</a>&nbsp;&nbsp;&nbsp;Joystick::Joystick(WST_TSK*)
</UL>

<P><STRONG><a name="[148]"></a>Joystick::Joystick(WST_TSK*)</STRONG> (Thumb, 108 bytes, Stack size 24 bytes, joystick.o(.text))
<BR><BR>[Stack]<UL><LI>Max Depth = 224<LI>Call Chain = Joystick::Joystick(WST_TSK*) &rArr; WST_TSK::WST_TSK(char*, unsigned char, unsigned short, unsigned short, bool) &rArr; WST_MSQ::WST_MSQ(unsigned short, bool) &rArr; WST_OSW_MSQ_init(WST_MSQ*) &rArr; WST_MEM::getMemory(unsigned) &rArr; WST_OSW_MEM_malloc(unsigned) &rArr;  WST_MEM::getMemory(unsigned) (Cycle)
</UL>
<BR>[Calls]<UL><LI><a href="#[149]">&gt;&gt;</a>&nbsp;&nbsp;&nbsp;WST_TSK::WST_TSK(char*, unsigned char, unsigned short, unsigned short, bool)
<LI><a href="#[14a]">&gt;&gt;</a>&nbsp;&nbsp;&nbsp;Joystick::initStatechart()
<LI><a href="#[129]">&gt;&gt;</a>&nbsp;&nbsp;&nbsp;WST_FSM::WST_FSM()
<LI><a href="#[12a]">&gt;&gt;</a>&nbsp;&nbsp;&nbsp;WST_FSM::setTask(WST_TSK*, bool)
<LI><a href="#[119]">&gt;&gt;</a>&nbsp;&nbsp;&nbsp;WSTMonitor_sendInit(void*, unsigned short, void*)
</UL>
<BR>[Called By]<UL><LI><a href="#[167]">&gt;&gt;</a>&nbsp;&nbsp;&nbsp;TestBuilder::TestBuilder(WST_TSK*)
</UL>

<P><STRONG><a name="[3b2]"></a>Joystick::Joystick__sub_object(WST_TSK*)</STRONG> (Thumb, 0 bytes, Stack size 24 bytes, joystick.o(.text), UNUSED)

<P><STRONG><a name="[14b]"></a>Joystick::cancelTimeouts()</STRONG> (Thumb, 16 bytes, Stack size 8 bytes, joystick.o(.text))
<BR><BR>[Stack]<UL><LI>Max Depth = 80<LI>Call Chain = Joystick::cancelTimeouts() &rArr; WST_FSM::cancel(WST_TMR*) &rArr; WST_TMM::stop(WST_TMR*) &rArr; WST_MTX::WST_MTX_exitCriticalRegion() &rArr; WST_OSW_MTX_exitCriticalRegion(WST_MTX*)
</UL>
<BR>[Calls]<UL><LI><a href="#[14c]">&gt;&gt;</a>&nbsp;&nbsp;&nbsp;WST_FSM::cancel(WST_TMR*)
</UL>
<BR>[Called By]<UL><LI><a href="#[d3]">&gt;&gt;</a>&nbsp;&nbsp;&nbsp;Joystick::~Joystick()
</UL>

<P><STRONG><a name="[14d]"></a>Joystick::cleanUpRelations()</STRONG> (Thumb, 18 bytes, Stack size 0 bytes, joystick.o(.text))
<BR><BR>[Called By]<UL><LI><a href="#[d3]">&gt;&gt;</a>&nbsp;&nbsp;&nbsp;Joystick::~Joystick()
</UL>

<P><STRONG><a name="[d3]"></a>Joystick::~Joystick()</STRONG> (Thumb, 56 bytes, Stack size 8 bytes, joystick.o(.text))
<BR><BR>[Stack]<UL><LI>Max Depth = 296<LI>Call Chain = Joystick::~Joystick() &rArr; WST_FSM::~WST_FSM() &rArr; WST_FSM::cancelEventsAndTimeouts() &rArr; WST_TMM::cancelEvents(WST_FSM*) &rArr; WST_MSQ::cancelEvents(WST_FSM*, short) &rArr; WST_OSW_MSQ_cancelEvents(WST_MSQ*, const WST_FSM*, short) &rArr; WST_MSQ::WST_MSQ(unsigned short, bool) &rArr; WST_OSW_MSQ_init(WST_MSQ*) &rArr; WST_MEM::getMemory(unsigned) &rArr; WST_OSW_MEM_malloc(unsigned) &rArr;  WST_MEM::getMemory(unsigned) (Cycle)
</UL>
<BR>[Calls]<UL><LI><a href="#[46]">&gt;&gt;</a>&nbsp;&nbsp;&nbsp;WST_TSK::~WST_TSK()
<LI><a href="#[14d]">&gt;&gt;</a>&nbsp;&nbsp;&nbsp;Joystick::cleanUpRelations()
<LI><a href="#[14b]">&gt;&gt;</a>&nbsp;&nbsp;&nbsp;Joystick::cancelTimeouts()
<LI><a href="#[c6]">&gt;&gt;</a>&nbsp;&nbsp;&nbsp;WST_FSM::~WST_FSM()
<LI><a href="#[11a]">&gt;&gt;</a>&nbsp;&nbsp;&nbsp;WSTMonitor_sendDestroy(void*)
</UL>
<BR>[Called By]<UL><LI><a href="#[d9]">&gt;&gt;</a>&nbsp;&nbsp;&nbsp;thunk{-64} to Joystick::~Joystick()
<LI><a href="#[d4]">&gt;&gt;</a>&nbsp;&nbsp;&nbsp;Joystick::~Joystick__deallocating()
<LI><a href="#[8c]">&gt;&gt;</a>&nbsp;&nbsp;&nbsp;TestBuilder::~TestBuilder()
</UL>
<BR>[Address Reference Count : 1]<UL><LI> joystick.o(.constdata__ZTV8Joystick)
</UL>
<P><STRONG><a name="[3b3]"></a>Joystick::~Joystick__sub_object()</STRONG> (Thumb, 0 bytes, Stack size 8 bytes, joystick.o(.text), UNUSED)

<P><STRONG><a name="[d4]"></a>Joystick::~Joystick__deallocating()</STRONG> (Thumb, 22 bytes, Stack size 16 bytes, joystick.o(.text))
<BR><BR>[Stack]<UL><LI>Max Depth = 312<LI>Call Chain = Joystick::~Joystick__deallocating() &rArr; Joystick::~Joystick() &rArr; WST_FSM::~WST_FSM() &rArr; WST_FSM::cancelEventsAndTimeouts() &rArr; WST_TMM::cancelEvents(WST_FSM*) &rArr; WST_MSQ::cancelEvents(WST_FSM*, short) &rArr; WST_OSW_MSQ_cancelEvents(WST_MSQ*, const WST_FSM*, short) &rArr; WST_MSQ::WST_MSQ(unsigned short, bool) &rArr; WST_OSW_MSQ_init(WST_MSQ*) &rArr; WST_MEM::getMemory(unsigned) &rArr; WST_OSW_MEM_malloc(unsigned) &rArr;  WST_MEM::getMemory(unsigned) (Cycle)
</UL>
<BR>[Calls]<UL><LI><a href="#[d3]">&gt;&gt;</a>&nbsp;&nbsp;&nbsp;Joystick::~Joystick()
<LI><a href="#[133]">&gt;&gt;</a>&nbsp;&nbsp;&nbsp;WST_MEM::returnMemory(void*)
</UL>
<BR>[Called By]<UL><LI><a href="#[da]">&gt;&gt;</a>&nbsp;&nbsp;&nbsp;thunk{-64} to Joystick::~Joystick__deallocating()
</UL>
<BR>[Address Reference Count : 1]<UL><LI> joystick.o(.constdata__ZTV8Joystick)
</UL>
<P><STRONG><a name="[da]"></a>thunk{-64} to Joystick::~Joystick__deallocating()</STRONG> (Thumb, 14 bytes, Stack size 8 bytes, joystick.o(.text))
<BR><BR>[Stack]<UL><LI>Max Depth = 320<LI>Call Chain = thunk{-64} to Joystick::~Joystick__deallocating() &rArr; Joystick::~Joystick__deallocating() &rArr; Joystick::~Joystick() &rArr; WST_FSM::~WST_FSM() &rArr; WST_FSM::cancelEventsAndTimeouts() &rArr; WST_TMM::cancelEvents(WST_FSM*) &rArr; WST_MSQ::cancelEvents(WST_FSM*, short) &rArr; WST_OSW_MSQ_cancelEvents(WST_MSQ*, const WST_FSM*, short) &rArr; WST_MSQ::WST_MSQ(unsigned short, bool) &rArr; WST_OSW_MSQ_init(WST_MSQ*) &rArr; WST_MEM::getMemory(unsigned) &rArr; WST_OSW_MEM_malloc(unsigned) &rArr;  WST_MEM::getMemory(unsigned) (Cycle)
</UL>
<BR>[Calls]<UL><LI><a href="#[d4]">&gt;&gt;</a>&nbsp;&nbsp;&nbsp;Joystick::~Joystick__deallocating()
</UL>
<BR>[Address Reference Count : 1]<UL><LI> joystick.o(.constdata__ZTV8Joystick)
</UL>
<P><STRONG><a name="[d9]"></a>thunk{-64} to Joystick::~Joystick()</STRONG> (Thumb, 14 bytes, Stack size 8 bytes, joystick.o(.text))
<BR><BR>[Stack]<UL><LI>Max Depth = 304<LI>Call Chain = thunk{-64} to Joystick::~Joystick() &rArr; Joystick::~Joystick() &rArr; WST_FSM::~WST_FSM() &rArr; WST_FSM::cancelEventsAndTimeouts() &rArr; WST_TMM::cancelEvents(WST_FSM*) &rArr; WST_MSQ::cancelEvents(WST_FSM*, short) &rArr; WST_OSW_MSQ_cancelEvents(WST_MSQ*, const WST_FSM*, short) &rArr; WST_MSQ::WST_MSQ(unsigned short, bool) &rArr; WST_OSW_MSQ_init(WST_MSQ*) &rArr; WST_MEM::getMemory(unsigned) &rArr; WST_OSW_MEM_malloc(unsigned) &rArr;  WST_MEM::getMemory(unsigned) (Cycle)
</UL>
<BR>[Calls]<UL><LI><a href="#[d3]">&gt;&gt;</a>&nbsp;&nbsp;&nbsp;Joystick::~Joystick()
</UL>
<BR>[Address Reference Count : 1]<UL><LI> joystick.o(.constdata__ZTV8Joystick)
</UL>
<P><STRONG><a name="[14e]"></a>Joystick::sample()</STRONG> (Thumb, 124 bytes, Stack size 24 bytes, joystick.o(.text))
<BR><BR>[Stack]<UL><LI>Max Depth = 168<LI>Call Chain = Joystick::sample() &rArr; WST_FSM::gen(WST_EVT*, bool) &rArr; WST_MSQ::put(WST_EVT*, bool) &rArr; WST_OSW_MSQ_put(WST_MSQ*, WST_EVT*, bool) &rArr; osMessagePut &rArr; isrMessagePut &rArr; isr_mbx_send &rArr; rt_psq_enq
</UL>
<BR>[Calls]<UL><LI><a href="#[150]">&gt;&gt;</a>&nbsp;&nbsp;&nbsp;WST_FSM::gen(WST_EVT*, bool)
<LI><a href="#[14f]">&gt;&gt;</a>&nbsp;&nbsp;&nbsp;WST_MEM::getMemory(unsigned)
<LI><a href="#[120]">&gt;&gt;</a>&nbsp;&nbsp;&nbsp;evJoystickPos::evJoystickPos(char)
</UL>
<BR>[Called By]<UL><LI><a href="#[d8]">&gt;&gt;</a>&nbsp;&nbsp;&nbsp;Joystick::rootState_processEvent()
<LI><a href="#[d7]">&gt;&gt;</a>&nbsp;&nbsp;&nbsp;Joystick::rootState_entDef()
</UL>

<P><STRONG><a name="[3b4]"></a>Joystick::getLastPosition() const</STRONG> (Thumb, 6 bytes, Stack size 0 bytes, joystick.o(.text), UNUSED)

<P><STRONG><a name="[3b5]"></a>Joystick::setLastPosition(int)</STRONG> (Thumb, 4 bytes, Stack size 0 bytes, joystick.o(.text), UNUSED)

<P><STRONG><a name="[3b6]"></a>Joystick::getSampleTime() const</STRONG> (Thumb, 6 bytes, Stack size 0 bytes, joystick.o(.text), UNUSED)

<P><STRONG><a name="[3b7]"></a>Joystick::setSampleTime(int)</STRONG> (Thumb, 4 bytes, Stack size 0 bytes, joystick.o(.text), UNUSED)

<P><STRONG><a name="[3b8]"></a>Joystick::getItsLedBar() const</STRONG> (Thumb, 6 bytes, Stack size 0 bytes, joystick.o(.text), UNUSED)

<P><STRONG><a name="[195]"></a>Joystick::setItsLedBar(LedBar*)</STRONG> (Thumb, 4 bytes, Stack size 0 bytes, joystick.o(.text))
<BR><BR>[Called By]<UL><LI><a href="#[193]">&gt;&gt;</a>&nbsp;&nbsp;&nbsp;TestBuilder::initRelations()
</UL>

<P><STRONG><a name="[3b9]"></a>Joystick::getItsSDCard() const</STRONG> (Thumb, 6 bytes, Stack size 0 bytes, joystick.o(.text), UNUSED)

<P><STRONG><a name="[196]"></a>Joystick::setItsSDCard(SDCard*)</STRONG> (Thumb, 4 bytes, Stack size 0 bytes, joystick.o(.text))
<BR><BR>[Called By]<UL><LI><a href="#[193]">&gt;&gt;</a>&nbsp;&nbsp;&nbsp;TestBuilder::initRelations()
</UL>

<P><STRONG><a name="[d5]"></a>Joystick::startBehavior()</STRONG> (Thumb, 28 bytes, Stack size 16 bytes, joystick.o(.text))
<BR><BR>[Stack]<UL><LI>Max Depth = 184<LI>Call Chain = Joystick::startBehavior() &rArr; WST_FSM::startBehavior() &rArr; WST_FSM::gen(WST_EVT*, bool) &rArr; WST_MSQ::put(WST_EVT*, bool) &rArr; WST_OSW_MSQ_put(WST_MSQ*, WST_EVT*, bool) &rArr; osMessagePut &rArr; isrMessagePut &rArr; isr_mbx_send &rArr; rt_psq_enq
</UL>
<BR>[Calls]<UL><LI><a href="#[151]">&gt;&gt;</a>&nbsp;&nbsp;&nbsp;WST_TSK::startDispatching()
<LI><a href="#[144]">&gt;&gt;</a>&nbsp;&nbsp;&nbsp;WST_FSM::startBehavior()
</UL>
<BR>[Called By]<UL><LI><a href="#[93]">&gt;&gt;</a>&nbsp;&nbsp;&nbsp;TestBuilder::startBehavior()
</UL>
<BR>[Address Reference Count : 1]<UL><LI> joystick.o(.constdata__ZTV8Joystick)
</UL>
<P><STRONG><a name="[d6]"></a>Joystick::cancelTimeout(const WST_TMR*)</STRONG> (Thumb, 18 bytes, Stack size 0 bytes, joystick.o(.text))
<BR><BR>[Called By]<UL><LI><a href="#[dc]">&gt;&gt;</a>&nbsp;&nbsp;&nbsp;thunk{-64} to Joystick::cancelTimeout(const WST_TMR*)
</UL>
<BR>[Address Reference Count : 1]<UL><LI> joystick.o(.constdata__ZTV8Joystick)
</UL>
<P><STRONG><a name="[dc]"></a>thunk{-64} to Joystick::cancelTimeout(const WST_TMR*)</STRONG> (Thumb, 18 bytes, Stack size 12 bytes, joystick.o(.text))
<BR><BR>[Stack]<UL><LI>Max Depth = 12<LI>Call Chain = thunk{-64} to Joystick::cancelTimeout(const WST_TMR*)
</UL>
<BR>[Calls]<UL><LI><a href="#[d6]">&gt;&gt;</a>&nbsp;&nbsp;&nbsp;Joystick::cancelTimeout(const WST_TMR*)
</UL>
<BR>[Address Reference Count : 1]<UL><LI> joystick.o(.constdata__ZTV8Joystick)
</UL>
<P><STRONG><a name="[d7]"></a>Joystick::rootState_entDef()</STRONG> (Thumb, 26 bytes, Stack size 8 bytes, joystick.o(.text))
<BR><BR>[Stack]<UL><LI>Max Depth = 176<LI>Call Chain = Joystick::rootState_entDef() &rArr; Joystick::sample() &rArr; WST_FSM::gen(WST_EVT*, bool) &rArr; WST_MSQ::put(WST_EVT*, bool) &rArr; WST_OSW_MSQ_put(WST_MSQ*, WST_EVT*, bool) &rArr; osMessagePut &rArr; isrMessagePut &rArr; isr_mbx_send &rArr; rt_psq_enq
</UL>
<BR>[Calls]<UL><LI><a href="#[14e]">&gt;&gt;</a>&nbsp;&nbsp;&nbsp;Joystick::sample()
<LI><a href="#[145]">&gt;&gt;</a>&nbsp;&nbsp;&nbsp;WST_FSM::pushNullTransition()
</UL>
[...]
</UL>
<BR>[Calls]<UL><LI><a href="#[30b]">&gt;&gt;</a>&nbsp;&nbsp;&nbsp;elink_cmd
<LI><a href="#[311]">&gt;&gt;</a>&nbsp;&nbsp;&nbsp;link_clus
<LI><a href="#[319]">&gt;&gt;</a>&nbsp;&nbsp;&nbsp;entry_type
<LI><a href="#[2f3]">&gt;&gt;</a>&nbsp;&nbsp;&nbsp;entry_read
<LI><a href="#[2f9]">&gt;&gt;</a>&nbsp;&nbsp;&nbsp;entry_pos_inc
<LI><a href="#[318]">&gt;&gt;</a>&nbsp;&nbsp;&nbsp;entry_pos_comp
<LI><a href="#[2ee]">&gt;&gt;</a>&nbsp;&nbsp;&nbsp;clear_clus
<LI><a href="#[2e1]">&gt;&gt;</a>&nbsp;&nbsp;&nbsp;alloc_clus
</UL>
<BR>[Called By]<UL><LI><a href="#[310]">&gt;&gt;</a>&nbsp;&nbsp;&nbsp;path_create
</UL>

<P><STRONG><a name="[307]"></a>frec_delete</STRONG> (Thumb, 88 bytes, Stack size 40 bytes, fs_fat.o(i.frec_delete))
<BR><BR>[Stack]<UL><LI>Max Depth = 104<LI>Call Chain = frec_delete &rArr; entry_pos_inc &rArr; alloc_table_read &rArr; cache_fat
</UL>
<BR>[Calls]<UL><LI><a href="#[2f3]">&gt;&gt;</a>&nbsp;&nbsp;&nbsp;entry_read
<LI><a href="#[2f9]">&gt;&gt;</a>&nbsp;&nbsp;&nbsp;entry_pos_inc
<LI><a href="#[2f7]">&gt;&gt;</a>&nbsp;&nbsp;&nbsp;entry_flush
</UL>
<BR>[Called By]<UL><LI><a href="#[2df]">&gt;&gt;</a>&nbsp;&nbsp;&nbsp;fat_delete
</UL>

<P><STRONG><a name="[306]"></a>frec_delete_elink</STRONG> (Thumb, 40 bytes, Stack size 16 bytes, fs_fat.o(i.frec_delete_elink))
<BR><BR>[Stack]<UL><LI>Max Depth = 16<LI>Call Chain = frec_delete_elink
</UL>
<BR>[Calls]<UL><LI><a href="#[31a]">&gt;&gt;</a>&nbsp;&nbsp;&nbsp;elink_delete
<LI><a href="#[30b]">&gt;&gt;</a>&nbsp;&nbsp;&nbsp;elink_cmd
<LI><a href="#[318]">&gt;&gt;</a>&nbsp;&nbsp;&nbsp;entry_pos_comp
</UL>
<BR>[Called By]<UL><LI><a href="#[2df]">&gt;&gt;</a>&nbsp;&nbsp;&nbsp;fat_delete
</UL>

<P><STRONG><a name="[31b]"></a>frec_find</STRONG> (Thumb, 500 bytes, Stack size 80 bytes, fs_fat.o(i.frec_find))
<BR><BR>[Stack]<UL><LI>Max Depth = 144<LI>Call Chain = frec_find &rArr; entry_pos_inc &rArr; alloc_table_read &rArr; cache_fat
</UL>
<BR>[Calls]<UL><LI><a href="#[320]">&gt;&gt;</a>&nbsp;&nbsp;&nbsp;elink_insert
<LI><a href="#[30b]">&gt;&gt;</a>&nbsp;&nbsp;&nbsp;elink_cmd
<LI><a href="#[31d]">&gt;&gt;</a>&nbsp;&nbsp;&nbsp;sn_chksum
<LI><a href="#[31f]">&gt;&gt;</a>&nbsp;&nbsp;&nbsp;short_ent_hash
<LI><a href="#[31e]">&gt;&gt;</a>&nbsp;&nbsp;&nbsp;sfn_extract
<LI><a href="#[31c]">&gt;&gt;</a>&nbsp;&nbsp;&nbsp;long_ent_hash
<LI><a href="#[319]">&gt;&gt;</a>&nbsp;&nbsp;&nbsp;entry_type
<LI><a href="#[2f3]">&gt;&gt;</a>&nbsp;&nbsp;&nbsp;entry_read
<LI><a href="#[2f9]">&gt;&gt;</a>&nbsp;&nbsp;&nbsp;entry_pos_inc
<LI><a href="#[318]">&gt;&gt;</a>&nbsp;&nbsp;&nbsp;entry_pos_comp
<LI><a href="#[27d]">&gt;&gt;</a>&nbsp;&nbsp;&nbsp;strncasecmp
</UL>
<BR>[Called By]<UL><LI><a href="#[301]">&gt;&gt;</a>&nbsp;&nbsp;&nbsp;path_open
<LI><a href="#[310]">&gt;&gt;</a>&nbsp;&nbsp;&nbsp;path_create
</UL>

<P><STRONG><a name="[321]"></a>frec_find_elink</STRONG> (Thumb, 90 bytes, Stack size 24 bytes, fs_fat.o(i.frec_find_elink))
<BR><BR>[Stack]<UL><LI>Max Depth = 88<LI>Call Chain = frec_find_elink &rArr; entry_pos_inc &rArr; alloc_table_read &rArr; cache_fat
</UL>
<BR>[Calls]<UL><LI><a href="#[323]">&gt;&gt;</a>&nbsp;&nbsp;&nbsp;elink_scan
<LI><a href="#[322]">&gt;&gt;</a>&nbsp;&nbsp;&nbsp;name_hash
<LI><a href="#[2f3]">&gt;&gt;</a>&nbsp;&nbsp;&nbsp;entry_read
<LI><a href="#[2f9]">&gt;&gt;</a>&nbsp;&nbsp;&nbsp;entry_pos_inc
</UL>
<BR>[Called By]<UL><LI><a href="#[301]">&gt;&gt;</a>&nbsp;&nbsp;&nbsp;path_open
<LI><a href="#[310]">&gt;&gt;</a>&nbsp;&nbsp;&nbsp;path_create
</UL>

<P><STRONG><a name="[303]"></a>frec_next</STRONG> (Thumb, 424 bytes, Stack size 128 bytes, fs_fat.o(i.frec_next))
<BR><BR>[Stack]<UL><LI>Max Depth = 192<LI>Call Chain = frec_next &rArr; entry_pos_inc &rArr; alloc_table_read &rArr; cache_fat
</UL>
<BR>[Calls]<UL><LI><a href="#[320]">&gt;&gt;</a>&nbsp;&nbsp;&nbsp;elink_insert
<LI><a href="#[30b]">&gt;&gt;</a>&nbsp;&nbsp;&nbsp;elink_cmd
<LI><a href="#[31d]">&gt;&gt;</a>&nbsp;&nbsp;&nbsp;sn_chksum
<LI><a href="#[31f]">&gt;&gt;</a>&nbsp;&nbsp;&nbsp;short_ent_hash
<LI><a href="#[31e]">&gt;&gt;</a>&nbsp;&nbsp;&nbsp;sfn_extract
<LI><a href="#[31c]">&gt;&gt;</a>&nbsp;&nbsp;&nbsp;long_ent_hash
<LI><a href="#[324]">&gt;&gt;</a>&nbsp;&nbsp;&nbsp;lfn_char_cnt
<LI><a href="#[319]">&gt;&gt;</a>&nbsp;&nbsp;&nbsp;entry_type
<LI><a href="#[2f3]">&gt;&gt;</a>&nbsp;&nbsp;&nbsp;entry_read
<LI><a href="#[2f9]">&gt;&gt;</a>&nbsp;&nbsp;&nbsp;entry_pos_inc
</UL>
<BR>[Called By]<UL><LI><a href="#[2df]">&gt;&gt;</a>&nbsp;&nbsp;&nbsp;fat_delete
</UL>

<P><STRONG><a name="[30c]"></a>fsinfo_read</STRONG> (Thumb, 110 bytes, Stack size 8 bytes, fs_fat.o(i.fsinfo_read))
<BR><BR>[Stack]<UL><LI>Max Depth = 24<LI>Call Chain = fsinfo_read &rArr; read_sector
</UL>
<BR>[Calls]<UL><LI><a href="#[2ec]">&gt;&gt;</a>&nbsp;&nbsp;&nbsp;read_sector
<LI><a href="#[2e8]">&gt;&gt;</a>&nbsp;&nbsp;&nbsp;get_u32
</UL>
<BR>[Called By]<UL><LI><a href="#[30a]">&gt;&gt;</a>&nbsp;&nbsp;&nbsp;fat_mount
</UL>

<P><STRONG><a name="[2fd]"></a>fsinfo_write</STRONG> (Thumb, 88 bytes, Stack size 8 bytes, fs_fat.o(i.fsinfo_write))
<BR><BR>[Stack]<UL><LI>Max Depth = 48<LI>Call Chain = fsinfo_write &rArr; write_cache &rArr; write_sector
</UL>
<BR>[Calls]<UL><LI><a href="#[2f1]">&gt;&gt;</a>&nbsp;&nbsp;&nbsp;write_cache
<LI><a href="#[2ea]">&gt;&gt;</a>&nbsp;&nbsp;&nbsp;set_u32
<LI><a href="#[2e9]">&gt;&gt;</a>&nbsp;&nbsp;&nbsp;set_u16
<LI><a href="#[2f0]">&gt;&gt;</a>&nbsp;&nbsp;&nbsp;__aeabi_memclr
</UL>
<BR>[Called By]<UL><LI><a href="#[2d6]">&gt;&gt;</a>&nbsp;&nbsp;&nbsp;fat_open
<LI><a href="#[2d0]">&gt;&gt;</a>&nbsp;&nbsp;&nbsp;fat_flush
<LI><a href="#[2ce]">&gt;&gt;</a>&nbsp;&nbsp;&nbsp;fat_close
<LI><a href="#[30a]">&gt;&gt;</a>&nbsp;&nbsp;&nbsp;fat_mount
<LI><a href="#[2df]">&gt;&gt;</a>&nbsp;&nbsp;&nbsp;fat_delete
</UL>

<P><STRONG><a name="[2e3]"></a>get_EOC</STRONG> (Thumb, 34 bytes, Stack size 0 bytes, fs_fat.o(i.get_EOC))
<BR><BR>[Called By]<UL><LI><a href="#[305]">&gt;&gt;</a>&nbsp;&nbsp;&nbsp;unlink_clus
<LI><a href="#[2f9]">&gt;&gt;</a>&nbsp;&nbsp;&nbsp;entry_pos_inc
<LI><a href="#[2e1]">&gt;&gt;</a>&nbsp;&nbsp;&nbsp;alloc_clus
<LI><a href="#[2db]">&gt;&gt;</a>&nbsp;&nbsp;&nbsp;fat_seek
</UL>

<P><STRONG><a name="[2e5]"></a>get_fat_sect</STRONG> (Thumb, 50 bytes, Stack size 0 bytes, fs_fat.o(i.get_fat_sect))
<BR><BR>[Called By]<UL><LI><a href="#[2e4]">&gt;&gt;</a>&nbsp;&nbsp;&nbsp;alloc_table_write
<LI><a href="#[2e2]">&gt;&gt;</a>&nbsp;&nbsp;&nbsp;alloc_table_read
</UL>

<P><STRONG><a name="[30e]"></a>get_root_clus</STRONG> (Thumb, 16 bytes, Stack size 0 bytes, fs_fat.o(i.get_root_clus))
<BR><BR>[Called By]<UL><LI><a href="#[300]">&gt;&gt;</a>&nbsp;&nbsp;&nbsp;path_init
<LI><a href="#[30a]">&gt;&gt;</a>&nbsp;&nbsp;&nbsp;fat_mount
</UL>

<P><STRONG><a name="[324]"></a>lfn_char_cnt</STRONG> (Thumb, 26 bytes, Stack size 0 bytes, fs_fat.o(i.lfn_char_cnt))
<BR><BR>[Called By]<UL><LI><a href="#[303]">&gt;&gt;</a>&nbsp;&nbsp;&nbsp;frec_next
</UL>

<P><STRONG><a name="[311]"></a>link_clus</STRONG> (Thumb, 4 bytes, Stack size 0 bytes, fs_fat.o(i.link_clus))
<BR><BR>[Stack]<UL><LI>Max Depth = 48<LI>Call Chain = link_clus &rArr; alloc_table_write &rArr; cache_fat
</UL>
<BR>[Calls]<UL><LI><a href="#[2e4]">&gt;&gt;</a>&nbsp;&nbsp;&nbsp;alloc_table_write
</UL>
<BR>[Called By]<UL><LI><a href="#[317]">&gt;&gt;</a>&nbsp;&nbsp;&nbsp;frec_allocate
<LI><a href="#[2dd]">&gt;&gt;</a>&nbsp;&nbsp;&nbsp;fat_write
<LI><a href="#[2db]">&gt;&gt;</a>&nbsp;&nbsp;&nbsp;fat_seek
</UL>

<P><STRONG><a name="[31c]"></a>long_ent_hash</STRONG> (Thumb, 34 bytes, Stack size 32 bytes, fs_fat.o(i.long_ent_hash))
<BR><BR>[Stack]<UL><LI>Max Depth = 44<LI>Call Chain = long_ent_hash &rArr; fat_crc32
</UL>
<BR>[Calls]<UL><LI><a href="#[32e]">&gt;&gt;</a>&nbsp;&nbsp;&nbsp;fat_crc32
</UL>
<BR>[Called By]<UL><LI><a href="#[303]">&gt;&gt;</a>&nbsp;&nbsp;&nbsp;frec_next
<LI><a href="#[31b]">&gt;&gt;</a>&nbsp;&nbsp;&nbsp;frec_find
</UL>

<P><STRONG><a name="[347]"></a>name_analyse</STRONG> (Thumb, 176 bytes, Stack size 40 bytes, fs_fat.o(i.name_analyse))
<BR><BR>[Stack]<UL><LI>Max Depth = 40<LI>Call Chain = name_analyse
</UL>
<BR>[Calls]<UL><LI><a href="#[348]">&gt;&gt;</a>&nbsp;&nbsp;&nbsp;char_validate
</UL>
<BR>[Called By]<UL><LI><a href="#[301]">&gt;&gt;</a>&nbsp;&nbsp;&nbsp;path_open
<LI><a href="#[310]">&gt;&gt;</a>&nbsp;&nbsp;&nbsp;path_create
</UL>

<P><STRONG><a name="[349]"></a>name_basis_gen</STRONG> (Thumb, 180 bytes, Stack size 40 bytes, fs_fat.o(i.name_basis_gen))
<BR><BR>[Stack]<UL><LI>Max Depth = 40<LI>Call Chain = name_basis_gen
</UL>
<BR>[Calls]<UL><LI><a href="#[348]">&gt;&gt;</a>&nbsp;&nbsp;&nbsp;char_validate
</UL>
<BR>[Called By]<UL><LI><a href="#[310]">&gt;&gt;</a>&nbsp;&nbsp;&nbsp;path_create
</UL>

<P><STRONG><a name="[322]"></a>name_hash</STRONG> (Thumb, 8 bytes, Stack size 0 bytes, fs_fat.o(i.name_hash))
<BR><BR>[Stack]<UL><LI>Max Depth = 12<LI>Call Chain = name_hash &rArr; fat_crc32
</UL>
<BR>[Calls]<UL><LI><a href="#[32e]">&gt;&gt;</a>&nbsp;&nbsp;&nbsp;fat_crc32
</UL>
<BR>[Called By]<UL><LI><a href="#[310]">&gt;&gt;</a>&nbsp;&nbsp;&nbsp;path_create
<LI><a href="#[321]">&gt;&gt;</a>&nbsp;&nbsp;&nbsp;frec_find_elink
</UL>

<P><STRONG><a name="[34d]"></a>name_nt_gen</STRONG> (Thumb, 288 bytes, Stack size 24 bytes, fs_fat.o(i.name_nt_gen))
<BR><BR>[Stack]<UL><LI>Max Depth = 24<LI>Call Chain = name_nt_gen
</UL>
<BR>[Called By]<UL><LI><a href="#[310]">&gt;&gt;</a>&nbsp;&nbsp;&nbsp;path_create
</UL>

<P><STRONG><a name="[34c]"></a>name_strip</STRONG> (Thumb, 82 bytes, Stack size 12 bytes, fs_fat.o(i.name_strip))
<BR><BR>[Stack]<UL><LI>Max Depth = 12<LI>Call Chain = name_strip
</UL>
<BR>[Called By]<UL><LI><a href="#[301]">&gt;&gt;</a>&nbsp;&nbsp;&nbsp;path_open
<LI><a href="#[310]">&gt;&gt;</a>&nbsp;&nbsp;&nbsp;path_create
</UL>

<P><STRONG><a name="[34a]"></a>name_validate</STRONG> (Thumb, 30 bytes, Stack size 16 bytes, fs_fat.o(i.name_validate))
<BR><BR>[Stack]<UL><LI>Max Depth = 16<LI>Call Chain = name_validate
</UL>
<BR>[Calls]<UL><LI><a href="#[348]">&gt;&gt;</a>&nbsp;&nbsp;&nbsp;char_validate
</UL>
<BR>[Called By]<UL><LI><a href="#[2fe]">&gt;&gt;</a>&nbsp;&nbsp;&nbsp;path_validate
</UL>

<P><STRONG><a name="[310]"></a>path_create</STRONG> (Thumb, 558 bytes, Stack size 144 bytes, fs_fat.o(i.path_create))
<BR><BR>[Stack]<UL><LI>Max Depth = 288<LI>Call Chain = path_create &rArr; frec_find &rArr; entry_pos_inc &rArr; alloc_table_read &rArr; cache_fat
</UL>
<BR>[Calls]<UL><LI><a href="#[320]">&gt;&gt;</a>&nbsp;&nbsp;&nbsp;elink_insert
<LI><a href="#[30b]">&gt;&gt;</a>&nbsp;&nbsp;&nbsp;elink_cmd
<LI><a href="#[302]">&gt;&gt;</a>&nbsp;&nbsp;&nbsp;elink_dir
<LI><a href="#[31d]">&gt;&gt;</a>&nbsp;&nbsp;&nbsp;sn_chksum
<LI><a href="#[31f]">&gt;&gt;</a>&nbsp;&nbsp;&nbsp;short_ent_hash
<LI><a href="#[34c]">&gt;&gt;</a>&nbsp;&nbsp;&nbsp;name_strip
<LI><a href="#[34d]">&gt;&gt;</a>&nbsp;&nbsp;&nbsp;name_nt_gen
<LI><a href="#[322]">&gt;&gt;</a>&nbsp;&nbsp;&nbsp;name_hash
<LI><a href="#[349]">&gt;&gt;</a>&nbsp;&nbsp;&nbsp;name_basis_gen
<LI><a href="#[347]">&gt;&gt;</a>&nbsp;&nbsp;&nbsp;name_analyse
<LI><a href="#[321]">&gt;&gt;</a>&nbsp;&nbsp;&nbsp;frec_find_elink
<LI><a href="#[31b]">&gt;&gt;</a>&nbsp;&nbsp;&nbsp;frec_find
<LI><a href="#[317]">&gt;&gt;</a>&nbsp;&nbsp;&nbsp;frec_allocate
<LI><a href="#[2fa]">&gt;&gt;</a>&nbsp;&nbsp;&nbsp;create_sfn_entry
<LI><a href="#[2f8]">&gt;&gt;</a>&nbsp;&nbsp;&nbsp;create_lfn_entry
<LI><a href="#[2f2]">&gt;&gt;</a>&nbsp;&nbsp;&nbsp;create_dot_entries
<LI><a href="#[2ee]">&gt;&gt;</a>&nbsp;&nbsp;&nbsp;clear_clus
<LI><a href="#[2e6]">&gt;&gt;</a>&nbsp;&nbsp;&nbsp;cache_fat
<LI><a href="#[2e1]">&gt;&gt;</a>&nbsp;&nbsp;&nbsp;alloc_clus
<LI><a href="#[1f0]">&gt;&gt;</a>&nbsp;&nbsp;&nbsp;__aeabi_memcpy4
<LI><a href="#[1a3]">&gt;&gt;</a>&nbsp;&nbsp;&nbsp;__aeabi_memcpy
<LI><a href="#[1a7]">&gt;&gt;</a>&nbsp;&nbsp;&nbsp;strlen
</UL>
<BR>[Called By]<UL><LI><a href="#[2d6]">&gt;&gt;</a>&nbsp;&nbsp;&nbsp;fat_open
</UL>

<P><STRONG><a name="[300]"></a>path_init</STRONG> (Thumb, 50 bytes, Stack size 16 bytes, fs_fat.o(i.path_init))
<BR><BR>[Stack]<UL><LI>Max Depth = 16<LI>Call Chain = path_init
</UL>
<BR>[Calls]<UL><LI><a href="#[302]">&gt;&gt;</a>&nbsp;&nbsp;&nbsp;elink_dir
<LI><a href="#[30e]">&gt;&gt;</a>&nbsp;&nbsp;&nbsp;get_root_clus
</UL>
<BR>[Called By]<UL><LI><a href="#[2d6]">&gt;&gt;</a>&nbsp;&nbsp;&nbsp;fat_open
<LI><a href="#[2df]">&gt;&gt;</a>&nbsp;&nbsp;&nbsp;fat_delete
</UL>

<P><STRONG><a name="[301]"></a>path_open</STRONG> (Thumb, 166 bytes, Stack size 24 bytes, fs_fat.o(i.path_open))
<BR><BR>[Stack]<UL><LI>Max Depth = 168<LI>Call Chain = path_open &rArr; frec_find &rArr; entry_pos_inc &rArr; alloc_table_read &rArr; cache_fat
</UL>
<BR>[Calls]<UL><LI><a href="#[302]">&gt;&gt;</a>&nbsp;&nbsp;&nbsp;elink_dir
<LI><a href="#[34c]">&gt;&gt;</a>&nbsp;&nbsp;&nbsp;name_strip
<LI><a href="#[347]">&gt;&gt;</a>&nbsp;&nbsp;&nbsp;name_analyse
<LI><a href="#[321]">&gt;&gt;</a>&nbsp;&nbsp;&nbsp;frec_find_elink
<LI><a href="#[31b]">&gt;&gt;</a>&nbsp;&nbsp;&nbsp;frec_find
<LI><a href="#[2e7]">&gt;&gt;</a>&nbsp;&nbsp;&nbsp;get_u16
</UL>
<BR>[Called By]<UL><LI><a href="#[2d6]">&gt;&gt;</a>&nbsp;&nbsp;&nbsp;fat_open
<LI><a href="#[2df]">&gt;&gt;</a>&nbsp;&nbsp;&nbsp;fat_delete
</UL>

<P><STRONG><a name="[2fe]"></a>path_validate</STRONG> (Thumb, 70 bytes, Stack size 24 bytes, fs_fat.o(i.path_validate))
<BR><BR>[Stack]<UL><LI>Max Depth = 40<LI>Call Chain = path_validate &rArr; name_validate
</UL>
<BR>[Calls]<UL><LI><a href="#[34a]">&gt;&gt;</a>&nbsp;&nbsp;&nbsp;name_validate
</UL>
<BR>[Called By]<UL><LI><a href="#[2d6]">&gt;&gt;</a>&nbsp;&nbsp;&nbsp;fat_open
<LI><a href="#[2df]">&gt;&gt;</a>&nbsp;&nbsp;&nbsp;fat_delete
</UL>

<P><STRONG><a name="[30d]"></a>read_cache</STRONG> (Thumb, 122 bytes, Stack size 16 bytes, fs_fat.o(i.read_cache))
<BR><BR>[Stack]<UL><LI>Max Depth = 32<LI>Call Chain = read_cache &rArr; read_sector
</UL>
<BR>[Calls]<UL><LI><a href="#[2ec]">&gt;&gt;</a>&nbsp;&nbsp;&nbsp;read_sector
<LI><a href="#[1a3]">&gt;&gt;</a>&nbsp;&nbsp;&nbsp;__aeabi_memcpy
</UL>
<BR>[Called By]<UL><LI><a href="#[2d9]">&gt;&gt;</a>&nbsp;&nbsp;&nbsp;fat_read
<LI><a href="#[30a]">&gt;&gt;</a>&nbsp;&nbsp;&nbsp;fat_mount
</UL>

<P><STRONG><a name="[2ec]"></a>read_sector</STRONG> (Thumb, 82 bytes, Stack size 16 bytes, fs_fat.o(i.read_sector))
<BR><BR>[Stack]<UL><LI>Max Depth = 16<LI>Call Chain = read_sector
</UL>
<BR>[Calls]<UL><LI><a href="#[1a3]">&gt;&gt;</a>&nbsp;&nbsp;&nbsp;__aeabi_memcpy
</UL>
<BR>[Called By]<UL><LI><a href="#[30d]">&gt;&gt;</a>&nbsp;&nbsp;&nbsp;read_cache
<LI><a href="#[30c]">&gt;&gt;</a>&nbsp;&nbsp;&nbsp;fsinfo_read
<LI><a href="#[2f3]">&gt;&gt;</a>&nbsp;&nbsp;&nbsp;entry_read
<LI><a href="#[2eb]">&gt;&gt;</a>&nbsp;&nbsp;&nbsp;bs_read
<LI><a href="#[2dd]">&gt;&gt;</a>&nbsp;&nbsp;&nbsp;fat_write
<LI><a href="#[2db]">&gt;&gt;</a>&nbsp;&nbsp;&nbsp;fat_seek
<LI><a href="#[30a]">&gt;&gt;</a>&nbsp;&nbsp;&nbsp;fat_mount
</UL>

<P><STRONG><a name="[31e]"></a>sfn_extract</STRONG> (Thumb, 72 bytes, Stack size 8 bytes, fs_fat.o(i.sfn_extract))
<BR><BR>[Stack]<UL><LI>Max Depth = 8<LI>Call Chain = sfn_extract
</UL>
<BR>[Called By]<UL><LI><a href="#[31f]">&gt;&gt;</a>&nbsp;&nbsp;&nbsp;short_ent_hash
<LI><a href="#[303]">&gt;&gt;</a>&nbsp;&nbsp;&nbsp;frec_next
<LI><a href="#[31b]">&gt;&gt;</a>&nbsp;&nbsp;&nbsp;frec_find
</UL>

<P><STRONG><a name="[31f]"></a>short_ent_hash</STRONG> (Thumb, 26 bytes, Stack size 24 bytes, fs_fat.o(i.short_ent_hash))
<BR><BR>[Stack]<UL><LI>Max Depth = 36<LI>Call Chain = short_ent_hash &rArr; fat_crc32
</UL>
<BR>[Calls]<UL><LI><a href="#[31e]">&gt;&gt;</a>&nbsp;&nbsp;&nbsp;sfn_extract
<LI><a href="#[32e]">&gt;&gt;</a>&nbsp;&nbsp;&nbsp;fat_crc32
</UL>
<BR>[Called By]<UL><LI><a href="#[310]">&gt;&gt;</a>&nbsp;&nbsp;&nbsp;path_create
<LI><a href="#[303]">&gt;&gt;</a>&nbsp;&nbsp;&nbsp;frec_next
<LI><a href="#[31b]">&gt;&gt;</a>&nbsp;&nbsp;&nbsp;frec_find
</UL>

<P><STRONG><a name="[31d]"></a>sn_chksum</STRONG> (Thumb, 30 bytes, Stack size 0 bytes, fs_fat.o(i.sn_chksum))
<BR><BR>[Called By]<UL><LI><a href="#[310]">&gt;&gt;</a>&nbsp;&nbsp;&nbsp;path_create
<LI><a href="#[303]">&gt;&gt;</a>&nbsp;&nbsp;&nbsp;frec_next
<LI><a href="#[31b]">&gt;&gt;</a>&nbsp;&nbsp;&nbsp;frec_find
</UL>

<P><STRONG><a name="[305]"></a>unlink_clus</STRONG> (Thumb, 104 bytes, Stack size 24 bytes, fs_fat.o(i.unlink_clus))
<BR><BR>[Stack]<UL><LI>Max Depth = 72<LI>Call Chain = unlink_clus &rArr; alloc_table_write &rArr; cache_fat
</UL>
<BR>[Calls]<UL><LI><a href="#[2e3]">&gt;&gt;</a>&nbsp;&nbsp;&nbsp;get_EOC
<LI><a href="#[2e4]">&gt;&gt;</a>&nbsp;&nbsp;&nbsp;alloc_table_write
<LI><a href="#[2e2]">&gt;&gt;</a>&nbsp;&nbsp;&nbsp;alloc_table_read
</UL>
<BR>[Called By]<UL><LI><a href="#[2d6]">&gt;&gt;</a>&nbsp;&nbsp;&nbsp;fat_open
<LI><a href="#[2df]">&gt;&gt;</a>&nbsp;&nbsp;&nbsp;fat_delete
</UL>

<P><STRONG><a name="[2f1]"></a>write_cache</STRONG> (Thumb, 174 bytes, Stack size 24 bytes, fs_fat.o(i.write_cache))
<BR><BR>[Stack]<UL><LI>Max Depth = 40<LI>Call Chain = write_cache &rArr; write_sector
</UL>
<BR>[Calls]<UL><LI><a href="#[2fb]">&gt;&gt;</a>&nbsp;&nbsp;&nbsp;write_sector
<LI><a href="#[1a3]">&gt;&gt;</a>&nbsp;&nbsp;&nbsp;__aeabi_memcpy
</UL>
<BR>[Called By]<UL><LI><a href="#[2fd]">&gt;&gt;</a>&nbsp;&nbsp;&nbsp;fsinfo_write
<LI><a href="#[2ee]">&gt;&gt;</a>&nbsp;&nbsp;&nbsp;clear_clus
<LI><a href="#[2dd]">&gt;&gt;</a>&nbsp;&nbsp;&nbsp;fat_write
<LI><a href="#[2db]">&gt;&gt;</a>&nbsp;&nbsp;&nbsp;fat_seek
<LI><a href="#[2d0]">&gt;&gt;</a>&nbsp;&nbsp;&nbsp;fat_flush
<LI><a href="#[2ce]">&gt;&gt;</a>&nbsp;&nbsp;&nbsp;fat_close
<LI><a href="#[2df]">&gt;&gt;</a>&nbsp;&nbsp;&nbsp;fat_delete
</UL>

<P><STRONG><a name="[2fb]"></a>write_sector</STRONG> (Thumb, 48 bytes, Stack size 16 bytes, fs_fat.o(i.write_sector))
<BR><BR>[Stack]<UL><LI>Max Depth = 16<LI>Call Chain = write_sector
</UL>
<BR>[Calls]<UL><LI><a href="#[2ed]">&gt;&gt;</a>&nbsp;&nbsp;&nbsp;fsj_write
</UL>
<BR>[Called By]<UL><LI><a href="#[2f1]">&gt;&gt;</a>&nbsp;&nbsp;&nbsp;write_cache
<LI><a href="#[2f7]">&gt;&gt;</a>&nbsp;&nbsp;&nbsp;entry_flush
</UL>

<P><STRONG><a name="[278]"></a>_freopen_locked</STRONG> (Thumb, 174 bytes, Stack size 32 bytes, fopen_locked.o(.text))
<BR><BR>[Stack]<UL><LI>Max Depth = 440<LI>Call Chain = _freopen_locked &rArr; _sys_open &rArr; __sys_open &rArr; fat_open &rArr; path_create &rArr; frec_find &rArr; entry_pos_inc &rArr; alloc_table_read &rArr; cache_fat
</UL>
<BR>[Calls]<UL><LI><a href="#[23d]">&gt;&gt;</a>&nbsp;&nbsp;&nbsp;_sys_open
<LI><a href="#[ee]">&gt;&gt;</a>&nbsp;&nbsp;&nbsp;_mutex_release
<LI><a href="#[ed]">&gt;&gt;</a>&nbsp;&nbsp;&nbsp;_mutex_acquire
<LI><a href="#[277]">&gt;&gt;</a>&nbsp;&nbsp;&nbsp;_fseek
<LI><a href="#[273]">&gt;&gt;</a>&nbsp;&nbsp;&nbsp;_fclose_internal
</UL>
<BR>[Called By]<UL><LI><a href="#[173]">&gt;&gt;</a>&nbsp;&nbsp;&nbsp;fopen
<LI><a href="#[279]">&gt;&gt;</a>&nbsp;&nbsp;&nbsp;freopen
</UL>

<P><STRONG><a name="[284]"></a>Heap1_SizeAdjust</STRONG> (Thumb, 8 bytes, Stack size 0 bytes, h1_alloc_mt.o(.text))
<BR><BR>[Called By]<UL><LI><a href="#[283]">&gt;&gt;</a>&nbsp;&nbsp;&nbsp;_malloc_internal
</UL>

<P><STRONG><a name="[50]"></a>_printf_input_char</STRONG> (Thumb, 10 bytes, Stack size 0 bytes, _printf_char_common.o(.text))
<BR>[Address Reference Count : 1]<UL><LI> _printf_char_common.o(.text)
</UL>
<P><STRONG><a name="[51]"></a>_scanf_char_input</STRONG> (Thumb, 12 bytes, Stack size 0 bytes, scanf_char.o(.text))
<BR>[Address Reference Count : 1]<UL><LI> scanf_char.o(.text)
</UL>
<P><STRONG><a name="[53]"></a>[local to arm_exceptions_c]::__default_terminate_handler()</STRONG> (Thumb, 6 bytes, Stack size 8 bytes, arm_exceptions_globs.o(.text))
<BR><BR>[Stack]<UL><LI>Max Depth = 56 + Unknown Stack Size
<LI>Call Chain = [local to arm_exceptions_c]::__default_terminate_handler() &rArr; abort &rArr; __rt_SIGABRT &rArr; __rt_SIGABRT_inner &rArr; __default_signal_display &rArr; _ttywrch
</UL>
<BR>[Calls]<UL><LI><a href="#[2a2]">&gt;&gt;</a>&nbsp;&nbsp;&nbsp;abort
</UL>
<BR>[Address Reference Count : 1]<UL><LI> arm_exceptions_globs.o(.text)
</UL><P>
<H3>
Undefined Global Symbols
</H3><HR></body></html>
