Component: ARM Compiler 5.06 update 4 (build 422) Tool: armlink [4d35d2]

==============================================================================

Section Cross References

    clock.o(.text) refers to wstmonitor.o(CODE_ANIM_RUNNING_FAST) for WSTMonitor_sendInit(void*, unsigned short, void*)
    clock.o(.text) refers to delete.o(i._ZdlPv) for operator delete (void*)
    clock.o(.text) refers to clock.o(.constdata__ZTV5Clock) for vtable for Clock
    clock.o(.ARM.exidx) refers to clock.o(.text) for .text
    defaultpkg.o(.text) refers to defaultpkg.o(CODE_RXF_RUNNING_FAST) for WST_EVT::WST_EVT()
    defaultpkg.o(.text) refers to omstring.o(.text) for OMString::OMString(const OMString&)
    defaultpkg.o(.text) refers to defaultpkg.o(.constdata__ZTV8evToggle) for vtable for evToggle
    defaultpkg.o(.text) refers to defaultpkg.o(.constdata__ZTV4evOn) for vtable for evOn
    defaultpkg.o(.text) refers to defaultpkg.o(.constdata__ZTV5evOff) for vtable for evOff
    defaultpkg.o(.text) refers to defaultpkg.o(.constdata__ZTV13evJoystickPos) for vtable for evJoystickPos
    defaultpkg.o(.text) refers to defaultpkg.o(.constdata__ZTV7evBlink) for vtable for evBlink
    defaultpkg.o(.text) refers to defaultpkg.o(.constdata__ZTV7evSDLog) for vtable for evSDLog
    defaultpkg.o(.text) refers to defaultpkg.o(.constdata__ZTV7evError) for vtable for evError
    defaultpkg.o(.text) refers to defaultpkg.o(.constdata__ZTV8evSDLog2) for vtable for evSDLog2
    defaultpkg.o(.ARM.exidx) refers to defaultpkg.o(.text) for .text
    display.o(.text) refers to _printf_percent.o(.ARM.Collect$$_printf_percent$$00000000) for _printf_percent
    display.o(.text) refers to _printf_s.o(.ARM.Collect$$_printf_percent$$00000014) for _printf_s
    display.o(.text) refers to _printf_str.o(.text) for _printf_str
    display.o(.text) refers to wst_fsm.o(.text) for WST_FSM::WST_FSM()
    display.o(.text) refers to glcd_mcb1700.o(.text) for GLCD_Initialize
    display.o(.text) refers to wstmonitor.o(CODE_ANIM_RUNNING_FAST) for WSTMonitor_sendInit(void*, unsigned short, void*)
    display.o(.text) refers to display.o(t._ZN6OMListI8OMStringED1Ev) for OMList<OMString>::~OMList()
    display.o(.text) refers to wst_mem.o(.text) for WST_MEM::returnMemory(void*)
    display.o(.text) refers to display.o(t._ZN10OMIteratorI8OMStringEC1ERK19OMAbstractContainerIS0_E) for OMIterator<OMString>::OMIterator(const OMAbstractContainer<OMString>&)
    display.o(.text) refers to display.o(t._ZNK10OMIteratorI8OMStringEdeEv) for OMIterator<OMString>::operator *() const
    display.o(.text) refers to omstring.o(.text) for OMString::GetLength() const
    display.o(.text) refers to display.o(t._ZN10OMIteratorI8OMStringED1Ev) for OMIterator<OMString>::~OMIterator()
    display.o(.text) refers to noretval__2sprintf.o(.text) for __2sprintf
    display.o(.text) refers to display.o(t._ZN6OMListI8OMStringE3addES0_) for OMList<OMString>::add(OMString)
    display.o(.text) refers to display.o(t._ZN6OMListI8OMStringE12_removeFirstEv) for OMList<OMString>::_removeFirst()
    display.o(.text) refers to display.o(.constdata__ZTV7Display) for vtable for Display
    display.o(.text) refers to display.o(.constdata__ZTV19OMAbstractContainerI8OMStringE) for vtable for OMAbstractContainer<OMString>
    display.o(.text) refers to display.o(.constdata__ZTV6OMListI8OMStringE) for vtable for OMList<OMString>
    display.o(.text) refers to glcd_fonts.o(.constdata) for GLCD_Font_16x24
    display.o(.ARM.exidx) refers to display.o(.text) for .text
    joystick.o(.text) refers to wst_tsk.o(.text) for WST_TSK::WST_TSK(char*, unsigned char, unsigned short, unsigned short, bool)
    joystick.o(.text) refers to wst_fsm.o(.text) for WST_FSM::WST_FSM()
    joystick.o(.text) refers to wstmonitor.o(CODE_ANIM_RUNNING_FAST) for WSTMonitor_sendInit(void*, unsigned short, void*)
    joystick.o(.text) refers to wst_mem.o(.text) for WST_MEM::returnMemory(void*)
    joystick.o(.text) refers to defaultpkg.o(.text) for evJoystickPos::evJoystickPos(char)
    joystick.o(.text) refers to joystick.o(.constdata__ZTV8Joystick) for vtable for Joystick
    joystick.o(.ARM.exidx) refers to joystick.o(.text) for .text
    led.o(.text) refers to wst_fsm.o(.text) for WST_FSM::WST_FSM()
    led.o(.text) refers to wstmonitor.o(CODE_ANIM_RUNNING_FAST) for WSTMonitor_sendInit(void*, unsigned short, void*)
    led.o(.text) refers to wst_mem.o(.text) for WST_MEM::returnMemory(void*)
    led.o(.text) refers to led.o(.constdata__ZTV3Led) for vtable for Led
    led.o(.ARM.exidx) refers to led.o(.text) for .text
    ledbar.o(.text) refers to led.o(.text) for Led::Led(WST_TSK*)
    ledbar.o(.text) refers to wst_fsm.o(.text) for WST_FSM::setTask(WST_TSK*, bool)
    ledbar.o(.text) refers to aeabi_vec_ctor_nocookie_nodtor.o(i.__aeabi_vec_ctor_nocookie_nodtor) for __aeabi_vec_ctor_nocookie_nodtor
    ledbar.o(.text) refers to wstmonitor.o(CODE_ANIM_RUNNING_FAST) for WSTMonitor_sendInit(void*, unsigned short, void*)
[...]
    osThreadCreate                           0x0000c899   Thumb Code    36  rt_cmsis.o(i.osThreadCreate)
    osThreadExit                             0x0000c8c5   Thumb Code    14  rt_cmsis.o(i.osThreadExit)
    osThreadGetId                            0x0000c8dd   Thumb Code    18  rt_cmsis.o(i.osThreadGetId)
    osThreadTerminate                        0x0000c8f5   Thumb Code    18  rt_cmsis.o(i.osThreadTerminate)
    osTimerCall                              0x0000c90d   Thumb Code     8  rt_cmsis.o(i.osTimerCall)
    osTimerCreate                            0x0000c919   Thumb Code    36  rt_cmsis.o(i.osTimerCreate)
    osTimerStart                             0x0000c945   Thumb Code    18  rt_cmsis.o(i.osTimerStart)
    osTimerThread                            0x0000c95d   Thumb Code    38  rt_cmsis.o(i.osTimerThread)
    os_tick_init                             0x0000c989   Thumb Code    32  rt_system.o(i.os_tick_init)
    os_tick_irqack                           0x0000c9b1   Thumb Code     2  rt_system.o(i.os_tick_irqack)
    os_tick_ovf                              0x0000c9b5   Thumb Code    10  rt_system.o(i.os_tick_ovf)
    os_tick_val                              0x0000c9c5   Thumb Code    14  rt_system.o(i.os_tick_val)
    rt_alloc_box                             0x0000cdf3   Thumb Code    26  rt_membox.o(i.rt_alloc_box)
    rt_alloc_mem                             0x0000ce0d   Thumb Code    62  rt_memory.o(i.rt_alloc_mem)
    rt_block                                 0x0000ce4d   Thumb Code    48  rt_task.o(i.rt_block)
    rt_dec_dly                               0x0000ce85   Thumb Code   102  rt_list.o(i.rt_dec_dly)
    rt_dispatch                              0x0000cef5   Thumb Code    60  rt_task.o(i.rt_dispatch)
    rt_dly_wait                              0x0000cf39   Thumb Code     6  rt_time.o(i.rt_dly_wait)
    rt_evt_psh                               0x0000cf41   Thumb Code    76  rt_event.o(i.rt_evt_psh)
    rt_free_box                              0x0000cf91   Thumb Code    44  rt_membox.o(i.rt_free_box)
    rt_free_mem                              0x0000cfbd   Thumb Code    40  rt_memory.o(i.rt_free_mem)
    rt_get_first                             0x0000cfe5   Thumb Code    40  rt_list.o(i.rt_get_first)
    rt_init_mem                              0x0000d05d   Thumb Code    26  rt_memory.o(i.rt_init_mem)
    rt_init_stack                            0x0000d079   Thumb Code   118  hal_cm.o(i.rt_init_stack)
    rt_mbx_check                             0x0000d0f9   Thumb Code     8  rt_mailbox.o(i.rt_mbx_check)
    rt_mbx_init                              0x0000d101   Thumb Code    26  rt_mailbox.o(i.rt_mbx_init)
    rt_mbx_psh                               0x0000d11d   Thumb Code   236  rt_mailbox.o(i.rt_mbx_psh)
    rt_mbx_send                              0x0000d20d   Thumb Code   148  rt_mailbox.o(i.rt_mbx_send)
    rt_mbx_wait                              0x0000d2a5   Thumb Code   174  rt_mailbox.o(i.rt_mbx_wait)
    rt_mut_delete                            0x0000d39d   Thumb Code   168  rt_mutex.o(i.rt_mut_delete)
    rt_mut_init                              0x0000d44d   Thumb Code    16  rt_mutex.o(i.rt_mut_init)
    rt_mut_release                           0x0000d45d   Thumb Code   208  rt_mutex.o(i.rt_mut_release)
    rt_mut_wait                              0x0000d535   Thumb Code   114  rt_mutex.o(i.rt_mut_wait)
    rt_pop_req                               0x0000d5ad   Thumb Code   112  rt_system.o(i.rt_pop_req)
    rt_psh_req                               0x0000d629   Thumb Code    22  rt_system.o(i.rt_psh_req)
    rt_psq_enq                               0x0000d649   Thumb Code    88  rt_list.o(i.rt_psq_enq)
    rt_put_dly                               0x0000d6a5   Thumb Code    68  rt_list.o(i.rt_put_dly)
    rt_put_prio                              0x0000d6ed   Thumb Code    54  rt_list.o(i.rt_put_prio)
    rt_put_rdy_first                         0x0000d725   Thumb Code    14  rt_list.o(i.rt_put_rdy_first)
    rt_resort_prio                           0x0000d739   Thumb Code    46  rt_list.o(i.rt_resort_prio)
    rt_ret_val                               0x0000d76d   Thumb Code     6  hal_cm.o(i.rt_ret_val)
    rt_ret_val2                              0x0000d773   Thumb Code     8  hal_cm.o(i.rt_ret_val2)
    rt_rmv_dly                               0x0000d77b   Thumb Code    40  rt_list.o(i.rt_rmv_dly)
    rt_rmv_list                              0x0000d7a5   Thumb Code    44  rt_list.o(i.rt_rmv_list)
    rt_sem_psh                               0x0000d7d5   Thumb Code    48  rt_semaphore.o(i.rt_sem_psh)
    rt_stk_check                             0x0000d809   Thumb Code    28  rt_system.o(i.rt_stk_check)
    rt_switch_req                            0x0000d82d   Thumb Code    30  rt_task.o(i.rt_switch_req)
    rt_sys_init                              0x0000d855   Thumb Code   138  rt_task.o(i.rt_sys_init)
    rt_sys_start                             0x0000d921   Thumb Code   110  rt_task.o(i.rt_sys_start)
    rt_systick                               0x0000d999   Thumb Code    50  rt_system.o(i.rt_systick)
    rt_tsk_create                            0x0000da5d   Thumb Code   118  rt_task.o(i.rt_tsk_create)
    rt_tsk_delete                            0x0000dae5   Thumb Code   352  rt_task.o(i.rt_tsk_delete)
    rt_tsk_prio                              0x0000dc61   Thumb Code   108  rt_task.o(i.rt_tsk_prio)
    rt_tsk_self                              0x0000dcdd   Thumb Code    12  rt_task.o(i.rt_tsk_self)
    set_u16                                  0x0000dced   Thumb Code     8  fs_common.o(i.set_u16)
    set_u32                                  0x0000dcf5   Thumb Code    16  fs_common.o(i.set_u32)
    svcDelay                                 0x0000dd85   Thumb Code    18  rt_cmsis.o(i.svcDelay)
    svcKernelInitialize                      0x0000dd99   Thumb Code    80  rt_cmsis.o(i.svcKernelInitialize)
    svcKernelRunning                         0x0000de09   Thumb Code     6  rt_cmsis.o(i.svcKernelRunning)
    svcKernelStart                           0x0000de15   Thumb Code    62  rt_cmsis.o(i.svcKernelStart)
    svcKernelSysTick                         0x0000de5d   Thumb Code    46  rt_cmsis.o(i.svcKernelSysTick)
    svcMessageCreate                         0x0000de95   Thumb Code    36  rt_cmsis.o(i.svcMessageCreate)
    svcMessageGet                            0x0000deb9   Thumb Code    58  rt_cmsis.o(i.svcMessageGet)
    svcMessagePut                            0x0000def3   Thumb Code    54  rt_cmsis.o(i.svcMessagePut)
    svcMutexCreate                           0x0000df29   Thumb Code    28  rt_cmsis.o(i.svcMutexCreate)
    svcMutexDelete                           0x0000df45   Thumb Code    26  rt_cmsis.o(i.svcMutexDelete)
    svcMutexRelease                          0x0000df5f   Thumb Code    34  rt_cmsis.o(i.svcMutexRelease)
    svcMutexWait                             0x0000df81   Thumb Code    58  rt_cmsis.o(i.svcMutexWait)
    svcThreadCreate                          0x0000dfbd   Thumb Code    96  rt_cmsis.o(i.svcThreadCreate)
    svcThreadGetId                           0x0000e029   Thumb Code    22  rt_cmsis.o(i.svcThreadGetId)
    svcThreadTerminate                       0x0000e045   Thumb Code    50  rt_cmsis.o(i.svcThreadTerminate)
    svcTimerCall                             0x0000e07d   Thumb Code    24  rt_cmsis.o(i.svcTimerCall)
    svcTimerCreate                           0x0000e095   Thumb Code    52  rt_cmsis.o(i.svcTimerCreate)
    svcTimerStart                            0x0000e0cd   Thumb Code    96  rt_cmsis.o(i.svcTimerStart)
    sysTimerTick                             0x0000e131   Thumb Code    84  rt_cmsis.o(i.sysTimerTick)
    _get_lc_ctype                            0x0000e2d5   Thumb Code    44  lc_ctype_c.o(locale$$code)
    OMIterator<OMString>::OMIterator(const OMAbstractContainer<OMString>&) 0x0000e301   Thumb Code    34  display.o(t._ZN10OMIteratorI8OMStringEC1ERK19OMAbstractContainerIS0_E)
    OMIterator<OMString>::OMIterator__sub_object(const OMAbstractContainer<OMString>&) 0x0000e301   Thumb Code     0  display.o(t._ZN10OMIteratorI8OMStringEC1ERK19OMAbstractContainerIS0_E)
    OMIterator<OMString>::~OMIterator()      0x0000e323   Thumb Code     6  display.o(t._ZN10OMIteratorI8OMStringED1Ev)
    OMIterator<OMString>::~OMIterator__sub_object() 0x0000e323   Thumb Code     0  display.o(t._ZN10OMIteratorI8OMStringED1Ev)
    OMNullValue<OMString>::get()             0x0000e329   Thumb Code    32  display.o(t._ZN11OMNullValueI8OMStringE3getEv)
    OMList<OMString>::_removeFirst()         0x0000e351   Thumb Code    68  display.o(t._ZN6OMListI8OMStringE12_removeFirstEv)
    OMList<OMString>::add(OMString)          0x0000e395   Thumb Code    68  display.o(t._ZN6OMListI8OMStringE3addES0_)
    OMList<OMString>::~OMList()              0x0000e3d9   Thumb Code    36  display.o(t._ZN6OMListI8OMStringED1Ev)
    OMList<OMString>::~OMList__sub_object()  0x0000e3d9   Thumb Code     0  display.o(t._ZN6OMListI8OMStringED1Ev)
    OMIterator<OMString>::operator *() const 0x0000e401   Thumb Code    28  display.o(t._ZNK10OMIteratorI8OMStringEdeEv)
    OMList<OMString>::getCurrent(void*) const 0x0000e41d   Thumb Code    18  display.o(t._ZNK6OMListI8OMStringE10getCurrentEPv)
    OMList<OMString>::getNext(void*&) const  0x0000e42f   Thumb Code     8  display.o(t._ZNK6OMListI8OMStringE7getNextERPv)
    OMList<OMString>::getFirst(void*&) const 0x0000e437   Thumb Code     6  display.o(t._ZNK6OMListI8OMStringE8getFirstERPv)
    GLCD_Font_6x8                            0x0000fcbc   Data          16  glcd_fonts.o(.constdata)
    GLCD_Font_16x24                          0x0000fccc   Data          16  glcd_fonts.o(.constdata)
    os_maxtaskrun                            0x0000fcdc   Data           2  rtx_conf_cm.o(.constdata)
    os_stackinfo                             0x0000fce0   Data           4  rtx_conf_cm.o(.constdata)
    os_rrobin                                0x0000fce4   Data           4  rtx_conf_cm.o(.constdata)
    os_tickfreq                              0x0000fce8   Data           4  rtx_conf_cm.o(.constdata)
    os_tickus_i                              0x0000fcec   Data           2  rtx_conf_cm.o(.constdata)
    os_tickus_f                              0x0000fcee   Data           2  rtx_conf_cm.o(.constdata)
    os_trv                                   0x0000fcf0   Data           4  rtx_conf_cm.o(.constdata)
    os_flags                                 0x0000fcf4   Data           1  rtx_conf_cm.o(.constdata)
    CMSIS_RTOS_API_Version                   0x0000fcf8   Data           4  rtx_conf_cm.o(.constdata)
    CMSIS_RTOS_RTX_Version                   0x0000fcfc   Data           4  rtx_conf_cm.o(.constdata)
    os_clockrate                             0x0000fd00   Data           4  rtx_conf_cm.o(.constdata)
    os_timernum                              0x0000fd04   Data           4  rtx_conf_cm.o(.constdata)
    mp_tcb_size                              0x0000fd08   Data           2  rtx_conf_cm.o(.constdata)
    mp_stk_size                              0x0000fd0c   Data           4  rtx_conf_cm.o(.constdata)
    os_stack_sz                              0x0000fd10   Data           4  rtx_conf_cm.o(.constdata)
    os_fifo_size                             0x0000fd14   Data           1  rtx_conf_cm.o(.constdata)
    os_thread_def_osTimerThread              0x0000fd18   Data          16  rtx_conf_cm.o(.constdata)
    os_messageQ_def_osTimerMessageQ          0x0000fd28   Data           8  rtx_conf_cm.o(.constdata)
    mp_tmr_size                              0x0000fd30   Data           2  rtx_conf_cm.o(.constdata)
    os_thread_def_main                       0x0000fd34   Data          16  rtx_conf_cm.o(.constdata)
    Driver_SPI0                              0x0000fddc   Data          44  ssp_lpc17xx.o(.constdata)
    Driver_SPI1                              0x0000fe08   Data          44  ssp_lpc17xx.o(.constdata)
    __stdin_name                             0x0000fe34   Data           7  retarget_io.o(.constdata)
    __stdout_name                            0x0000fe3b   Data           8  retarget_io.o(.constdata)
    __stderr_name                            0x0000fe43   Data           8  retarget_io.o(.constdata)
    fs_fat_fh_cnt                            0x0000fe4c   Data           1  fs_config.o(.constdata)
    fs_efs_fh_cnt                            0x0000fe4d   Data           1  fs_config.o(.constdata)
    fs_ndrv                                  0x0000fe4e   Data           1  fs_config.o(.constdata)
    os_mutex_def_fs_mc0_mtx_def              0x0000fe50   Data           4  fs_config.o(.constdata)
    fs_DevPool                               0x0000fe6c   Data           8  fs_config.o(.constdata)
    vtable for TestBuilder                   0x00010344   Data          44  testbuilder.o(.constdata__ZTV11TestBuilder)
    vtable for evJoystickPos                 0x00010370   Data          20  defaultpkg.o(.constdata__ZTV13evJoystickPos)
    vtable for OMAbstractContainer<OMString> 0x00010384   Data          28  display.o(.constdata__ZTV19OMAbstractContainerI8OMStringE)
    vtable for RunningIndicatorLed           0x000103a0   Data          68  runningindicatorled.o(.constdata__ZTV19RunningIndicatorLed)
    vtable for Led                           0x000103e4   Data          40  led.o(.constdata__ZTV3Led)
    vtable for evOn                          0x0001040c   Data          20  defaultpkg.o(.constdata__ZTV4evOn)
    vtable for Clock                         0x00010420   Data          16  clock.o(.constdata__ZTV5Clock)
    vtable for evOff                         0x00010430   Data          20  defaultpkg.o(.constdata__ZTV5evOff)
    vtable for LedBar                        0x00010444   Data          44  ledbar.o(.constdata__ZTV6LedBar)
    vtable for OMList<OMString>              0x00010470   Data          32  display.o(.constdata__ZTV6OMListI8OMStringE)
    vtable for SDCard                        0x00010490   Data          40  sdcard.o(.constdata__ZTV6SDCard)
    vtable for Display                       0x000104b8   Data          40  display.o(.constdata__ZTV7Display)
    vtable for WST_EVT                       0x000104e0   Data          16  defaultpkg.o(.constdata__ZTV7WST_EVT)
    vtable for WST_FSM                       0x000104f0   Data          36  wst_fsm.o(.constdata__ZTV7WST_FSM)
    vtable for WST_TMR                       0x00010514   Data          16  wst_tmm.o(.constdata__ZTV7WST_TMR)
    vtable for WST_TSK                       0x00010524   Data          16  wst_tsk.o(.constdata__ZTV7WST_TSK)
    vtable for evBlink                       0x00010534   Data          20  defaultpkg.o(.constdata__ZTV7evBlink)
    vtable for evError                       0x00010548   Data          20  defaultpkg.o(.constdata__ZTV7evError)
    vtable for evSDLog                       0x0001055c   Data          20  defaultpkg.o(.constdata__ZTV7evSDLog)
    vtable for Joystick                      0x00010570   Data          68  joystick.o(.constdata__ZTV8Joystick)
    vtable for evSDLog2                      0x000105b4   Data          20  defaultpkg.o(.constdata__ZTV8evSDLog2)
    vtable for evToggle                      0x000105c8   Data          20  defaultpkg.o(.constdata__ZTV8evToggle)
    Region$$Table$$Base                      0x000105ec   Number         0  anon$$obj.o(Region$$Table)
    Region$$Table$$Limit                     0x0001060c   Number         0  anon$$obj.o(Region$$Table)
    __ctype                                  0x00010619   Data           0  lc_ctype_c.o(locale$$data)
    SHT$$INIT_ARRAY$$Base                    0x0001071c   Number         0  wst_tmm.o(.init_array)
    SHT$$INIT_ARRAY$$Limit                   0x00010728   Number         0  init_aeabi.o(.init_array)
    __MW_FS_VER                              0x06090008   Number         0  fs_version.o ABSOLUTE
    SDCard::counter                          0x10000000   Data           4  sdcard.o(.data)
    SDCard::fileName                         0x10000004   Data           4  sdcard.o(.data)
    OMString::defaultBlock                   0x10000008   Data           4  omstring.o(.data)
    WST_CFG_Highwater::smallBuffersMax       0x1000000c   Data           2  wst_cfg_highwater.o(.data)
    WST_CFG_Highwater::mediumBuffersMax      0x1000000e   Data           2  wst_cfg_highwater.o(.data)
    WST_CFG_Highwater::largeBuffersMax       0x10000010   Data           2  wst_cfg_highwater.o(.data)
    WST_CFG_Highwater::timeoutsMax           0x10000012   Data           2  wst_cfg_highwater.o(.data)
    WST_CFG_Highwater::bufferOverflow        0x10000014   Data           2  wst_cfg_highwater.o(.data)
    myInstance                               0x10000018   Data           4  wst_mem.o(.data)
    startSmall                               0x1000001c   Data           2  wst_mem.o(.data)
    smallCounter                             0x1000001e   Data           2  wst_mem.o(.data)
    startMedium                              0x10000020   Data           2  wst_mem.o(.data)
    mediumCounter                            0x10000022   Data           2  wst_mem.o(.data)
    startLarge                               0x10000024   Data           2  wst_mem.o(.data)
    largeCounter                             0x10000026   Data           2  wst_mem.o(.data)
    itsFreeList                              0x10000038   Data           4  wst_tmr.o(.data)
    WST_TSK::initList                        0x1000003c   Data           4  wst_tsk.o(.data)
    WST_TSK::OS_Started                      0x10000040   Data           1  wst_tsk.o(.data)
    ITM_RxBuffer                             0x1000006c   Data           4  wstmonitorio_keil_cortexm3_itm.o(.data)
    osThreadId_osTimerThread                 0x10000084   Data           4  rtx_conf_cm.o(.data)
    osMessageQId_osTimerMessageQ             0x10000088   Data           4  rtx_conf_cm.o(.data)
    os_tmr                                   0x1000008c   Data           4  rtx_conf_cm.o(.data)
    m_tmr                                    0x10000090   Data           4  rtx_conf_cm.o(.data)
    SystemCoreClock                          0x100000b8   Data           4  system_lpc17xx.o(.data)
    fs_ms_rtos_tick                          0x100000bc   Data           4  fs_config.o(.data)
    os_initialized                           0x100000c0   Data           1  rt_cmsis.o(.data)
    os_running                               0x100000c1   Data           1  rt_cmsis.o(.data)
    os_timer_head                            0x100000c4   Data           4  rt_cmsis.o(.data)
    os_tsk                                   0x100000c8   Data           8  rt_task.o(.data)
    os_tick_irqn                             0x100000d8   Data           4  rt_system.o(.data)
    os_time                                  0x100000dc   Data           4  rt_time.o(.data)
    dbg_msg                                  0x100000e0   Data           1  hal_cm.o(.data)
    _stream_list_lock                        0x100000e4   Data           4  streamlock.o(.data)
    __aeabi_stdin                            0x100000e8   Data           4  stdio_streams.o(.data)
    __aeabi_stdout                           0x100000ec   Data           4  stdio_streams.o(.data)
    __aeabi_stderr                           0x100000f0   Data           4  stdio_streams.o(.data)
    OMNullValue<OMString>::get()::nullSet    0x100000f4   Data           4  display.o(.data__ZZN11OMNullValueI8OMStringE3getEvE7nullSet)
    monitorStopFlag                          0x100000f8   Data           1  wstmonitor.o(DATA_ANIM_RUNNING_UNSPECIFIED_NOINIT_FAST)
    WSTmonitorBytesAvailable                 0x100000fa   Data           2  wstmonitor.o(DATA_ANIM_RUNNING_UNSPECIFIED_NOINIT_FAST)
    monitorSendOff                           0x100000fc   Data           1  wstmonitor.o(DATA_ANIM_RUNNING_UNSPECIFIED_NOINIT_FAST)
    monitorTimeoutEnableFlag                 0x100000fd   Data           1  wstmonitor.o(DATA_ANIM_RUNNING_UNSPECIFIED_NOINIT_FAST)
    firstBreakPoint                          0x10000100   Data           4  wstmonitor.o(DATA_ANIM_RUNNING_UNSPECIFIED_NOINIT_FAST)
    monitorInit                              0x10000104   Data           1  wstmonitor.o(DATA_ANIM_RUNNING_UNSPECIFIED_NOINIT_FAST)
    initDataStart                            0x10000108   Data           4  wstmonitor.o(DATA_ANIM_RUNNING_UNSPECIFIED_NOINIT_FAST)
    initDataEnd                              0x1000010c   Data           4  wstmonitor.o(DATA_ANIM_RUNNING_UNSPECIFIED_NOINIT_FAST)
    WSTMonitorEventID                        0x10000110   Data           4  wstmonitor.o(DATA_ANIM_RUNNING_UNSPECIFIED_NOINIT_FAST)
    monitorNbCmd                             0x10000114   Data           1  wstmonitor.o(DATA_ANIM_RUNNING_UNSPECIFIED_NOINIT_FAST)
    monitorMutex                             0x10000118   Data           4  wstmonitor.o(DATA_ANIM_RUNNING_UNSPECIFIED_NOINIT_FAST)
    memoryMutex                              0x10000120   Data           4  wst_osw.o(DATA_RXF_RUNNING_UNSPECIFIED_NOINIT_FAST)
    mutexInitialized                         0x10000124   Data           1  wst_osw.o(DATA_RXF_RUNNING_UNSPECIFIED_NOINIT_FAST)
    smallBuffers                             0x10000128   Data         240  wst_mem.o(.bss)
    mediumBuffers                            0x10000218   Data         216  wst_mem.o(.bss)
    largeBuffers                             0x100002f0   Data         200  wst_mem.o(.bss)
    wstMonitorTask                           0x100003b8   Data          20  wst_osw.o(.bss)
    wstTimerMngr                             0x100003cc   Data          36  wst_osw.o(.bss)
    WST_TMM::inst                            0x10000404   Data          16  wst_tmm.o(.bss)
    itsWST_TMR                               0x10000414   Data        1280  wst_tmr.o(.bss)
    WSTReceiveTaskStackmem                   0x10000914   Data         512  wstmonitor.o(.bss)
    monitorBuffer                            0x10000b14   Data          32  wstmonitor.o(.bss)
    showedObject                             0x10000b34   Data          32  wstmonitor.o(.bss)
    theMainTask                              0x10000b54   Data          64  wstrtos.o(.bss)
    mp_tcb                                   0x10000b98   Data         428  rtx_conf_cm.o(.bss)
    mp_stk                                   0x10000d48   Data         416  rtx_conf_cm.o(.bss)
    os_stack_mem                             0x10000ee8   Data        5392  rtx_conf_cm.o(.bss)
    os_fifo                                  0x100023f8   Data         132  rtx_conf_cm.o(.bss)
    os_active_TCB                            0x1000247c   Data          32  rtx_conf_cm.o(.bss)
    os_messageQ_q_osTimerMessageQ            0x1000249c   Data          32  rtx_conf_cm.o(.bss)
    fs_fat_fh                                0x1000292c   Data         144  fs_config.o(.bss)
    fs_efs_fh                                0x100029bc   Data          28  fs_config.o(.bss)
    os_idle_TCB                              0x10003e8c   Data          52  rt_task.o(.bss)
    os_rdy                                   0x10003ec0   Data          24  rt_list.o(.bss)
    os_dly                                   0x10003ed8   Data          24  rt_list.o(.bss)
    __libspace_start                         0x10003ef0   Data          96  libspace.o(.bss)
    __stdin                                  0x10003f50   Data          84  stdio_streams.o(.bss)
    __temporary_stack_top$libspace           0x10003f50   Data           0  libspace.o(.bss)
    __stdout                                 0x10003fa4   Data          84  stdio_streams.o(.bss)
    __stderr                                 0x10003ff8   Data          84  stdio_streams.o(.bss)
    OMNullValue<OMString>::get()::nillValue  0x1000404c   Data          12  display.o(.bss__ZZN11OMNullValueI8OMStringE3getEvE9nillValue)



==============================================================================

Memory Map of the image

  Image Entry point : 0x000000cd

  Load Region LR_IROM1 (Base: 0x00000000, Size: 0x00010850, Max: 0x00040000, ABSOLUTE)

    Execution Region ER_IROM1 (Base: 0x00000000, Size: 0x00010728, Max: 0x00040000, ABSOLUTE)

    Base Addr    Size         Type   Attr      Idx    E Section Name        Object

    0x00000000   0x000000cc   Data   RO         2278    RESET               startup_lpc17xx.o
    0x000000cc   0x00000008   Code   RO         4128  * !!!main             c_w.l(__main.o)
    0x000000d4   0x00000034   Code   RO         4761    !!!scatter          c_w.l(__scatter.o)
    0x00000108   0x0000001a   Code   RO         4763    !!handler_copy      c_w.l(__scatter_copy.o)
    0x00000122   0x00000002   PAD
    0x00000124   0x0000001c   Code   RO         4765    !!handler_zi        c_w.l(__scatter_zi.o)
    0x00000140   0x00000000   Code   RO         4081    .ARM.Collect$$_printf_percent$$00000000  c_w.l(_printf_percent.o)
    0x00000140   0x00000006   Code   RO         4080    .ARM.Collect$$_printf_percent$$00000009  c_w.l(_printf_d.o)
    0x00000146   0x00000006   Code   RO         4079    .ARM.Collect$$_printf_percent$$00000014  c_w.l(_printf_s.o)
    0x0000014c   0x00000004   Code   RO         4354    .ARM.Collect$$_printf_percent$$00000017  c_w.l(_printf_percent_end.o)
    0x00000150   0x00000002   Code   RO         4696    .ARM.Collect$$libinit$$00000000  c_w.l(libinit.o)
    0x00000152   0x00000000   Code   RO         4390    .ARM.Collect$$libinit$$00000002  c_w.l(libinit2.o)
    0x00000152   0x00000000   Code   RO         4392    .ARM.Collect$$libinit$$00000004  c_w.l(libinit2.o)
    0x00000152   0x00000008   Code   RO         4393    .ARM.Collect$$libinit$$00000005  c_w.l(libinit2.o)
    0x0000015a   0x00000000   Code   RO         4395    .ARM.Collect$$libinit$$0000000A  c_w.l(libinit2.o)
    0x0000015a   0x00000000   Code   RO         4397    .ARM.Collect$$libinit$$0000000C  c_w.l(libinit2.o)
    0x0000015a   0x00000000   Code   RO         4399    .ARM.Collect$$libinit$$0000000E  c_w.l(libinit2.o)
    0x0000015a   0x00000006   Code   RO         4400    .ARM.Collect$$libinit$$0000000F  c_w.l(libinit2.o)
    0x00000160   0x00000000   Code   RO         4402    .ARM.Collect$$libinit$$00000011  c_w.l(libinit2.o)
    0x00000160   0x0000000c   Code   RO         4403    .ARM.Collect$$libinit$$00000012  c_w.l(libinit2.o)
    0x0000016c   0x00000000   Code   RO         4404    .ARM.Collect$$libinit$$00000013  c_w.l(libinit2.o)
    0x0000016c   0x00000000   Code   RO         4406    .ARM.Collect$$libinit$$00000015  c_w.l(libinit2.o)
    0x0000016c   0x00000000   Code   RO         4408    .ARM.Collect$$libinit$$00000017  c_w.l(libinit2.o)
    0x0000016c   0x00000000   Code   RO         4410    .ARM.Collect$$libinit$$00000019  c_w.l(libinit2.o)
    0x0000016c   0x00000000   Code   RO         4412    .ARM.Collect$$libinit$$0000001B  c_w.l(libinit2.o)
    0x0000016c   0x00000000   Code   RO         4414    .ARM.Collect$$libinit$$0000001D  c_w.l(libinit2.o)
    0x0000016c   0x00000000   Code   RO         4416    .ARM.Collect$$libinit$$0000001F  c_w.l(libinit2.o)
    0x0000016c   0x00000000   Code   RO         4418    .ARM.Collect$$libinit$$00000021  c_w.l(libinit2.o)
    0x0000016c   0x00000000   Code   RO         4420    .ARM.Collect$$libinit$$00000023  c_w.l(libinit2.o)
    0x0000016c   0x00000004   Code   RO         4421    .ARM.Collect$$libinit$$00000024  c_w.l(libinit2.o)
    0x00000170   0x00000000   Code   RO         4422    .ARM.Collect$$libinit$$00000025  c_w.l(libinit2.o)
    0x00000170   0x00000000   Code   RO         4426    .ARM.Collect$$libinit$$0000002C  c_w.l(libinit2.o)
    0x00000170   0x00000000   Code   RO         4428    .ARM.Collect$$libinit$$0000002E  c_w.l(libinit2.o)
    0x00000170   0x00000000   Code   RO         4430    .ARM.Collect$$libinit$$00000030  c_w.l(libinit2.o)
    0x00000170   0x00000004   Code   RO         4431    .ARM.Collect$$libinit$$00000031  c_w.l(libinit2.o)
    0x00000174   0x00000000   Code   RO         4432    .ARM.Collect$$libinit$$00000032  c_w.l(libinit2.o)
    0x00000174   0x00000002   Code   RO         4433    .ARM.Collect$$libinit$$00000033  c_w.l(libinit2.o)
    0x00000176   0x00000002   Code   RO         4697    .ARM.Collect$$libshutdown$$00000000  c_w.l(libshutdown.o)
    0x00000178   0x00000006   Code   RO         4565    .ARM.Collect$$libshutdown$$00000001  c_w.l(libshutdown2.o)
    0x0000017e   0x00000000   Code   RO         4566    .ARM.Collect$$libshutdown$$00000002  c_w.l(libshutdown2.o)
    0x0000017e   0x00000004   Code   RO         4567    .ARM.Collect$$libshutdown$$00000003  c_w.l(libshutdown2.o)
    0x00000182   0x00000000   Code   RO         4568    .ARM.Collect$$libshutdown$$00000004  c_w.l(libshutdown2.o)
    0x00000182   0x00000000   Code   RO         4571    .ARM.Collect$$libshutdown$$00000007  c_w.l(libshutdown2.o)
    0x00000182   0x00000000   Code   RO         4574    .ARM.Collect$$libshutdown$$0000000A  c_w.l(libshutdown2.o)
    0x00000182   0x00000000   Code   RO         4576    .ARM.Collect$$libshutdown$$0000000C  c_w.l(libshutdown2.o)
    0x00000182   0x00000000   Code   RO         4579    .ARM.Collect$$libshutdown$$0000000F  c_w.l(libshutdown2.o)
    0x00000182   0x00000002   Code   RO         4580    .ARM.Collect$$libshutdown$$00000010  c_w.l(libshutdown2.o)
    0x00000184   0x00000000   Code   RO         4264    .ARM.Collect$$rtentry$$00000000  c_w.l(__rtentry.o)
    0x00000184   0x00000000   Code   RO         4468    .ARM.Collect$$rtentry$$00000002  c_w.l(__rtentry2.o)
    0x00000184   0x00000006   Code   RO         4480    .ARM.Collect$$rtentry$$00000004  c_w.l(__rtentry4.o)
    0x0000018a   0x00000000   Code   RO         4470    .ARM.Collect$$rtentry$$00000009  c_w.l(__rtentry2.o)
    0x0000018a   0x00000004   Code   RO         4471    .ARM.Collect$$rtentry$$0000000A  c_w.l(__rtentry2.o)
    0x0000018e   0x00000008   Code   RO         4472    .ARM.Collect$$rtentry$$0000000B  c_w.l(__rtentry2.o)
    0x00000196   0x00000008   Code   RO         4474    .ARM.Collect$$rtentry$$0000000D  c_w.l(__rtentry2.o)
    0x0000019e   0x00000002   Code   RO         4265    .ARM.Collect$$rtexit$$00000000  c_w.l(rtexit.o)
    0x000001a0   0x00000000   Code   RO         4483    .ARM.Collect$$rtexit$$00000002  c_w.l(rtexit2.o)
    0x000001a0   0x00000004   Code   RO         4484    .ARM.Collect$$rtexit$$00000003  c_w.l(rtexit2.o)
    0x000001a4   0x00000006   Code   RO         4485    .ARM.Collect$$rtexit$$00000004  c_w.l(rtexit2.o)
    0x000001aa   0x00000002   PAD
    0x000001ac   0x0000001c   Code   RO         2078    .emb_text           rtx_conf_cm.o
    0x000001c8   0x00000130   Code   RO         3676    .emb_text           RTX_CM3.lib(hal_cm3.o)
    0x000002f8   0x00000000   Code   RO         4639    .emb_text           c_w.l(maybetermalloc1.o)
    0x000002f8   0x00000004   Code   RO         4514    .text               c_w.l(hguard.o)
    0x000002fc   0x00000004   Code   RO         2279    .ARM.__at_0x02FC    startup_lpc17xx.o
    0x00000300   0x00000084   Code   RO            4    .text               clock.o
    0x00000384   0x000001e0   Code   RO          132    .text               defaultpkg.o
    0x00000564   0x000003cc   Code   RO          344    .text               display.o
    0x00000930   0x000002d8   Code   RO          546    .text               joystick.o
    0x00000c08   0x00000422   Code   RO          627    .text               led.o
    0x0000102a   0x00000002   PAD
    0x0000102c   0x0000031c   Code   RO          661    .text               ledbar.o
    0x00001348   0x00000048   Code   RO          692    .text               mainmcb1700.o
    0x00001390   0x000002c0   Code   RO          779    .text               runningindicatorled.o
    0x00001650   0x00000ab4   Code   RO          814    .text               sdcard.o
    0x00002104   0x00000390   Code   RO          861    .text               testbuilder.o
    0x00002494   0x00000082   Code   RO          941    .text               wstmonitor_sendtypes.o
    0x00002516   0x00000002   PAD
    0x00002518   0x0000061c   Code   RO         1030    .text               omstring.o
    0x00002b34   0x0000000e   Code   RO         1059    .text               rxf_behaviorpkg.o
    0x00002b42   0x00000006   Code   RO         1122    .text               wst_err.o
    0x00002b48   0x0000001a   Code   RO         1134    .text               wst_evt.o
    0x00002b62   0x00000002   PAD
    0x00002b64   0x000005b0   Code   RO         1146    .text               wst_fsm.o
    0x00003114   0x00000350   Code   RO         1253    .text               wst_mem.o
    0x00003464   0x00000134   Code   RO         1281    .text               wst_msq.o
    0x00003598   0x000000a4   Code   RO         1341    .text               wst_mtx.o
    0x0000363c   0x0000001c   Code   RO         1491    .text               wst_rxf.o
    0x00003658   0x000002fc   Code   RO         1503    .text               wst_tmm.o
    0x00003954   0x000000dc   Code   RO         1592    .text               wst_tmr.o
    0x00003a30   0x00000268   Code   RO         1659    .text               wst_tsk.o
    0x00003c98   0x00000080   Code   RO         1819    .text               wstmonitorio_keil_cortexm3_itm.o
    0x00003d18   0x00000038   Code   RO         1841    .text               wstrtos.o
    0x00003d50   0x00000d2c   Code   RO         2019    .text               glcd_mcb1700.o
    0x00004a7c   0x000000a8   Code   RO         2079    .text               rtx_conf_cm.o
    0x00004b24   0x00000fa0   Code   RO         2109    .text               ssp_lpc17xx.o
    0x00005ac4   0x00000190   Code   RO         2157    .text               retarget_io.o
    0x00005c54   0x000004e0   Code   RO         2204    .text               gpdma_lpc17xx.o
    0x00006134   0x000000cc   Code   RO         2231    .text               gpio_lpc17xx.o
    0x00006200   0x0000013c   Code   RO         2255    .text               pin_lpc17xx.o
    0x0000633c   0x00000040   Code   RO         2280    .text               startup_lpc17xx.o
    0x0000637c   0x000002f0   Code   RO         2289    .text               system_lpc17xx.o
    0x0000666c   0x00000188   Code   RO         2316    .text               fs_config.o
    0x000067f4   0x00000008   Code   RO         4036    .text               c_w.l(libspace.o)
    0x000067fc   0x000000ee   Code   RO         4039    .text               c_w.l(lludivv7m.o)
    0x000068ea   0x0000001e   Code   RO         4041    .text               c_w.l(toupper.o)
    0x00006908   0x00000014   Code   RO         4047    .text               c_w.l(noretval__2fprintf.o)
    0x0000691c   0x00000028   Code   RO         4049    .text               c_w.l(noretval__2sprintf.o)
    0x00006944   0x0000004e   Code   RO         4053    .text               c_w.l(_printf_pad.o)
    0x00006992   0x00000052   Code   RO         4055    .text               c_w.l(_printf_str.o)
    0x000069e4   0x00000078   Code   RO         4057    .text               c_w.l(_printf_dec.o)
    0x00006a5c   0x00000138   Code   RO         4071    .text               c_w.l(__printf_flags_wp.o)
    0x00006b94   0x0000003c   Code   RO         4082    .text               c_w.l(__0sscanf.o)
    0x00006bd0   0x0000014c   Code   RO         4084    .text               c_w.l(_scanf_int.o)
    0x00006d1c   0x0000004c   Code   RO         4092    .text               c_w.l(fclose.o)
    0x00006d68   0x00000034   Code   RO         4094    .text               c_w.l(fclose_locked.o)
    0x00006d9c   0x00000090   Code   RO         4096    .text               c_w.l(fflush_locked.o)
    0x00006e2c   0x00000144   Code   RO         4098    .text               c_w.l(fopen_locked.o)
    0x00006f70   0x00000012   Code   RO         4100    .text               c_w.l(exit.o)
    0x00006f82   0x0000002e   Code   RO         4105    .text               c_w.l(aeabi_atexit.o)
    0x00006fb0   0x00000024   Code   RO         4108    .text               c_w.l(strstr.o)
    0x00006fd4   0x00000032   Code   RO         4110    .text               c_w.l(strncasecmp.o)
    0x00007006   0x0000003e   Code   RO         4112    .text               c_w.l(strlen.o)
    0x00007044   0x0000008a   Code   RO         4114    .text               c_w.l(rt_memcpy_v6.o)
    0x000070ce   0x00000064   Code   RO         4116    .text               c_w.l(rt_memcpy_w.o)
    0x00007132   0x00000044   Code   RO         4120    .text               c_w.l(rt_memclr.o)
    0x00007176   0x0000004e   Code   RO         4122    .text               c_w.l(rt_memclr_w.o)
    0x000071c4   0x00000080   Code   RO         4124    .text               c_w.l(strcmpv7m.o)
    0x00007244   0x00000006   Code   RO         4126    .text               c_w.l(heapauxi.o)
    0x0000724a   0x00000002   PAD
    0x0000724c   0x00000024   Code   RO         4133    .text               c_w.l(init_aeabi.o)
    0x00007270   0x00000022   Code   RO         4261    .text               cpprt_w.l(aeabi_vec_dtor_noexceptions.o)
    0x00007292   0x00000002   PAD
    0x00007294   0x00000010   Code   RO         4267    .text               c_w.l(rt_ctype_table.o)
    0x000072a4   0x0000000a   Code   RO         4278    .text               c_w.l(rt_ddtor_pointer_addr_twolibspace.o)
    0x000072ae   0x0000009e   Code   RO         4288    .text               c_w.l(h1_alloc_mt.o)
    0x0000734c   0x00000076   Code   RO         4290    .text               c_w.l(h1_free_mt.o)
    0x000073c2   0x0000001a   Code   RO         4342    .text               c_w.l(tolower.o)
    0x000073dc   0x000000b2   Code   RO         4344    .text               c_w.l(_printf_intcommon.o)
    0x0000748e   0x00000002   PAD
    0x00007490   0x00000030   Code   RO         4346    .text               c_w.l(_printf_char_common.o)
    0x000074c0   0x0000000a   Code   RO         4348    .text               c_w.l(_sputc.o)
    0x000074ca   0x0000002c   Code   RO         4350    .text               c_w.l(_printf_char.o)
    0x000074f6   0x0000001c   Code   RO         4355    .text               c_w.l(_chval.o)
    0x00007512   0x00000002   PAD
    0x00007514   0x0000002c   Code   RO         4357    .text               c_w.l(scanf_char.o)
    0x00007540   0x00000040   Code   RO         4359    .text               c_w.l(_sgetc.o)
    0x00007580   0x000000f8   Code   RO         4367    .text               c_w.l(fseek.o)
    0x00007678   0x000000f0   Code   RO         4369    .text               c_w.l(stdio.o)
    0x00007768   0x00000042   Code   RO         4382    .text               c_w.l(cxa_finalize.o)
    0x000077aa   0x0000000e   Code   RO         4385    .text               c_w.l(defsig_pvfn_outer.o)
    0x000077b8   0x0000000a   Code   RO         4498    .text               c_w.l(rt_heap_descriptor_twolibspace.o)
    0x000077c2   0x0000000a   Code   RO         4505    .text               c_w.l(rt_locale_twolibspace.o)
    0x000077cc   0x0000000a   Code   RO         4512    .text               c_w.l(rt_new_handler_addr_twolibspace.o)
    0x000077d6   0x0000008a   Code   RO         4516    .text               c_w.l(init_alloc.o)
    0x00007860   0x00000012   Code   RO         4522    .text               c_w.l(h1_init_mt.o)
    0x00007872   0x00000012   Code   RO         4534    .text               c_w.l(isspace.o)
    0x00007884   0x00000374   Code   RO         4538    .text               c_w.l(_scanf.o)
    0x00007bf8   0x0000023a   Code   RO         4540    .text               c_w.l(filbuf.o)
    0x00007e32   0x00000042   Code   RO         4546    .text               c_w.l(ftell.o)
    0x00007e74   0x000001c8   Code   RO         4552    .text               c_w.l(initio_locked.o)
    0x0000803c   0x0000000a   Code   RO         4557    .text               c_w.l(defsig_exit.o)
    0x00008046   0x00000002   PAD
    0x00008048   0x00000030   Code   RO         4559    .text               c_w.l(defsig_pvfn_inner.o)
    0x00008078   0x00000004   Code   RO         4586    .text               cpprt_w.l(arm_newhandler_noexceptions.o)
    0x0000807c   0x0000001a   Code   RO         4606    .text               cpprt_w.l(arm_exceptions_terminate.o)
    0x00008096   0x00000002   PAD
    0x00008098   0x00000050   Code   RO         4609    .text               cpprt_w.l(arm_exceptions_globs.o)
    0x000080e8   0x0000000c   Code   RO         4619    .text               c_w.l(sys_exit.o)
    0x000080f4   0x0000004a   Code   RO         4621    .text               c_w.l(sys_stackheap_outer.o)
    0x0000813e   0x0000000a   Code   RO         4628    .text               c_w.l(rt_eh_globals_addr_twolibspace.o)
    0x00008148   0x00000004   Code   RO         4635    .text               c_w.l(rt_errno_addr_twolibspace.o)
    0x0000814c   0x0000003e   Code   RO         4643    .text               c_w.l(h1_extend_mt.o)
    0x0000818a   0x000001d6   Code   RO         4645    .text               c_w.l(flsbuf.o)
    0x00008360   0x00000056   Code   RO         4655    .text               c_w.l(fgets_locked.o)
    0x000083b6   0x00000068   Code   RO         4657    .text               c_w.l(setvbuf_locked.o)
    0x0000841e   0x00000002   PAD
    0x00008420   0x0000005c   Code   RO         4663    .text               c_w.l(flushlinebuffered_locked.o)
    0x0000847c   0x00000016   Code   RO         4665    .text               c_w.l(abort.o)
    0x00008492   0x00000032   Code   RO         4669    .text               c_w.l(defsig_general.o)
    0x000084c4   0x0000000e   Code   RO         4675    .text               c_w.l(defsig_rtred_outer.o)
    0x000084d2   0x0000000e   Code   RO         4679    .text               c_w.l(defsig_rtmem_outer.o)
    0x000084e0   0x0000003c   Code   RO         4703    .text               cpprt_w.l(arm_exceptions_mem.o)
    0x0000851c   0x0000000e   Code   RO         4713    .text               c_w.l(sys_wrch.o)
    0x0000852a   0x00000002   Code   RO         4715    .text               c_w.l(use_no_semi.o)
    0x0000852c   0x00000000   Code   RO         4717    .text               c_w.l(indicate_semi.o)
    0x0000852c   0x00000040   Code   RO         4720    .text               c_w.l(_printf_char_file_locked.o)
    0x0000856c   0x0000000e   Code   RO         4728    .text               c_w.l(defsig_abrt_outer.o)
    0x0000857a   0x00000002   PAD
    0x0000857c   0x00000034   Code   RO         4734    .text               c_w.l(defsig_rtred_inner.o)
    0x000085b0   0x00000050   Code   RO         4736    .text               c_w.l(defsig_rtmem_inner.o)
    0x00008600   0x00000030   Code   RO         4750    .text               c_w.l(defsig_abrt_inner.o)
    0x00008630   0x00000648   Code   RO         1726    CODE_ANIM_RUNNING_FAST  wstmonitor.o
    0x00008c78   0x00000010   Code   RO          191    CODE_RXF_RUNNING_FAST  defaultpkg.o
    0x00008c88   0x00000012   Code   RO          247    CODE_RXF_RUNNING_FAST  defaultpkg.o
    0x00008c9a   0x00000002   PAD
    0x00008c9c   0x00000516   Code   RO         1353    CODE_RXF_RUNNING_FAST  wst_osw.o
    0x000091b2   0x00000002   PAD
    0x000091b4   0x000000ac   Code   RO         1842    CODE_RXF_RUNNING_FAST  wstrtos.o
    0x00009260   0x00000024   Code   RO         1912    CODE_RXF_RUNNING_FAST  wsttarget.o
    0x00009284   0x00000004   Code   RO         4017    SVC_TABLE           RTX_CM3.lib(svc_table.o)
    0x00009288   0x00000016   Code   RO          206    i._ZN13evJoystickPosD0Ev  defaultpkg.o
    0x0000929e   0x00000004   Code   RO          176    i._ZN13evJoystickPosD1Ev  defaultpkg.o
    0x000092a2   0x00000016   Code   RO          200    i._ZN4evOnD0Ev      defaultpkg.o
    0x000092b8   0x00000004   Code   RO          170    i._ZN4evOnD1Ev      defaultpkg.o
    0x000092bc   0x00000016   Code   RO          203    i._ZN5evOffD0Ev     defaultpkg.o
    0x000092d2   0x00000004   Code   RO          173    i._ZN5evOffD1Ev     defaultpkg.o
    0x000092d6   0x00000002   PAD
    0x000092d8   0x00000018   Code   RO         1606    i._ZN7WST_TMRC1Ev   wst_tmr.o
    0x000092f0   0x00000012   Code   RO         1526    i._ZN7WST_TMRD0Ev   wst_tmm.o
    0x00009302   0x00000008   Code   RO         1520    i._ZN7WST_TMRD1Ev   wst_tmm.o
    0x0000930a   0x00000016   Code   RO          209    i._ZN7evBlinkD0Ev   defaultpkg.o
    0x00009320   0x00000004   Code   RO          179    i._ZN7evBlinkD1Ev   defaultpkg.o
    0x00009324   0x00000016   Code   RO          215    i._ZN7evErrorD0Ev   defaultpkg.o
    0x0000933a   0x00000004   Code   RO          185    i._ZN7evErrorD1Ev   defaultpkg.o
    0x0000933e   0x00000016   Code   RO          212    i._ZN7evSDLogD0Ev   defaultpkg.o
    0x00009354   0x00000004   Code   RO          182    i._ZN7evSDLogD1Ev   defaultpkg.o
    0x00009358   0x00000016   Code   RO          218    i._ZN8evSDLog2D0Ev  defaultpkg.o
    0x0000936e   0x00000002   PAD
    0x00009370   0x00000020   Code   RO          188    i._ZN8evSDLog2D1Ev  defaultpkg.o
    0x00009390   0x00000016   Code   RO          197    i._ZN8evToggleD0Ev  defaultpkg.o
    0x000093a6   0x00000004   Code   RO          167    i._ZN8evToggleD1Ev  defaultpkg.o
    0x000093aa   0x00000008   Code   RO         4140    i._ZdlPv            cpprt_w.l(delete.o)
    0x000093b2   0x00000008   Code   RO         4136    i._Znaj             cpprt_w.l(array_new.o)
    0x000093ba   0x00000002   PAD
    0x000093bc   0x00000028   Code   RO         4434    i._Znwj             cpprt_w.l(new.o)
    0x000093e4   0x00000024   Code   RO         4258    i.__aeabi_vec_ctor_nocookie_nodtor  cpprt_w.l(aeabi_vec_ctor_nocookie_nodtor.o)
    0x00009408   0x00000010   Code   RO         4146    i.__cxa_guard_acquire  cpprt_w.l(cxa_guard_acquire.o)
    0x00009418   0x00000006   Code   RO         4143    i.__cxa_pure_virtual  cpprt_w.l(pure_virt.o)
    0x0000941e   0x00000002   PAD
    0x00009420   0x00000070   Code   RO         3222    i.__sys_close       FS_LFN_CM3_L.lib(fs_sys.o)
    0x00009490   0x00000068   Code   RO         3223    i.__sys_ensure      FS_LFN_CM3_L.lib(fs_sys.o)
    0x000094f8   0x00000064   Code   RO         3224    i.__sys_flen        FS_LFN_CM3_L.lib(fs_sys.o)
    0x0000955c   0x00000090   Code   RO         3225    i.__sys_open        FS_LFN_CM3_L.lib(fs_sys.o)
    0x000095ec   0x00000084   Code   RO         3226    i.__sys_read        FS_LFN_CM3_L.lib(fs_sys.o)
    0x00009670   0x00000070   Code   RO         3227    i.__sys_seek        FS_LFN_CM3_L.lib(fs_sys.o)
    0x000096e0   0x00000074   Code   RO         3228    i.__sys_write       FS_LFN_CM3_L.lib(fs_sys.o)
    0x00009754   0x0000005c   Code   RO         3096    i._fdelete          FS_LFN_CM3_L.lib(fs_mapi.o)
    0x000097b0   0x00000046   Code   RO         3575    i._init_box         RTX_CM3.lib(rt_membox.o)
    0x000097f6   0x0000000e   Code   RO         4069    i._is_digit         c_w.l(__printf_wp.o)
    0x00009804   0x0000006a   Code   RO         3714    i.alloc_clus        FS_LFN_CM3_L.lib(fs_fat.o)
    0x0000986e   0x0000009a   Code   RO         3715    i.alloc_table_read  FS_LFN_CM3_L.lib(fs_fat.o)
    0x00009908   0x000000dc   Code   RO         3716    i.alloc_table_write  FS_LFN_CM3_L.lib(fs_fat.o)
    0x000099e4   0x000000b4   Code   RO         3717    i.bs_read           FS_LFN_CM3_L.lib(fs_fat.o)
    0x00009a98   0x00000096   Code   RO         3719    i.cache_fat         FS_LFN_CM3_L.lib(fs_fat.o)
    0x00009b2e   0x00000060   Code   RO         3720    i.char_validate     FS_LFN_CM3_L.lib(fs_fat.o)
    0x00009b8e   0x00000044   Code   RO         3721    i.clear_clus        FS_LFN_CM3_L.lib(fs_fat.o)
    0x00009bd2   0x00000024   Code   RO         3722    i.clus_to_sect      FS_LFN_CM3_L.lib(fs_fat.o)
    0x00009bf6   0x00000002   PAD
    0x00009bf8   0x000000d4   Code   RO         3723    i.create_dot_entries  FS_LFN_CM3_L.lib(fs_fat.o)
    0x00009ccc   0x000000e4   Code   RO         3724    i.create_lfn_entry  FS_LFN_CM3_L.lib(fs_fat.o)
    0x00009db0   0x0000008a   Code   RO         3725    i.create_sfn_entry  FS_LFN_CM3_L.lib(fs_fat.o)
    0x00009e3a   0x00000002   PAD
    0x00009e3c   0x00000030   Code   RO         3628    i.dbg_init          RTX_CM3.lib(hal_cm.o)
    0x00009e6c   0x00000020   Code   RO         3629    i.dbg_task_notify   RTX_CM3.lib(hal_cm.o)
    0x00009e8c   0x00000010   Code   RO         3630    i.dbg_task_switch   RTX_CM3.lib(hal_cm.o)
    0x00009e9c   0x00000038   Code   RO         3726    i.entry_flush       FS_LFN_CM3_L.lib(fs_fat.o)
    0x00009ed4   0x0000001c   Code   RO         3727    i.entry_pos_comp    FS_LFN_CM3_L.lib(fs_fat.o)
    0x00009ef0   0x00000060   Code   RO         3728    i.entry_pos_inc     FS_LFN_CM3_L.lib(fs_fat.o)
    0x00009f50   0x00000044   Code   RO         3729    i.entry_read        FS_LFN_CM3_L.lib(fs_fat.o)
    0x00009f94   0x0000002e   Code   RO         3730    i.entry_type        FS_LFN_CM3_L.lib(fs_fat.o)
    0x00009fc2   0x00000002   PAD
    0x00009fc4   0x00000120   Code   RO         3733    i.fat_close         FS_LFN_CM3_L.lib(fs_fat.o)
    0x0000a0e4   0x00000030   Code   RO         3734    i.fat_crc32         FS_LFN_CM3_L.lib(fs_fat.o)
    0x0000a114   0x000001e4   Code   RO         3735    i.fat_delete        FS_LFN_CM3_L.lib(fs_fat.o)
    0x0000a2f8   0x00000020   Code   RO         3738    i.fat_flen          FS_LFN_CM3_L.lib(fs_fat.o)
    0x0000a318   0x00000048   Code   RO         3739    i.fat_flush         FS_LFN_CM3_L.lib(fs_fat.o)
    0x0000a360   0x00000040   Code   RO         3742    i.fat_handle_get    FS_LFN_CM3_L.lib(fs_fat.o)
    0x0000a3a0   0x00000054   Code   RO         3744    i.fat_init          FS_LFN_CM3_L.lib(fs_fat.o)
    0x0000a3f4   0x000001e4   Code   RO         3748    i.fat_mount         FS_LFN_CM3_L.lib(fs_fat.o)
    0x0000a5d8   0x000001c8   Code   RO         3749    i.fat_open          FS_LFN_CM3_L.lib(fs_fat.o)
    0x0000a7a0   0x00000104   Code   RO         3751    i.fat_read          FS_LFN_CM3_L.lib(fs_fat.o)
    0x0000a8a4   0x00000208   Code   RO         3754    i.fat_seek          FS_LFN_CM3_L.lib(fs_fat.o)
    0x0000aaac   0x00000090   Code   RO         3758    i.fat_vol_chk       FS_LFN_CM3_L.lib(fs_fat.o)
    0x0000ab3c   0x00000184   Code   RO         3759    i.fat_write         FS_LFN_CM3_L.lib(fs_fat.o)
    0x0000acc0   0x00000018   Code   RO         4364    i.fgetc             c_w.l(fgetc.o)
    0x0000acd8   0x00000048   Code   RO         3760    i.file_locked       FS_LFN_CM3_L.lib(fs_fat.o)
    0x0000ad20   0x00000050   Code   RO         3761    i.find_param        FS_LFN_CM3_L.lib(fs_fat.o)
    0x0000ad70   0x00000048   Code   RO         3108    i.finit             FS_LFN_CM3_L.lib(fs_mapi.o)
    0x0000adb8   0x00000054   Code   RO         3111    i.fmount            FS_LFN_CM3_L.lib(fs_mapi.o)
    0x0000ae0c   0x0000002c   Code   RO         3762    i.format_date       FS_LFN_CM3_L.lib(fs_fat.o)
    0x0000ae38   0x0000002e   Code   RO         3763    i.format_time       FS_LFN_CM3_L.lib(fs_fat.o)
    0x0000ae66   0x0000001a   Code   RO         4543    i.fputc             c_w.l(fputc.o)
    0x0000ae80   0x000000aa   Code   RO         3764    i.frec_allocate     FS_LFN_CM3_L.lib(fs_fat.o)
    0x0000af2a   0x00000058   Code   RO         3765    i.frec_delete       FS_LFN_CM3_L.lib(fs_fat.o)
    0x0000af82   0x00000028   Code   RO         3766    i.frec_delete_elink  FS_LFN_CM3_L.lib(fs_fat.o)
    0x0000afaa   0x00000002   PAD
    0x0000afac   0x000001f8   Code   RO         3767    i.frec_find         FS_LFN_CM3_L.lib(fs_fat.o)
    0x0000b1a4   0x0000005a   Code   RO         3768    i.frec_find_elink   FS_LFN_CM3_L.lib(fs_fat.o)
    0x0000b1fe   0x00000002   PAD
    0x0000b200   0x000001ac   Code   RO         3769    i.frec_next         FS_LFN_CM3_L.lib(fs_fat.o)
    0x0000b3ac   0x000000a4   Code   RO         3115    i.fs_component_init  FS_LFN_CM3_L.lib(fs_mapi.o)
    0x0000b450   0x0000008c   Code   RO         3686    i.fs_drive_id       FS_LFN_CM3_L.lib(fs_common.o)
    0x0000b4dc   0x0000001a   Code   RO         4023    i.fs_get_time       FS_LFN_CM3_L.lib(fs_time.o)
    0x0000b4f6   0x00000004   Code   RO         3918    i.fs_mc_lock_unlock  FS_LFN_CM3_L.lib(fs_mc_mci.o)
    0x0000b4fa   0x00000006   Code   RO         3152    i.fs_mc_read_cd     FS_LFN_CM3_L.lib(fs_mc_spi.o)
    0x0000b500   0x00000006   Code   RO         3153    i.fs_mc_read_wp     FS_LFN_CM3_L.lib(fs_mc_spi.o)
    0x0000b506   0x00000006   Code   RO         3154    i.fs_mc_spi_control_ss  FS_LFN_CM3_L.lib(fs_mc_spi.o)
    0x0000b50c   0x00000020   Code   RO         3687    i.fs_set_cdrive     FS_LFN_CM3_L.lib(fs_common.o)
    0x0000b52c   0x0000007c   Code   RO         3770    i.fsinfo_read       FS_LFN_CM3_L.lib(fs_fat.o)
    0x0000b5a8   0x00000060   Code   RO         3771    i.fsinfo_write      FS_LFN_CM3_L.lib(fs_fat.o)
    0x0000b608   0x00000022   Code   RO         3772    i.get_EOC           FS_LFN_CM3_L.lib(fs_fat.o)
    0x0000b62a   0x00000032   Code   RO         3774    i.get_fat_sect      FS_LFN_CM3_L.lib(fs_fat.o)
    0x0000b65c   0x00000010   Code   RO         3775    i.get_root_clus     FS_LFN_CM3_L.lib(fs_fat.o)
    0x0000b66c   0x00000010   Code   RO         3691    i.get_u16           FS_LFN_CM3_L.lib(fs_common.o)
    0x0000b67c   0x00000016   Code   RO         3692    i.get_u32           FS_LFN_CM3_L.lib(fs_common.o)
    0x0000b692   0x0000002a   Code   RO         2359    i.isrMessageGet     RTX_CM3.lib(rt_cmsis.o)
    0x0000b6bc   0x0000002c   Code   RO         2360    i.isrMessagePut     RTX_CM3.lib(rt_cmsis.o)
    0x0000b6e8   0x00000056   Code   RO         3451    i.isr_mbx_receive   RTX_CM3.lib(rt_mailbox.o)
    0x0000b73e   0x0000000e   Code   RO         3452    i.isr_mbx_send      RTX_CM3.lib(rt_mailbox.o)
    0x0000b74c   0x00000020   Code   RO         3786    i.lfn_char_cnt      FS_LFN_CM3_L.lib(fs_fat.o)
    0x0000b76c   0x00000004   Code   RO         3787    i.link_clus         FS_LFN_CM3_L.lib(fs_fat.o)
    0x0000b770   0x00000028   Code   RO         3788    i.long_ent_hash     FS_LFN_CM3_L.lib(fs_fat.o)
    0x0000b798   0x00000014   Code   RO         3155    i.mc_control_bus_speed  FS_LFN_CM3_L.lib(fs_mc_spi.o)
    0x0000b7ac   0x000000ce   Code   RO         3156    i.mc_control_lock   FS_LFN_CM3_L.lib(fs_mc_spi.o)
    0x0000b87a   0x00000020   Code   RO         3157    i.mc_control_ss     FS_LFN_CM3_L.lib(fs_mc_spi.o)
    0x0000b89a   0x00000082   Code   RO         3158    i.mc_parse_cid      FS_LFN_CM3_L.lib(fs_mc_spi.o)
    0x0000b91c   0x000000c8   Code   RO         3159    i.mc_parse_csd      FS_LFN_CM3_L.lib(fs_mc_spi.o)
    0x0000b9e4   0x0000007c   Code   RO         3160    i.mc_read_block     FS_LFN_CM3_L.lib(fs_mc_spi.o)
    0x0000ba60   0x0000005e   Code   RO         3161    i.mc_read_data      FS_LFN_CM3_L.lib(fs_mc_spi.o)
    0x0000babe   0x0000003c   Code   RO         3162    i.mc_read_ocr       FS_LFN_CM3_L.lib(fs_mc_spi.o)
    0x0000bafa   0x00000044   Code   RO         3163    i.mc_read_response  FS_LFN_CM3_L.lib(fs_mc_spi.o)
    0x0000bb3e   0x00000036   Code   RO         3164    i.mc_read_status    FS_LFN_CM3_L.lib(fs_mc_spi.o)
    0x0000bb74   0x00000040   Code   RO         3165    i.mc_receive        FS_LFN_CM3_L.lib(fs_mc_spi.o)
    0x0000bbb4   0x00000040   Code   RO         3166    i.mc_send           FS_LFN_CM3_L.lib(fs_mc_spi.o)
    0x0000bbf4   0x00000048   Code   RO         3167    i.mc_send_cid       FS_LFN_CM3_L.lib(fs_mc_spi.o)
    0x0000bc3c   0x0000006c   Code   RO         3168    i.mc_send_command   FS_LFN_CM3_L.lib(fs_mc_spi.o)
    0x0000bca8   0x0000003c   Code   RO         3169    i.mc_set_block_len  FS_LFN_CM3_L.lib(fs_mc_spi.o)
    0x0000bce4   0x00000104   Code   RO         3170    i.mc_spi_DevCtrl    FS_LFN_CM3_L.lib(fs_mc_spi.o)
    0x0000bde8   0x00000008   Code   RO         3171    i.mc_spi_DrvEvent   FS_LFN_CM3_L.lib(fs_mc_spi.o)
    0x0000bdf0   0x0000037c   Code   RO         3172    i.mc_spi_Init       FS_LFN_CM3_L.lib(fs_mc_spi.o)
    0x0000c16c   0x0000001a   Code   RO         3173    i.mc_spi_ReadInfo   FS_LFN_CM3_L.lib(fs_mc_spi.o)
    0x0000c186   0x00000024   Code   RO         3174    i.mc_spi_ReadSector  FS_LFN_CM3_L.lib(fs_mc_spi.o)
    0x0000c1aa   0x00000038   Code   RO         3175    i.mc_spi_UnInit     FS_LFN_CM3_L.lib(fs_mc_spi.o)
    0x0000c1e2   0x00000024   Code   RO         3176    i.mc_spi_WriteSector  FS_LFN_CM3_L.lib(fs_mc_spi.o)
    0x0000c206   0x00000002   PAD
    0x0000c208   0x00000094   Code   RO         3177    i.mc_spi_set_speed  FS_LFN_CM3_L.lib(fs_mc_spi.o)
    0x0000c29c   0x00000028   Code   RO         3178    i.mc_wait_busy      FS_LFN_CM3_L.lib(fs_mc_spi.o)
    0x0000c2c4   0x00000082   Code   RO         3179    i.mc_write_block    FS_LFN_CM3_L.lib(fs_mc_spi.o)
    0x0000c346   0x00000002   PAD
    0x0000c348   0x00000098   Code   RO         3180    i.mc_write_data     FS_LFN_CM3_L.lib(fs_mc_spi.o)
    0x0000c3e0   0x000000b0   Code   RO         3790    i.name_analyse      FS_LFN_CM3_L.lib(fs_fat.o)
    0x0000c490   0x000000b4   Code   RO         3791    i.name_basis_gen    FS_LFN_CM3_L.lib(fs_fat.o)
    0x0000c544   0x00000008   Code   RO         3792    i.name_hash         FS_LFN_CM3_L.lib(fs_fat.o)
    0x0000c54c   0x00000128   Code   RO         3793    i.name_nt_gen       FS_LFN_CM3_L.lib(fs_fat.o)
    0x0000c674   0x00000052   Code   RO         3794    i.name_strip        FS_LFN_CM3_L.lib(fs_fat.o)
    0x0000c6c6   0x0000001e   Code   RO         3795    i.name_validate     FS_LFN_CM3_L.lib(fs_fat.o)
    0x0000c6e4   0x00000018   Code   RO         2363    i.osDelay           RTX_CM3.lib(rt_cmsis.o)
    0x0000c6fc   0x00000024   Code   RO         2364    i.osKernelInitialize  RTX_CM3.lib(rt_cmsis.o)
    0x0000c720   0x00000024   Code   RO         2365    i.osKernelRunning   RTX_CM3.lib(rt_cmsis.o)
    0x0000c744   0x0000006c   Code   RO         2366    i.osKernelStart     RTX_CM3.lib(rt_cmsis.o)
    0x0000c7b0   0x00000018   Code   RO         2367    i.osKernelSysTick   RTX_CM3.lib(rt_cmsis.o)
    0x0000c7c8   0x0000002c   Code   RO         2374    i.osMessageCreate   RTX_CM3.lib(rt_cmsis.o)
    0x0000c7f4   0x00000018   Code   RO         2375    i.osMessageGet      RTX_CM3.lib(rt_cmsis.o)
    0x0000c80c   0x00000018   Code   RO         2376    i.osMessagePut      RTX_CM3.lib(rt_cmsis.o)
    0x0000c824   0x0000002c   Code   RO         2377    i.osMutexCreate     RTX_CM3.lib(rt_cmsis.o)
    0x0000c850   0x00000018   Code   RO         2378    i.osMutexDelete     RTX_CM3.lib(rt_cmsis.o)
    0x0000c868   0x00000018   Code   RO         2379    i.osMutexRelease    RTX_CM3.lib(rt_cmsis.o)
    0x0000c880   0x00000018   Code   RO         2380    i.osMutexWait       RTX_CM3.lib(rt_cmsis.o)
    0x0000c898   0x0000002c   Code   RO         2392    i.osThreadCreate    RTX_CM3.lib(rt_cmsis.o)
    0x0000c8c4   0x00000018   Code   RO         2393    i.osThreadExit      RTX_CM3.lib(rt_cmsis.o)
    0x0000c8dc   0x00000018   Code   RO         2394    i.osThreadGetId     RTX_CM3.lib(rt_cmsis.o)
    0x0000c8f4   0x00000018   Code   RO         2397    i.osThreadTerminate  RTX_CM3.lib(rt_cmsis.o)
    0x0000c90c   0x0000000c   Code   RO         2399    i.osTimerCall       RTX_CM3.lib(rt_cmsis.o)
    0x0000c918   0x0000002c   Code   RO         2400    i.osTimerCreate     RTX_CM3.lib(rt_cmsis.o)
    0x0000c944   0x00000018   Code   RO         2402    i.osTimerStart      RTX_CM3.lib(rt_cmsis.o)
    0x0000c95c   0x0000002c   Code   RO         2404    i.osTimerThread     RTX_CM3.lib(rt_cmsis.o)
    0x0000c988   0x00000028   Code   RO         3243    i.os_tick_init      RTX_CM3.lib(rt_system.o)
    0x0000c9b0   0x00000002   Code   RO         3244    i.os_tick_irqack    RTX_CM3.lib(rt_system.o)
    0x0000c9b2   0x00000002   PAD
    0x0000c9b4   0x00000010   Code   RO         3245    i.os_tick_ovf       RTX_CM3.lib(rt_system.o)
    0x0000c9c4   0x00000014   Code   RO         3246    i.os_tick_val       RTX_CM3.lib(rt_system.o)
    0x0000c9d8   0x0000022e   Code   RO         3796    i.path_create       FS_LFN_CM3_L.lib(fs_fat.o)
    0x0000cc06   0x00000002   PAD
    0x0000cc08   0x00000032   Code   RO         3797    i.path_init         FS_LFN_CM3_L.lib(fs_fat.o)
    0x0000cc3a   0x000000a6   Code   RO         3798    i.path_open         FS_LFN_CM3_L.lib(fs_fat.o)
    0x0000cce0   0x00000046   Code   RO         3799    i.path_validate     FS_LFN_CM3_L.lib(fs_fat.o)
    0x0000cd26   0x0000007a   Code   RO         3800    i.read_cache        FS_LFN_CM3_L.lib(fs_fat.o)
    0x0000cda0   0x00000052   Code   RO         3801    i.read_sector       FS_LFN_CM3_L.lib(fs_fat.o)
    0x0000cdf2   0x0000001a   Code   RO         3576    i.rt_alloc_box      RTX_CM3.lib(rt_membox.o)
    0x0000ce0c   0x0000003e   Code   RO         3604    i.rt_alloc_mem      RTX_CM3.lib(rt_memory.o)
    0x0000ce4a   0x00000002   PAD
    0x0000ce4c   0x00000038   Code   RO         2978    i.rt_block          RTX_CM3.lib(rt_task.o)
    0x0000ce84   0x00000070   Code   RO         3375    i.rt_dec_dly        RTX_CM3.lib(rt_list.o)
    0x0000cef4   0x00000044   Code   RO         2979    i.rt_dispatch       RTX_CM3.lib(rt_task.o)
    0x0000cf38   0x00000006   Code   RO         3541    i.rt_dly_wait       RTX_CM3.lib(rt_time.o)
    0x0000cf3e   0x00000002   PAD
    0x0000cf40   0x00000050   Code   RO         3336    i.rt_evt_psh        RTX_CM3.lib(rt_event.o)
    0x0000cf90   0x0000002c   Code   RO         3577    i.rt_free_box       RTX_CM3.lib(rt_membox.o)
    0x0000cfbc   0x00000028   Code   RO         3605    i.rt_free_mem       RTX_CM3.lib(rt_memory.o)
    0x0000cfe4   0x00000028   Code   RO         3376    i.rt_get_first      RTX_CM3.lib(rt_list.o)
    0x0000d00c   0x00000008   Code   RO         2409    i.rt_id2obj         RTX_CM3.lib(rt_cmsis.o)
    0x0000d014   0x00000048   Code   RO         2980    i.rt_init_context   RTX_CM3.lib(rt_task.o)
    0x0000d05c   0x0000001a   Code   RO         3606    i.rt_init_mem       RTX_CM3.lib(rt_memory.o)
    0x0000d076   0x00000002   PAD
    0x0000d078   0x00000080   Code   RO         3631    i.rt_init_stack     RTX_CM3.lib(hal_cm.o)
    0x0000d0f8   0x00000008   Code   RO         3453    i.rt_mbx_check      RTX_CM3.lib(rt_mailbox.o)
    0x0000d100   0x0000001a   Code   RO         3454    i.rt_mbx_init       RTX_CM3.lib(rt_mailbox.o)
    0x0000d11a   0x00000002   PAD
    0x0000d11c   0x000000f0   Code   RO         3455    i.rt_mbx_psh        RTX_CM3.lib(rt_mailbox.o)
    0x0000d20c   0x00000098   Code   RO         3456    i.rt_mbx_send       RTX_CM3.lib(rt_mailbox.o)
    0x0000d2a4   0x000000b4   Code   RO         3457    i.rt_mbx_wait       RTX_CM3.lib(rt_mailbox.o)
    0x0000d358   0x00000044   Code   RO         2410    i.rt_ms2tick        RTX_CM3.lib(rt_cmsis.o)
    0x0000d39c   0x000000b0   Code   RO         3062    i.rt_mut_delete     RTX_CM3.lib(rt_mutex.o)
    0x0000d44c   0x00000010   Code   RO         3063    i.rt_mut_init       RTX_CM3.lib(rt_mutex.o)
    0x0000d45c   0x000000d8   Code   RO         3064    i.rt_mut_release    RTX_CM3.lib(rt_mutex.o)
    0x0000d534   0x00000078   Code   RO         3065    i.rt_mut_wait       RTX_CM3.lib(rt_mutex.o)
    0x0000d5ac   0x0000007c   Code   RO         3247    i.rt_pop_req        RTX_CM3.lib(rt_system.o)
    0x0000d628   0x00000020   Code   RO         3248    i.rt_psh_req        RTX_CM3.lib(rt_system.o)
    0x0000d648   0x0000005c   Code   RO         3378    i.rt_psq_enq        RTX_CM3.lib(rt_list.o)
    0x0000d6a4   0x00000048   Code   RO         3379    i.rt_put_dly        RTX_CM3.lib(rt_list.o)
    0x0000d6ec   0x00000036   Code   RO         3380    i.rt_put_prio       RTX_CM3.lib(rt_list.o)
    0x0000d722   0x00000002   PAD
    0x0000d724   0x00000014   Code   RO         3381    i.rt_put_rdy_first  RTX_CM3.lib(rt_list.o)
    0x0000d738   0x00000034   Code   RO         3382    i.rt_resort_prio    RTX_CM3.lib(rt_list.o)
    0x0000d76c   0x00000006   Code   RO         3632    i.rt_ret_val        RTX_CM3.lib(hal_cm.o)
    0x0000d772   0x00000008   Code   RO         3633    i.rt_ret_val2       RTX_CM3.lib(hal_cm.o)
    0x0000d77a   0x00000028   Code   RO         3383    i.rt_rmv_dly        RTX_CM3.lib(rt_list.o)
    0x0000d7a2   0x00000002   PAD
    0x0000d7a4   0x00000030   Code   RO         3384    i.rt_rmv_list       RTX_CM3.lib(rt_list.o)
    0x0000d7d4   0x00000034   Code   RO         3502    i.rt_sem_psh        RTX_CM3.lib(rt_semaphore.o)
    0x0000d808   0x00000024   Code   RO         3250    i.rt_stk_check      RTX_CM3.lib(rt_system.o)
    0x0000d82c   0x00000028   Code   RO         2981    i.rt_switch_req     RTX_CM3.lib(rt_task.o)
    0x0000d854   0x000000cc   Code   RO         2982    i.rt_sys_init       RTX_CM3.lib(rt_task.o)
    0x0000d920   0x00000078   Code   RO         2983    i.rt_sys_start      RTX_CM3.lib(rt_task.o)
    0x0000d998   0x00000040   Code   RO         3252    i.rt_systick        RTX_CM3.lib(rt_system.o)
    0x0000d9d8   0x00000012   Code   RO         2411    i.rt_tid2ptcb       RTX_CM3.lib(rt_cmsis.o)
    0x0000d9ea   0x00000002   PAD
    0x0000d9ec   0x00000034   Code   RO         2412    i.rt_timer_insert   RTX_CM3.lib(rt_cmsis.o)
    0x0000da20   0x0000003c   Code   RO         2413    i.rt_timer_remove   RTX_CM3.lib(rt_cmsis.o)
    0x0000da5c   0x00000088   Code   RO         2984    i.rt_tsk_create     RTX_CM3.lib(rt_task.o)
    0x0000dae4   0x0000017c   Code   RO         2985    i.rt_tsk_delete     RTX_CM3.lib(rt_task.o)
    0x0000dc60   0x0000007c   Code   RO         2987    i.rt_tsk_prio       RTX_CM3.lib(rt_task.o)
    0x0000dcdc   0x00000010   Code   RO         2988    i.rt_tsk_self       RTX_CM3.lib(rt_task.o)
    0x0000dcec   0x00000008   Code   RO         3693    i.set_u16           FS_LFN_CM3_L.lib(fs_common.o)
    0x0000dcf4   0x00000010   Code   RO         3694    i.set_u32           FS_LFN_CM3_L.lib(fs_common.o)
    0x0000dd04   0x00000048   Code   RO         3802    i.sfn_extract       FS_LFN_CM3_L.lib(fs_fat.o)
    0x0000dd4c   0x0000001a   Code   RO         3803    i.short_ent_hash    FS_LFN_CM3_L.lib(fs_fat.o)
    0x0000dd66   0x0000001e   Code   RO         3804    i.sn_chksum         FS_LFN_CM3_L.lib(fs_fat.o)
    0x0000dd84   0x00000012   Code   RO         2414    i.svcDelay          RTX_CM3.lib(rt_cmsis.o)
    0x0000dd96   0x00000002   PAD
    0x0000dd98   0x00000070   Code   RO         2415    i.svcKernelInitialize  RTX_CM3.lib(rt_cmsis.o)
    0x0000de08   0x0000000c   Code   RO         2416    i.svcKernelRunning  RTX_CM3.lib(rt_cmsis.o)
    0x0000de14   0x00000048   Code   RO         2417    i.svcKernelStart    RTX_CM3.lib(rt_cmsis.o)
    0x0000de5c   0x00000038   Code   RO         2418    i.svcKernelSysTick  RTX_CM3.lib(rt_cmsis.o)
    0x0000de94   0x00000024   Code   RO         2420    i.svcMessageCreate  RTX_CM3.lib(rt_cmsis.o)
    0x0000deb8   0x0000003a   Code   RO         2421    i.svcMessageGet     RTX_CM3.lib(rt_cmsis.o)
    0x0000def2   0x00000036   Code   RO         2422    i.svcMessagePut     RTX_CM3.lib(rt_cmsis.o)
    0x0000df28   0x0000001c   Code   RO         2423    i.svcMutexCreate    RTX_CM3.lib(rt_cmsis.o)
    0x0000df44   0x0000001a   Code   RO         2424    i.svcMutexDelete    RTX_CM3.lib(rt_cmsis.o)
    0x0000df5e   0x00000022   Code   RO         2425    i.svcMutexRelease   RTX_CM3.lib(rt_cmsis.o)
    0x0000df80   0x0000003a   Code   RO         2426    i.svcMutexWait      RTX_CM3.lib(rt_cmsis.o)
    0x0000dfba   0x00000002   PAD
    0x0000dfbc   0x0000006c   Code   RO         2435    i.svcThreadCreate   RTX_CM3.lib(rt_cmsis.o)
    0x0000e028   0x0000001c   Code   RO         2436    i.svcThreadGetId    RTX_CM3.lib(rt_cmsis.o)
    0x0000e044   0x00000038   Code   RO         2439    i.svcThreadTerminate  RTX_CM3.lib(rt_cmsis.o)
    0x0000e07c   0x00000018   Code   RO         2441    i.svcTimerCall      RTX_CM3.lib(rt_cmsis.o)
    0x0000e094   0x00000038   Code   RO         2442    i.svcTimerCreate    RTX_CM3.lib(rt_cmsis.o)
    0x0000e0cc   0x00000064   Code   RO         2444    i.svcTimerStart     RTX_CM3.lib(rt_cmsis.o)
    0x0000e130   0x0000005c   Code   RO         2450    i.sysTimerTick      RTX_CM3.lib(rt_cmsis.o)
    0x0000e18c   0x00000068   Code   RO         3806    i.unlink_clus       FS_LFN_CM3_L.lib(fs_fat.o)
    0x0000e1f4   0x000000ae   Code   RO         3807    i.write_cache       FS_LFN_CM3_L.lib(fs_fat.o)
    0x0000e2a2   0x00000030   Code   RO         3808    i.write_sector      FS_LFN_CM3_L.lib(fs_fat.o)
    0x0000e2d2   0x00000002   PAD
    0x0000e2d4   0x0000002c   Code   RO         4555    locale$$code        c_w.l(lc_ctype_c.o)
    0x0000e300   0x00000022   Code   RO          397    t._ZN10OMIteratorI8OMStringEC1ERK19OMAbstractContainerIS0_E  display.o
    0x0000e322   0x00000006   Code   RO          404    t._ZN10OMIteratorI8OMStringED1Ev  display.o
    0x0000e328   0x00000028   Code   RO          384    t._ZN11OMNullValueI8OMStringE3getEv  display.o
    0x0000e350   0x00000044   Code   RO          366    t._ZN6OMListI8OMStringE12_removeFirstEv  display.o
    0x0000e394   0x00000044   Code   RO          378    t._ZN6OMListI8OMStringE3addES0_  display.o
    0x0000e3d8   0x00000028   Code   RO          372    t._ZN6OMListI8OMStringED1Ev  display.o
    0x0000e400   0x0000001c   Code   RO          390    t._ZNK10OMIteratorI8OMStringEdeEv  display.o
    0x0000e41c   0x00000012   Code   RO          434    t._ZNK6OMListI8OMStringE10getCurrentEPv  display.o
    0x0000e42e   0x00000008   Code   RO          452    t._ZNK6OMListI8OMStringE7getNextERPv  display.o
    0x0000e436   0x00000006   Code   RO          440    t._ZNK6OMListI8OMStringE8getFirstERPv  display.o
    0x0000e43c   0x000018a0   Data   RO         1997    .constdata          glcd_fonts.o
    0x0000fcdc   0x00000068   Data   RO         2081    .constdata          rtx_conf_cm.o
    0x0000fd44   0x000000f0   Data   RO         2111    .constdata          ssp_lpc17xx.o
    0x0000fe34   0x00000017   Data   RO         2158    .constdata          retarget_io.o
    0x0000fe4b   0x00000001   PAD
    0x0000fe4c   0x00000028   Data   RO         2318    .constdata          fs_config.o
    0x0000fe74   0x00000010   Data   RO         3181    .constdata          FS_LFN_CM3_L.lib(fs_mc_spi.o)
    0x0000fe84   0x000004ac   Data   RO         3809    .constdata          FS_LFN_CM3_L.lib(fs_fat.o)
    0x00010330   0x00000011   Data   RO         4072    .constdata          c_w.l(__printf_flags_wp.o)
    0x00010341   0x00000003   PAD
    0x00010344   0x0000002c   Data   RO          881    .constdata__ZTV11TestBuilder  testbuilder.o
    0x00010370   0x00000014   Data   RO          158    .constdata__ZTV13evJoystickPos  defaultpkg.o
    0x00010384   0x0000001c   Data   RO          411    .constdata__ZTV19OMAbstractContainerI8OMStringE  display.o
    0x000103a0   0x00000044   Data   RO          799    .constdata__ZTV19RunningIndicatorLed  runningindicatorled.o
    0x000103e4   0x00000028   Data   RO          646    .constdata__ZTV3Led  led.o
    0x0001040c   0x00000014   Data   RO          154    .constdata__ZTV4evOn  defaultpkg.o
    0x00010420   0x00000010   Data   RO           24    .constdata__ZTV5Clock  clock.o
    0x00010430   0x00000014   Data   RO          156    .constdata__ZTV5evOff  defaultpkg.o
    0x00010444   0x0000002c   Data   RO          680    .constdata__ZTV6LedBar  ledbar.o
    0x00010470   0x00000020   Data   RO          413    .constdata__ZTV6OMListI8OMStringE  display.o
    0x00010490   0x00000028   Data   RO          836    .constdata__ZTV6SDCard  sdcard.o
    0x000104b8   0x00000028   Data   RO          365    .constdata__ZTV7Display  display.o
    0x000104e0   0x00000010   Data   RO          222    .constdata__ZTV7WST_EVT  defaultpkg.o
    0x000104f0   0x00000024   Data   RO         1157    .constdata__ZTV7WST_FSM  wst_fsm.o
    0x00010514   0x00000010   Data   RO         1517    .constdata__ZTV7WST_TMR  wst_tmm.o
    0x00010524   0x00000010   Data   RO         1672    .constdata__ZTV7WST_TSK  wst_tsk.o
    0x00010534   0x00000014   Data   RO          160    .constdata__ZTV7evBlink  defaultpkg.o
    0x00010548   0x00000014   Data   RO          164    .constdata__ZTV7evError  defaultpkg.o
    0x0001055c   0x00000014   Data   RO          162    .constdata__ZTV7evSDLog  defaultpkg.o
    0x00010570   0x00000044   Data   RO          565    .constdata__ZTV8Joystick  joystick.o
    0x000105b4   0x00000014   Data   RO          166    .constdata__ZTV8evSDLog2  defaultpkg.o
    0x000105c8   0x00000014   Data   RO          152    .constdata__ZTV8evToggle  defaultpkg.o
    0x000105dc   0x0000000d   Data   RO          816    .conststring        sdcard.o
    0x000105e9   0x00000003   PAD
    0x000105ec   0x00000020   Data   RO         4760    Region$$Table       anon$$obj.o
    0x0001060c   0x00000110   Data   RO         4554    locale$$data        c_w.l(lc_ctype_c.o)
    0x0001071c   0x00000004   Data   RO         1507    .init_array         wst_tmm.o
    0x00010720   0x00000004   Data   RO         1596    .init_array         wst_tmr.o
    0x00010724   0x00000004   Data   RO         1846    .init_array         wstrtos.o
    0x00010728   0x00000000   Data   RO         4131    .init_array         c_w.l(init_aeabi.o)


    Execution Region RW_IRAM1 (Base: 0x10000000, Size: 0x00006658, Max: 0x00008000, ABSOLUTE)

    Base Addr    Size         Type   Attr      Idx    E Section Name        Object

    0x10000000   0x00000008   Data   RW          817    .data               sdcard.o
    0x10000008   0x00000004   Data   RW         1032    .data               omstring.o
    0x1000000c   0x0000000a   Data   RW         1110    .data               wst_cfg_highwater.o
    0x10000016   0x00000002   PAD
    0x10000018   0x00000015   Data   RW         1256    .data               wst_mem.o
    0x1000002d   0x00000003   PAD
    0x10000030   0x00000005   Data   RW         1357    .data               wst_osw.o
    0x10000035   0x00000003   PAD
    0x10000038   0x00000004   Data   RW         1595    .data               wst_tmr.o
    0x1000003c   0x00000005   Data   RW         1662    .data               wst_tsk.o
    0x10000041   0x00000003   PAD
    0x10000044   0x00000026   Data   RW         1729    .data               wstmonitor.o
    0x1000006a   0x00000002   PAD
    0x1000006c   0x00000004   Data   RW         1821    .data               wstmonitorio_keil_cortexm3_itm.o
    0x10000070   0x00000011   Data   RW         2020    .data               glcd_mcb1700.o
    0x10000081   0x00000003   PAD
    0x10000084   0x00000014   Data   RW         2082    .data               rtx_conf_cm.o
    0x10000098   0x00000018   Data   RW         2112    .data               ssp_lpc17xx.o
    0x100000b0   0x00000008   Data   RW         2206    .data               gpdma_lpc17xx.o
    0x100000b8   0x00000004   Data   RW         2290    .data               system_lpc17xx.o
    0x100000bc   0x00000004   Data   RW         2319    .data               fs_config.o
    0x100000c0   0x00000008   Data   RW         2453    .data               RTX_CM3.lib(rt_cmsis.o)
    0x100000c8   0x00000008   Data   RW         2990    .data               RTX_CM3.lib(rt_task.o)
    0x100000d0   0x00000001   Data   RW         3119    .data               FS_LFN_CM3_L.lib(fs_mapi.o)
    0x100000d1   0x00000003   PAD
    0x100000d4   0x00000008   Data   RW         3255    .data               RTX_CM3.lib(rt_system.o)
    0x100000dc   0x00000004   Data   RW         3545    .data               RTX_CM3.lib(rt_time.o)
    0x100000e0   0x00000001   Data   RW         3634    .data               RTX_CM3.lib(hal_cm.o)
    0x100000e1   0x00000001   Data   RW         3695    .data               FS_LFN_CM3_L.lib(fs_common.o)
    0x100000e2   0x00000002   PAD
    0x100000e4   0x00000004   Data   RW         4371    .data               c_w.l(streamlock.o)
    0x100000e8   0x00000004   Data   RW         4375    .data               c_w.l(stdio_streams.o)
    0x100000ec   0x00000004   Data   RW         4376    .data               c_w.l(stdio_streams.o)
    0x100000f0   0x00000004   Data   RW         4377    .data               c_w.l(stdio_streams.o)
    0x100000f4   0x00000004   Data   RW          415    .data__ZZN11OMNullValueI8OMStringE3getEvE7nullSet  display.o
    0x100000f8   0x00000024   Data   RW         1730    DATA_ANIM_RUNNING_UNSPECIFIED_NOINIT_FAST  wstmonitor.o
    0x1000011c   0x00000004   Data   RW         1847    DATA_RXF_RUNNING_32_INIT_FAST  wstrtos.o
    0x10000120   0x00000005   Data   RW         1358    DATA_RXF_RUNNING_UNSPECIFIED_NOINIT_FAST  wst_osw.o
    0x10000125   0x00000003   PAD
    0x10000128   0x00000290   Zero   RW         1255    .bss                wst_mem.o
    0x100003b8   0x0000004c   Zero   RW         1356    .bss                wst_osw.o
    0x10000404   0x00000010   Zero   RW         1506    .bss                wst_tmm.o
    0x10000414   0x00000500   Zero   RW         1594    .bss                wst_tmr.o
    0x10000914   0x00000240   Zero   RW         1728    .bss                wstmonitor.o
    0x10000b54   0x00000040   Zero   RW         1845    .bss                wstrtos.o
    0x10000b94   0x00000004   PAD
    0x10000b98   0x00001ca4   Zero   RW         2080    .bss                rtx_conf_cm.o
    0x1000283c   0x00000050   Zero   RW         2110    .bss                ssp_lpc17xx.o
    0x1000288c   0x000000a0   Zero   RW         2205    .bss                gpdma_lpc17xx.o
    0x1000292c   0x00001560   Zero   RW         2317    .bss                fs_config.o
    0x10003e8c   0x00000034   Zero   RW         2989    .bss                RTX_CM3.lib(rt_task.o)
    0x10003ec0   0x00000030   Zero   RW         3385    .bss                RTX_CM3.lib(rt_list.o)
    0x10003ef0   0x00000060   Zero   RW         4037    .bss                c_w.l(libspace.o)
    0x10003f50   0x00000054   Zero   RW         4372    .bss                c_w.l(stdio_streams.o)
    0x10003fa4   0x00000054   Zero   RW         4373    .bss                c_w.l(stdio_streams.o)
    0x10003ff8   0x00000054   Zero   RW         4374    .bss                c_w.l(stdio_streams.o)
    0x1000404c   0x0000000c   Zero   RW          416    .bss__ZZN11OMNullValueI8OMStringE3getEvE9nillValue  display.o
    0x10004058   0x00002000   Zero   RW         2277    HEAP                startup_lpc17xx.o
    0x10006058   0x00000600   Zero   RW         2276    STACK               startup_lpc17xx.o


==============================================================================

Image component sizes


      Code (inc. data)   RO Data    RW Data    ZI Data      Debug   Object Name

       132         14         16          0          0      17602   clock.o
       750         42        176          0          0      23965   defaultpkg.o
      1288        140        100          4         12      34446   display.o
       392         24         40          4       5472      23474   fs_config.o
         0          0       6304          0          0       5724   glcd_fonts.o
      3372         54          0         17          0      32318   glcd_mcb1700.o
      1248         50          0          8        160       5393   gpdma_lpc17xx.o
       204         10          0          0          0       1681   gpio_lpc17xx.o
       728         10         68          0          0      28431   joystick.o
      1058         32         40          0          0       7732   led.o
       796         14         44          0          0       6252   ledbar.o
        72          0          0          0          0      26922   mainmcb1700.o
      1564         12          0          4          0      15046   omstring.o
       316          6          0          0          0       1348   pin_lpc17xx.o
       400         24         23          0          0      12714   retarget_io.o
       196         34        104         20       7332       8968   rtx_conf_cm.o
       704          6         68          0          0       6538   runningindicatorled.o
        14          0          0          0          0      13826   rxf_behaviorpkg.o
      2740        478         53          8          0      16221   sdcard.o
      4000         36        240         24         80      46375   ssp_lpc17xx.o
        68         30        204          0       9728        996   startup_lpc17xx.o
       752         30          0          4          0       1077   system_lpc17xx.o
       912          4         44          0          0      29637   testbuilder.o
         0          0          0         10          0        224   wst_cfg_highwater.o
         6          0          0          0          0        560   wst_err.o
        26          0          0          0          0       1552   wst_evt.o
      1456         38         36          0          0      30063   wst_fsm.o
       848         66          0         21        656       3751   wst_mem.o
       308         10          0          0          0      18291   wst_msq.o
       164          0          0          0          0       1724   wst_mtx.o
      1302         44          0         10         76      27211   wst_osw.o
        28          4          0          0          0        780   wst_rxf.o
       790         20         20          0         16      21943   wst_tmm.o
       244         36          4          4       1280      18711   wst_tmr.o
       616         34         16          5          0      19863   wst_tsk.o
      1608        122          0         74        576      26643   wstmonitor.o
       130          0          0          0          0      23831   wstmonitor_sendtypes.o
       128         24          0          4          0       2197   wstmonitorio_keil_cortexm3_itm.o
       228         44          4          4         64      20011   wstrtos.o
        36          0          0          0          0       5553   wsttarget.o

    ----------------------------------------------------------------------
     29638       1492       7640        244      25456     589594   Object Totals
         0          0         32          0          0          0   (incl. Generated)
        14          0          4         19          4          0   (incl. Padding)

    ----------------------------------------------------------------------

      Code (inc. data)   RO Data    RW Data    ZI Data      Debug   Library Member Name

       234         20          0          1          0        420   fs_common.o
      9438        162       1196          0          0       5324   fs_fat.o
       412         48          0          1          0        332   fs_mapi.o
         4          0          0          0          0         68   fs_mc_mci.o
      3158         50         16          0          0       2308   fs_mc_spi.o
       820         62          0          0          0        580   fs_sys.o
        26          0          0          0          0         68   fs_time.o
       238         24          0          1          0       3312   hal_cm.o
       304         36          0          0          0        768   hal_cm3.o
      1996        252          0          8          0      46975   rt_cmsis.o
        80          4          0          0          0        661   rt_event.o
       530         34          0          0         48       8253   rt_list.o
       706         14          0          0          0       4787   rt_mailbox.o
       140          0          0          0          0       1925   rt_membox.o
       128          0          0          0          0       2307   rt_memory.o
       528         22          0          0          0       2861   rt_mutex.o
        52          4          0          0          0        573   rt_semaphore.o
       334         64          0          8          0       7091   rt_system.o
      1216        174          0          8         52       9649   rt_task.o
         6          0          0          4          0        652   rt_time.o
         4          4          0          0          0        208   svc_table.o
        60          8          0          0          0         84   __0sscanf.o
         8          0          0          0          0         68   __main.o
       312          4         17          0          0         92   __printf_flags_wp.o
        14          0          0          0          0         68   __printf_wp.o
         0          0          0          0          0          0   __rtentry.o
        20          0          0          0          0          0   __rtentry2.o
         6          0          0          0          0          0   __rtentry4.o
        52          8          0          0          0          0   __scatter.o
        26          0          0          0          0          0   __scatter_copy.o
        28          0          0          0          0          0   __scatter_zi.o
        28          0          0          0          0         68   _chval.o
        44          0          0          0          0        108   _printf_char.o
        48          6          0          0          0         96   _printf_char_common.o
        64          6          0          0          0         84   _printf_char_file_locked.o
         6          0          0          0          0          0   _printf_d.o
       120         16          0          0          0         92   _printf_dec.o
       178          0          0          0          0         88   _printf_intcommon.o
        78          0          0          0          0        108   _printf_pad.o
         0          0          0          0          0          0   _printf_percent.o
         4          0          0          0          0          0   _printf_percent_end.o
         6          0          0          0          0          0   _printf_s.o
        82          0          0          0          0         80   _printf_str.o
       884          6          0          0          0        100   _scanf.o
       332          0          0          0          0         96   _scanf_int.o
        64          0          0          0          0         84   _sgetc.o
        10          0          0          0          0         68   _sputc.o
        22          0          0          0          0         80   abort.o
        46          0          0          0          0         84   aeabi_atexit.o
        66          0          0          0          0         84   cxa_finalize.o
        48         34          0          0          0         76   defsig_abrt_inner.o
        14          0          0          0          0         80   defsig_abrt_outer.o
        10          0          0          0          0         68   defsig_exit.o
        50          0          0          0          0         88   defsig_general.o
        48         34          0          0          0         76   defsig_pvfn_inner.o
        14          0          0          0          0         80   defsig_pvfn_outer.o
        80         58          0          0          0         76   defsig_rtmem_inner.o
        14          0          0          0          0         80   defsig_rtmem_outer.o
        52         38          0          0          0         76   defsig_rtred_inner.o
        14          0          0          0          0         80   defsig_rtred_outer.o
        18          0          0          0          0         80   exit.o
        76          0          0          0          0         88   fclose.o
        52          6          0          0          0         80   fclose_locked.o
       144         10          0          0          0        128   fflush_locked.o
        24          0          0          0          0         68   fgetc.o
        86          0          0          0          0         84   fgets_locked.o
       570          0          0          0          0        132   filbuf.o
       470          0          0          0          0         88   flsbuf.o
        92          8          0          0          0         88   flushlinebuffered_locked.o
       324          8          0          0          0        152   fopen_locked.o
        26          0          0          0          0         68   fputc.o
       248          6          0          0          0         84   fseek.o
        66          0          0          0          0         76   ftell.o
       158          0          0          0          0        128   h1_alloc_mt.o
        62          0          0          0          0         80   h1_extend_mt.o
       118          0          0          0          0        108   h1_free_mt.o
        18          0          0          0          0         84   h1_init_mt.o
         6          0          0          0          0        152   heapauxi.o
         4          0          0          0          0        136   hguard.o
         0          0          0          0          0          0   indicate_semi.o
        36         10          0          0          0         80   init_aeabi.o
       138          0          0          0          0        168   init_alloc.o
       456         48          0          0          0        116   initio_locked.o
        18          0          0          0          0         76   isspace.o
        44         10        272          0          0         76   lc_ctype_c.o
         2          0          0          0          0          0   libinit.o
        36          0          0          0          0          0   libinit2.o
         2          0          0          0          0          0   libshutdown.o
        12          0          0          0          0          0   libshutdown2.o
         8          4          0          0         96         68   libspace.o
       238          0          0          0          0        100   lludivv7m.o
         0          0          0          0          0          0   maybetermalloc1.o
        20          0          0          0          0         84   noretval__2fprintf.o
        40          6          0          0          0         84   noretval__2sprintf.o
        16          4          0          0          0         76   rt_ctype_table.o
        10          0          0          0          0         76   rt_ddtor_pointer_addr_twolibspace.o
        10          0          0          0          0         76   rt_eh_globals_addr_twolibspace.o
         4          0          0          0          0         68   rt_errno_addr_twolibspace.o
        10          0          0          0          0         76   rt_heap_descriptor_twolibspace.o
        10          0          0          0          0         76   rt_locale_twolibspace.o
        68          0          0          0          0         68   rt_memclr.o
        78          0          0          0          0         80   rt_memclr_w.o
       138          0          0          0          0         68   rt_memcpy_v6.o
       100          0          0          0          0         80   rt_memcpy_w.o
        10          0          0          0          0         76   rt_new_handler_addr_twolibspace.o
         2          0          0          0          0          0   rtexit.o
        10          0          0          0          0          0   rtexit2.o
        44          8          0          0          0         84   scanf_char.o
       104          0          0          0          0         88   setvbuf_locked.o
       240          6          0          0          0        156   stdio.o
         0          0          0         12        252          0   stdio_streams.o
       128          0          0          0          0         68   strcmpv7m.o
         0          0          0          4          0          0   streamlock.o
        62          0          0          0          0         76   strlen.o
        50          0          0          0          0         84   strncasecmp.o
        36          0          0          0          0         80   strstr.o
        12          4          0          0          0         68   sys_exit.o
        74          0          0          0          0         80   sys_stackheap_outer.o
        14          0          0          0          0         76   sys_wrch.o
        26          0          0          0          0         76   tolower.o
        30          0          0          0          0         76   toupper.o
         2          0          0          0          0         68   use_no_semi.o
        36          0          0          0          0         84   aeabi_vec_ctor_nocookie_nodtor.o
        34          0          0          0          0         84   aeabi_vec_dtor_noexceptions.o
        80         12          0          0          0        104   arm_exceptions_globs.o
        60          0          0          0          0        108   arm_exceptions_mem.o
        26          0          0          0          0         76   arm_exceptions_terminate.o
         4          0          0          0          0         68   arm_newhandler_noexceptions.o
         8          0          0          0          0         76   array_new.o
        16          0          0          0          0         68   cxa_guard_acquire.o
         8          0          0          0          0         76   delete.o
        40          6          0          0          0         76   new.o
         6          0          0          0          0         68   pure_virt.o

    ----------------------------------------------------------------------
     28586       1348       1504         52        448     107078   Library Totals
        62          0          3          5          0          0   (incl. Padding)

    ----------------------------------------------------------------------

      Code (inc. data)   RO Data    RW Data    ZI Data      Debug   Library Name

     14092        342       1212          2          0       9100   FS_LFN_CM3_L.lib
      6262        632          0         29        100      90022   RTX_CM3.lib
      7852        356        289         16        348       7068   c_w.l
       318         18          0          0          0        888   cpprt_w.l

    ----------------------------------------------------------------------
     28586       1348       1504         52        448     107078   Library Totals

    ----------------------------------------------------------------------

==============================================================================


      Code (inc. data)   RO Data    RW Data    ZI Data      Debug   

     58224       2840       9144        296      25904     675348   Grand Totals
     58224       2840       9144        296      25904     675348   ELF Image Totals
     58224       2840       9144        296          0          0   ROM Totals

==============================================================================

    Total RO  Size (Code + RO Data)                67368 (  65.79kB)
    Total RW  Size (RW Data + ZI Data)             26200 (  25.59kB)
    Total ROM Size (Code + RO Data + RW Data)      67664 (  66.08kB)

==============================================================================

