<!doctype html public "-//w3c//dtd html 4.0 transitional//en">
<html><head>
<title>Static Call Graph - [.\Flash\Exercise_11_WiredEthernet.axf]</title></head>
<body><HR>
<H1>Static Call Graph for image .\Flash\Exercise_11_WiredEthernet.axf</H1><HR>
<BR><P>#&#060CALLGRAPH&#062# ARM Linker, 5060422: Last Updated: Tue Aug 01 08:53:33 2017
<BR><P>
<H3>Maximum Stack Usage =        320 bytes + Unknown(Functions without stacksize, Cycles, Untraceable Function Pointers)</H3><H3>
Call chain for Maximum Stack Depth:</H3>
thunk{-64} to Joystick::~Joystick__deallocating() &rArr; Joystick::~Joystick__deallocating() &rArr; Joystick::~Joystick() &rArr; WST_FSM::~WST_FSM() &rArr; WST_FSM::cancelEventsAndTimeouts() &rArr; WST_TMM::cancelEvents(WST_FSM*) &rArr; WST_MSQ::cancelEvents(WST_FSM*, short) &rArr; WST_OSW_MSQ_cancelEvents(WST_MSQ*, const WST_FSM*, short) &rArr; WST_MSQ::WST_MSQ(unsigned short, bool) &rArr; WST_OSW_MSQ_init(WST_MSQ*) &rArr; WST_MEM::getMemory(unsigned) &rArr; WST_OSW_MEM_malloc(unsigned) &rArr;  WST_MEM::getMemory(unsigned) (Cycle)
<P>
<H3>
Functions with no stack information
</H3><UL>
 <LI><a href="#[1d9]">__user_initial_stackheap</a>
</UL>
</UL>
<P>
<H3>
Mutually Recursive functions
</H3> <LI><a href="#[3f]">rt_alloc_box</a>&nbsp;&nbsp;&nbsp;&rArr;&nbsp;&nbsp;&nbsp;<a href="#[3f]">rt_alloc_box</a><BR>
 <LI><a href="#[152]">WST_OSW_MEM_malloc(unsigned)</a>&nbsp;&nbsp;&nbsp;&rArr;&nbsp;&nbsp;&nbsp;<a href="#[11c]">WST_MEM::getMemory(unsigned)</a><BR>
 <LI><a href="#[13]">NMI_Handler</a>&nbsp;&nbsp;&nbsp;&rArr;&nbsp;&nbsp;&nbsp;<a href="#[13]">NMI_Handler</a><BR>
 <LI><a href="#[14]">HardFault_Handler</a>&nbsp;&nbsp;&nbsp;&rArr;&nbsp;&nbsp;&nbsp;<a href="#[14]">HardFault_Handler</a><BR>
 <LI><a href="#[15]">MemManage_Handler</a>&nbsp;&nbsp;&nbsp;&rArr;&nbsp;&nbsp;&nbsp;<a href="#[15]">MemManage_Handler</a><BR>
 <LI><a href="#[16]">BusFault_Handler</a>&nbsp;&nbsp;&nbsp;&rArr;&nbsp;&nbsp;&nbsp;<a href="#[16]">BusFault_Handler</a><BR>
 <LI><a href="#[17]">UsageFault_Handler</a>&nbsp;&nbsp;&nbsp;&rArr;&nbsp;&nbsp;&nbsp;<a href="#[17]">UsageFault_Handler</a><BR>
 <LI><a href="#[19]">DebugMon_Handler</a>&nbsp;&nbsp;&nbsp;&rArr;&nbsp;&nbsp;&nbsp;<a href="#[19]">DebugMon_Handler</a><BR>
 <LI><a href="#[32]">ADC_IRQHandler</a>&nbsp;&nbsp;&nbsp;&rArr;&nbsp;&nbsp;&nbsp;<a href="#[32]">ADC_IRQHandler</a><BR>
</UL>
<P>
<H3>
Function Pointers
</H3><UL>
 <LI><a href="#[41]">&lang;Func1&rang;</a> from ledbar.o(.text) referenced from ledbar.o(.text)
 <LI><a href="#[45]">&lang;Func3&rang;</a> from wst_tmr.o(.text) referenced from wst_tmr.o(.text)
 <LI><a href="#[32]">ADC_IRQHandler</a> from startup_lpc17xx.o(.text) referenced from startup_lpc17xx.o(RESET)
 <LI><a href="#[33]">BOD_IRQHandler</a> from startup_lpc17xx.o(.text) referenced from startup_lpc17xx.o(RESET)
 <LI><a href="#[16]">BusFault_Handler</a> from startup_lpc17xx.o(.text) referenced from startup_lpc17xx.o(RESET)
 <LI><a href="#[3e]">CANActivity_IRQHandler</a> from startup_lpc17xx.o(.text) referenced from startup_lpc17xx.o(RESET)
 <LI><a href="#[35]">CAN_IRQHandler</a> from startup_lpc17xx.o(.text) referenced from startup_lpc17xx.o(RESET)
 <LI><a href="#[36]">DMA_IRQHandler</a> from gpdma_lpc17xx.o(.text) referenced from startup_lpc17xx.o(RESET)
 <LI><a href="#[19]">DebugMon_Handler</a> from startup_lpc17xx.o(.text) referenced from startup_lpc17xx.o(RESET)
 <LI><a href="#[2e]">EINT0_IRQHandler</a> from startup_lpc17xx.o(.text) referenced from startup_lpc17xx.o(RESET)
 <LI><a href="#[2f]">EINT1_IRQHandler</a> from startup_lpc17xx.o(.text) referenced from startup_lpc17xx.o(RESET)
 <LI><a href="#[30]">EINT2_IRQHandler</a> from startup_lpc17xx.o(.text) referenced from startup_lpc17xx.o(RESET)
 <LI><a href="#[31]">EINT3_IRQHandler</a> from startup_lpc17xx.o(.text) referenced from startup_lpc17xx.o(RESET)
 <LI><a href="#[38]">ENET_IRQHandler</a> from startup_lpc17xx.o(.text) referenced from startup_lpc17xx.o(RESET)
 <LI><a href="#[14]">HardFault_Handler</a> from startup_lpc17xx.o(.text) referenced from startup_lpc17xx.o(RESET)
 <LI><a href="#[26]">I2C0_IRQHandler</a> from startup_lpc17xx.o(.text) referenced from startup_lpc17xx.o(RESET)
 <LI><a href="#[27]">I2C1_IRQHandler</a> from startup_lpc17xx.o(.text) referenced from startup_lpc17xx.o(RESET)
 <LI><a href="#[28]">I2C2_IRQHandler</a> from startup_lpc17xx.o(.text) referenced from startup_lpc17xx.o(RESET)
 <LI><a href="#[37]">I2S_IRQHandler</a> from startup_lpc17xx.o(.text) referenced from startup_lpc17xx.o(RESET)
 <LI><a href="#[3a]">MCPWM_IRQHandler</a> from startup_lpc17xx.o(.text) referenced from startup_lpc17xx.o(RESET)
 <LI><a href="#[15]">MemManage_Handler</a> from startup_lpc17xx.o(.text) referenced from startup_lpc17xx.o(RESET)
 <LI><a href="#[13]">NMI_Handler</a> from startup_lpc17xx.o(.text) referenced from startup_lpc17xx.o(RESET)
 <LI><a href="#[2c]">PLL0_IRQHandler</a> from startup_lpc17xx.o(.text) referenced from startup_lpc17xx.o(RESET)
 <LI><a href="#[3c]">PLL1_IRQHandler</a> from startup_lpc17xx.o(.text) referenced from startup_lpc17xx.o(RESET)
 <LI><a href="#[25]">PWM1_IRQHandler</a> from startup_lpc17xx.o(.text) referenced from startup_lpc17xx.o(RESET)
 <LI><a href="#[1a]">PendSV_Handler</a> from hal_cm3.o(.emb_text) referenced from startup_lpc17xx.o(RESET)
 <LI><a href="#[3b]">QEI_IRQHandler</a> from startup_lpc17xx.o(.text) referenced from startup_lpc17xx.o(RESET)
 <LI><a href="#[39]">RIT_IRQHandler</a> from startup_lpc17xx.o(.text) referenced from startup_lpc17xx.o(RESET)
 <LI><a href="#[2d]">RTC_IRQHandler</a> from startup_lpc17xx.o(.text) referenced from startup_lpc17xx.o(RESET)
 <LI><a href="#[12]">Reset_Handler</a> from startup_lpc17xx.o(.text) referenced from startup_lpc17xx.o(RESET)
 <LI><a href="#[29]">SPI_IRQHandler</a> from startup_lpc17xx.o(.text) referenced from startup_lpc17xx.o(RESET)
 <LI><a href="#[2a]">SSP0_IRQHandler</a> from startup_lpc17xx.o(.text) referenced from startup_lpc17xx.o(RESET)
 <LI><a href="#[71]">SSP1_Control</a> from ssp_lpc17xx.o(.text) referenced from ssp_lpc17xx.o(.constdata)
 <LI><a href="#[67]">SSP1_GPDMA_Rx_SignalEvent</a> from ssp_lpc17xx.o(.text) referenced from ssp_lpc17xx.o(.constdata)
 <LI><a href="#[66]">SSP1_GPDMA_Tx_SignalEvent</a> from ssp_lpc17xx.o(.text) referenced from ssp_lpc17xx.o(.constdata)
 <LI><a href="#[70]">SSP1_GetDataCount</a> from ssp_lpc17xx.o(.text) referenced from ssp_lpc17xx.o(.constdata)
 <LI><a href="#[72]">SSP1_GetStatus</a> from ssp_lpc17xx.o(.text) referenced from ssp_lpc17xx.o(.constdata)
 <LI><a href="#[2b]">SSP1_IRQHandler</a> from ssp_lpc17xx.o(.text) referenced from startup_lpc17xx.o(RESET)
 <LI><a href="#[6a]">SSP1_Initialize</a> from ssp_lpc17xx.o(.text) referenced from ssp_lpc17xx.o(.constdata)
 <LI><a href="#[6c]">SSP1_PowerControl</a> from ssp_lpc17xx.o(.text) referenced from ssp_lpc17xx.o(.constdata)
 <LI><a href="#[6e]">SSP1_Receive</a> from ssp_lpc17xx.o(.text) referenced from ssp_lpc17xx.o(.constdata)
 <LI><a href="#[6d]">SSP1_Send</a> from ssp_lpc17xx.o(.text) referenced from ssp_lpc17xx.o(.constdata)
 <LI><a href="#[6f]">SSP1_Transfer</a> from ssp_lpc17xx.o(.text) referenced from ssp_lpc17xx.o(.constdata)
 <LI><a href="#[6b]">SSP1_Uninitialize</a> from ssp_lpc17xx.o(.text) referenced from ssp_lpc17xx.o(.constdata)
 <LI><a href="#[69]">SSP_GetCapabilities</a> from ssp_lpc17xx.o(.text) referenced from ssp_lpc17xx.o(.constdata)
 <LI><a href="#[68]">SSP_GetVersion</a> from ssp_lpc17xx.o(.text) referenced from ssp_lpc17xx.o(.constdata)
 <LI><a href="#[18]">SVC_Handler</a> from hal_cm3.o(.emb_text) referenced from startup_lpc17xx.o(RESET)
 <LI><a href="#[1b]">SysTick_Handler</a> from hal_cm3.o(.emb_text) referenced from startup_lpc17xx.o(RESET)
 <LI><a href="#[49]">SystemInit</a> from system_lpc17xx.o(.text) referenced from startup_lpc17xx.o(.text)
 <LI><a href="#[1d]">TIMER0_IRQHandler</a> from startup_lpc17xx.o(.text) referenced from startup_lpc17xx.o(RESET)
 <LI><a href="#[1e]">TIMER1_IRQHandler</a> from startup_lpc17xx.o(.text) referenced from startup_lpc17xx.o(RESET)
 <LI><a href="#[1f]">TIMER2_IRQHandler</a> from startup_lpc17xx.o(.text) referenced from startup_lpc17xx.o(RESET)
 <LI><a href="#[20]">TIMER3_IRQHandler</a> from startup_lpc17xx.o(.text) referenced from startup_lpc17xx.o(RESET)
 <LI><a href="#[21]">UART0_IRQHandler</a> from startup_lpc17xx.o(.text) referenced from startup_lpc17xx.o(RESET)
 <LI><a href="#[22]">UART1_IRQHandler</a> from startup_lpc17xx.o(.text) referenced from startup_lpc17xx.o(RESET)
 <LI><a href="#[23]">UART2_IRQHandler</a> from startup_lpc17xx.o(.text) referenced from startup_lpc17xx.o(RESET)
 <LI><a href="#[24]">UART3_IRQHandler</a> from startup_lpc17xx.o(.text) referenced from startup_lpc17xx.o(RESET)
 <LI><a href="#[3d]">USBActivity_IRQHandler</a> from startup_lpc17xx.o(.text) referenced from startup_lpc17xx.o(RESET)
 <LI><a href="#[34]">USB_IRQHandler</a> from startup_lpc17xx.o(.text) referenced from startup_lpc17xx.o(RESET)
 <LI><a href="#[17]">UsageFault_Handler</a> from startup_lpc17xx.o(.text) referenced from startup_lpc17xx.o(RESET)
 <LI><a href="#[1c]">WDT_IRQHandler</a> from startup_lpc17xx.o(.text) referenced from startup_lpc17xx.o(RESET)
 <LI><a href="#[50]">__default_new_handler()</a> from arm_newhandler_noexceptions.o(.text) referenced from new.o(i._Znwj)
 <LI><a href="#[1e8]">WST_Monitor_receiveTask(void*)</a> from wstmonitor.o(CODE_ANIM_RUNNING_FAST) referenced from wstmonitor.o(CODE_ANIM_RUNNING_FAST)
 <LI><a href="#[1f3]">WST_OSW_TMM_timerCallBack(const void*)</a> from wst_osw.o(CODE_RXF_RUNNING_FAST) referenced from wst_osw.o(CODE_RXF_RUNNING_FAST)
 <LI><a href="#[7a]">TestBuilder::startBehavior()</a> from testbuilder.o(.text) referenced from testbuilder.o(.constdata__ZTV11TestBuilder)
 <LI><a href="#[7b]">TestBuilder::destroy()</a> from testbuilder.o(.text) referenced from testbuilder.o(.constdata__ZTV11TestBuilder)
 <LI><a href="#[74]">TestBuilder::~TestBuilder__deallocating()</a> from testbuilder.o(.text) referenced from testbuilder.o(.constdata__ZTV11TestBuilder)
 <LI><a href="#[73]">TestBuilder::~TestBuilder()</a> from testbuilder.o(.text) referenced from testbuilder.o(.constdata__ZTV11TestBuilder)
 <LI><a href="#[7d]">UartController::~UartController__deallocating()</a> from uartcontroller.o(.text) referenced from uartcontroller.o(.constdata__ZTV14UartController)
 <LI><a href="#[7c]">UartController::~UartController()</a> from uartcontroller.o(.text) referenced from uartcontroller.o(.constdata__ZTV14UartController)
 <LI><a href="#[7f]">evReceivedData::~evReceivedData__deallocating()</a> from defaultpkg.o(i._ZN14evReceivedDataD0Ev) referenced from defaultpkg.o(.constdata__ZTV14evReceivedData)
 <LI><a href="#[7e]">evReceivedData::~evReceivedData()</a> from defaultpkg.o(i._ZN14evReceivedDataD1Ev) referenced from defaultpkg.o(.constdata__ZTV14evReceivedData)
 <LI><a href="#[84]">RunningIndicatorLed::cancelTimeout(const WST_TMR*)</a> from runningindicatorled.o(.text) referenced from runningindicatorled.o(.constdata__ZTV19RunningIndicatorLed)
 <LI><a href="#[83]">RunningIndicatorLed::startBehavior()</a> from runningindicatorled.o(.text) referenced from runningindicatorled.o(.constdata__ZTV19RunningIndicatorLed)
 <LI><a href="#[85]">RunningIndicatorLed::rootState_entDef()</a> from runningindicatorled.o(.text) referenced from runningindicatorled.o(.constdata__ZTV19RunningIndicatorLed)
 <LI><a href="#[86]">RunningIndicatorLed::rootState_processEvent()</a> from runningindicatorled.o(.text) referenced from runningindicatorled.o(.constdata__ZTV19RunningIndicatorLed)
 <LI><a href="#[82]">RunningIndicatorLed::~RunningIndicatorLed__deallocating()</a> from runningindicatorled.o(.text) referenced from runningindicatorled.o(.constdata__ZTV19RunningIndicatorLed)
 <LI><a href="#[81]">RunningIndicatorLed::~RunningIndicatorLed()</a> from runningindicatorled.o(.text) referenced from runningindicatorled.o(.constdata__ZTV19RunningIndicatorLed)
 <LI><a href="#[8d]">evNewJoystickPosition::~evNewJoystickPosition__deallocating()</a> from defaultpkg.o(i._ZN21evNewJoystickPositionD0Ev) referenced from defaultpkg.o(.constdata__ZTV21evNewJoystickPosition)
 <LI><a href="#[8c]">evNewJoystickPosition::~evNewJoystickPosition()</a> from defaultpkg.o(i._ZN21evNewJoystickPositionD1Ev) referenced from defaultpkg.o(.constdata__ZTV21evNewJoystickPosition)
 <LI><a href="#[4d]">[local to arm_exceptions_c]::__default_terminate_handler()</a> from arm_exceptions_globs.o(.text) referenced from arm_exceptions_globs.o(.text)
 <LI><a href="#[91]">Led::cancelTimeout(const WST_TMR*)</a> from led.o(.text) referenced from led.o(.constdata__ZTV3Led)
 <LI><a href="#[93]">Led::startBehavior()</a> from led.o(.text) referenced from led.o(.constdata__ZTV3Led)
 <LI><a href="#[90]">Led::rootState_entDef()</a> from led.o(.text) referenced from led.o(.constdata__ZTV3Led)
 <LI><a href="#[92]">Led::rootState_processEvent()</a> from led.o(.text) referenced from led.o(.constdata__ZTV3Led)
 <LI><a href="#[8f]">Led::~Led__deallocating()</a> from led.o(.text) referenced from led.o(.constdata__ZTV3Led)
 <LI><a href="#[42]">Led::~Led()</a> from led.o(.text) referenced from led.o(.constdata__ZTV3Led)
 <LI><a href="#[42]">Led::~Led()</a> from led.o(.text) referenced from ledbar.o(.text)
 <LI><a href="#[95]">evOn::~evOn__deallocating()</a> from defaultpkg.o(i._ZN4evOnD0Ev) referenced from defaultpkg.o(.constdata__ZTV4evOn)
 <LI><a href="#[94]">evOn::~evOn()</a> from defaultpkg.o(i._ZN4evOnD1Ev) referenced from defaultpkg.o(.constdata__ZTV4evOn)
 <LI><a href="#[98]">evOff::~evOff__deallocating()</a> from defaultpkg.o(i._ZN5evOffD0Ev) referenced from defaultpkg.o(.constdata__ZTV5evOff)
 <LI><a href="#[97]">evOff::~evOff()</a> from defaultpkg.o(i._ZN5evOffD1Ev) referenced from defaultpkg.o(.constdata__ZTV5evOff)
 <LI><a href="#[9e]">LedBar::startBehavior()</a> from ledbar.o(.text) referenced from ledbar.o(.constdata__ZTV6LedBar)
 <LI><a href="#[9c]">LedBar::rootState_entDef()</a> from ledbar.o(.text) referenced from ledbar.o(.constdata__ZTV6LedBar)
 <LI><a href="#[9d]">LedBar::rootState_processEvent()</a> from ledbar.o(.text) referenced from ledbar.o(.constdata__ZTV6LedBar)
 <LI><a href="#[9f]">LedBar::destroy()</a> from ledbar.o(.text) referenced from ledbar.o(.constdata__ZTV6LedBar)
 <LI><a href="#[9b]">LedBar::~LedBar__deallocating()</a> from ledbar.o(.text) referenced from ledbar.o(.constdata__ZTV6LedBar)
 <LI><a href="#[9a]">LedBar::~LedBar()</a> from ledbar.o(.text) referenced from ledbar.o(.constdata__ZTV6LedBar)
 <LI><a href="#[a4]">Display::startBehavior()</a> from display.o(.text) referenced from display.o(.constdata__ZTV7Display)
 <LI><a href="#[a2]">Display::rootState_entDef()</a> from display.o(.text) referenced from display.o(.constdata__ZTV7Display)
 <LI><a href="#[a3]">Display::rootState_processEvent()</a> from display.o(.text) referenced from display.o(.constdata__ZTV7Display)
 <LI><a href="#[a1]">Display::~Display__deallocating()</a> from display.o(.text) referenced from display.o(.constdata__ZTV7Display)
 <LI><a href="#[a0]">Display::~Display()</a> from display.o(.text) referenced from display.o(.constdata__ZTV7Display)
 <LI><a href="#[a5]">WST_EVT::~WST_EVT__deallocating()</a> from defaultpkg.o(CODE_RXF_RUNNING_FAST) referenced from defaultpkg.o(.constdata__ZTV7WST_EVT)
 <LI><a href="#[76]">WST_FSM::cancelTimeout(const WST_TMR*)</a> from wst_fsm.o(.text) referenced from testbuilder.o(.constdata__ZTV11TestBuilder)
 <LI><a href="#[76]">WST_FSM::cancelTimeout(const WST_TMR*)</a> from wst_fsm.o(.text) referenced from ledbar.o(.constdata__ZTV6LedBar)
 <LI><a href="#[76]">WST_FSM::cancelTimeout(const WST_TMR*)</a> from wst_fsm.o(.text) referenced from display.o(.constdata__ZTV7Display)
 <LI><a href="#[76]">WST_FSM::cancelTimeout(const WST_TMR*)</a> from wst_fsm.o(.text) referenced from wst_fsm.o(.constdata__ZTV7WST_FSM)
 <LI><a href="#[75]">WST_FSM::rootState_entDef()</a> from wst_fsm.o(.text) referenced from testbuilder.o(.constdata__ZTV11TestBuilder)
 <LI><a href="#[75]">WST_FSM::rootState_entDef()</a> from wst_fsm.o(.text) referenced from wst_fsm.o(.constdata__ZTV7WST_FSM)
 <LI><a href="#[77]">WST_FSM::rootState_processEvent()</a> from wst_fsm.o(.text) referenced from testbuilder.o(.constdata__ZTV11TestBuilder)
 <LI><a href="#[77]">WST_FSM::rootState_processEvent()</a> from wst_fsm.o(.text) referenced from wst_fsm.o(.constdata__ZTV7WST_FSM)
 <LI><a href="#[78]">WST_FSM::send(WST_EVT*)</a> from wst_fsm.o(.text) referenced from testbuilder.o(.constdata__ZTV11TestBuilder)
 <LI><a href="#[78]">WST_FSM::send(WST_EVT*)</a> from wst_fsm.o(.text) referenced from runningindicatorled.o(.constdata__ZTV19RunningIndicatorLed)
 <LI><a href="#[78]">WST_FSM::send(WST_EVT*)</a> from wst_fsm.o(.text) referenced from led.o(.constdata__ZTV3Led)
 <LI><a href="#[78]">WST_FSM::send(WST_EVT*)</a> from wst_fsm.o(.text) referenced from ledbar.o(.constdata__ZTV6LedBar)
 <LI><a href="#[78]">WST_FSM::send(WST_EVT*)</a> from wst_fsm.o(.text) referenced from display.o(.constdata__ZTV7Display)
 <LI><a href="#[78]">WST_FSM::send(WST_EVT*)</a> from wst_fsm.o(.text) referenced from wst_fsm.o(.constdata__ZTV7WST_FSM)
 <LI><a href="#[78]">WST_FSM::send(WST_EVT*)</a> from wst_fsm.o(.text) referenced from joystick.o(.constdata__ZTV8Joystick)
 <LI><a href="#[79]">WST_FSM::send(WST_EVT*, const void*&)</a> from wst_fsm.o(.text) referenced from testbuilder.o(.constdata__ZTV11TestBuilder)
 <LI><a href="#[79]">WST_FSM::send(WST_EVT*, const void*&)</a> from wst_fsm.o(.text) referenced from runningindicatorled.o(.constdata__ZTV19RunningIndicatorLed)
 <LI><a href="#[79]">WST_FSM::send(WST_EVT*, const void*&)</a> from wst_fsm.o(.text) referenced from led.o(.constdata__ZTV3Led)
 <LI><a href="#[79]">WST_FSM::send(WST_EVT*, const void*&)</a> from wst_fsm.o(.text) referenced from ledbar.o(.constdata__ZTV6LedBar)
 <LI><a href="#[79]">WST_FSM::send(WST_EVT*, const void*&)</a> from wst_fsm.o(.text) referenced from display.o(.constdata__ZTV7Display)
 <LI><a href="#[79]">WST_FSM::send(WST_EVT*, const void*&)</a> from wst_fsm.o(.text) referenced from wst_fsm.o(.constdata__ZTV7WST_FSM)
 <LI><a href="#[79]">WST_FSM::send(WST_EVT*, const void*&)</a> from wst_fsm.o(.text) referenced from joystick.o(.constdata__ZTV8Joystick)
 <LI><a href="#[a7]">WST_FSM::~WST_FSM__deallocating()</a> from wst_fsm.o(.text) referenced from wst_fsm.o(.constdata__ZTV7WST_FSM)
 <LI><a href="#[a6]">WST_FSM::~WST_FSM()</a> from wst_fsm.o(.text) referenced from wst_fsm.o(.constdata__ZTV7WST_FSM)
 <LI><a href="#[4f]">WST_MSQ::~WST_MSQ()</a> from wst_msq.o(.text) referenced from wst_osw.o(CODE_RXF_RUNNING_FAST)
 <LI><a href="#[44]">WST_TMR::WST_TMR()</a> from wst_tmr.o(i._ZN7WST_TMRC1Ev) referenced from wst_tmr.o(.text)
 <LI><a href="#[a8]">WST_TMR::~WST_TMR__deallocating()</a> from wst_tmm.o(i._ZN7WST_TMRD0Ev) referenced from wst_tmm.o(.constdata__ZTV7WST_TMR)
 <LI><a href="#[43]">WST_TMR::~WST_TMR()</a> from wst_tmm.o(i._ZN7WST_TMRD1Ev) referenced from wst_tmm.o(.constdata__ZTV7WST_TMR)
 <LI><a href="#[43]">WST_TMR::~WST_TMR()</a> from wst_tmm.o(i._ZN7WST_TMRD1Ev) referenced from wst_tmr.o(.text)
 <LI><a href="#[4e]">WST_TSK::task_start(void*)</a> from wst_tsk.o(.text) referenced from wst_osw.o(CODE_RXF_RUNNING_FAST)
 <LI><a href="#[a9]">WST_TSK::~WST_TSK__deallocating()</a> from wst_tsk.o(.text) referenced from wst_tsk.o(.constdata__ZTV7WST_TSK)
 <LI><a href="#[46]">WST_TSK::~WST_TSK()</a> from wst_tsk.o(.text) referenced from wst_tsk.o(.constdata__ZTV7WST_TSK)
 <LI><a href="#[46]">WST_TSK::~WST_TSK()</a> from wst_tsk.o(.text) referenced from wstrtos.o(.text)
 <LI><a href="#[ab]">evBlink::~evBlink__deallocating()</a> from defaultpkg.o(i._ZN7evBlinkD0Ev) referenced from defaultpkg.o(.constdata__ZTV7evBlink)
 <LI><a href="#[aa]">evBlink::~evBlink()</a> from defaultpkg.o(i._ZN7evBlinkD1Ev) referenced from defaultpkg.o(.constdata__ZTV7evBlink)
 <LI><a href="#[b0]">Joystick::cancelTimeout(const WST_TMR*)</a> from joystick.o(.text) referenced from joystick.o(.constdata__ZTV8Joystick)
 <LI><a href="#[af]">Joystick::startBehavior()</a> from joystick.o(.text) referenced from joystick.o(.constdata__ZTV8Joystick)
 <LI><a href="#[b1]">Joystick::rootState_entDef()</a> from joystick.o(.text) referenced from joystick.o(.constdata__ZTV8Joystick)
 <LI><a href="#[b2]">Joystick::rootState_processEvent()</a> from joystick.o(.text) referenced from joystick.o(.constdata__ZTV8Joystick)
 <LI><a href="#[ae]">Joystick::~Joystick__deallocating()</a> from joystick.o(.text) referenced from joystick.o(.constdata__ZTV8Joystick)
 <LI><a href="#[ad]">Joystick::~Joystick()</a> from joystick.o(.text) referenced from joystick.o(.constdata__ZTV8Joystick)
 <LI><a href="#[b9]">evToggle::~evToggle__deallocating()</a> from defaultpkg.o(i._ZN8evToggleD0Ev) referenced from defaultpkg.o(.constdata__ZTV8evToggle)
 <LI><a href="#[b8]">evToggle::~evToggle()</a> from defaultpkg.o(i._ZN8evToggleD1Ev) referenced from defaultpkg.o(.constdata__ZTV8evToggle)
 <LI><a href="#[80]">evReceivedData::isTypeOf(short) const</a> from defaultpkg.o(.text) referenced from defaultpkg.o(.constdata__ZTV14evReceivedData)
 <LI><a href="#[8e]">evNewJoystickPosition::isTypeOf(short) const</a> from defaultpkg.o(.text) referenced from defaultpkg.o(.constdata__ZTV21evNewJoystickPosition)
 <LI><a href="#[96]">evOn::isTypeOf(short) const</a> from defaultpkg.o(.text) referenced from defaultpkg.o(.constdata__ZTV4evOn)
 <LI><a href="#[99]">evOff::isTypeOf(short) const</a> from defaultpkg.o(.text) referenced from defaultpkg.o(.constdata__ZTV5evOff)
 <LI><a href="#[ac]">evBlink::isTypeOf(short) const</a> from defaultpkg.o(.text) referenced from defaultpkg.o(.constdata__ZTV7evBlink)
 <LI><a href="#[ba]">evToggle::isTypeOf(short) const</a> from defaultpkg.o(.text) referenced from defaultpkg.o(.constdata__ZTV8evToggle)
 <LI><a href="#[8a]">thunk{-64} to RunningIndicatorLed::cancelTimeout(const WST_TMR*)</a> from runningindicatorled.o(.text) referenced from runningindicatorled.o(.constdata__ZTV19RunningIndicatorLed)
 <LI><a href="#[89]">thunk{-64} to RunningIndicatorLed::rootState_entDef()</a> from runningindicatorled.o(.text) referenced from runningindicatorled.o(.constdata__ZTV19RunningIndicatorLed)
 <LI><a href="#[8b]">thunk{-64} to RunningIndicatorLed::rootState_processEvent()</a> from runningindicatorled.o(.text) referenced from runningindicatorled.o(.constdata__ZTV19RunningIndicatorLed)
 <LI><a href="#[88]">thunk{-64} to RunningIndicatorLed::~RunningIndicatorLed__deallocating()</a> from runningindicatorled.o(.text) referenced from runningindicatorled.o(.constdata__ZTV19RunningIndicatorLed)
 <LI><a href="#[87]">thunk{-64} to RunningIndicatorLed::~RunningIndicatorLed()</a> from runningindicatorled.o(.text) referenced from runningindicatorled.o(.constdata__ZTV19RunningIndicatorLed)
 <LI><a href="#[b6]">thunk{-64} to Joystick::cancelTimeout(const WST_TMR*)</a> from joystick.o(.text) referenced from joystick.o(.constdata__ZTV8Joystick)
 <LI><a href="#[b5]">thunk{-64} to Joystick::rootState_entDef()</a> from joystick.o(.text) referenced from joystick.o(.constdata__ZTV8Joystick)
 <LI><a href="#[b7]">thunk{-64} to Joystick::rootState_processEvent()</a> from joystick.o(.text) referenced from joystick.o(.constdata__ZTV8Joystick)
 <LI><a href="#[b4]">thunk{-64} to Joystick::~Joystick__deallocating()</a> from joystick.o(.text) referenced from joystick.o(.constdata__ZTV8Joystick)
 <LI><a href="#[b3]">thunk{-64} to Joystick::~Joystick()</a> from joystick.o(.text) referenced from joystick.o(.constdata__ZTV8Joystick)
 <LI><a href="#[be]">__main</a> from __main.o(!!!main) referenced from startup_lpc17xx.o(.text)
 <LI><a href="#[bd]">__sti___11_WSTRTOS_cpp_b410bc26</a> from wstrtos.o(.text) referenced from wstrtos.o(.init_array)
 <LI><a href="#[bb]">__sti___11_WST_TMM_cpp_5cffd7cf</a> from wst_tmm.o(.text) referenced from wst_tmm.o(.init_array)
 <LI><a href="#[bc]">__sti___11_WST_TMR_cpp_d87a1f05</a> from wst_tmr.o(.text) referenced from wst_tmr.o(.init_array)
 <LI><a href="#[4c]">_printf_input_char</a> from _printf_char_common.o(.text) referenced from _printf_char_common.o(.text)
 <LI><a href="#[4b]">_sputc</a> from _sputc.o(.text) referenced from noretval__2sprintf.o(.text)
 <LI><a href="#[65]">main</a> from rxf_behaviorpkg.o(.text) referenced from rtx_conf_cm.o(.constdata)
 <LI><a href="#[63]">osThreadExit</a> from rt_cmsis.o(i.osThreadExit) referenced from rt_cmsis.o(i.svcThreadCreate)
 <LI><a href="#[64]">osTimerThread</a> from rt_cmsis.o(i.osTimerThread) referenced from rtx_conf_cm.o(.constdata)
 <LI><a href="#[62]">os_idle_demon</a> from rtx_conf_cm.o(.text) referenced from rt_task.o(i.rt_sys_init)
 <LI><a href="#[3f]">rt_alloc_box</a> from rt_membox.o(i.rt_alloc_box) referenced from hal_cm3.o(.emb_text)
 <LI><a href="#[40]">rt_free_box</a> from rt_membox.o(i.rt_free_box) referenced from hal_cm3.o(.emb_text)
 <LI><a href="#[48]">rt_mut_release</a> from rt_mutex.o(i.rt_mut_release) referenced from rtx_conf_cm.o(.text)
 <LI><a href="#[47]">rt_mut_wait</a> from rt_mutex.o(i.rt_mut_wait) referenced from rtx_conf_cm.o(.text)
 <LI><a href="#[51]">svcDelay</a> from rt_cmsis.o(i.svcDelay) referenced from rt_cmsis.o(i.osDelay)
 <LI><a href="#[52]">svcKernelInitialize</a> from rt_cmsis.o(i.svcKernelInitialize) referenced from rt_cmsis.o(i.osKernelInitialize)
 <LI><a href="#[53]">svcKernelRunning</a> from rt_cmsis.o(i.svcKernelRunning) referenced from rt_cmsis.o(i.osKernelRunning)
 <LI><a href="#[54]">svcKernelStart</a> from rt_cmsis.o(i.svcKernelStart) referenced from rt_cmsis.o(i.osKernelStart)
 <LI><a href="#[55]">svcMessageCreate</a> from rt_cmsis.o(i.svcMessageCreate) referenced from rt_cmsis.o(i.osMessageCreate)
 <LI><a href="#[56]">svcMessageGet</a> from rt_cmsis.o(i.svcMessageGet) referenced from rt_cmsis.o(i.osMessageGet)
 <LI><a href="#[57]">svcMessagePut</a> from rt_cmsis.o(i.svcMessagePut) referenced from rt_cmsis.o(i.osMessagePut)
 <LI><a href="#[58]">svcMutexCreate</a> from rt_cmsis.o(i.svcMutexCreate) referenced from rt_cmsis.o(i.osMutexCreate)
 <LI><a href="#[59]">svcMutexDelete</a> from rt_cmsis.o(i.svcMutexDelete) referenced from rt_cmsis.o(i.osMutexDelete)
 <LI><a href="#[5a]">svcMutexRelease</a> from rt_cmsis.o(i.svcMutexRelease) referenced from rt_cmsis.o(i.osMutexRelease)
 <LI><a href="#[5b]">svcMutexWait</a> from rt_cmsis.o(i.svcMutexWait) referenced from rt_cmsis.o(i.osMutexWait)
 <LI><a href="#[5c]">svcThreadCreate</a> from rt_cmsis.o(i.svcThreadCreate) referenced from rt_cmsis.o(i.osThreadCreate)
 <LI><a href="#[5d]">svcThreadGetId</a> from rt_cmsis.o(i.svcThreadGetId) referenced from rt_cmsis.o(i.osThreadExit)
 <LI><a href="#[5d]">svcThreadGetId</a> from rt_cmsis.o(i.svcThreadGetId) referenced from rt_cmsis.o(i.osThreadGetId)
 <LI><a href="#[5e]">svcThreadTerminate</a> from rt_cmsis.o(i.svcThreadTerminate) referenced from rt_cmsis.o(i.osThreadExit)
 <LI><a href="#[5e]">svcThreadTerminate</a> from rt_cmsis.o(i.svcThreadTerminate) referenced from rt_cmsis.o(i.osThreadTerminate)
 <LI><a href="#[5f]">svcTimerCall</a> from rt_cmsis.o(i.svcTimerCall) referenced from rt_cmsis.o(i.osTimerCall)
 <LI><a href="#[60]">svcTimerCreate</a> from rt_cmsis.o(i.svcTimerCreate) referenced from rt_cmsis.o(i.osTimerCreate)
 <LI><a href="#[61]">svcTimerStart</a> from rt_cmsis.o(i.svcTimerStart) referenced from rt_cmsis.o(i.osTimerStart)
</UL>
<P>
<H3>
Global Symbols
</H3>
<P><STRONG><a name="[be]"></a>__main</STRONG> (Thumb, 8 bytes, Stack size 0 bytes, __main.o(!!!main))
<BR><BR>[Calls]<UL><LI><a href="#[c7]">&gt;&gt;</a>&nbsp;&nbsp;&nbsp;__scatterload
<LI><a href="#[c8]">&gt;&gt;</a>&nbsp;&nbsp;&nbsp;__rt_entry
</UL>

<P><STRONG><a name="[c7]"></a>__scatterload</STRONG> (Thumb, 0 bytes, Stack size unknown bytes, __scatter.o(!!!scatter))
<BR><BR>[Called By]<UL><LI><a href="#[be]">&gt;&gt;</a>&nbsp;&nbsp;&nbsp;__main
</UL>

<P><STRONG><a name="[c9]"></a>__scatterload_rt2</STRONG> (Thumb, 44 bytes, Stack size unknown bytes, __scatter.o(!!!scatter), UNUSED)
<BR><BR>[Calls]<UL><LI><a href="#[c8]">&gt;&gt;</a>&nbsp;&nbsp;&nbsp;__rt_entry
</UL>

<P><STRONG><a name="[239]"></a>__scatterload_rt2_thumb_only</STRONG> (Thumb, 0 bytes, Stack size unknown bytes, __scatter.o(!!!scatter), UNUSED)

<P><STRONG><a name="[23a]"></a>__scatterload_null</STRONG> (Thumb, 0 bytes, Stack size unknown bytes, __scatter.o(!!!scatter), UNUSED)

<P><STRONG><a name="[ca]"></a>__scatterload_copy</STRONG> (Thumb, 26 bytes, Stack size unknown bytes, __scatter_copy.o(!!handler_copy), UNUSED)
<BR><BR>[Calls]<UL><LI><a href="#[ca]">&gt;&gt;</a>&nbsp;&nbsp;&nbsp;__scatterload_copy
</UL>
<BR>[Called By]<UL><LI><a href="#[ca]">&gt;&gt;</a>&nbsp;&nbsp;&nbsp;__scatterload_copy
</UL>

<P><STRONG><a name="[23b]"></a>__scatterload_zeroinit</STRONG> (Thumb, 28 bytes, Stack size unknown bytes, __scatter_zi.o(!!handler_zi), UNUSED)

<P><STRONG><a name="[1c0]"></a>_printf_percent</STRONG> (Thumb, 0 bytes, Stack size unknown bytes, _printf_percent.o(.ARM.Collect$$_printf_percent$$00000000))
<BR><BR>[Called By]<UL><LI><a href="#[1bf]">&gt;&gt;</a>&nbsp;&nbsp;&nbsp;__printf
</UL>

<P><STRONG><a name="[cb]"></a>_printf_s</STRONG> (Thumb, 0 bytes, Stack size unknown bytes, _printf_s.o(.ARM.Collect$$_printf_percent$$00000014))
<BR><BR>[Stack]<UL><LI>Max Depth = 24 + Unknown Stack Size
<LI>Call Chain = _printf_s &rArr; _printf_string &rArr; _printf_cs_common &rArr; _printf_str
</UL>
<BR>[Calls]<UL><LI><a href="#[cc]">&gt;&gt;</a>&nbsp;&nbsp;&nbsp;_printf_string
</UL>

<P><STRONG><a name="[23c]"></a>_printf_percent_end</STRONG> (Thumb, 0 bytes, Stack size unknown bytes, _printf_percent_end.o(.ARM.Collect$$_printf_percent$$00000017))

<P><STRONG><a name="[d5]"></a>__rt_lib_init</STRONG> (Thumb, 0 bytes, Stack size unknown bytes, libinit.o(.ARM.Collect$$libinit$$00000000))
<BR><BR>[Called By]<UL><LI><a href="#[d4]">&gt;&gt;</a>&nbsp;&nbsp;&nbsp;__rt_entry_li
</UL>

<P><STRONG><a name="[23d]"></a>__rt_lib_init_fp_1</STRONG> (Thumb, 0 bytes, Stack size unknown bytes, libinit2.o(.ARM.Collect$$libinit$$00000002))

<P><STRONG><a name="[cd]"></a>__rt_lib_init_heap_2</STRONG> (Thumb, 0 bytes, Stack size unknown bytes, libinit2.o(.ARM.Collect$$libinit$$00000005))
<BR><BR>[Stack]<UL><LI>Max Depth = 64 + Unknown Stack Size
<LI>Call Chain = __rt_lib_init_heap_2 &rArr; _init_alloc &rArr; __rt_SIGRTMEM &rArr; __rt_SIGRTMEM_inner &rArr; __default_signal_display &rArr; _ttywrch
</UL>
<BR>[Calls]<UL><LI><a href="#[ce]">&gt;&gt;</a>&nbsp;&nbsp;&nbsp;_init_alloc
</UL>

<P><STRONG><a name="[23e]"></a>__rt_lib_init_preinit_1</STRONG> (Thumb, 0 bytes, Stack size unknown bytes, libinit2.o(.ARM.Collect$$libinit$$00000004))

<P><STRONG><a name="[23f]"></a>__rt_lib_init_alloca_1</STRONG> (Thumb, 0 bytes, Stack size unknown bytes, libinit2.o(.ARM.Collect$$libinit$$0000002E))

<P><STRONG><a name="[240]"></a>__rt_lib_init_argv_1</STRONG> (Thumb, 0 bytes, Stack size unknown bytes, libinit2.o(.ARM.Collect$$libinit$$0000002C))

<P><STRONG><a name="[241]"></a>__rt_lib_init_atexit_1</STRONG> (Thumb, 0 bytes, Stack size unknown bytes, libinit2.o(.ARM.Collect$$libinit$$0000001B))

<P><STRONG><a name="[242]"></a>__rt_lib_init_clock_1</STRONG> (Thumb, 0 bytes, Stack size unknown bytes, libinit2.o(.ARM.Collect$$libinit$$00000021))

<P><STRONG><a name="[cf]"></a>__rt_lib_init_cpp_2</STRONG> (Thumb, 0 bytes, Stack size unknown bytes, libinit2.o(.ARM.Collect$$libinit$$00000031))
<BR><BR>[Stack]<UL><LI>Max Depth = 16 + Unknown Stack Size
<LI>Call Chain = __rt_lib_init_cpp_2 &rArr; __cpp_initialize__aeabi_
</UL>
<BR>[Calls]<UL><LI><a href="#[c6]">&gt;&gt;</a>&nbsp;&nbsp;&nbsp;__cpp_initialize__aeabi_
</UL>

<P><STRONG><a name="[243]"></a>__rt_lib_init_exceptions_1</STRONG> (Thumb, 0 bytes, Stack size unknown bytes, libinit2.o(.ARM.Collect$$libinit$$00000030))

<P><STRONG><a name="[244]"></a>__rt_lib_init_fp_trap_1</STRONG> (Thumb, 0 bytes, Stack size unknown bytes, libinit2.o(.ARM.Collect$$libinit$$0000001F))

<P><STRONG><a name="[245]"></a>__rt_lib_init_getenv_1</STRONG> (Thumb, 0 bytes, Stack size unknown bytes, libinit2.o(.ARM.Collect$$libinit$$00000023))

<P><STRONG><a name="[246]"></a>__rt_lib_init_heap_1</STRONG> (Thumb, 0 bytes, Stack size unknown bytes, libinit2.o(.ARM.Collect$$libinit$$0000000A))

<P><STRONG><a name="[247]"></a>__rt_lib_init_lc_collate_1</STRONG> (Thumb, 0 bytes, Stack size unknown bytes, libinit2.o(.ARM.Collect$$libinit$$00000011))

<P><STRONG><a name="[248]"></a>__rt_lib_init_lc_ctype_1</STRONG> (Thumb, 0 bytes, Stack size unknown bytes, libinit2.o(.ARM.Collect$$libinit$$00000013))

<P><STRONG><a name="[249]"></a>__rt_lib_init_lc_monetary_1</STRONG> (Thumb, 0 bytes, Stack size unknown bytes, libinit2.o(.ARM.Collect$$libinit$$00000015))

<P><STRONG><a name="[24a]"></a>__rt_lib_init_lc_numeric_1</STRONG> (Thumb, 0 bytes, Stack size unknown bytes, libinit2.o(.ARM.Collect$$libinit$$00000017))

<P><STRONG><a name="[24b]"></a>__rt_lib_init_lc_time_1</STRONG> (Thumb, 0 bytes, Stack size unknown bytes, libinit2.o(.ARM.Collect$$libinit$$00000019))

<P><STRONG><a name="[24c]"></a>__rt_lib_init_rand_1</STRONG> (Thumb, 0 bytes, Stack size unknown bytes, libinit2.o(.ARM.Collect$$libinit$$0000000E))

<P><STRONG><a name="[24d]"></a>__rt_lib_init_signal_1</STRONG> (Thumb, 0 bytes, Stack size unknown bytes, libinit2.o(.ARM.Collect$$libinit$$0000001D))

<P><STRONG><a name="[24e]"></a>__rt_lib_init_stdio_1</STRONG> (Thumb, 0 bytes, Stack size unknown bytes, libinit2.o(.ARM.Collect$$libinit$$00000025))

<P><STRONG><a name="[24f]"></a>__rt_lib_init_user_alloc_1</STRONG> (Thumb, 0 bytes, Stack size unknown bytes, libinit2.o(.ARM.Collect$$libinit$$0000000C))

<P><STRONG><a name="[250]"></a>__rt_lib_init_cpp_1</STRONG> (Thumb, 0 bytes, Stack size unknown bytes, libinit2.o(.ARM.Collect$$libinit$$00000032))

<P><STRONG><a name="[251]"></a>__rt_lib_init_return</STRONG> (Thumb, 0 bytes, Stack size unknown bytes, libinit2.o(.ARM.Collect$$libinit$$00000033))

<P><STRONG><a name="[db]"></a>__rt_lib_shutdown</STRONG> (Thumb, 0 bytes, Stack size unknown bytes, libshutdown.o(.ARM.Collect$$libshutdown$$00000000))
<BR><BR>[Called By]<UL><LI><a href="#[1d6]">&gt;&gt;</a>&nbsp;&nbsp;&nbsp;abort
<LI><a href="#[da]">&gt;&gt;</a>&nbsp;&nbsp;&nbsp;__rt_exit_ls
</UL>

<P><STRONG><a name="[d0]"></a>__rt_lib_shutdown_cpp_2</STRONG> (Thumb, 0 bytes, Stack size unknown bytes, libshutdown2.o(.ARM.Collect$$libshutdown$$00000001))
<BR><BR>[Stack]<UL><LI>Max Depth = 48 + Unknown Stack Size
<LI>Call Chain = __rt_lib_shutdown_cpp_2 &rArr; __cxa_finalize &rArr; free &rArr; _free_internal
</UL>
<BR>[Calls]<UL><LI><a href="#[d1]">&gt;&gt;</a>&nbsp;&nbsp;&nbsp;__cxa_finalize
</UL>

<P><STRONG><a name="[252]"></a>__rt_lib_shutdown_cpp_1</STRONG> (Thumb, 0 bytes, Stack size unknown bytes, libshutdown2.o(.ARM.Collect$$libshutdown$$00000002))

<P><STRONG><a name="[253]"></a>__rt_lib_shutdown_fp_trap_1</STRONG> (Thumb, 0 bytes, Stack size unknown bytes, libshutdown2.o(.ARM.Collect$$libshutdown$$00000007))

<P><STRONG><a name="[254]"></a>__rt_lib_shutdown_heap_1</STRONG> (Thumb, 0 bytes, Stack size unknown bytes, libshutdown2.o(.ARM.Collect$$libshutdown$$0000000F))

<P><STRONG><a name="[255]"></a>__rt_lib_shutdown_return</STRONG> (Thumb, 0 bytes, Stack size unknown bytes, libshutdown2.o(.ARM.Collect$$libshutdown$$00000010))

<P><STRONG><a name="[256]"></a>__rt_lib_shutdown_signal_1</STRONG> (Thumb, 0 bytes, Stack size unknown bytes, libshutdown2.o(.ARM.Collect$$libshutdown$$0000000A))

<P><STRONG><a name="[257]"></a>__rt_lib_shutdown_stdio_1</STRONG> (Thumb, 0 bytes, Stack size unknown bytes, libshutdown2.o(.ARM.Collect$$libshutdown$$00000004))

<P><STRONG><a name="[258]"></a>__rt_lib_shutdown_user_alloc_1</STRONG> (Thumb, 0 bytes, Stack size unknown bytes, libshutdown2.o(.ARM.Collect$$libshutdown$$0000000C))

<P><STRONG><a name="[c8]"></a>__rt_entry</STRONG> (Thumb, 0 bytes, Stack size unknown bytes, __rtentry.o(.ARM.Collect$$rtentry$$00000000))
<BR><BR>[Called By]<UL><LI><a href="#[be]">&gt;&gt;</a>&nbsp;&nbsp;&nbsp;__main
<LI><a href="#[c9]">&gt;&gt;</a>&nbsp;&nbsp;&nbsp;__scatterload_rt2
</UL>

<P><STRONG><a name="[259]"></a>__rt_entry_presh_1</STRONG> (Thumb, 0 bytes, Stack size unknown bytes, __rtentry2.o(.ARM.Collect$$rtentry$$00000002))

<P><STRONG><a name="[d2]"></a>__rt_entry_sh</STRONG> (Thumb, 0 bytes, Stack size unknown bytes, __rtentry4.o(.ARM.Collect$$rtentry$$00000004))
<BR><BR>[Stack]<UL><LI>Max Depth = 8 + Unknown Stack Size
<LI>Call Chain = __rt_entry_sh &rArr; __user_setup_stackheap
</UL>
<BR>[Calls]<UL><LI><a href="#[d3]">&gt;&gt;</a>&nbsp;&nbsp;&nbsp;__user_setup_stackheap
</UL>

<P><STRONG><a name="[d4]"></a>__rt_entry_li</STRONG> (Thumb, 0 bytes, Stack size unknown bytes, __rtentry2.o(.ARM.Collect$$rtentry$$0000000A))
<BR><BR>[Calls]<UL><LI><a href="#[d5]">&gt;&gt;</a>&nbsp;&nbsp;&nbsp;__rt_lib_init
</UL>

<P><STRONG><a name="[25a]"></a>__rt_entry_postsh_1</STRONG> (Thumb, 0 bytes, Stack size unknown bytes, __rtentry2.o(.ARM.Collect$$rtentry$$00000009))

<P><STRONG><a name="[d6]"></a>__rt_entry_postli_1</STRONG> (Thumb, 0 bytes, Stack size unknown bytes, __rtentry2.o(.ARM.Collect$$rtentry$$0000000B))
<BR><BR>[Stack]<UL><LI>Max Depth = 80 + Unknown Stack Size
<LI>Call Chain = __rt_entry_postli_1 &rArr; _platform_post_lib_init &rArr; osKernelInitialize &rArr; svcKernelInitialize &rArr; svcThreadCreate &rArr; rt_tsk_create &rArr; rt_init_context &rArr; rt_init_stack
</UL>
<BR>[Calls]<UL><LI><a href="#[d7]">&gt;&gt;</a>&nbsp;&nbsp;&nbsp;_platform_post_lib_init
</UL>

<P><STRONG><a name="[d8]"></a>__rt_entry_main</STRONG> (Thumb, 0 bytes, Stack size unknown bytes, __rtentry2.o(.ARM.Collect$$rtentry$$0000000D))
<BR><BR>[Stack]<UL><LI>Max Depth = 304 + Unknown Stack Size
<LI>Call Chain = __rt_entry_main &rArr; main &rArr; WSTRTOS_Init() &rArr; WST_RXF_Main(short, char**) &rArr; TestBuilder::TestBuilder(WST_TSK*) &rArr; RunningIndicatorLed::RunningIndicatorLed(WST_TSK*) &rArr; WST_TSK::WST_TSK(char*, unsigned char, unsigned short, unsigned short, bool) &rArr; WST_MSQ::WST_MSQ(unsigned short, bool) &rArr; WST_OSW_MSQ_init(WST_MSQ*) &rArr; WST_MEM::getMemory(unsigned) &rArr; WST_OSW_MEM_malloc(unsigned) &rArr;  WST_MEM::getMemory(unsigned) (Cycle)
</UL>
<BR>[Calls]<UL><LI><a href="#[65]">&gt;&gt;</a>&nbsp;&nbsp;&nbsp;main
<LI><a href="#[d9]">&gt;&gt;</a>&nbsp;&nbsp;&nbsp;exit
</UL>

<P><STRONG><a name="[1c1]"></a>__rt_exit</STRONG> (Thumb, 0 bytes, Stack size unknown bytes, rtexit.o(.ARM.Collect$$rtexit$$00000000))
<BR><BR>[Called By]<UL><LI><a href="#[d9]">&gt;&gt;</a>&nbsp;&nbsp;&nbsp;exit
</UL>

<P><STRONG><a name="[da]"></a>__rt_exit_ls</STRONG> (Thumb, 0 bytes, Stack size unknown bytes, rtexit2.o(.ARM.Collect$$rtexit$$00000003))
<BR><BR>[Calls]<UL><LI><a href="#[db]">&gt;&gt;</a>&nbsp;&nbsp;&nbsp;__rt_lib_shutdown
</UL>

<P><STRONG><a name="[25b]"></a>__rt_exit_prels_1</STRONG> (Thumb, 0 bytes, Stack size unknown bytes, rtexit2.o(.ARM.Collect$$rtexit$$00000002))

<P><STRONG><a name="[dc]"></a>__rt_exit_exit</STRONG> (Thumb, 0 bytes, Stack size unknown bytes, rtexit2.o(.ARM.Collect$$rtexit$$00000004))
<BR><BR>[Calls]<UL><LI><a href="#[dd]">&gt;&gt;</a>&nbsp;&nbsp;&nbsp;_sys_exit
</UL>

<P><STRONG><a name="[d7]"></a>_platform_post_lib_init</STRONG> (Thumb, 24 bytes, Stack size 0 bytes, rtx_conf_cm.o(.emb_text))
<BR><BR>[Stack]<UL><LI>Max Depth = 80 + Unknown Stack Size
<LI>Call Chain = _platform_post_lib_init &rArr; osKernelInitialize &rArr; svcKernelInitialize &rArr; svcThreadCreate &rArr; rt_tsk_create &rArr; rt_init_context &rArr; rt_init_stack
</UL>
<BR>[Calls]<UL><LI><a href="#[df]">&gt;&gt;</a>&nbsp;&nbsp;&nbsp;osThreadCreate
<LI><a href="#[e0]">&gt;&gt;</a>&nbsp;&nbsp;&nbsp;osKernelStart
<LI><a href="#[de]">&gt;&gt;</a>&nbsp;&nbsp;&nbsp;osKernelInitialize
<LI><a href="#[d9]">&gt;&gt;</a>&nbsp;&nbsp;&nbsp;exit
</UL>
<BR>[Called By]<UL><LI><a href="#[d6]">&gt;&gt;</a>&nbsp;&nbsp;&nbsp;__rt_entry_postli_1
</UL>

<P><STRONG><a name="[25c]"></a>rt_set_PSP</STRONG> (Thumb, 6 bytes, Stack size 0 bytes, hal_cm3.o(.emb_text), UNUSED)

<P><STRONG><a name="[22e]"></a>rt_get_PSP</STRONG> (Thumb, 6 bytes, Stack size 0 bytes, hal_cm3.o(.emb_text))
<BR><BR>[Called By]<UL><LI><a href="#[22d]">&gt;&gt;</a>&nbsp;&nbsp;&nbsp;rt_tsk_delete
</UL>

<P><STRONG><a name="[25d]"></a>os_set_env</STRONG> (Thumb, 24 bytes, Stack size 0 bytes, hal_cm3.o(.emb_text), UNUSED)

<P><STRONG><a name="[25e]"></a>_alloc_box</STRONG> (Thumb, 28 bytes, Stack size 0 bytes, hal_cm3.o(.emb_text), UNUSED)

<P><STRONG><a name="[25f]"></a>_free_box</STRONG> (Thumb, 28 bytes, Stack size 0 bytes, hal_cm3.o(.emb_text), UNUSED)

<P><STRONG><a name="[18]"></a>SVC_Handler</STRONG> (Thumb, 108 bytes, Stack size 0 bytes, hal_cm3.o(.emb_text))
<BR><BR>[Calls]<UL><LI><a href="#[e1]">&gt;&gt;</a>&nbsp;&nbsp;&nbsp;rt_stk_check
</UL>
<BR>[Address Reference Count : 1]<UL><LI> startup_lpc17xx.o(RESET)
</UL>
<P><STRONG><a name="[1a]"></a>PendSV_Handler</STRONG> (Thumb, 56 bytes, Stack size 0 bytes, hal_cm3.o(.emb_text))
<BR><BR>[Stack]<UL><LI>Max Depth = 52<LI>Call Chain = PendSV_Handler &rArr; rt_pop_req &rArr; rt_mbx_psh &rArr; rt_put_prio
</UL>
<BR>[Calls]<UL><LI><a href="#[e2]">&gt;&gt;</a>&nbsp;&nbsp;&nbsp;rt_pop_req
<LI><a href="#[e1]">&gt;&gt;</a>&nbsp;&nbsp;&nbsp;rt_stk_check
</UL>
<BR>[Address Reference Count : 1]<UL><LI> startup_lpc17xx.o(RESET)
</UL>
<P><STRONG><a name="[1b]"></a>SysTick_Handler</STRONG> (Thumb, 8 bytes, Stack size 0 bytes, hal_cm3.o(.emb_text))
<BR><BR>[Stack]<UL><LI>Max Depth = 72<LI>Call Chain = SysTick_Handler &rArr; rt_systick &rArr; sysTimerTick &rArr; isrMessagePut &rArr; isr_mbx_send &rArr; rt_psq_enq
</UL>
<BR>[Calls]<UL><LI><a href="#[e3]">&gt;&gt;</a>&nbsp;&nbsp;&nbsp;rt_systick
</UL>
<BR>[Address Reference Count : 1]<UL><LI> startup_lpc17xx.o(RESET)
</UL>
<P><STRONG><a name="[e4]"></a>OS_Tick_Handler</STRONG> (Thumb, 12 bytes, Stack size 0 bytes, hal_cm3.o(.emb_text), UNUSED)
<BR><BR>[Calls]<UL><LI><a href="#[e5]">&gt;&gt;</a>&nbsp;&nbsp;&nbsp;os_tick_irqack
<LI><a href="#[e3]">&gt;&gt;</a>&nbsp;&nbsp;&nbsp;rt_systick
</UL>

<P><STRONG><a name="[260]"></a>_maybe_terminate_alloc</STRONG> (Thumb, 0 bytes, Stack size 8 bytes, maybetermalloc1.o(.emb_text), UNUSED)

<P><STRONG><a name="[65]"></a>main</STRONG> (Thumb, 14 bytes, Stack size 8 bytes, rxf_behaviorpkg.o(.text))
<BR><BR>[Stack]<UL><LI>Max Depth = 304 + Unknown Stack Size
<LI>Call Chain = main &rArr; WSTRTOS_Init() &rArr; WST_RXF_Main(short, char**) &rArr; TestBuilder::TestBuilder(WST_TSK*) &rArr; RunningIndicatorLed::RunningIndicatorLed(WST_TSK*) &rArr; WST_TSK::WST_TSK(char*, unsigned char, unsigned short, unsigned short, bool) &rArr; WST_MSQ::WST_MSQ(unsigned short, bool) &rArr; WST_OSW_MSQ_init(WST_MSQ*) &rArr; WST_MEM::getMemory(unsigned) &rArr; WST_OSW_MEM_malloc(unsigned) &rArr;  WST_MEM::getMemory(unsigned) (Cycle)
</UL>
<BR>[Calls]<UL><LI><a href="#[e7]">&gt;&gt;</a>&nbsp;&nbsp;&nbsp;WSTRTOS_Init()
<LI><a href="#[e6]">&gt;&gt;</a>&nbsp;&nbsp;&nbsp;WSTTarget_Init
</UL>
<BR>[Called By]<UL><LI><a href="#[d8]">&gt;&gt;</a>&nbsp;&nbsp;&nbsp;__rt_entry_main
</UL>
<BR>[Address Reference Count : 1]<UL><LI> rtx_conf_cm.o(.constdata)
</UL>
<P><STRONG><a name="[261]"></a>WST_ERR::~WST_ERR()</STRONG> (Thumb, 2 bytes, Stack size 0 bytes, wst_err.o(.text), UNUSED)

<P><STRONG><a name="[262]"></a>WST_ERR::~WST_ERR__sub_object()</STRONG> (Thumb, 0 bytes, Stack size 0 bytes, wst_err.o(.text), UNUSED)

<P><STRONG><a name="[148]"></a>WST_ERR::error(const WST_ERR::ErrorCode&, const unsigned&)</STRONG> (Thumb, 4 bytes, Stack size 0 bytes, wst_err.o(.text))
<BR><BR>[Called By]<UL><LI><a href="#[10a]">&gt;&gt;</a>&nbsp;&nbsp;&nbsp;WST_FSM::popNullTransition()
<LI><a href="#[1fd]">&gt;&gt;</a>&nbsp;&nbsp;&nbsp;WST_OSW_TMM_initTimerTask()
<LI><a href="#[185]">&gt;&gt;</a>&nbsp;&nbsp;&nbsp;WST_OSW_TSK_resume(WST_TSK*)
<LI><a href="#[183]">&gt;&gt;</a>&nbsp;&nbsp;&nbsp;WST_OSW_TSK_suspend(WST_TSK*)
<LI><a href="#[181]">&gt;&gt;</a>&nbsp;&nbsp;&nbsp;WST_OSW_TSK_start(WST_TSK*)
<LI><a href="#[1eb]">&gt;&gt;</a>&nbsp;&nbsp;&nbsp;WST_OSW_TSK_userInit(void(*)(void*), osPriority, void*, unsigned short, void*)
<LI><a href="#[163]">&gt;&gt;</a>&nbsp;&nbsp;&nbsp;WST_OSW_MTX_enterCriticalRegion(WST_MTX*)
<LI><a href="#[165]">&gt;&gt;</a>&nbsp;&nbsp;&nbsp;WST_OSW_MTX_exitCriticalRegion(WST_MTX*)
<LI><a href="#[166]">&gt;&gt;</a>&nbsp;&nbsp;&nbsp;WST_OSW_MTX_cleanup(WST_MTX*)
<LI><a href="#[161]">&gt;&gt;</a>&nbsp;&nbsp;&nbsp;WST_OSW_MTX_init(WST_MTX*)
<LI><a href="#[159]">&gt;&gt;</a>&nbsp;&nbsp;&nbsp;WST_OSW_MSQ_cancelEvents(WST_MSQ*, const WST_FSM*, short)
<LI><a href="#[15d]">&gt;&gt;</a>&nbsp;&nbsp;&nbsp;WST_OSW_MSQ_getCount(WST_MSQ*)
<LI><a href="#[157]">&gt;&gt;</a>&nbsp;&nbsp;&nbsp;WST_OSW_MSQ_init(WST_MSQ*)
<LI><a href="#[15f]">&gt;&gt;</a>&nbsp;&nbsp;&nbsp;WST_OSW_MSQ_put(WST_MSQ*, WST_EVT*, bool)
<LI><a href="#[15b]">&gt;&gt;</a>&nbsp;&nbsp;&nbsp;WST_OSW_MSQ_get(WST_MSQ*, WST_EVT**)
<LI><a href="#[145]">&gt;&gt;</a>&nbsp;&nbsp;&nbsp;WST_FSM::takeEvent(WST_EVT*)
<LI><a href="#[e7]">&gt;&gt;</a>&nbsp;&nbsp;&nbsp;WSTRTOS_Init()
<LI><a href="#[17f]">&gt;&gt;</a>&nbsp;&nbsp;&nbsp;WST_TSK::executeOnce()
<LI><a href="#[173]">&gt;&gt;</a>&nbsp;&nbsp;&nbsp;WST_TMR::operator new(unsigned)
<LI><a href="#[16d]">&gt;&gt;</a>&nbsp;&nbsp;&nbsp;WST_TSK::execute()
</UL>

<P><STRONG><a name="[263]"></a>__user_libspace</STRONG> (Thumb, 8 bytes, Stack size 0 bytes, libspace.o(.text), UNUSED)

<P><STRONG><a name="[1c5]"></a>__user_perproc_libspace</STRONG> (Thumb, 0 bytes, Stack size 0 bytes, libspace.o(.text))
<BR><BR>[Called By]<UL><LI><a href="#[1d7]">&gt;&gt;</a>&nbsp;&nbsp;&nbsp;__rt_eh_globals_addr
<LI><a href="#[d3]">&gt;&gt;</a>&nbsp;&nbsp;&nbsp;__user_setup_stackheap
<LI><a href="#[1cf]">&gt;&gt;</a>&nbsp;&nbsp;&nbsp;__rt_new_handler_addr
<LI><a href="#[1c9]">&gt;&gt;</a>&nbsp;&nbsp;&nbsp;__rt_heap_descriptor
<LI><a href="#[1c3]">&gt;&gt;</a>&nbsp;&nbsp;&nbsp;__rt_ddtor_pointer_addr
</UL>

<P><STRONG><a name="[264]"></a>__use_two_region_memory</STRONG> (Thumb, 2 bytes, Stack size 0 bytes, heapauxi.o(.text), UNUSED)

<P><STRONG><a name="[b]"></a>__rt_heap_escrow</STRONG> (Thumb, 2 bytes, Stack size 0 bytes, heapauxi.o(.text), UNUSED)

<P><STRONG><a name="[a]"></a>__rt_heap_expand</STRONG> (Thumb, 2 bytes, Stack size 0 bytes, heapauxi.o(.text), UNUSED)

<P><STRONG><a name="[265]"></a>__I$use$semihosting</STRONG> (Thumb, 0 bytes, Stack size 0 bytes, use_no_semi.o(.text), UNUSED)

<P><STRONG><a name="[266]"></a>__use_no_semihosting_swi</STRONG> (Thumb, 2 bytes, Stack size 0 bytes, use_no_semi.o(.text), UNUSED)

<P><STRONG><a name="[13d]"></a>WSTMonitor_getTypeSize0()</STRONG> (Thumb, 4 bytes, Stack size 0 bytes, defaultpkg.o(.text))
<BR><BR>[Called By]<UL><LI><a href="#[13c]">&gt;&gt;</a>&nbsp;&nbsp;&nbsp;WSTMonitor_sendTypeSize()
</UL>

<P><STRONG><a name="[e8]"></a>evToggle::evToggle()</STRONG> (Thumb, 34 bytes, Stack size 8 bytes, defaultpkg.o(.text))
<BR><BR>[Stack]<UL><LI>Max Depth = 8<LI>Call Chain = evToggle::evToggle()
</UL>
<BR>[Calls]<UL><LI><a href="#[e9]">&gt;&gt;</a>&nbsp;&nbsp;&nbsp;WST_EVT::WST_EVT()
</UL>
<BR>[Called By]<UL><LI><a href="#[11b]">&gt;&gt;</a>&nbsp;&nbsp;&nbsp;LedBar::toggleSingleLed(int)
</UL>

<P><STRONG><a name="[267]"></a>evToggle::evToggle__sub_object()</STRONG> (Thumb, 0 bytes, Stack size 8 bytes, defaultpkg.o(.text), UNUSED)

<P><STRONG><a name="[ba]"></a>evToggle::isTypeOf(short) const</STRONG> (Thumb, 18 bytes, Stack size 0 bytes, defaultpkg.o(.text))
<BR>[Address Reference Count : 1]<UL><LI> defaultpkg.o(.constdata__ZTV8evToggle)
</UL>
<P><STRONG><a name="[ea]"></a>evOn::evOn()</STRONG> (Thumb, 34 bytes, Stack size 8 bytes, defaultpkg.o(.text))
<BR><BR>[Stack]<UL><LI>Max Depth = 8<LI>Call Chain = evOn::evOn()
</UL>
<BR>[Calls]<UL><LI><a href="#[e9]">&gt;&gt;</a>&nbsp;&nbsp;&nbsp;WST_EVT::WST_EVT()
</UL>
<BR>[Called By]<UL><LI><a href="#[86]">&gt;&gt;</a>&nbsp;&nbsp;&nbsp;RunningIndicatorLed::rootState_processEvent()
</UL>

<P><STRONG><a name="[268]"></a>evOn::evOn__sub_object()</STRONG> (Thumb, 0 bytes, Stack size 8 bytes, defaultpkg.o(.text), UNUSED)

<P><STRONG><a name="[96]"></a>evOn::isTypeOf(short) const</STRONG> (Thumb, 18 bytes, Stack size 0 bytes, defaultpkg.o(.text))
<BR>[Address Reference Count : 1]<UL><LI> defaultpkg.o(.constdata__ZTV4evOn)
</UL>
<P><STRONG><a name="[eb]"></a>evOff::evOff()</STRONG> (Thumb, 34 bytes, Stack size 8 bytes, defaultpkg.o(.text))
<BR><BR>[Stack]<UL><LI>Max Depth = 8<LI>Call Chain = evOff::evOff()
</UL>
<BR>[Calls]<UL><LI><a href="#[e9]">&gt;&gt;</a>&nbsp;&nbsp;&nbsp;WST_EVT::WST_EVT()
</UL>
<BR>[Called By]<UL><LI><a href="#[86]">&gt;&gt;</a>&nbsp;&nbsp;&nbsp;RunningIndicatorLed::rootState_processEvent()
<LI><a href="#[85]">&gt;&gt;</a>&nbsp;&nbsp;&nbsp;RunningIndicatorLed::rootState_entDef()
</UL>

<P><STRONG><a name="[269]"></a>evOff::evOff__sub_object()</STRONG> (Thumb, 0 bytes, Stack size 8 bytes, defaultpkg.o(.text), UNUSED)

<P><STRONG><a name="[99]"></a>evOff::isTypeOf(short) const</STRONG> (Thumb, 18 bytes, Stack size 0 bytes, defaultpkg.o(.text))
<BR>[Address Reference Count : 1]<UL><LI> defaultpkg.o(.constdata__ZTV5evOff)
</UL>
<P><STRONG><a name="[ec]"></a>evReceivedData::evReceivedData(char)</STRONG> (Thumb, 38 bytes, Stack size 16 bytes, defaultpkg.o(.text), UNUSED)
<BR><BR>[Calls]<UL><LI><a href="#[e9]">&gt;&gt;</a>&nbsp;&nbsp;&nbsp;WST_EVT::WST_EVT()
</UL>

<P><STRONG><a name="[26a]"></a>evReceivedData::evReceivedData__sub_object(char)</STRONG> (Thumb, 0 bytes, Stack size 16 bytes, defaultpkg.o(.text), UNUSED)

<P><STRONG><a name="[80]"></a>evReceivedData::isTypeOf(short) const</STRONG> (Thumb, 18 bytes, Stack size 0 bytes, defaultpkg.o(.text))
<BR>[Address Reference Count : 1]<UL><LI> defaultpkg.o(.constdata__ZTV14evReceivedData)
</UL>
<P><STRONG><a name="[ed]"></a>evNewJoystickPosition::evNewJoystickPosition(char)</STRONG> (Thumb, 38 bytes, Stack size 16 bytes, defaultpkg.o(.text), UNUSED)
<BR><BR>[Calls]<UL><LI><a href="#[e9]">&gt;&gt;</a>&nbsp;&nbsp;&nbsp;WST_EVT::WST_EVT()
</UL>

<P><STRONG><a name="[26b]"></a>evNewJoystickPosition::evNewJoystickPosition__sub_object(char)</STRONG> (Thumb, 0 bytes, Stack size 16 bytes, defaultpkg.o(.text), UNUSED)

<P><STRONG><a name="[8e]"></a>evNewJoystickPosition::isTypeOf(short) const</STRONG> (Thumb, 18 bytes, Stack size 0 bytes, defaultpkg.o(.text))
<BR>[Address Reference Count : 1]<UL><LI> defaultpkg.o(.constdata__ZTV21evNewJoystickPosition)
</UL>
<P><STRONG><a name="[ee]"></a>evBlink::evBlink()</STRONG> (Thumb, 34 bytes, Stack size 8 bytes, defaultpkg.o(.text), UNUSED)
<BR><BR>[Calls]<UL><LI><a href="#[e9]">&gt;&gt;</a>&nbsp;&nbsp;&nbsp;WST_EVT::WST_EVT()
</UL>

<P><STRONG><a name="[26c]"></a>evBlink::evBlink__sub_object()</STRONG> (Thumb, 0 bytes, Stack size 8 bytes, defaultpkg.o(.text), UNUSED)

<P><STRONG><a name="[ac]"></a>evBlink::isTypeOf(short) const</STRONG> (Thumb, 18 bytes, Stack size 0 bytes, defaultpkg.o(.text))
<BR>[Address Reference Count : 1]<UL><LI> defaultpkg.o(.constdata__ZTV7evBlink)
</UL>
<P><STRONG><a name="[f2]"></a>Display::initStatechart()</STRONG> (Thumb, 8 bytes, Stack size 0 bytes, display.o(.text))
<BR><BR>[Called By]<UL><LI><a href="#[ef]">&gt;&gt;</a>&nbsp;&nbsp;&nbsp;Display::Display(WST_TSK*)
</UL>

<P><STRONG><a name="[ef]"></a>Display::Display(WST_TSK*)</STRONG> (Thumb, 208 bytes, Stack size 56 bytes, display.o(.text))
<BR><BR>[Stack]<UL><LI>Max Depth = 208 + Unknown Stack Size
<LI>Call Chain = Display::Display(WST_TSK*) &rArr; WSTMonitor_sendInit(void*, unsigned short, void*) &rArr; WST_MEM::getMemory(unsigned) &rArr; WST_OSW_MEM_malloc(unsigned) &rArr;  WST_MEM::getMemory(unsigned) (Cycle)
</UL>
<BR>[Calls]<UL><LI><a href="#[f0]">&gt;&gt;</a>&nbsp;&nbsp;&nbsp;WST_FSM::WST_FSM()
<LI><a href="#[f1]">&gt;&gt;</a>&nbsp;&nbsp;&nbsp;WST_FSM::setTask(WST_TSK*, bool)
<LI><a href="#[fb]">&gt;&gt;</a>&nbsp;&nbsp;&nbsp;WSTMonitor_sendInit(void*, unsigned short, void*)
<LI><a href="#[f6]">&gt;&gt;</a>&nbsp;&nbsp;&nbsp;GLCD_SetForegroundColor
<LI><a href="#[f7]">&gt;&gt;</a>&nbsp;&nbsp;&nbsp;GLCD_SetFont
<LI><a href="#[f5]">&gt;&gt;</a>&nbsp;&nbsp;&nbsp;GLCD_SetBackgroundColor
<LI><a href="#[f3]">&gt;&gt;</a>&nbsp;&nbsp;&nbsp;GLCD_Initialize
<LI><a href="#[f9]">&gt;&gt;</a>&nbsp;&nbsp;&nbsp;GLCD_DrawString
<LI><a href="#[f8]">&gt;&gt;</a>&nbsp;&nbsp;&nbsp;GLCD_ClearScreen
<LI><a href="#[f2]">&gt;&gt;</a>&nbsp;&nbsp;&nbsp;Display::initStatechart()
<LI><a href="#[f4]">&gt;&gt;</a>&nbsp;&nbsp;&nbsp;strcmp
<LI><a href="#[fa]">&gt;&gt;</a>&nbsp;&nbsp;&nbsp;__2sprintf
</UL>
<BR>[Called By]<UL><LI><a href="#[122]">&gt;&gt;</a>&nbsp;&nbsp;&nbsp;TestBuilder::TestBuilder(WST_TSK*)
</UL>

<P><STRONG><a name="[26d]"></a>Display::Display__sub_object(WST_TSK*)</STRONG> (Thumb, 0 bytes, Stack size 56 bytes, display.o(.text), UNUSED)

<P><STRONG><a name="[a0]"></a>Display::~Display()</STRONG> (Thumb, 26 bytes, Stack size 8 bytes, display.o(.text))
<BR><BR>[Stack]<UL><LI>Max Depth = 296<LI>Call Chain = Display::~Display() &rArr; WST_FSM::~WST_FSM() &rArr; WST_FSM::cancelEventsAndTimeouts() &rArr; WST_TMM::cancelEvents(WST_FSM*) &rArr; WST_MSQ::cancelEvents(WST_FSM*, short) &rArr; WST_OSW_MSQ_cancelEvents(WST_MSQ*, const WST_FSM*, short) &rArr; WST_MSQ::WST_MSQ(unsigned short, bool) &rArr; WST_OSW_MSQ_init(WST_MSQ*) &rArr; WST_MEM::getMemory(unsigned) &rArr; WST_OSW_MEM_malloc(unsigned) &rArr;  WST_MEM::getMemory(unsigned) (Cycle)
</UL>
<BR>[Calls]<UL><LI><a href="#[a6]">&gt;&gt;</a>&nbsp;&nbsp;&nbsp;WST_FSM::~WST_FSM()
<LI><a href="#[fc]">&gt;&gt;</a>&nbsp;&nbsp;&nbsp;WSTMonitor_sendDestroy(void*)
</UL>
<BR>[Called By]<UL><LI><a href="#[73]">&gt;&gt;</a>&nbsp;&nbsp;&nbsp;TestBuilder::~TestBuilder()
<LI><a href="#[a1]">&gt;&gt;</a>&nbsp;&nbsp;&nbsp;Display::~Display__deallocating()
</UL>
<BR>[Address Reference Count : 1]<UL><LI> display.o(.constdata__ZTV7Display)
</UL>
<P><STRONG><a name="[26e]"></a>Display::~Display__sub_object()</STRONG> (Thumb, 0 bytes, Stack size 8 bytes, display.o(.text), UNUSED)

<P><STRONG><a name="[a1]"></a>Display::~Display__deallocating()</STRONG> (Thumb, 22 bytes, Stack size 16 bytes, display.o(.text))
<BR><BR>[Stack]<UL><LI>Max Depth = 312<LI>Call Chain = Display::~Display__deallocating() &rArr; Display::~Display() &rArr; WST_FSM::~WST_FSM() &rArr; WST_FSM::cancelEventsAndTimeouts() &rArr; WST_TMM::cancelEvents(WST_FSM*) &rArr; WST_MSQ::cancelEvents(WST_FSM*, short) &rArr; WST_OSW_MSQ_cancelEvents(WST_MSQ*, const WST_FSM*, short) &rArr; WST_MSQ::WST_MSQ(unsigned short, bool) &rArr; WST_OSW_MSQ_init(WST_MSQ*) &rArr; WST_MEM::getMemory(unsigned) &rArr; WST_OSW_MEM_malloc(unsigned) &rArr;  WST_MEM::getMemory(unsigned) (Cycle)
</UL>
<BR>[Calls]<UL><LI><a href="#[a0]">&gt;&gt;</a>&nbsp;&nbsp;&nbsp;Display::~Display()
<LI><a href="#[fd]">&gt;&gt;</a>&nbsp;&nbsp;&nbsp;WST_MEM::returnMemory(void*)
</UL>
<BR>[Address Reference Count : 1]<UL><LI> display.o(.constdata__ZTV7Display)
</UL>
<P><STRONG><a name="[fe]"></a>Display::drawReceivedPosition(char)</STRONG> (Thumb, 74 bytes, Stack size 56 bytes, display.o(.text))
<BR><BR>[Stack]<UL><LI>Max Depth = 176 + Unknown Stack Size
<LI>Call Chain = Display::drawReceivedPosition(char) &rArr; __2sprintf &rArr; _printf_char_common &rArr; __printf
</UL>
<BR>[Calls]<UL><LI><a href="#[f9]">&gt;&gt;</a>&nbsp;&nbsp;&nbsp;GLCD_DrawString
<LI><a href="#[fa]">&gt;&gt;</a>&nbsp;&nbsp;&nbsp;__2sprintf
</UL>
<BR>[Called By]<UL><LI><a href="#[a3]">&gt;&gt;</a>&nbsp;&nbsp;&nbsp;Display::rootState_processEvent()
</UL>

<P><STRONG><a name="[a4]"></a>Display::startBehavior()</STRONG> (Thumb, 18 bytes, Stack size 16 bytes, display.o(.text))
<BR><BR>[Stack]<UL><LI>Max Depth = 184<LI>Call Chain = Display::startBehavior() &rArr; WST_FSM::startBehavior() &rArr; WST_FSM::gen(WST_EVT*, bool) &rArr; WST_MSQ::put(WST_EVT*, bool) &rArr; WST_OSW_MSQ_put(WST_MSQ*, WST_EVT*, bool) &rArr; osMessagePut &rArr; isrMessagePut &rArr; isr_mbx_send &rArr; rt_psq_enq
</UL>
<BR>[Calls]<UL><LI><a href="#[ff]">&gt;&gt;</a>&nbsp;&nbsp;&nbsp;WST_FSM::startBehavior()
</UL>
<BR>[Called By]<UL><LI><a href="#[7a]">&gt;&gt;</a>&nbsp;&nbsp;&nbsp;TestBuilder::startBehavior()
</UL>
<BR>[Address Reference Count : 1]<UL><LI> display.o(.constdata__ZTV7Display)
</UL>
<P><STRONG><a name="[a2]"></a>Display::rootState_entDef()</STRONG> (Thumb, 8 bytes, Stack size 0 bytes, display.o(.text))
<BR>[Address Reference Count : 1]<UL><LI> display.o(.constdata__ZTV7Display)
</UL>
<P><STRONG><a name="[a3]"></a>Display::rootState_processEvent()</STRONG> (Thumb, 78 bytes, Stack size 16 bytes, display.o(.text))
<BR><BR>[Stack]<UL><LI>Max Depth = 192 + Unknown Stack Size
<LI>Call Chain = Display::rootState_processEvent() &rArr; Display::drawReceivedPosition(char) &rArr; __2sprintf &rArr; _printf_char_common &rArr; __printf
</UL>
<BR>[Calls]<UL><LI><a href="#[fe]">&gt;&gt;</a>&nbsp;&nbsp;&nbsp;Display::drawReceivedPosition(char)
</UL>
<BR>[Address Reference Count : 1]<UL><LI> display.o(.constdata__ZTV7Display)
</UL>
<P><STRONG><a name="[102]"></a>Joystick::initStatechart()</STRONG> (Thumb, 10 bytes, Stack size 0 bytes, joystick.o(.text))
<BR><BR>[Called By]<UL><LI><a href="#[100]">&gt;&gt;</a>&nbsp;&nbsp;&nbsp;Joystick::Joystick(WST_TSK*)
</UL>

<P><STRONG><a name="[100]"></a>Joystick::Joystick(WST_TSK*)</STRONG> (Thumb, 106 bytes, Stack size 24 bytes, joystick.o(.text))
<BR><BR>[Stack]<UL><LI>Max Depth = 224<LI>Call Chain = Joystick::Joystick(WST_TSK*) &rArr; WST_TSK::WST_TSK(char*, unsigned char, unsigned short, unsigned short, bool) &rArr; WST_MSQ::WST_MSQ(unsigned short, bool) &rArr; WST_OSW_MSQ_init(WST_MSQ*) &rArr; WST_MEM::getMemory(unsigned) &rArr; WST_OSW_MEM_malloc(unsigned) &rArr;  WST_MEM::getMemory(unsigned) (Cycle)
</UL>
<BR>[Calls]<UL><LI><a href="#[101]">&gt;&gt;</a>&nbsp;&nbsp;&nbsp;WST_TSK::WST_TSK(char*, unsigned char, unsigned short, unsigned short, bool)
<LI><a href="#[102]">&gt;&gt;</a>&nbsp;&nbsp;&nbsp;Joystick::initStatechart()
<LI><a href="#[f0]">&gt;&gt;</a>&nbsp;&nbsp;&nbsp;WST_FSM::WST_FSM()
<LI><a href="#[f1]">&gt;&gt;</a>&nbsp;&nbsp;&nbsp;WST_FSM::setTask(WST_TSK*, bool)
<LI><a href="#[fb]">&gt;&gt;</a>&nbsp;&nbsp;&nbsp;WSTMonitor_sendInit(void*, unsigned short, void*)
</UL>
<BR>[Called By]<UL><LI><a href="#[122]">&gt;&gt;</a>&nbsp;&nbsp;&nbsp;TestBuilder::TestBuilder(WST_TSK*)
</UL>

<P><STRONG><a name="[26f]"></a>Joystick::Joystick__sub_object(WST_TSK*)</STRONG> (Thumb, 0 bytes, Stack size 24 bytes, joystick.o(.text), UNUSED)

<P><STRONG><a name="[103]"></a>Joystick::cancelTimeouts()</STRONG> (Thumb, 16 bytes, Stack size 8 bytes, joystick.o(.text))
<BR><BR>[Stack]<UL><LI>Max Depth = 80<LI>Call Chain = Joystick::cancelTimeouts() &rArr; WST_FSM::cancel(WST_TMR*) &rArr; WST_TMM::stop(WST_TMR*) &rArr; WST_MTX::WST_MTX_exitCriticalRegion() &rArr; WST_OSW_MTX_exitCriticalRegion(WST_MTX*)
</UL>
<BR>[Calls]<UL><LI><a href="#[104]">&gt;&gt;</a>&nbsp;&nbsp;&nbsp;WST_FSM::cancel(WST_TMR*)
</UL>
<BR>[Called By]<UL><LI><a href="#[ad]">&gt;&gt;</a>&nbsp;&nbsp;&nbsp;Joystick::~Joystick()
</UL>

<P><STRONG><a name="[105]"></a>Joystick::cleanUpRelations()</STRONG> (Thumb, 10 bytes, Stack size 0 bytes, joystick.o(.text))
<BR><BR>[Called By]<UL><LI><a href="#[ad]">&gt;&gt;</a>&nbsp;&nbsp;&nbsp;Joystick::~Joystick()
</UL>

<P><STRONG><a name="[ad]"></a>Joystick::~Joystick()</STRONG> (Thumb, 56 bytes, Stack size 8 bytes, joystick.o(.text))
<BR><BR>[Stack]<UL><LI>Max Depth = 296<LI>Call Chain = Joystick::~Joystick() &rArr; WST_FSM::~WST_FSM() &rArr; WST_FSM::cancelEventsAndTimeouts() &rArr; WST_TMM::cancelEvents(WST_FSM*) &rArr; WST_MSQ::cancelEvents(WST_FSM*, short) &rArr; WST_OSW_MSQ_cancelEvents(WST_MSQ*, const WST_FSM*, short) &rArr; WST_MSQ::WST_MSQ(unsigned short, bool) &rArr; WST_OSW_MSQ_init(WST_MSQ*) &rArr; WST_MEM::getMemory(unsigned) &rArr; WST_OSW_MEM_malloc(unsigned) &rArr;  WST_MEM::getMemory(unsigned) (Cycle)
</UL>
<BR>[Calls]<UL><LI><a href="#[46]">&gt;&gt;</a>&nbsp;&nbsp;&nbsp;WST_TSK::~WST_TSK()
<LI><a href="#[105]">&gt;&gt;</a>&nbsp;&nbsp;&nbsp;Joystick::cleanUpRelations()
<LI><a href="#[103]">&gt;&gt;</a>&nbsp;&nbsp;&nbsp;Joystick::cancelTimeouts()
<LI><a href="#[a6]">&gt;&gt;</a>&nbsp;&nbsp;&nbsp;WST_FSM::~WST_FSM()
<LI><a href="#[fc]">&gt;&gt;</a>&nbsp;&nbsp;&nbsp;WSTMonitor_sendDestroy(void*)
</UL>
<BR>[Called By]<UL><LI><a href="#[73]">&gt;&gt;</a>&nbsp;&nbsp;&nbsp;TestBuilder::~TestBuilder()
<LI><a href="#[b3]">&gt;&gt;</a>&nbsp;&nbsp;&nbsp;thunk{-64} to Joystick::~Joystick()
<LI><a href="#[ae]">&gt;&gt;</a>&nbsp;&nbsp;&nbsp;Joystick::~Joystick__deallocating()
</UL>
<BR>[Address Reference Count : 1]<UL><LI> joystick.o(.constdata__ZTV8Joystick)
</UL>
<P><STRONG><a name="[270]"></a>Joystick::~Joystick__sub_object()</STRONG> (Thumb, 0 bytes, Stack size 8 bytes, joystick.o(.text), UNUSED)

<P><STRONG><a name="[ae]"></a>Joystick::~Joystick__deallocating()</STRONG> (Thumb, 22 bytes, Stack size 16 bytes, joystick.o(.text))
<BR><BR>[Stack]<UL><LI>Max Depth = 312<LI>Call Chain = Joystick::~Joystick__deallocating() &rArr; Joystick::~Joystick() &rArr; WST_FSM::~WST_FSM() &rArr; WST_FSM::cancelEventsAndTimeouts() &rArr; WST_TMM::cancelEvents(WST_FSM*) &rArr; WST_MSQ::cancelEvents(WST_FSM*, short) &rArr; WST_OSW_MSQ_cancelEvents(WST_MSQ*, const WST_FSM*, short) &rArr; WST_MSQ::WST_MSQ(unsigned short, bool) &rArr; WST_OSW_MSQ_init(WST_MSQ*) &rArr; WST_MEM::getMemory(unsigned) &rArr; WST_OSW_MEM_malloc(unsigned) &rArr;  WST_MEM::getMemory(unsigned) (Cycle)
</UL>
<BR>[Calls]<UL><LI><a href="#[ad]">&gt;&gt;</a>&nbsp;&nbsp;&nbsp;Joystick::~Joystick()
<LI><a href="#[fd]">&gt;&gt;</a>&nbsp;&nbsp;&nbsp;WST_MEM::returnMemory(void*)
</UL>
<BR>[Called By]<UL><LI><a href="#[b4]">&gt;&gt;</a>&nbsp;&nbsp;&nbsp;thunk{-64} to Joystick::~Joystick__deallocating()
</UL>
<BR>[Address Reference Count : 1]<UL><LI> joystick.o(.constdata__ZTV8Joystick)
</UL>
<P><STRONG><a name="[b4]"></a>thunk{-64} to Joystick::~Joystick__deallocating()</STRONG> (Thumb, 14 bytes, Stack size 8 bytes, joystick.o(.text))
<BR><BR>[Stack]<UL><LI>Max Depth = 320<LI>Call Chain = thunk{-64} to Joystick::~Joystick__deallocating() &rArr; Joystick::~Joystick__deallocating() &rArr; Joystick::~Joystick() &rArr; WST_FSM::~WST_FSM() &rArr; WST_FSM::cancelEventsAndTimeouts() &rArr; WST_TMM::cancelEvents(WST_FSM*) &rArr; WST_MSQ::cancelEvents(WST_FSM*, short) &rArr; WST_OSW_MSQ_cancelEvents(WST_MSQ*, const WST_FSM*, short) &rArr; WST_MSQ::WST_MSQ(unsigned short, bool) &rArr; WST_OSW_MSQ_init(WST_MSQ*) &rArr; WST_MEM::getMemory(unsigned) &rArr; WST_OSW_MEM_malloc(unsigned) &rArr;  WST_MEM::getMemory(unsigned) (Cycle)
</UL>
<BR>[Calls]<UL><LI><a href="#[ae]">&gt;&gt;</a>&nbsp;&nbsp;&nbsp;Joystick::~Joystick__deallocating()
</UL>
<BR>[Address Reference Count : 1]<UL><LI> joystick.o(.constdata__ZTV8Joystick)
</UL>
<P><STRONG><a name="[b3]"></a>thunk{-64} to Joystick::~Joystick()</STRONG> (Thumb, 14 bytes, Stack size 8 bytes, joystick.o(.text))
<BR><BR>[Stack]<UL><LI>Max Depth = 304<LI>Call Chain = thunk{-64} to Joystick::~Joystick() &rArr; Joystick::~Joystick() &rArr; WST_FSM::~WST_FSM() &rArr; WST_FSM::cancelEventsAndTimeouts() &rArr; WST_TMM::cancelEvents(WST_FSM*) &rArr; WST_MSQ::cancelEvents(WST_FSM*, short) &rArr; WST_OSW_MSQ_cancelEvents(WST_MSQ*, const WST_FSM*, short) &rArr; WST_MSQ::WST_MSQ(unsigned short, bool) &rArr; WST_OSW_MSQ_init(WST_MSQ*) &rArr; WST_MEM::getMemory(unsigned) &rArr; WST_OSW_MEM_malloc(unsigned) &rArr;  WST_MEM::getMemory(unsigned) (Cycle)
</UL>
<BR>[Calls]<UL><LI><a href="#[ad]">&gt;&gt;</a>&nbsp;&nbsp;&nbsp;Joystick::~Joystick()
</UL>
<BR>[Address Reference Count : 1]<UL><LI> joystick.o(.constdata__ZTV8Joystick)
</UL>
<P><STRONG><a name="[106]"></a>Joystick::sample()</STRONG> (Thumb, 42 bytes, Stack size 16 bytes, joystick.o(.text))
<BR><BR>[Stack]<UL><LI>Max Depth = 16<LI>Call Chain = Joystick::sample()
</UL>
<BR>[Calls]<UL><LI><a href="#[107]">&gt;&gt;</a>&nbsp;&nbsp;&nbsp;UartController::txChar(char)
</UL>
<BR>[Called By]<UL><LI><a href="#[b2]">&gt;&gt;</a>&nbsp;&nbsp;&nbsp;Joystick::rootState_processEvent()
<LI><a href="#[b1]">&gt;&gt;</a>&nbsp;&nbsp;&nbsp;Joystick::rootState_entDef()
</UL>

<P><STRONG><a name="[271]"></a>Joystick::getLastPosition() const</STRONG> (Thumb, 6 bytes, Stack size 0 bytes, joystick.o(.text), UNUSED)

<P><STRONG><a name="[272]"></a>Joystick::setLastPosition(int)</STRONG> (Thumb, 4 bytes, Stack size 0 bytes, joystick.o(.text), UNUSED)

<P><STRONG><a name="[273]"></a>Joystick::getSampleTime() const</STRONG> (Thumb, 6 bytes, Stack size 0 bytes, joystick.o(.text), UNUSED)

<P><STRONG><a name="[274]"></a>Joystick::setSampleTime(int)</STRONG> (Thumb, 4 bytes, Stack size 0 bytes, joystick.o(.text), UNUSED)

<P><STRONG><a name="[275]"></a>Joystick::getItsUartController() const</STRONG> (Thumb, 6 bytes, Stack size 0 bytes, joystick.o(.text), UNUSED)

<P><STRONG><a name="[138]"></a>Joystick::setItsUartController(UartController*)</STRONG> (Thumb, 4 bytes, Stack size 0 bytes, joystick.o(.text))
<BR><BR>[Called By]<UL><LI><a href="#[136]">&gt;&gt;</a>&nbsp;&nbsp;&nbsp;TestBuilder::initRelations()
</UL>

<P><STRONG><a name="[af]"></a>Joystick::startBehavior()</STRONG> (Thumb, 28 bytes, Stack size 16 bytes, joystick.o(.text))
<BR><BR>[Stack]<UL><LI>Max Depth = 184<LI>Call Chain = Joystick::startBehavior() &rArr; WST_FSM::startBehavior() &rArr; WST_FSM::gen(WST_EVT*, bool) &rArr; WST_MSQ::put(WST_EVT*, bool) &rArr; WST_OSW_MSQ_put(WST_MSQ*, WST_EVT*, bool) &rArr; osMessagePut &rArr; isrMessagePut &rArr; isr_mbx_send &rArr; rt_psq_enq
</UL>
<BR>[Calls]<UL><LI><a href="#[108]">&gt;&gt;</a>&nbsp;&nbsp;&nbsp;WST_TSK::startDispatching()
<LI><a href="#[ff]">&gt;&gt;</a>&nbsp;&nbsp;&nbsp;WST_FSM::startBehavior()
</UL>
<BR>[Called By]<UL><LI><a href="#[7a]">&gt;&gt;</a>&nbsp;&nbsp;&nbsp;TestBuilder::startBehavior()
</UL>
<BR>[Address Reference Count : 1]<UL><LI> joystick.o(.constdata__ZTV8Joystick)
</UL>
<P><STRONG><a name="[b0]"></a>Joystick::cancelTimeout(const WST_TMR*)</STRONG> (Thumb, 18 bytes, Stack size 0 bytes, joystick.o(.text))
<BR><BR>[Called By]<UL><LI><a href="#[b6]">&gt;&gt;</a>&nbsp;&nbsp;&nbsp;thunk{-64} to Joystick::cancelTimeout(const WST_TMR*)
</UL>
<BR>[Address Reference Count : 1]<UL><LI> joystick.o(.constdata__ZTV8Joystick)
</UL>
<P><STRONG><a name="[b6]"></a>thunk{-64} to Joystick::cancelTimeout(const WST_TMR*)</STRONG> (Thumb, 18 bytes, Stack size 12 bytes, joystick.o(.text))
<BR><BR>[Stack]<UL><LI>Max Depth = 12<LI>Call Chain = thunk{-64} to Joystick::cancelTimeout(const WST_TMR*)
</UL>
<BR>[Calls]<UL><LI><a href="#[b0]">&gt;&gt;</a>&nbsp;&nbsp;&nbsp;Joystick::cancelTimeout(const WST_TMR*)
</UL>
<BR>[Address Reference Count : 1]<UL><LI> joystick.o(.constdata__ZTV8Joystick)
</UL>
<P><STRONG><a name="[b1]"></a>Joystick::rootState_entDef()</STRONG> (Thumb, 26 bytes, Stack size 8 bytes, joystick.o(.text))
<BR><BR>[Stack]<UL><LI>Max Depth = 24<LI>Call Chain = Joystick::rootState_entDef() &rArr; Joystick::sample()
</UL>
<BR>[Calls]<UL><LI><a href="#[109]">&gt;&gt;</a>&nbsp;&nbsp;&nbsp;WST_FSM::pushNullTransition()
<LI><a href="#[106]">&gt;&gt;</a>&nbsp;&nbsp;&nbsp;Joystick::sample()
</UL>
<BR>[Called By]<UL><LI><a href="#[b5]">&gt;&gt;</a>&nbsp;&nbsp;&nbsp;thunk{-64} to Joystick::rootState_entDef()
</UL>
<BR>[Address Reference Count : 1]<UL><LI> joystick.o(.constdata__ZTV8Joystick)
</UL>
<P><STRONG><a name="[b5]"></a>thunk{-64} to Joystick::rootState_entDef()</STRONG> (Thumb, 14 bytes, Stack size 8 bytes, joystick.o(.text))
<BR><BR>[Stack]<UL><LI>Max Depth = 32<LI>Call Chain = thunk{-64} to Joystick::rootState_entDef() &rArr; Joystick::rootState_entDef() &rArr; Joystick::sample()
</UL>
<BR>[Calls]<UL><LI><a href="#[b1]">&gt;&gt;</a>&nbsp;&nbsp;&nbsp;Joystick::rootState_entDef()
</UL>
<BR>[Address Reference Count : 1]<UL><LI> joystick.o(.constdata__ZTV8Joystick)
</UL>
<P><STRONG><a name="[b2]"></a>Joystick::rootState_processEvent()</STRONG> (Thumb, 178 bytes, Stack size 16 bytes, joystick.o(.text))
<BR><BR>[Stack]<UL><LI>Max Depth = 104<LI>Call Chain = Joystick::rootState_processEvent() &rArr; WST_FSM::scheduleTimeout(unsigned, char*) &rArr; WST_TMM::start(unsigned, WST_FSM*) &rArr; WST_MTX::WST_MTX_exitCriticalRegion() &rArr; WST_OSW_MTX_exitCriticalRegion(WST_MTX*)
</UL>
<BR>[Calls]<UL><LI><a href="#[104]">&gt;&gt;</a>&nbsp;&nbsp;&nbsp;WST_FSM::cancel(WST_TMR*)
<LI><a href="#[109]">&gt;&gt;</a>&nbsp;&nbsp;&nbsp;WST_FSM::pushNullTransition()
<LI><a href="#[10a]">&gt;&gt;</a>&nbsp;&nbsp;&nbsp;WST_FSM::popNullTransition()
<LI><a href="#[10b]">&gt;&gt;</a>&nbsp;&nbsp;&nbsp;WST_FSM::scheduleTimeout(unsigned, char*)
<LI><a href="#[106]">&gt;&gt;</a>&nbsp;&nbsp;&nbsp;Joystick::sample()
</UL>
<BR>[Called By]<UL><LI><a href="#[b7]">&gt;&gt;</a>&nbsp;&nbsp;&nbsp;thunk{-64} to Joystick::rootState_processEvent()
</UL>
<BR>[Address Reference Count : 1]<UL><LI> joystick.o(.constdata__ZTV8Joystick)
</UL>
<P><STRONG><a name="[b7]"></a>thunk{-64} to Joystick::rootState_processEvent()</STRONG> (Thumb, 14 bytes, Stack size 8 bytes, joystick.o(.text))
<BR><BR>[Stack]<UL><LI>Max Depth = 112<LI>Call Chain = thunk{-64} to Joystick::rootState_processEvent() &rArr; Joystick::rootState_processEvent() &rArr; WST_FSM::scheduleTimeout(unsigned, char*) &rArr; WST_TMM::start(unsigned, WST_FSM*) &rArr; WST_MTX::WST_MTX_exitCriticalRegion() &rArr; WST_OSW_MTX_exitCriticalRegion(WST_MTX*)
</UL>
<BR>[Calls]<UL><LI><a href="#[b2]">&gt;&gt;</a>&nbsp;&nbsp;&nbsp;Joystick::rootState_processEvent()
</UL>
<BR>[Address Reference Count : 1]<UL><LI> joystick.o(.constdata__ZTV8Joystick)
</UL>
<P><STRONG><a name="[10d]"></a>Led::initStatechart()</STRONG> (Thumb, 10 bytes, Stack size 0 bytes, led.o(.text))
<BR><BR>[Called By]<UL><LI><a href="#[10e]">&gt;&gt;</a>&nbsp;&nbsp;&nbsp;Led::Led(WST_TSK*)
<LI><a href="#[10c]">&gt;&gt;</a>&nbsp;&nbsp;&nbsp;Led::Led(int, WST_TSK*)
</UL>

<P><STRONG><a name="[10c]"></a>Led::Led(int, WST_TSK*)</STRONG> (Thumb, 148 bytes, Stack size 16 bytes, led.o(.text))
<BR><BR>[Stack]<UL><LI>Max Depth = 168<LI>Call Chain = Led::Led(int, WST_TSK*) &rArr; WSTMonitor_sendInit(void*, unsigned short, void*) &rArr; WST_MEM::getMemory(unsigned) &rArr; WST_OSW_MEM_malloc(unsigned) &rArr;  WST_MEM::getMemory(unsigned) (Cycle)
</UL>
<BR>[Calls]<UL><LI><a href="#[10d]">&gt;&gt;</a>&nbsp;&nbsp;&nbsp;Led::initStatechart()
<LI><a href="#[f0]">&gt;&gt;</a>&nbsp;&nbsp;&nbsp;WST_FSM::WST_FSM()
<LI><a href="#[f1]">&gt;&gt;</a>&nbsp;&nbsp;&nbsp;WST_FSM::setTask(WST_TSK*, bool)
<LI><a href="#[fb]">&gt;&gt;</a>&nbsp;&nbsp;&nbsp;WSTMonitor_sendInit(void*, unsigned short, void*)
</UL>
<BR>[Called By]<UL><LI><a href="#[122]">&gt;&gt;</a>&nbsp;&nbsp;&nbsp;TestBuilder::TestBuilder(WST_TSK*)
</UL>

<P><STRONG><a name="[276]"></a>Led::Led__sub_object(int, WST_TSK*)</STRONG> (Thumb, 0 bytes, Stack size 16 bytes, led.o(.text), UNUSED)

<P><STRONG><a name="[10e]"></a>Led::Led(WST_TSK*)</STRONG> (Thumb, 70 bytes, Stack size 16 bytes, led.o(.text))
<BR><BR>[Stack]<UL><LI>Max Depth = 168<LI>Call Chain = Led::Led(WST_TSK*) &rArr; WSTMonitor_sendInit(void*, unsigned short, void*) &rArr; WST_MEM::getMemory(unsigned) &rArr; WST_OSW_MEM_malloc(unsigned) &rArr;  WST_MEM::getMemory(unsigned) (Cycle)
</UL>
<BR>[Calls]<UL><LI><a href="#[10d]">&gt;&gt;</a>&nbsp;&nbsp;&nbsp;Led::initStatechart()
<LI><a href="#[f0]">&gt;&gt;</a>&nbsp;&nbsp;&nbsp;WST_FSM::WST_FSM()
<LI><a href="#[f1]">&gt;&gt;</a>&nbsp;&nbsp;&nbsp;WST_FSM::setTask(WST_TSK*, bool)
<LI><a href="#[fb]">&gt;&gt;</a>&nbsp;&nbsp;&nbsp;WSTMonitor_sendInit(void*, unsigned short, void*)
</UL>
<BR>[Called By]<UL><LI><a href="#[41]">&gt;&gt;</a>&nbsp;&nbsp;&nbsp;&lang;Func1&rang;
</UL>

<P><STRONG><a name="[277]"></a>Led::Led__sub_object(WST_TSK*)</STRONG> (Thumb, 0 bytes, Stack size 16 bytes, led.o(.text), UNUSED)

<P><STRONG><a name="[10f]"></a>Led::cancelTimeouts()</STRONG> (Thumb, 14 bytes, Stack size 8 bytes, led.o(.text))
<BR><BR>[Stack]<UL><LI>Max Depth = 80<LI>Call Chain = Led::cancelTimeouts() &rArr; WST_FSM::cancel(WST_TMR*) &rArr; WST_TMM::stop(WST_TMR*) &rArr; WST_MTX::WST_MTX_exitCriticalRegion() &rArr; WST_OSW_MTX_exitCriticalRegion(WST_MTX*)
</UL>
<BR>[Calls]<UL><LI><a href="#[104]">&gt;&gt;</a>&nbsp;&nbsp;&nbsp;WST_FSM::cancel(WST_TMR*)
</UL>
<BR>[Called By]<UL><LI><a href="#[42]">&gt;&gt;</a>&nbsp;&nbsp;&nbsp;Led::~Led()
</UL>

<P><STRONG><a name="[42]"></a>Led::~Led()</STRONG> (Thumb, 32 bytes, Stack size 8 bytes, led.o(.text))
<BR><BR>[Stack]<UL><LI>Max Depth = 296<LI>Call Chain = Led::~Led() &rArr; WST_FSM::~WST_FSM() &rArr; WST_FSM::cancelEventsAndTimeouts() &rArr; WST_TMM::cancelEvents(WST_FSM*) &rArr; WST_MSQ::cancelEvents(WST_FSM*, short) &rArr; WST_OSW_MSQ_cancelEvents(WST_MSQ*, const WST_FSM*, short) &rArr; WST_MSQ::WST_MSQ(unsigned short, bool) &rArr; WST_OSW_MSQ_init(WST_MSQ*) &rArr; WST_MEM::getMemory(unsigned) &rArr; WST_OSW_MEM_malloc(unsigned) &rArr;  WST_MEM::getMemory(unsigned) (Cycle)
</UL>
<BR>[Calls]<UL><LI><a href="#[10f]">&gt;&gt;</a>&nbsp;&nbsp;&nbsp;Led::cancelTimeouts()
<LI><a href="#[a6]">&gt;&gt;</a>&nbsp;&nbsp;&nbsp;WST_FSM::~WST_FSM()
<LI><a href="#[fc]">&gt;&gt;</a>&nbsp;&nbsp;&nbsp;WSTMonitor_sendDestroy(void*)
</UL>
<BR>[Called By]<UL><LI><a href="#[73]">&gt;&gt;</a>&nbsp;&nbsp;&nbsp;TestBuilder::~TestBuilder()
<LI><a href="#[8f]">&gt;&gt;</a>&nbsp;&nbsp;&nbsp;Led::~Led__deallocating()
</UL>
<BR>[Address Reference Count : 2]<UL><LI> led.o(.constdata__ZTV3Led)
<LI> ledbar.o(.text)
</UL>
<P><STRONG><a name="[278]"></a>Led::~Led__sub_object()</STRONG> (Thumb, 0 bytes, Stack size 8 bytes, led.o(.text), UNUSED)

<P><STRONG><a name="[8f]"></a>Led::~Led__deallocating()</STRONG> (Thumb, 22 bytes, Stack size 16 bytes, led.o(.text))
<BR><BR>[Stack]<UL><LI>Max Depth = 312<LI>Call Chain = Led::~Led__deallocating() &rArr; Led::~Led() &rArr; WST_FSM::~WST_FSM() &rArr; WST_FSM::cancelEventsAndTimeouts() &rArr; WST_TMM::cancelEvents(WST_FSM*) &rArr; WST_MSQ::cancelEvents(WST_FSM*, short) &rArr; WST_OSW_MSQ_cancelEvents(WST_MSQ*, const WST_FSM*, short) &rArr; WST_MSQ::WST_MSQ(unsigned short, bool) &rArr; WST_OSW_MSQ_init(WST_MSQ*) &rArr; WST_MEM::getMemory(unsigned) &rArr; WST_OSW_MEM_malloc(unsigned) &rArr;  WST_MEM::getMemory(unsigned) (Cycle)
</UL>
<BR>[Calls]<UL><LI><a href="#[42]">&gt;&gt;</a>&nbsp;&nbsp;&nbsp;Led::~Led()
<LI><a href="#[fd]">&gt;&gt;</a>&nbsp;&nbsp;&nbsp;WST_MEM::returnMemory(void*)
</UL>
<BR>[Address Reference Count : 1]<UL><LI> led.o(.constdata__ZTV3Led)
</UL>
<P><STRONG><a name="[110]"></a>Led::off()</STRONG> (Thumb, 88 bytes, Stack size 0 bytes, led.o(.text))
<BR><BR>[Called By]<UL><LI><a href="#[119]">&gt;&gt;</a>&nbsp;&nbsp;&nbsp;LedBar::offSingleLed(int)
<LI><a href="#[92]">&gt;&gt;</a>&nbsp;&nbsp;&nbsp;Led::rootState_processEvent()
<LI><a href="#[90]">&gt;&gt;</a>&nbsp;&nbsp;&nbsp;Led::rootState_entDef()
</UL>

<P><STRONG><a name="[111]"></a>Led::on()</STRONG> (Thumb, 88 bytes, Stack size 0 bytes, led.o(.text))
<BR><BR>[Called By]<UL><LI><a href="#[11a]">&gt;&gt;</a>&nbsp;&nbsp;&nbsp;LedBar::onSingleLed(int)
<LI><a href="#[92]">&gt;&gt;</a>&nbsp;&nbsp;&nbsp;Led::rootState_processEvent()
</UL>

<P><STRONG><a name="[279]"></a>Led::getBitIndicator() const</STRONG> (Thumb, 6 bytes, Stack size 0 bytes, led.o(.text), UNUSED)

<P><STRONG><a name="[117]"></a>Led::setBitIndicator(int)</STRONG> (Thumb, 4 bytes, Stack size 0 bytes, led.o(.text))
<BR><BR>[Called By]<UL><LI><a href="#[113]">&gt;&gt;</a>&nbsp;&nbsp;&nbsp;LedBar::LedBar(WST_TSK*)
</UL>

<P><STRONG><a name="[27a]"></a>Led::getBlinkTimeoutMs() const</STRONG> (Thumb, 6 bytes, Stack size 0 bytes, led.o(.text), UNUSED)

<P><STRONG><a name="[27b]"></a>Led::setBlinkTimeoutMs(int)</STRONG> (Thumb, 4 bytes, Stack size 0 bytes, led.o(.text), UNUSED)

<P><STRONG><a name="[93]"></a>Led::startBehavior()</STRONG> (Thumb, 18 bytes, Stack size 16 bytes, led.o(.text))
<BR><BR>[Stack]<UL><LI>Max Depth = 184<LI>Call Chain = Led::startBehavior() &rArr; WST_FSM::startBehavior() &rArr; WST_FSM::gen(WST_EVT*, bool) &rArr; WST_MSQ::put(WST_EVT*, bool) &rArr; WST_OSW_MSQ_put(WST_MSQ*, WST_EVT*, bool) &rArr; osMessagePut &rArr; isrMessagePut &rArr; isr_mbx_send &rArr; rt_psq_enq
</UL>
<BR>[Calls]<UL><LI><a href="#[ff]">&gt;&gt;</a>&nbsp;&nbsp;&nbsp;WST_FSM::startBehavior()
</UL>
<BR>[Called By]<UL><LI><a href="#[7a]">&gt;&gt;</a>&nbsp;&nbsp;&nbsp;TestBuilder::startBehavior()
<LI><a href="#[9e]">&gt;&gt;</a>&nbsp;&nbsp;&nbsp;LedBar::startBehavior()
</UL>
<BR>[Address Reference Count : 1]<UL><LI> led.o(.constdata__ZTV3Led)
</UL>
<P><STRONG><a name="[91]"></a>Led::cancelTimeout(const WST_TMR*)</STRONG> (Thumb, 18 bytes, Stack size 0 bytes, led.o(.text))
<BR>[Address Reference Count : 1]<UL><LI> led.o(.constdata__ZTV3Led)
</UL>
<P><STRONG><a name="[90]"></a>Led::rootState_entDef()</STRONG> (Thumb, 18 bytes, Stack size 8 bytes, led.o(.text))
<BR><BR>[Stack]<UL><LI>Max Depth = 8<LI>Call Chain = Led::rootState_entDef()
</UL>
<BR>[Calls]<UL><LI><a href="#[110]">&gt;&gt;</a>&nbsp;&nbsp;&nbsp;Led::off()
</UL>
<BR>[Address Reference Count : 1]<UL><LI> led.o(.constdata__ZTV3Led)
</UL>
<P><STRONG><a name="[92]"></a>Led::rootState_processEvent()</STRONG> (Thumb, 512 bytes, Stack size 16 bytes, led.o(.text))
<BR><BR>[Stack]<UL><LI>Max Depth = 104<LI>Call Chain = Led::rootState_processEvent() &rArr; WST_FSM::scheduleTimeout(unsigned, char*) &rArr; WST_TMM::start(unsigned, WST_FSM*) &rArr; WST_MTX::WST_MTX_exitCriticalRegion() &rArr; WST_OSW_MTX_exitCriticalRegion(WST_MTX*)
</UL>
<BR>[Calls]<UL><LI><a href="#[111]">&gt;&gt;</a>&nbsp;&nbsp;&nbsp;Led::on()
<LI><a href="#[110]">&gt;&gt;</a>&nbsp;&nbsp;&nbsp;Led::off()
<LI><a href="#[104]">&gt;&gt;</a>&nbsp;&nbsp;&nbsp;WST_FSM::cancel(WST_TMR*)
<LI><a href="#[10b]">&gt;&gt;</a>&nbsp;&nbsp;&nbsp;WST_FSM::scheduleTimeout(unsigned, char*)
</UL>
<BR>[Address Reference Count : 1]<UL><LI> led.o(.constdata__ZTV3Led)
</UL>
<P><STRONG><a name="[116]"></a>LedBar::initStatechart()</STRONG> (Thumb, 12 bytes, Stack size 0 bytes, ledbar.o(.text))
<BR><BR>[Called By]<UL><LI><a href="#[113]">&gt;&gt;</a>&nbsp;&nbsp;&nbsp;LedBar::LedBar(WST_TSK*)
</UL>

<P><STRONG><a name="[112]"></a>LedBar::setTask(WST_TSK*, bool)</STRONG> (Thumb, 58 bytes, Stack size 24 bytes, ledbar.o(.text))
<BR><BR>[Stack]<UL><LI>Max Depth = 24<LI>Call Chain = LedBar::setTask(WST_TSK*, bool)
</UL>
<BR>[Calls]<UL><LI><a href="#[f1]">&gt;&gt;</a>&nbsp;&nbsp;&nbsp;WST_FSM::setTask(WST_TSK*, bool)
</UL>
<BR>[Called By]<UL><LI><a href="#[139]">&gt;&gt;</a>&nbsp;&nbsp;&nbsp;TestBuilder::setTask(WST_TSK*, bool)
<LI><a href="#[113]">&gt;&gt;</a>&nbsp;&nbsp;&nbsp;LedBar::LedBar(WST_TSK*)
</UL>

<P><STRONG><a name="[113]"></a>LedBar::LedBar(WST_TSK*)</STRONG> (Thumb, 142 bytes, Stack size 24 bytes, ledbar.o(.text))
<BR><BR>[Stack]<UL><LI>Max Depth = 176<LI>Call Chain = LedBar::LedBar(WST_TSK*) &rArr; WSTMonitor_sendInit(void*, unsigned short, void*) &rArr; WST_MEM::getMemory(unsigned) &rArr; WST_OSW_MEM_malloc(unsigned) &rArr;  WST_MEM::getMemory(unsigned) (Cycle)
</UL>
<BR>[Calls]<UL><LI><a href="#[115]">&gt;&gt;</a>&nbsp;&nbsp;&nbsp;WST_FSM::setShouldDelete(bool)
<LI><a href="#[112]">&gt;&gt;</a>&nbsp;&nbsp;&nbsp;LedBar::setTask(WST_TSK*, bool)
<LI><a href="#[116]">&gt;&gt;</a>&nbsp;&nbsp;&nbsp;LedBar::initStatechart()
<LI><a href="#[117]">&gt;&gt;</a>&nbsp;&nbsp;&nbsp;Led::setBitIndicator(int)
<LI><a href="#[f0]">&gt;&gt;</a>&nbsp;&nbsp;&nbsp;WST_FSM::WST_FSM()
<LI><a href="#[fb]">&gt;&gt;</a>&nbsp;&nbsp;&nbsp;WSTMonitor_sendInit(void*, unsigned short, void*)
<LI><a href="#[114]">&gt;&gt;</a>&nbsp;&nbsp;&nbsp;__aeabi_vec_ctor_nocookie_nodtor
</UL>
<BR>[Called By]<UL><LI><a href="#[122]">&gt;&gt;</a>&nbsp;&nbsp;&nbsp;TestBuilder::TestBuilder(WST_TSK*)
</UL>

<P><STRONG><a name="[27c]"></a>LedBar::LedBar__sub_object(WST_TSK*)</STRONG> (Thumb, 0 bytes, Stack size 24 bytes, ledbar.o(.text), UNUSED)

<P><STRONG><a name="[9a]"></a>LedBar::~LedBar()</STRONG> (Thumb, 40 bytes, Stack size 8 bytes, ledbar.o(.text))
[...]
<BR><BR>[Stack]<UL><LI>Max Depth = 216<LI>Call Chain = __sti___11_WSTRTOS_cpp_b410bc26 &rArr; WST_TSK::WST_TSK(char*, unsigned char, unsigned short, unsigned short, bool) &rArr; WST_MSQ::WST_MSQ(unsigned short, bool) &rArr; WST_OSW_MSQ_init(WST_MSQ*) &rArr; WST_MEM::getMemory(unsigned) &rArr; WST_OSW_MEM_malloc(unsigned) &rArr;  WST_MEM::getMemory(unsigned) (Cycle)
</UL>
<BR>[Calls]<UL><LI><a href="#[101]">&gt;&gt;</a>&nbsp;&nbsp;&nbsp;WST_TSK::WST_TSK(char*, unsigned char, unsigned short, unsigned short, bool)
<LI><a href="#[179]">&gt;&gt;</a>&nbsp;&nbsp;&nbsp;__aeabi_atexit
</UL>
<BR>[Address Reference Count : 1]<UL><LI> wstrtos.o(.init_array)
</UL>
<P><STRONG><a name="[18a]"></a>delay_ms</STRONG> (Thumb, 38 bytes, Stack size 0 bytes, glcd_mcb1700.o(.text))
<BR><BR>[Called By]<UL><LI><a href="#[f3]">&gt;&gt;</a>&nbsp;&nbsp;&nbsp;GLCD_Initialize
<LI><a href="#[187]">&gt;&gt;</a>&nbsp;&nbsp;&nbsp;spi_tran_man
</UL>

<P><STRONG><a name="[187]"></a>spi_tran_man</STRONG> (Thumb, 132 bytes, Stack size 24 bytes, glcd_mcb1700.o(.text))
<BR><BR>[Stack]<UL><LI>Max Depth = 36<LI>Call Chain = spi_tran_man &rArr; GPIO_SetDir
</UL>
<BR>[Calls]<UL><LI><a href="#[188]">&gt;&gt;</a>&nbsp;&nbsp;&nbsp;GPIO_SetDir
<LI><a href="#[189]">&gt;&gt;</a>&nbsp;&nbsp;&nbsp;GPIO_PinWrite
<LI><a href="#[18b]">&gt;&gt;</a>&nbsp;&nbsp;&nbsp;GPIO_PinRead
<LI><a href="#[18a]">&gt;&gt;</a>&nbsp;&nbsp;&nbsp;delay_ms
</UL>
<BR>[Called By]<UL><LI><a href="#[191]">&gt;&gt;</a>&nbsp;&nbsp;&nbsp;rd_id_man
</UL>

<P><STRONG><a name="[18d]"></a>spi_tran</STRONG> (Thumb, 40 bytes, Stack size 16 bytes, glcd_mcb1700.o(.text))
<BR><BR>[Stack]<UL><LI>Max Depth = 16<LI>Call Chain = spi_tran
</UL>
<BR>[Called By]<UL><LI><a href="#[18e]">&gt;&gt;</a>&nbsp;&nbsp;&nbsp;rd_dat
<LI><a href="#[18c]">&gt;&gt;</a>&nbsp;&nbsp;&nbsp;wr_dat_start
</UL>

<P><STRONG><a name="[190]"></a>wr_cmd</STRONG> (Thumb, 70 bytes, Stack size 16 bytes, glcd_mcb1700.o(.text))
<BR><BR>[Stack]<UL><LI>Max Depth = 16<LI>Call Chain = wr_cmd
</UL>
<BR>[Called By]<UL><LI><a href="#[f8]">&gt;&gt;</a>&nbsp;&nbsp;&nbsp;GLCD_ClearScreen
<LI><a href="#[1a1]">&gt;&gt;</a>&nbsp;&nbsp;&nbsp;GLCD_DrawBitmap
<LI><a href="#[1a0]">&gt;&gt;</a>&nbsp;&nbsp;&nbsp;GLCD_DrawBargraph
<LI><a href="#[19f]">&gt;&gt;</a>&nbsp;&nbsp;&nbsp;GLCD_DrawChar
<LI><a href="#[19d]">&gt;&gt;</a>&nbsp;&nbsp;&nbsp;GLCD_DrawVLine
<LI><a href="#[19c]">&gt;&gt;</a>&nbsp;&nbsp;&nbsp;GLCD_DrawHLine
<LI><a href="#[19a]">&gt;&gt;</a>&nbsp;&nbsp;&nbsp;GLCD_DrawPixel
<LI><a href="#[18f]">&gt;&gt;</a>&nbsp;&nbsp;&nbsp;rd_reg
</UL>

<P><STRONG><a name="[19b]"></a>wr_dat</STRONG> (Thumb, 72 bytes, Stack size 16 bytes, glcd_mcb1700.o(.text), UNUSED)
<BR><BR>[Called By]<UL><LI><a href="#[19a]">&gt;&gt;</a>&nbsp;&nbsp;&nbsp;GLCD_DrawPixel
</UL>

<P><STRONG><a name="[18c]"></a>wr_dat_start</STRONG> (Thumb, 20 bytes, Stack size 8 bytes, glcd_mcb1700.o(.text))
<BR><BR>[Stack]<UL><LI>Max Depth = 24<LI>Call Chain = wr_dat_start &rArr; spi_tran
</UL>
<BR>[Calls]<UL><LI><a href="#[18d]">&gt;&gt;</a>&nbsp;&nbsp;&nbsp;spi_tran
</UL>
<BR>[Called By]<UL><LI><a href="#[f8]">&gt;&gt;</a>&nbsp;&nbsp;&nbsp;GLCD_ClearScreen
<LI><a href="#[1a1]">&gt;&gt;</a>&nbsp;&nbsp;&nbsp;GLCD_DrawBitmap
<LI><a href="#[1a0]">&gt;&gt;</a>&nbsp;&nbsp;&nbsp;GLCD_DrawBargraph
<LI><a href="#[19f]">&gt;&gt;</a>&nbsp;&nbsp;&nbsp;GLCD_DrawChar
<LI><a href="#[19d]">&gt;&gt;</a>&nbsp;&nbsp;&nbsp;GLCD_DrawVLine
<LI><a href="#[19c]">&gt;&gt;</a>&nbsp;&nbsp;&nbsp;GLCD_DrawHLine
</UL>

<P><STRONG><a name="[199]"></a>wr_dat_stop</STRONG> (Thumb, 14 bytes, Stack size 8 bytes, glcd_mcb1700.o(.text))
<BR><BR>[Stack]<UL><LI>Max Depth = 8<LI>Call Chain = wr_dat_stop
</UL>
<BR>[Called By]<UL><LI><a href="#[f8]">&gt;&gt;</a>&nbsp;&nbsp;&nbsp;GLCD_ClearScreen
<LI><a href="#[1a1]">&gt;&gt;</a>&nbsp;&nbsp;&nbsp;GLCD_DrawBitmap
<LI><a href="#[1a0]">&gt;&gt;</a>&nbsp;&nbsp;&nbsp;GLCD_DrawBargraph
<LI><a href="#[19f]">&gt;&gt;</a>&nbsp;&nbsp;&nbsp;GLCD_DrawChar
<LI><a href="#[19d]">&gt;&gt;</a>&nbsp;&nbsp;&nbsp;GLCD_DrawVLine
<LI><a href="#[19c]">&gt;&gt;</a>&nbsp;&nbsp;&nbsp;GLCD_DrawHLine
</UL>

<P><STRONG><a name="[198]"></a>wr_dat_only</STRONG> (Thumb, 46 bytes, Stack size 16 bytes, glcd_mcb1700.o(.text))
<BR><BR>[Stack]<UL><LI>Max Depth = 16<LI>Call Chain = wr_dat_only
</UL>
<BR>[Called By]<UL><LI><a href="#[f8]">&gt;&gt;</a>&nbsp;&nbsp;&nbsp;GLCD_ClearScreen
<LI><a href="#[1a1]">&gt;&gt;</a>&nbsp;&nbsp;&nbsp;GLCD_DrawBitmap
<LI><a href="#[1a0]">&gt;&gt;</a>&nbsp;&nbsp;&nbsp;GLCD_DrawBargraph
<LI><a href="#[19f]">&gt;&gt;</a>&nbsp;&nbsp;&nbsp;GLCD_DrawChar
<LI><a href="#[19d]">&gt;&gt;</a>&nbsp;&nbsp;&nbsp;GLCD_DrawVLine
<LI><a href="#[19c]">&gt;&gt;</a>&nbsp;&nbsp;&nbsp;GLCD_DrawHLine
</UL>

<P><STRONG><a name="[18e]"></a>rd_dat</STRONG> (Thumb, 64 bytes, Stack size 8 bytes, glcd_mcb1700.o(.text))
<BR><BR>[Stack]<UL><LI>Max Depth = 24<LI>Call Chain = rd_dat &rArr; spi_tran
</UL>
<BR>[Calls]<UL><LI><a href="#[18d]">&gt;&gt;</a>&nbsp;&nbsp;&nbsp;spi_tran
</UL>
<BR>[Called By]<UL><LI><a href="#[18f]">&gt;&gt;</a>&nbsp;&nbsp;&nbsp;rd_reg
</UL>

<P><STRONG><a name="[194]"></a>wr_reg</STRONG> (Thumb, 140 bytes, Stack size 24 bytes, glcd_mcb1700.o(.text))
<BR><BR>[Stack]<UL><LI>Max Depth = 24<LI>Call Chain = wr_reg
</UL>
<BR>[Called By]<UL><LI><a href="#[f3]">&gt;&gt;</a>&nbsp;&nbsp;&nbsp;GLCD_Initialize
<LI><a href="#[19a]">&gt;&gt;</a>&nbsp;&nbsp;&nbsp;GLCD_DrawPixel
<LI><a href="#[193]">&gt;&gt;</a>&nbsp;&nbsp;&nbsp;GLCD_SetWindow
</UL>

<P><STRONG><a name="[18f]"></a>rd_reg</STRONG> (Thumb, 16 bytes, Stack size 8 bytes, glcd_mcb1700.o(.text))
<BR><BR>[Stack]<UL><LI>Max Depth = 32<LI>Call Chain = rd_reg &rArr; rd_dat &rArr; spi_tran
</UL>
<BR>[Calls]<UL><LI><a href="#[18e]">&gt;&gt;</a>&nbsp;&nbsp;&nbsp;rd_dat
<LI><a href="#[190]">&gt;&gt;</a>&nbsp;&nbsp;&nbsp;wr_cmd
</UL>
<BR>[Called By]<UL><LI><a href="#[f3]">&gt;&gt;</a>&nbsp;&nbsp;&nbsp;GLCD_Initialize
</UL>

<P><STRONG><a name="[191]"></a>rd_id_man</STRONG> (Thumb, 196 bytes, Stack size 16 bytes, glcd_mcb1700.o(.text))
<BR><BR>[Stack]<UL><LI>Max Depth = 52<LI>Call Chain = rd_id_man &rArr; spi_tran_man &rArr; GPIO_SetDir
</UL>
<BR>[Calls]<UL><LI><a href="#[192]">&gt;&gt;</a>&nbsp;&nbsp;&nbsp;PIN_Configure
<LI><a href="#[188]">&gt;&gt;</a>&nbsp;&nbsp;&nbsp;GPIO_SetDir
<LI><a href="#[189]">&gt;&gt;</a>&nbsp;&nbsp;&nbsp;GPIO_PinWrite
<LI><a href="#[187]">&gt;&gt;</a>&nbsp;&nbsp;&nbsp;spi_tran_man
</UL>
<BR>[Called By]<UL><LI><a href="#[f3]">&gt;&gt;</a>&nbsp;&nbsp;&nbsp;GLCD_Initialize
</UL>

<P><STRONG><a name="[1b3]"></a>GetSSPClockFreq</STRONG> (Thumb, 64 bytes, Stack size 12 bytes, ssp_lpc17xx.o(.text))
<BR><BR>[Stack]<UL><LI>Max Depth = 12<LI>Call Chain = GetSSPClockFreq
</UL>
<BR>[Called By]<UL><LI><a href="#[1b2]">&gt;&gt;</a>&nbsp;&nbsp;&nbsp;SSPx_Control
</UL>

<P><STRONG><a name="[68]"></a>SSP_GetVersion</STRONG> (Thumb, 10 bytes, Stack size 8 bytes, ssp_lpc17xx.o(.text))
<BR><BR>[Stack]<UL><LI>Max Depth = 8<LI>Call Chain = SSP_GetVersion
</UL>
<BR>[Address Reference Count : 1]<UL><LI> ssp_lpc17xx.o(.constdata)
</UL>
<P><STRONG><a name="[69]"></a>SSP_GetCapabilities</STRONG> (Thumb, 6 bytes, Stack size 0 bytes, ssp_lpc17xx.o(.text))
<BR>[Address Reference Count : 1]<UL><LI> ssp_lpc17xx.o(.constdata)
</UL>
<P><STRONG><a name="[1a4]"></a>SSPx_Initialize</STRONG> (Thumb, 168 bytes, Stack size 16 bytes, ssp_lpc17xx.o(.text))
<BR><BR>[Stack]<UL><LI>Max Depth = 40<LI>Call Chain = SSPx_Initialize &rArr; PIN_Configure
</UL>
<BR>[Calls]<UL><LI><a href="#[192]">&gt;&gt;</a>&nbsp;&nbsp;&nbsp;PIN_Configure
<LI><a href="#[1a6]">&gt;&gt;</a>&nbsp;&nbsp;&nbsp;GPDMA_PeripheralSelect
<LI><a href="#[1a5]">&gt;&gt;</a>&nbsp;&nbsp;&nbsp;GPDMA_Initialize
<LI><a href="#[174]">&gt;&gt;</a>&nbsp;&nbsp;&nbsp;__aeabi_memclr4
</UL>
<BR>[Called By]<UL><LI><a href="#[6a]">&gt;&gt;</a>&nbsp;&nbsp;&nbsp;SSP1_Initialize
</UL>

<P><STRONG><a name="[1a7]"></a>SSPx_Uninitialize</STRONG> (Thumb, 112 bytes, Stack size 16 bytes, ssp_lpc17xx.o(.text))
<BR><BR>[Stack]<UL><LI>Max Depth = 40<LI>Call Chain = SSPx_Uninitialize &rArr; PIN_Configure
</UL>
<BR>[Calls]<UL><LI><a href="#[192]">&gt;&gt;</a>&nbsp;&nbsp;&nbsp;PIN_Configure
<LI><a href="#[1a8]">&gt;&gt;</a>&nbsp;&nbsp;&nbsp;GPDMA_Uninitialize
</UL>
<BR>[Called By]<UL><LI><a href="#[6b]">&gt;&gt;</a>&nbsp;&nbsp;&nbsp;SSP1_Uninitialize
</UL>

<P><STRONG><a name="[1a9]"></a>SSPx_PowerControl</STRONG> (Thumb, 430 bytes, Stack size 16 bytes, ssp_lpc17xx.o(.text))
<BR><BR>[Stack]<UL><LI>Max Depth = 24<LI>Call Chain = SSPx_PowerControl &rArr; GPDMA_ChannelDisable
</UL>
<BR>[Calls]<UL><LI><a href="#[1ab]">&gt;&gt;</a>&nbsp;&nbsp;&nbsp;__NVIC_ClearPendingIRQ
<LI><a href="#[1aa]">&gt;&gt;</a>&nbsp;&nbsp;&nbsp;GPDMA_ChannelDisable
<LI><a href="#[174]">&gt;&gt;</a>&nbsp;&nbsp;&nbsp;__aeabi_memclr4
</UL>
<BR>[Called By]<UL><LI><a href="#[6c]">&gt;&gt;</a>&nbsp;&nbsp;&nbsp;SSP1_PowerControl
</UL>

<P><STRONG><a name="[1ac]"></a>SSPx_Send</STRONG> (Thumb, 356 bytes, Stack size 32 bytes, ssp_lpc17xx.o(.text))
<BR><BR>[Stack]<UL><LI>Max Depth = 80<LI>Call Chain = SSPx_Send &rArr; GPDMA_ChannelConfigure &rArr; Set_Channel_active_flag
</UL>
<BR>[Calls]<UL><LI><a href="#[1ad]">&gt;&gt;</a>&nbsp;&nbsp;&nbsp;GPDMA_ChannelConfigure
</UL>
<BR>[Called By]<UL><LI><a href="#[6d]">&gt;&gt;</a>&nbsp;&nbsp;&nbsp;SSP1_Send
</UL>

<P><STRONG><a name="[1ae]"></a>SSPx_Receive</STRONG> (Thumb, 344 bytes, Stack size 32 bytes, ssp_lpc17xx.o(.text))
<BR><BR>[Stack]<UL><LI>Max Depth = 80<LI>Call Chain = SSPx_Receive &rArr; GPDMA_ChannelConfigure &rArr; Set_Channel_active_flag
</UL>
<BR>[Calls]<UL><LI><a href="#[1ad]">&gt;&gt;</a>&nbsp;&nbsp;&nbsp;GPDMA_ChannelConfigure
</UL>
<BR>[Called By]<UL><LI><a href="#[6e]">&gt;&gt;</a>&nbsp;&nbsp;&nbsp;SSP1_Receive
</UL>

<P><STRONG><a name="[1af]"></a>SSPx_Transfer</STRONG> (Thumb, 338 bytes, Stack size 32 bytes, ssp_lpc17xx.o(.text))
<BR><BR>[Stack]<UL><LI>Max Depth = 80<LI>Call Chain = SSPx_Transfer &rArr; GPDMA_ChannelConfigure &rArr; Set_Channel_active_flag
</UL>
<BR>[Calls]<UL><LI><a href="#[1ad]">&gt;&gt;</a>&nbsp;&nbsp;&nbsp;GPDMA_ChannelConfigure
</UL>
<BR>[Called By]<UL><LI><a href="#[6f]">&gt;&gt;</a>&nbsp;&nbsp;&nbsp;SSP1_Transfer
</UL>

<P><STRONG><a name="[1b0]"></a>SSPx_GetDataCount</STRONG> (Thumb, 44 bytes, Stack size 16 bytes, ssp_lpc17xx.o(.text))
<BR><BR>[Stack]<UL><LI>Max Depth = 16<LI>Call Chain = SSPx_GetDataCount
</UL>
<BR>[Calls]<UL><LI><a href="#[1b1]">&gt;&gt;</a>&nbsp;&nbsp;&nbsp;GPDMA_ChannelGetCount
</UL>
<BR>[Called By]<UL><LI><a href="#[70]">&gt;&gt;</a>&nbsp;&nbsp;&nbsp;SSP1_GetDataCount
</UL>

<P><STRONG><a name="[1b2]"></a>SSPx_Control</STRONG> (Thumb, 1314 bytes, Stack size 56 bytes, ssp_lpc17xx.o(.text))
<BR><BR>[Stack]<UL><LI>Max Depth = 80<LI>Call Chain = SSPx_Control &rArr; PIN_Configure
</UL>
<BR>[Calls]<UL><LI><a href="#[1b3]">&gt;&gt;</a>&nbsp;&nbsp;&nbsp;GetSSPClockFreq
<LI><a href="#[192]">&gt;&gt;</a>&nbsp;&nbsp;&nbsp;PIN_Configure
<LI><a href="#[188]">&gt;&gt;</a>&nbsp;&nbsp;&nbsp;GPIO_SetDir
<LI><a href="#[189]">&gt;&gt;</a>&nbsp;&nbsp;&nbsp;GPIO_PinWrite
<LI><a href="#[1aa]">&gt;&gt;</a>&nbsp;&nbsp;&nbsp;GPDMA_ChannelDisable
<LI><a href="#[174]">&gt;&gt;</a>&nbsp;&nbsp;&nbsp;__aeabi_memclr4
</UL>
<BR>[Called By]<UL><LI><a href="#[71]">&gt;&gt;</a>&nbsp;&nbsp;&nbsp;SSP1_Control
</UL>

<P><STRONG><a name="[1b4]"></a>SSPx_GetStatus</STRONG> (Thumb, 90 bytes, Stack size 12 bytes, ssp_lpc17xx.o(.text))
<BR><BR>[Stack]<UL><LI>Max Depth = 12<LI>Call Chain = SSPx_GetStatus
</UL>
<BR>[Called By]<UL><LI><a href="#[72]">&gt;&gt;</a>&nbsp;&nbsp;&nbsp;SSP1_GetStatus
</UL>

<P><STRONG><a name="[1b7]"></a>SSPx_IRQHandler</STRONG> (Thumb, 260 bytes, Stack size 16 bytes, ssp_lpc17xx.o(.text))
<BR><BR>[Stack]<UL><LI>Max Depth = 16<LI>Call Chain = SSPx_IRQHandler
</UL>
<BR>[Called By]<UL><LI><a href="#[2b]">&gt;&gt;</a>&nbsp;&nbsp;&nbsp;SSP1_IRQHandler
</UL>

<P><STRONG><a name="[6a]"></a>SSP1_Initialize</STRONG> (Thumb, 14 bytes, Stack size 8 bytes, ssp_lpc17xx.o(.text))
<BR><BR>[Stack]<UL><LI>Max Depth = 48<LI>Call Chain = SSP1_Initialize &rArr; SSPx_Initialize &rArr; PIN_Configure
</UL>
<BR>[Calls]<UL><LI><a href="#[1a4]">&gt;&gt;</a>&nbsp;&nbsp;&nbsp;SSPx_Initialize
</UL>
<BR>[Address Reference Count : 1]<UL><LI> ssp_lpc17xx.o(.constdata)
</UL>
<P><STRONG><a name="[6b]"></a>SSP1_Uninitialize</STRONG> (Thumb, 10 bytes, Stack size 8 bytes, ssp_lpc17xx.o(.text))
<BR><BR>[Stack]<UL><LI>Max Depth = 48<LI>Call Chain = SSP1_Uninitialize &rArr; SSPx_Uninitialize &rArr; PIN_Configure
</UL>
<BR>[Calls]<UL><LI><a href="#[1a7]">&gt;&gt;</a>&nbsp;&nbsp;&nbsp;SSPx_Uninitialize
</UL>
<BR>[Address Reference Count : 1]<UL><LI> ssp_lpc17xx.o(.constdata)
</UL>
<P><STRONG><a name="[6c]"></a>SSP1_PowerControl</STRONG> (Thumb, 14 bytes, Stack size 8 bytes, ssp_lpc17xx.o(.text))
<BR><BR>[Stack]<UL><LI>Max Depth = 32<LI>Call Chain = SSP1_PowerControl &rArr; SSPx_PowerControl &rArr; GPDMA_ChannelDisable
</UL>
<BR>[Calls]<UL><LI><a href="#[1a9]">&gt;&gt;</a>&nbsp;&nbsp;&nbsp;SSPx_PowerControl
</UL>
<BR>[Address Reference Count : 1]<UL><LI> ssp_lpc17xx.o(.constdata)
</UL>
<P><STRONG><a name="[6d]"></a>SSP1_Send</STRONG> (Thumb, 18 bytes, Stack size 16 bytes, ssp_lpc17xx.o(.text))
<BR><BR>[Stack]<UL><LI>Max Depth = 96<LI>Call Chain = SSP1_Send &rArr; SSPx_Send &rArr; GPDMA_ChannelConfigure &rArr; Set_Channel_active_flag
</UL>
<BR>[Calls]<UL><LI><a href="#[1ac]">&gt;&gt;</a>&nbsp;&nbsp;&nbsp;SSPx_Send
</UL>
<BR>[Address Reference Count : 1]<UL><LI> ssp_lpc17xx.o(.constdata)
</UL>
<P><STRONG><a name="[6e]"></a>SSP1_Receive</STRONG> (Thumb, 18 bytes, Stack size 16 bytes, ssp_lpc17xx.o(.text))
<BR><BR>[Stack]<UL><LI>Max Depth = 96<LI>Call Chain = SSP1_Receive &rArr; SSPx_Receive &rArr; GPDMA_ChannelConfigure &rArr; Set_Channel_active_flag
</UL>
<BR>[Calls]<UL><LI><a href="#[1ae]">&gt;&gt;</a>&nbsp;&nbsp;&nbsp;SSPx_Receive
</UL>
<BR>[Address Reference Count : 1]<UL><LI> ssp_lpc17xx.o(.constdata)
</UL>
<P><STRONG><a name="[6f]"></a>SSP1_Transfer</STRONG> (Thumb, 22 bytes, Stack size 16 bytes, ssp_lpc17xx.o(.text))
<BR><BR>[Stack]<UL><LI>Max Depth = 96<LI>Call Chain = SSP1_Transfer &rArr; SSPx_Transfer &rArr; GPDMA_ChannelConfigure &rArr; Set_Channel_active_flag
</UL>
<BR>[Calls]<UL><LI><a href="#[1af]">&gt;&gt;</a>&nbsp;&nbsp;&nbsp;SSPx_Transfer
</UL>
<BR>[Address Reference Count : 1]<UL><LI> ssp_lpc17xx.o(.constdata)
</UL>
<P><STRONG><a name="[70]"></a>SSP1_GetDataCount</STRONG> (Thumb, 10 bytes, Stack size 8 bytes, ssp_lpc17xx.o(.text))
<BR><BR>[Stack]<UL><LI>Max Depth = 24<LI>Call Chain = SSP1_GetDataCount &rArr; SSPx_GetDataCount
</UL>
<BR>[Calls]<UL><LI><a href="#[1b0]">&gt;&gt;</a>&nbsp;&nbsp;&nbsp;SSPx_GetDataCount
</UL>
<BR>[Address Reference Count : 1]<UL><LI> ssp_lpc17xx.o(.constdata)
</UL>
<P><STRONG><a name="[71]"></a>SSP1_Control</STRONG> (Thumb, 18 bytes, Stack size 16 bytes, ssp_lpc17xx.o(.text))
<BR><BR>[Stack]<UL><LI>Max Depth = 96<LI>Call Chain = SSP1_Control &rArr; SSPx_Control &rArr; PIN_Configure
</UL>
<BR>[Calls]<UL><LI><a href="#[1b2]">&gt;&gt;</a>&nbsp;&nbsp;&nbsp;SSPx_Control
</UL>
<BR>[Address Reference Count : 1]<UL><LI> ssp_lpc17xx.o(.constdata)
</UL>
<P><STRONG><a name="[72]"></a>SSP1_GetStatus</STRONG> (Thumb, 12 bytes, Stack size 8 bytes, ssp_lpc17xx.o(.text))
<BR><BR>[Stack]<UL><LI>Max Depth = 20<LI>Call Chain = SSP1_GetStatus &rArr; SSPx_GetStatus
</UL>
<BR>[Calls]<UL><LI><a href="#[1b4]">&gt;&gt;</a>&nbsp;&nbsp;&nbsp;SSPx_GetStatus
</UL>
<BR>[Address Reference Count : 1]<UL><LI> ssp_lpc17xx.o(.constdata)
</UL>
<P><STRONG><a name="[1ab]"></a>__NVIC_ClearPendingIRQ</STRONG> (Thumb, 22 bytes, Stack size 0 bytes, ssp_lpc17xx.o(.text))
<BR><BR>[Called By]<UL><LI><a href="#[1a9]">&gt;&gt;</a>&nbsp;&nbsp;&nbsp;SSPx_PowerControl
</UL>

<P><STRONG><a name="[1b9]"></a>Set_Channel_active_flag</STRONG> (Thumb, 50 bytes, Stack size 8 bytes, gpdma_lpc17xx.o(.text))
<BR><BR>[Stack]<UL><LI>Max Depth = 8<LI>Call Chain = Set_Channel_active_flag
</UL>
<BR>[Called By]<UL><LI><a href="#[1bb]">&gt;&gt;</a>&nbsp;&nbsp;&nbsp;GPDMA_ChannelEnable
<LI><a href="#[1ad]">&gt;&gt;</a>&nbsp;&nbsp;&nbsp;GPDMA_ChannelConfigure
</UL>

<P><STRONG><a name="[1b8]"></a>__NVIC_ClearPendingIRQ</STRONG> (Thumb, 22 bytes, Stack size 0 bytes, gpdma_lpc17xx.o(.text))
<BR><BR>[Called By]<UL><LI><a href="#[1a8]">&gt;&gt;</a>&nbsp;&nbsp;&nbsp;GPDMA_Uninitialize
<LI><a href="#[1a5]">&gt;&gt;</a>&nbsp;&nbsp;&nbsp;GPDMA_Initialize
</UL>

<P><STRONG><a name="[1ba]"></a>Clear_Channel_active_flag</STRONG> (Thumb, 28 bytes, Stack size 0 bytes, gpdma_lpc17xx.o(.text))
<BR><BR>[Called By]<UL><LI><a href="#[36]">&gt;&gt;</a>&nbsp;&nbsp;&nbsp;DMA_IRQHandler
<LI><a href="#[1aa]">&gt;&gt;</a>&nbsp;&nbsp;&nbsp;GPDMA_ChannelDisable
<LI><a href="#[1ad]">&gt;&gt;</a>&nbsp;&nbsp;&nbsp;GPDMA_ChannelConfigure
</UL>

<P><STRONG><a name="[233]"></a>rt_id2obj</STRONG> (Thumb, 8 bytes, Stack size 0 bytes, rt_cmsis.o(i.rt_id2obj))
<BR><BR>[Called By]<UL><LI><a href="#[61]">&gt;&gt;</a>&nbsp;&nbsp;&nbsp;svcTimerStart
<LI><a href="#[5f]">&gt;&gt;</a>&nbsp;&nbsp;&nbsp;svcTimerCall
<LI><a href="#[5b]">&gt;&gt;</a>&nbsp;&nbsp;&nbsp;svcMutexWait
<LI><a href="#[5a]">&gt;&gt;</a>&nbsp;&nbsp;&nbsp;svcMutexRelease
<LI><a href="#[59]">&gt;&gt;</a>&nbsp;&nbsp;&nbsp;svcMutexDelete
</UL>

<P><STRONG><a name="[230]"></a>rt_ms2tick</STRONG> (Thumb, 58 bytes, Stack size 0 bytes, rt_cmsis.o(i.rt_ms2tick))
<BR><BR>[Called By]<UL><LI><a href="#[5b]">&gt;&gt;</a>&nbsp;&nbsp;&nbsp;svcMutexWait
<LI><a href="#[57]">&gt;&gt;</a>&nbsp;&nbsp;&nbsp;svcMessagePut
<LI><a href="#[56]">&gt;&gt;</a>&nbsp;&nbsp;&nbsp;svcMessageGet
<LI><a href="#[51]">&gt;&gt;</a>&nbsp;&nbsp;&nbsp;svcDelay
</UL>

<P><STRONG><a name="[236]"></a>rt_tid2ptcb</STRONG> (Thumb, 18 bytes, Stack size 0 bytes, rt_cmsis.o(i.rt_tid2ptcb))
<BR><BR>[Called By]<UL><LI><a href="#[5e]">&gt;&gt;</a>&nbsp;&nbsp;&nbsp;svcThreadTerminate
</UL>

<P><STRONG><a name="[238]"></a>rt_timer_insert</STRONG> (Thumb, 48 bytes, Stack size 12 bytes, rt_cmsis.o(i.rt_timer_insert))
<BR><BR>[Stack]<UL><LI>Max Depth = 12<LI>Call Chain = rt_timer_insert
</UL>
<BR>[Called By]<UL><LI><a href="#[22a]">&gt;&gt;</a>&nbsp;&nbsp;&nbsp;sysTimerTick
<LI><a href="#[61]">&gt;&gt;</a>&nbsp;&nbsp;&nbsp;svcTimerStart
</UL>

<P><STRONG><a name="[237]"></a>rt_timer_remove</STRONG> (Thumb, 56 bytes, Stack size 0 bytes, rt_cmsis.o(i.rt_timer_remove))
<BR><BR>[Called By]<UL><LI><a href="#[61]">&gt;&gt;</a>&nbsp;&nbsp;&nbsp;svcTimerStart
</UL>

<P><STRONG><a name="[21a]"></a>rt_init_context</STRONG> (Thumb, 66 bytes, Stack size 16 bytes, rt_task.o(i.rt_init_context))
<BR><BR>[Stack]<UL><LI>Max Depth = 32<LI>Call Chain = rt_init_context &rArr; rt_init_stack
</UL>
<BR>[Calls]<UL><LI><a href="#[3f]">&gt;&gt;</a>&nbsp;&nbsp;&nbsp;rt_alloc_box
<LI><a href="#[21b]">&gt;&gt;</a>&nbsp;&nbsp;&nbsp;rt_init_stack
</UL>
<BR>[Called By]<UL><LI><a href="#[22b]">&gt;&gt;</a>&nbsp;&nbsp;&nbsp;rt_tsk_create
<LI><a href="#[225]">&gt;&gt;</a>&nbsp;&nbsp;&nbsp;rt_sys_init
</UL>

<P><STRONG><a name="[1c7]"></a>Heap1_SizeAdjust</STRONG> (Thumb, 8 bytes, Stack size 0 bytes, h1_alloc_mt.o(.text))
<BR><BR>[Called By]<UL><LI><a href="#[1c6]">&gt;&gt;</a>&nbsp;&nbsp;&nbsp;_malloc_internal
</UL>

<P><STRONG><a name="[4c]"></a>_printf_input_char</STRONG> (Thumb, 10 bytes, Stack size 0 bytes, _printf_char_common.o(.text))
<BR>[Address Reference Count : 1]<UL><LI> _printf_char_common.o(.text)
</UL>
<P><STRONG><a name="[4d]"></a>[local to arm_exceptions_c]::__default_terminate_handler()</STRONG> (Thumb, 6 bytes, Stack size 8 bytes, arm_exceptions_globs.o(.text))
<BR><BR>[Stack]<UL><LI>Max Depth = 56 + Unknown Stack Size
<LI>Call Chain = [local to arm_exceptions_c]::__default_terminate_handler() &rArr; abort &rArr; __rt_SIGABRT &rArr; __rt_SIGABRT_inner &rArr; __default_signal_display &rArr; _ttywrch
</UL>
<BR>[Calls]<UL><LI><a href="#[1d6]">&gt;&gt;</a>&nbsp;&nbsp;&nbsp;abort
</UL>
<BR>[Address Reference Count : 1]<UL><LI> arm_exceptions_globs.o(.text)
</UL><P>
<H3>
Undefined Global Symbols
</H3><HR></body></html>
