Component: ARM Compiler 5.06 update 4 (build 422) Tool: armlink [4d35d2]

==============================================================================

Section Cross References

    defaultpkg.o(.text) refers to defaultpkg.o(CODE_RXF_RUNNING_FAST) for WST_EVT::WST_EVT()
    defaultpkg.o(.text) refers to defaultpkg.o(.constdata__ZTV8evToggle) for vtable for evToggle
    defaultpkg.o(.text) refers to defaultpkg.o(.constdata__ZTV4evOn) for vtable for evOn
    defaultpkg.o(.text) refers to defaultpkg.o(.constdata__ZTV5evOff) for vtable for evOff
    defaultpkg.o(.text) refers to defaultpkg.o(.constdata__ZTV14evReceivedData) for vtable for evReceivedData
    defaultpkg.o(.text) refers to defaultpkg.o(.constdata__ZTV21evNewJoystickPosition) for vtable for evNewJoystickPosition
    defaultpkg.o(.text) refers to defaultpkg.o(.constdata__ZTV7evBlink) for vtable for evBlink
    defaultpkg.o(.ARM.exidx) refers to defaultpkg.o(.text) for .text
    display.o(.text) refers to _printf_percent.o(.ARM.Collect$$_printf_percent$$00000000) for _printf_percent
    display.o(.text) refers to _printf_s.o(.ARM.Collect$$_printf_percent$$00000014) for _printf_s
    display.o(.text) refers to _printf_str.o(.text) for _printf_str
    display.o(.text) refers to wst_fsm.o(.text) for WST_FSM::WST_FSM()
    display.o(.text) refers to glcd_mcb1700.o(.text) for GLCD_Initialize
    display.o(.text) refers to strcmpv7m.o(.text) for strcmp
    display.o(.text) refers to noretval__2sprintf.o(.text) for __2sprintf
    display.o(.text) refers to wstmonitor.o(CODE_ANIM_RUNNING_FAST) for WSTMonitor_sendInit(void*, unsigned short, void*)
    display.o(.text) refers to wst_mem.o(.text) for WST_MEM::returnMemory(void*)
    display.o(.text) refers to display.o(.constdata__ZTV7Display) for vtable for Display
    display.o(.text) refers to glcd_fonts.o(.constdata) for GLCD_Font_16x24
    display.o(.ARM.exidx) refers to display.o(.text) for .text
    joystick.o(.text) refers to wst_tsk.o(.text) for WST_TSK::WST_TSK(char*, unsigned char, unsigned short, unsigned short, bool)
    joystick.o(.text) refers to wst_fsm.o(.text) for WST_FSM::WST_FSM()
    joystick.o(.text) refers to wstmonitor.o(CODE_ANIM_RUNNING_FAST) for WSTMonitor_sendInit(void*, unsigned short, void*)
    joystick.o(.text) refers to wst_mem.o(.text) for WST_MEM::returnMemory(void*)
    joystick.o(.text) refers to joystick.o(.constdata__ZTV8Joystick) for vtable for Joystick
    joystick.o(.ARM.exidx) refers to joystick.o(.text) for .text
    led.o(.text) refers to wst_fsm.o(.text) for WST_FSM::WST_FSM()
    led.o(.text) refers to wstmonitor.o(CODE_ANIM_RUNNING_FAST) for WSTMonitor_sendInit(void*, unsigned short, void*)
    led.o(.text) refers to wst_mem.o(.text) for WST_MEM::returnMemory(void*)
    led.o(.text) refers to led.o(.constdata__ZTV3Led) for vtable for Led
    led.o(.ARM.exidx) refers to led.o(.text) for .text
    ledbar.o(.text) refers to led.o(.text) for Led::Led(WST_TSK*)
    ledbar.o(.text) refers to wst_fsm.o(.text) for WST_FSM::setTask(WST_TSK*, bool)
    ledbar.o(.text) refers to aeabi_vec_ctor_nocookie_nodtor.o(i.__aeabi_vec_ctor_nocookie_nodtor) for __aeabi_vec_ctor_nocookie_nodtor
    ledbar.o(.text) refers to wstmonitor.o(CODE_ANIM_RUNNING_FAST) for WSTMonitor_sendInit(void*, unsigned short, void*)
    ledbar.o(.text) refers to aeabi_vec_dtor_noexceptions.o(.text) for __aeabi_vec_dtor
    ledbar.o(.text) refers to wst_mem.o(.text) for WST_MEM::returnMemory(void*)
    ledbar.o(.text) refers to defaultpkg.o(.text) for evToggle::evToggle()
    ledbar.o(.text) refers to ledbar.o(.constdata__ZTV6LedBar) for vtable for LedBar
    ledbar.o(.ARM.exidx) refers to ledbar.o(.text) for .text
    mainmcb1700.o(.text) refers to wst_rxf.o(.text) for WST_RXF::initialize()
    mainmcb1700.o(.text) refers to wst_mem.o(.text) for WST_MEM::getMemory(unsigned)
    mainmcb1700.o(.text) refers to testbuilder.o(.text) for TestBuilder::TestBuilder(WST_TSK*)
    mainmcb1700.o(.ARM.exidx) refers to mainmcb1700.o(.text) for .text
    runningindicatorled.o(.text) refers to wst_tsk.o(.text) for WST_TSK::WST_TSK(char*, unsigned char, unsigned short, unsigned short, bool)
    runningindicatorled.o(.text) refers to wst_fsm.o(.text) for WST_FSM::WST_FSM()
    runningindicatorled.o(.text) refers to wstmonitor.o(CODE_ANIM_RUNNING_FAST) for WSTMonitor_sendInit(void*, unsigned short, void*)
    runningindicatorled.o(.text) refers to wst_mem.o(.text) for WST_MEM::returnMemory(void*)
    runningindicatorled.o(.text) refers to defaultpkg.o(.text) for evOff::evOff()
    runningindicatorled.o(.text) refers to runningindicatorled.o(.constdata__ZTV19RunningIndicatorLed) for vtable for RunningIndicatorLed
    runningindicatorled.o(.ARM.exidx) refers to runningindicatorled.o(.text) for .text
    testbuilder.o(.text) refers to runningindicatorled.o(.text) for RunningIndicatorLed::setItsLed(Led*)
    testbuilder.o(.text) refers to joystick.o(.text) for Joystick::setItsUartController(UartController*)
[...]
    WST_MTX::WST_MTX__sub_object()           0x00002251   Thumb Code     0  wst_mtx.o(.text)
    WST_MTX::WST_MTX(const WST_MTX*)         0x00002263   Thumb Code    18  wst_mtx.o(.text)
    WST_MTX::WST_MTX__sub_object(const WST_MTX*) 0x00002263   Thumb Code     0  wst_mtx.o(.text)
    WST_MTX::~WST_MTX()                      0x00002275   Thumb Code    26  wst_mtx.o(.text)
    WST_MTX::~WST_MTX__sub_object()          0x00002275   Thumb Code     0  wst_mtx.o(.text)
    WST_MTX::WST_MTX_enterCriticalRegion()   0x0000228f   Thumb Code    12  wst_mtx.o(.text)
    WST_MTX::WST_MTX_exitCriticalRegion()    0x0000229b   Thumb Code    12  wst_mtx.o(.text)
    WST_MTX::WST_MTX_getRtosMutex()          0x000022a7   Thumb Code     2  wst_mtx.o(.text)
    WST_MTX_inUse::WST_MTX_inUse(const WST_MTX*) 0x000022a9   Thumb Code    54  wst_mtx.o(.text)
    WST_MTX_inUse::WST_MTX_inUse__sub_object(const WST_MTX*) 0x000022a9   Thumb Code     0  wst_mtx.o(.text)
    WST_MTX_inUse::~WST_MTX_inUse()          0x000022df   Thumb Code    22  wst_mtx.o(.text)
    WST_MTX_inUse::~WST_MTX_inUse__sub_object() 0x000022df   Thumb Code     0  wst_mtx.o(.text)
    WST_RXF::WST_RXF()                       0x000022f5   Thumb Code     2  wst_rxf.o(.text)
    WST_RXF::WST_RXF__sub_object()           0x000022f5   Thumb Code     0  wst_rxf.o(.text)
    WST_RXF::~WST_RXF()                      0x000022f7   Thumb Code     2  wst_rxf.o(.text)
    WST_RXF::~WST_RXF__sub_object()          0x000022f7   Thumb Code     0  wst_rxf.o(.text)
    WST_RXF::initialize()                    0x000022f9   Thumb Code    10  wst_rxf.o(.text)
    WST_RXF::start()                         0x00002303   Thumb Code    10  wst_rxf.o(.text)
    WST_TMM::WST_TMM()                       0x00002311   Thumb Code    24  wst_tmm.o(.text)
    WST_TMM::WST_TMM__sub_object()           0x00002311   Thumb Code     0  wst_tmm.o(.text)
    WST_TMM::WSTTimeToTicks(unsigned)        0x00002329   Thumb Code    14  wst_tmm.o(.text)
    WST_TMM::stop(WST_TMR*)                  0x00002337   Thumb Code   110  wst_tmm.o(.text)
    WST_TMM::cancelEvents(WST_FSM*)          0x000023a5   Thumb Code   102  wst_tmm.o(.text)
    WST_TMM::getExpiredTimeout()             0x0000240b   Thumb Code    56  wst_tmm.o(.text)
    WST_TMM::tick(short)                     0x00002443   Thumb Code    82  wst_tmm.o(.text)
    WST_TMM::processTimeouts()               0x00002495   Thumb Code    88  wst_tmm.o(.text)
    WST_TMM::start(unsigned, WST_FSM*)       0x000024ed   Thumb Code   234  wst_tmm.o(.text)
    WST_TMM::initMutex()                     0x000025d7   Thumb Code    24  wst_tmm.o(.text)
    WST_TMR::operator delete (void*)         0x0000260d   Thumb Code    26  wst_tmr.o(.text)
    WST_TMR::operator new(unsigned)          0x00002627   Thumb Code    52  wst_tmr.o(.text)
    WST_TMR::cancel()                        0x0000265b   Thumb Code    18  wst_tmr.o(.text)
    WST_TMR::initTimeoutLists()              0x0000266d   Thumb Code    52  wst_tmr.o(.text)
    WST_TSK::WST_TSK(char*, unsigned char, unsigned short, unsigned short, bool) 0x000026e9   Thumb Code    86  wst_tsk.o(.text)
    WST_TSK::WST_TSK__sub_object(char*, unsigned char, unsigned short, unsigned short, bool) 0x000026e9   Thumb Code     0  wst_tsk.o(.text)
    WST_TSK::WST_TSK(unsigned char*, void*, unsigned char, unsigned short, unsigned short, bool) 0x0000273f   Thumb Code    86  wst_tsk.o(.text)
    WST_TSK::WST_TSK__sub_object(unsigned char*, void*, unsigned char, unsigned short, unsigned short, bool) 0x0000273f   Thumb Code     0  wst_tsk.o(.text)
    WST_TSK::cleanUpRelations()              0x00002795   Thumb Code    40  wst_tsk.o(.text)
    WST_TSK::~WST_TSK()                      0x000027bd   Thumb Code    36  wst_tsk.o(.text)
    WST_TSK::~WST_TSK__sub_object()          0x000027bd   Thumb Code     0  wst_tsk.o(.text)
    WST_TSK::~WST_TSK__deallocating()        0x000027e1   Thumb Code    18  wst_tsk.o(.text)
    WST_TSK::execute()                       0x000027f3   Thumb Code   120  wst_tsk.o(.text)
    WST_TSK::executeOnce()                   0x0000286b   Thumb Code   102  wst_tsk.o(.text)
    WST_TSK::endDispatching()                0x000028d1   Thumb Code    12  wst_tsk.o(.text)
    WST_TSK::task_start(void*)               0x000028dd   Thumb Code     8  wst_tsk.o(.text)
    WST_TSK::startDispatching()              0x000028e5   Thumb Code    12  wst_tsk.o(.text)
    WST_TSK::suspend()                       0x000028f1   Thumb Code    12  wst_tsk.o(.text)
    WST_TSK::resume()                        0x000028fd   Thumb Code    12  wst_tsk.o(.text)
    WST_TSK::startTaskAfterOSStart()         0x00002909   Thumb Code    38  wst_tsk.o(.text)
    WSTMonitor_IO_Init                       0x00002951   Thumb Code    20  wstmonitorio_keil_cortexm3_itm.o(.text)
    WSTMonitor_IO_PutByte                    0x00002965   Thumb Code    30  wstmonitorio_keil_cortexm3_itm.o(.text)
    WSTMonitor_IO_GetByte                    0x00002983   Thumb Code    36  wstmonitorio_keil_cortexm3_itm.o(.text)
    WSTMonitorIO_receiveIncomingData         0x000029a7   Thumb Code    18  wstmonitorio_keil_cortexm3_itm.o(.text)
    GLCD_SetWindow                           0x00002d59   Thumb Code   184  glcd_mcb1700.o(.text)
    GLCD_WindowMax                           0x00002e11   Thumb Code    18  glcd_mcb1700.o(.text)
    GLCD_Initialize                          0x00002e23   Thumb Code  1462  glcd_mcb1700.o(.text)
    GLCD_Uninitialize                        0x000033d9   Thumb Code    30  glcd_mcb1700.o(.text)
    GLCD_SetForegroundColor                  0x000033f7   Thumb Code    10  glcd_mcb1700.o(.text)
    GLCD_SetBackgroundColor                  0x00003401   Thumb Code    10  glcd_mcb1700.o(.text)
    GLCD_ClearScreen                         0x0000340b   Thumb Code    44  glcd_mcb1700.o(.text)
    GLCD_SetFont                             0x00003437   Thumb Code    10  glcd_mcb1700.o(.text)
    GLCD_DrawPixel                           0x00003441   Thumb Code   120  glcd_mcb1700.o(.text)
    GLCD_DrawHLine                           0x000034b9   Thumb Code    56  glcd_mcb1700.o(.text)
    GLCD_DrawVLine                           0x000034f1   Thumb Code    56  glcd_mcb1700.o(.text)
    GLCD_DrawRectangle                       0x00003529   Thumb Code    58  glcd_mcb1700.o(.text)
    GLCD_DrawChar                            0x00003563   Thumb Code   194  glcd_mcb1700.o(.text)
    GLCD_DrawString                          0x00003625   Thumb Code    38  glcd_mcb1700.o(.text)
    GLCD_DrawBargraph                        0x0000364b   Thumb Code   100  glcd_mcb1700.o(.text)
    GLCD_DrawBitmap                          0x000036af   Thumb Code    92  glcd_mcb1700.o(.text)
    GLCD_VScroll                             0x0000370b   Thumb Code     8  glcd_mcb1700.o(.text)
    GLCD_FrameBufferAccess                   0x00003713   Thumb Code     8  glcd_mcb1700.o(.text)
    GLCD_FrameBufferAddress                  0x0000371b   Thumb Code     4  glcd_mcb1700.o(.text)
    os_idle_demon                            0x00003735   Thumb Code     4  rtx_conf_cm.o(.text)
    os_error                                 0x00003739   Thumb Code    26  rtx_conf_cm.o(.text)
    rt_init_robin                            0x00003753   Thumb Code     2  rtx_conf_cm.o(.text)
    rt_chk_robin                             0x00003755   Thumb Code     2  rtx_conf_cm.o(.text)
    __user_perthread_libspace                0x00003757   Thumb Code    32  rtx_conf_cm.o(.text)
    _mutex_initialize                        0x00003777   Thumb Code    34  rtx_conf_cm.o(.text)
    _mutex_acquire                           0x00003799   Thumb Code    22  rtx_conf_cm.o(.text)
    _mutex_release                           0x000037af   Thumb Code    18  rtx_conf_cm.o(.text)
    SSPx_GPDMA_Tx_SignalEvent                0x000044a9   Thumb Code    28  ssp_lpc17xx.o(.text)
    SSPx_GPDMA_Rx_SignalEvent                0x000044c5   Thumb Code    54  ssp_lpc17xx.o(.text)
    SSP1_GPDMA_Tx_SignalEvent                0x00004687   Thumb Code    14  ssp_lpc17xx.o(.text)
    SSP1_GPDMA_Rx_SignalEvent                0x00004695   Thumb Code    14  ssp_lpc17xx.o(.text)
    SSP1_IRQHandler                          0x000046a3   Thumb Code    10  ssp_lpc17xx.o(.text)
    GPDMA_Initialize                         0x000046ff   Thumb Code   146  gpdma_lpc17xx.o(.text)
    GPDMA_Uninitialize                       0x00004791   Thumb Code   116  gpdma_lpc17xx.o(.text)
    GPDMA_PeripheralSelect                   0x00004805   Thumb Code    62  gpdma_lpc17xx.o(.text)
    GPDMA_ChannelConfigure                   0x00004843   Thumb Code   232  gpdma_lpc17xx.o(.text)
    GPDMA_ChannelEnable                      0x0000492b   Thumb Code    54  gpdma_lpc17xx.o(.text)
    GPDMA_ChannelDisable                     0x00004961   Thumb Code    44  gpdma_lpc17xx.o(.text)
    GPDMA_ChannelGetStatus                   0x0000498d   Thumb Code    30  gpdma_lpc17xx.o(.text)
    GPDMA_ChannelGetCount                    0x000049ab   Thumb Code    38  gpdma_lpc17xx.o(.text)
    DMA_IRQHandler                           0x000049d1   Thumb Code   408  gpdma_lpc17xx.o(.text)
    GPIO_PortClock                           0x00004bad   Thumb Code    38  gpio_lpc17xx.o(.text)
    GPIO_SetDir                              0x00004bd3   Thumb Code    52  gpio_lpc17xx.o(.text)
    GPIO_PinWrite                            0x00004c07   Thumb Code    36  gpio_lpc17xx.o(.text)
    GPIO_PinRead                             0x00004c2b   Thumb Code    28  gpio_lpc17xx.o(.text)
    GPIO_PortWrite                           0x00004c47   Thumb Code    26  gpio_lpc17xx.o(.text)
    GPIO_PortRead                            0x00004c61   Thumb Code    14  gpio_lpc17xx.o(.text)
    PIN_Configure                            0x00004c79   Thumb Code   246  pin_lpc17xx.o(.text)
    PIN_ConfigureTPIU                        0x00004d6f   Thumb Code    36  pin_lpc17xx.o(.text)
    PIN_ConfigureI2C0Pins                    0x00004d93   Thumb Code    28  pin_lpc17xx.o(.text)
    Reset_Handler                            0x00004db5   Thumb Code     8  startup_lpc17xx.o(.text)
    NMI_Handler                              0x00004dbd   Thumb Code     2  startup_lpc17xx.o(.text)
    HardFault_Handler                        0x00004dbf   Thumb Code     2  startup_lpc17xx.o(.text)
    MemManage_Handler                        0x00004dc1   Thumb Code     2  startup_lpc17xx.o(.text)
    BusFault_Handler                         0x00004dc3   Thumb Code     2  startup_lpc17xx.o(.text)
    UsageFault_Handler                       0x00004dc5   Thumb Code     2  startup_lpc17xx.o(.text)
    DebugMon_Handler                         0x00004dc9   Thumb Code     2  startup_lpc17xx.o(.text)
    ADC_IRQHandler                           0x00004dcf   Thumb Code     0  startup_lpc17xx.o(.text)
    BOD_IRQHandler                           0x00004dcf   Thumb Code     0  startup_lpc17xx.o(.text)
    CANActivity_IRQHandler                   0x00004dcf   Thumb Code     0  startup_lpc17xx.o(.text)
    CAN_IRQHandler                           0x00004dcf   Thumb Code     0  startup_lpc17xx.o(.text)
    EINT0_IRQHandler                         0x00004dcf   Thumb Code     0  startup_lpc17xx.o(.text)
    EINT1_IRQHandler                         0x00004dcf   Thumb Code     0  startup_lpc17xx.o(.text)
    EINT2_IRQHandler                         0x00004dcf   Thumb Code     0  startup_lpc17xx.o(.text)
    EINT3_IRQHandler                         0x00004dcf   Thumb Code     0  startup_lpc17xx.o(.text)
    ENET_IRQHandler                          0x00004dcf   Thumb Code     0  startup_lpc17xx.o(.text)
    I2C0_IRQHandler                          0x00004dcf   Thumb Code     0  startup_lpc17xx.o(.text)
    I2C1_IRQHandler                          0x00004dcf   Thumb Code     0  startup_lpc17xx.o(.text)
    I2C2_IRQHandler                          0x00004dcf   Thumb Code     0  startup_lpc17xx.o(.text)
    I2S_IRQHandler                           0x00004dcf   Thumb Code     0  startup_lpc17xx.o(.text)
    MCPWM_IRQHandler                         0x00004dcf   Thumb Code     0  startup_lpc17xx.o(.text)
    PLL0_IRQHandler                          0x00004dcf   Thumb Code     0  startup_lpc17xx.o(.text)
    PLL1_IRQHandler                          0x00004dcf   Thumb Code     0  startup_lpc17xx.o(.text)
    PWM1_IRQHandler                          0x00004dcf   Thumb Code     0  startup_lpc17xx.o(.text)
    QEI_IRQHandler                           0x00004dcf   Thumb Code     0  startup_lpc17xx.o(.text)
    RIT_IRQHandler                           0x00004dcf   Thumb Code     0  startup_lpc17xx.o(.text)
    RTC_IRQHandler                           0x00004dcf   Thumb Code     0  startup_lpc17xx.o(.text)
    SPI_IRQHandler                           0x00004dcf   Thumb Code     0  startup_lpc17xx.o(.text)
    SSP0_IRQHandler                          0x00004dcf   Thumb Code     0  startup_lpc17xx.o(.text)
    TIMER0_IRQHandler                        0x00004dcf   Thumb Code     0  startup_lpc17xx.o(.text)
    TIMER1_IRQHandler                        0x00004dcf   Thumb Code     0  startup_lpc17xx.o(.text)
    TIMER2_IRQHandler                        0x00004dcf   Thumb Code     0  startup_lpc17xx.o(.text)
    TIMER3_IRQHandler                        0x00004dcf   Thumb Code     0  startup_lpc17xx.o(.text)
    UART0_IRQHandler                         0x00004dcf   Thumb Code     0  startup_lpc17xx.o(.text)
    UART1_IRQHandler                         0x00004dcf   Thumb Code     0  startup_lpc17xx.o(.text)
    UART2_IRQHandler                         0x00004dcf   Thumb Code     0  startup_lpc17xx.o(.text)
    UART3_IRQHandler                         0x00004dcf   Thumb Code     0  startup_lpc17xx.o(.text)
    USBActivity_IRQHandler                   0x00004dcf   Thumb Code     0  startup_lpc17xx.o(.text)
    USB_IRQHandler                           0x00004dcf   Thumb Code     0  startup_lpc17xx.o(.text)
    WDT_IRQHandler                           0x00004dcf   Thumb Code     0  startup_lpc17xx.o(.text)
    __user_initial_stackheap                 0x00004dd1   Thumb Code     0  startup_lpc17xx.o(.text)
    SystemCoreClockUpdate                    0x00004df5   Thumb Code   408  system_lpc17xx.o(.text)
    SystemInit                               0x00004f8d   Thumb Code   314  system_lpc17xx.o(.text)
    __aeabi_uldivmod                         0x000050e5   Thumb Code     0  lludivv7m.o(.text)
    _ll_udiv                                 0x000050e5   Thumb Code   238  lludivv7m.o(.text)
    __2sprintf                               0x000051d5   Thumb Code    34  noretval__2sprintf.o(.text)
    __printf                                 0x000051fd   Thumb Code   104  __printf.o(.text)
    _printf_str                              0x00005265   Thumb Code    82  _printf_str.o(.text)
    exit                                     0x000052b7   Thumb Code    18  exit.o(.text)
    __aeabi_atexit                           0x000052c9   Thumb Code    46  aeabi_atexit.o(.text)
    __aeabi_memcpy                           0x000052f7   Thumb Code     0  rt_memcpy_v6.o(.text)
    __rt_memcpy                              0x000052f7   Thumb Code   138  rt_memcpy_v6.o(.text)
    _memcpy_lastbytes                        0x0000535d   Thumb Code     0  rt_memcpy_v6.o(.text)
    __aeabi_memcpy4                          0x00005381   Thumb Code     0  rt_memcpy_w.o(.text)
    __aeabi_memcpy8                          0x00005381   Thumb Code     0  rt_memcpy_w.o(.text)
    __rt_memcpy_w                            0x00005381   Thumb Code   100  rt_memcpy_w.o(.text)
    _memcpy_lastbytes_aligned                0x000053c9   Thumb Code     0  rt_memcpy_w.o(.text)
    __aeabi_memclr4                          0x000053e5   Thumb Code     0  rt_memclr_w.o(.text)
    __aeabi_memclr8                          0x000053e5   Thumb Code     0  rt_memclr_w.o(.text)
    __rt_memclr_w                            0x000053e5   Thumb Code    78  rt_memclr_w.o(.text)
    _memset_w                                0x000053e9   Thumb Code     0  rt_memclr_w.o(.text)
    strcmp                                   0x00005435   Thumb Code   128  strcmpv7m.o(.text)
    __cpp_initialize__aeabi_                 0x000054b5   Thumb Code    26  init_aeabi.o(.text)
    __aeabi_vec_dtor                         0x000054d9   Thumb Code    34  aeabi_vec_dtor_noexceptions.o(.text)
    __rt_ddtor_pointer_addr                  0x000054fb   Thumb Code    10  rt_ddtor_pointer_addr_twolibspace.o(.text)
    _malloc_internal                         0x0000550d   Thumb Code   130  h1_alloc_mt.o(.text)
    malloc                                   0x0000558f   Thumb Code    20  h1_alloc_mt.o(.text)
    _free_internal                           0x000055a3   Thumb Code    98  h1_free_mt.o(.text)
    free                                     0x00005605   Thumb Code    20  h1_free_mt.o(.text)
    _printf_char_common                      0x00005623   Thumb Code    32  _printf_char_common.o(.text)
    _sputc                                   0x00005649   Thumb Code    10  _sputc.o(.text)
    _printf_cs_common                        0x00005653   Thumb Code    20  _printf_char.o(.text)
    _printf_char                             0x00005667   Thumb Code    16  _printf_char.o(.text)
    _printf_string                           0x00005677   Thumb Code     8  _printf_char.o(.text)
    __cxa_finalize                           0x0000567f   Thumb Code    66  cxa_finalize.o(.text)
    __rt_heap_descriptor                     0x000056c1   Thumb Code    10  rt_heap_descriptor_twolibspace.o(.text)
    __rt_new_handler_addr                    0x000056cb   Thumb Code    10  rt_new_handler_addr_twolibspace.o(.text)
    __use_no_heap                            0x000056d5   Thumb Code     2  hguard.o(.text)
    __heap$guard                             0x000056d7   Thumb Code     2  hguard.o(.text)
    _terminate_user_alloc                    0x000056d9   Thumb Code     2  init_alloc.o(.text)
    _init_user_alloc                         0x000056db   Thumb Code     2  init_alloc.o(.text)
    __Heap_Full                              0x000056dd   Thumb Code    34  init_alloc.o(.text)
    __Heap_Broken                            0x000056ff   Thumb Code     6  init_alloc.o(.text)
    _init_alloc                              0x00005705   Thumb Code    94  init_alloc.o(.text)
    __Heap_Initialize                        0x00005763   Thumb Code    14  h1_init_mt.o(.text)
    __Heap_DescSize                          0x00005771   Thumb Code     4  h1_init_mt.o(.text)
    __default_new_handler()                  0x00005775   Thumb Code     4  arm_newhandler_noexceptions.o(.text)
    std::terminate()                         0x00005779   Thumb Code    26  arm_exceptions_terminate.o(.text)
    __cxa_get_globals                        0x0000579b   Thumb Code    62  arm_exceptions_globs.o(.text)
    _sys_exit                                0x000057e5   Thumb Code     8  sys_exit.o(.text)
    __user_setup_stackheap                   0x000057f1   Thumb Code    74  sys_stackheap_outer.o(.text)
    __rt_eh_globals_addr                     0x0000583b   Thumb Code    10  rt_eh_globals_addr_twolibspace.o(.text)
    __Heap_ProvideMemory                     0x00005845   Thumb Code    62  h1_extend_mt.o(.text)
    abort                                    0x00005883   Thumb Code    22  abort.o(.text)
    __rt_SIGRTMEM                            0x00005899   Thumb Code    14  defsig_rtmem_outer.o(.text)
    __ARM_exceptions_buffer_init             0x000058a7   Thumb Code    18  arm_exceptions_mem.o(.text)
    __ARM_exceptions_buffer_allocate         0x000058b9   Thumb Code    22  arm_exceptions_mem.o(.text)
    __ARM_exceptions_buffer_free             0x000058cf   Thumb Code    20  arm_exceptions_mem.o(.text)
    __semihosting_library_function           0x000058e3   Thumb Code     0  indicate_semi.o(.text)
    __sig_exit                               0x000058e3   Thumb Code    10  defsig_exit.o(.text)
    __rt_SIGABRT                             0x000058ed   Thumb Code    14  defsig_abrt_outer.o(.text)
    __rt_SIGRTMEM_inner                      0x000058fd   Thumb Code    22  defsig_rtmem_inner.o(.text)
    __default_signal_display                 0x0000594d   Thumb Code    50  defsig_general.o(.text)
    __rt_SIGABRT_inner                       0x00005981   Thumb Code    14  defsig_abrt_inner.o(.text)
    _ttywrch                                 0x000059b1   Thumb Code    14  sys_wrch.o(.text)
    WSTMonitor_sendDataStruct(void*, unsigned short) 0x000059c1   Thumb Code    36  wstmonitor.o(CODE_ANIM_RUNNING_FAST)
    WSTMonitor_sendStateSize()               0x000059e5   Thumb Code    12  wstmonitor.o(CODE_ANIM_RUNNING_FAST)
    WSTMonitor_sendHighwater()               0x000059f1   Thumb Code    24  wstmonitor.o(CODE_ANIM_RUNNING_FAST)
    WSTMonitor_sendVersion()                 0x00005a09   Thumb Code    20  wstmonitor.o(CODE_ANIM_RUNNING_FAST)
    WSTMonitor_resumeRxf()                   0x00005a1d   Thumb Code     8  wstmonitor.o(CODE_ANIM_RUNNING_FAST)
    WSTMonitor_suspendRxf()                  0x00005a25   Thumb Code     8  wstmonitor.o(CODE_ANIM_RUNNING_FAST)
    WSTMonitor_performCmd()                  0x00005a2d   Thumb Code   642  wstmonitor.o(CODE_ANIM_RUNNING_FAST)
    WST_Monitor_receiveTask(void*)           0x00005caf   Thumb Code    22  wstmonitor.o(CODE_ANIM_RUNNING_FAST)
    WST_Monitor_createReceiveTask()          0x00005cc5   Thumb Code    24  wstmonitor.o(CODE_ANIM_RUNNING_FAST)
    WSTMonitor_init()                        0x00005cdd   Thumb Code   132  wstmonitor.o(CODE_ANIM_RUNNING_FAST)
    WSTMonitor_pollIncomingData()            0x00005d61   Thumb Code     8  wstmonitor.o(CODE_ANIM_RUNNING_FAST)
    WSTMonitor_sendInit(void*, unsigned short, void*) 0x00005d69   Thumb Code   232  wstmonitor.o(CODE_ANIM_RUNNING_FAST)
    WSTMonitor_sendDestroy(void*)            0x00005e51   Thumb Code    40  wstmonitor.o(CODE_ANIM_RUNNING_FAST)
    WSTMonitor_sendOpCall(void*, void*, unsigned short, void*, void*) 0x00005e79   Thumb Code   102  wstmonitor.o(CODE_ANIM_RUNNING_FAST)
    WSTMonitor_sendEventCreate(unsigned char*, unsigned char, unsigned char*) 0x00005edf   Thumb Code    68  wstmonitor.o(CODE_ANIM_RUNNING_FAST)
    WSTMonitor_sendEventStart(unsigned char*) 0x00005f23   Thumb Code    50  wstmonitor.o(CODE_ANIM_RUNNING_FAST)
    WSTMonitor_sendEventEnd(unsigned char*)  0x00005f55   Thumb Code    50  wstmonitor.o(CODE_ANIM_RUNNING_FAST)
    WSTMonitor_sendTimeOut(unsigned char*)   0x00005f87   Thumb Code    40  wstmonitor.o(CODE_ANIM_RUNNING_FAST)
    WSTMonitor_sendError()                   0x00005faf   Thumb Code    28  wstmonitor.o(CODE_ANIM_RUNNING_FAST)
    WSTMonitor_sendBufferReset()             0x00005fcb   Thumb Code    28  wstmonitor.o(CODE_ANIM_RUNNING_FAST)
    WST_EVT::WST_EVT()                       0x00006009   Thumb Code    10  defaultpkg.o(CODE_RXF_RUNNING_FAST)
    WST_EVT::WST_EVT__sub_object()           0x00006009   Thumb Code     0  defaultpkg.o(CODE_RXF_RUNNING_FAST)
    WST_EVT::~WST_EVT__deallocating()        0x00006019   Thumb Code    18  defaultpkg.o(CODE_RXF_RUNNING_FAST)
    WST_OSW_TSK_init(WST_TSK*)               0x0000602d   Thumb Code     2  wst_osw.o(CODE_RXF_RUNNING_FAST)
    WST_OSW_TMM_delay(unsigned)              0x0000602f   Thumb Code    12  wst_osw.o(CODE_RXF_RUNNING_FAST)
    WST_OSW_TSK_userInit(void(*)(void*), osPriority, void*, unsigned short, void*) 0x0000603b   Thumb Code    66  wst_osw.o(CODE_RXF_RUNNING_FAST)
    WST_OSW_TSK_cleanup(WST_TSK*)            0x0000607d   Thumb Code    20  wst_osw.o(CODE_RXF_RUNNING_FAST)
    WST_OSW_TSK_start(WST_TSK*)              0x00006091   Thumb Code    90  wst_osw.o(CODE_RXF_RUNNING_FAST)
    WST_OSW_TSK_suspend(WST_TSK*)            0x000060eb   Thumb Code    22  wst_osw.o(CODE_RXF_RUNNING_FAST)
    WST_OSW_TSK_resume(WST_TSK*)             0x00006101   Thumb Code    22  wst_osw.o(CODE_RXF_RUNNING_FAST)
    WST_OSW_TMM_timerCallBack(const void*)   0x00006117   Thumb Code    20  wst_osw.o(CODE_RXF_RUNNING_FAST)
    WST_OSW_MSQ_cancelEvents(WST_MSQ*, const WST_FSM*, short) 0x0000612b   Thumb Code   346  wst_osw.o(CODE_RXF_RUNNING_FAST)
    WST_OSW_MSQ_getCount(WST_MSQ*)           0x00006285   Thumb Code    24  wst_osw.o(CODE_RXF_RUNNING_FAST)
    WST_OSW_MSQ_get(WST_MSQ*, WST_EVT**)     0x0000629d   Thumb Code    60  wst_osw.o(CODE_RXF_RUNNING_FAST)
    WST_OSW_MTX_exitCriticalRegion(WST_MTX*) 0x000062d9   Thumb Code    40  wst_osw.o(CODE_RXF_RUNNING_FAST)
    WST_OSW_MTX_enterCriticalRegion(WST_MTX*) 0x00006301   Thumb Code    44  wst_osw.o(CODE_RXF_RUNNING_FAST)
    WST_OSW_MEM_malloc(unsigned)             0x0000632d   Thumb Code    72  wst_osw.o(CODE_RXF_RUNNING_FAST)
    WST_OSW_MEM_free(void*)                  0x00006375   Thumb Code    28  wst_osw.o(CODE_RXF_RUNNING_FAST)
    WST_OSW_TMM_initTimerTask()              0x00006391   Thumb Code    86  wst_osw.o(CODE_RXF_RUNNING_FAST)
    WST_OSW_MSQ_init(WST_MSQ*)               0x000063e7   Thumb Code   152  wst_osw.o(CODE_RXF_RUNNING_FAST)
    WST_OSW_MSQ_cleanup(WST_MSQ*)            0x0000647f   Thumb Code    18  wst_osw.o(CODE_RXF_RUNNING_FAST)
    WST_OSW_MSQ_put(WST_MSQ*, WST_EVT*, bool) 0x00006491   Thumb Code    62  wst_osw.o(CODE_RXF_RUNNING_FAST)
    WST_OSW_MTX_init(WST_MTX*)               0x000064cf   Thumb Code    76  wst_osw.o(CODE_RXF_RUNNING_FAST)
    WST_OSW_MTX_cleanup(WST_MTX*)            0x0000651b   Thumb Code    40  wst_osw.o(CODE_RXF_RUNNING_FAST)
    WSTRTOS_Init()                           0x00006545   Thumb Code   130  wstrtos.o(CODE_RXF_RUNNING_FAST)
    WSTRTOS_Cleanup()                        0x000065c7   Thumb Code     2  wstrtos.o(CODE_RXF_RUNNING_FAST)
    WSTRTOS_incrementRxfTicks()              0x000065c9   Thumb Code    12  wstrtos.o(CODE_RXF_RUNNING_FAST)
    WSTRTOS_getRxfTicks()                    0x000065d5   Thumb Code     6  wstrtos.o(CODE_RXF_RUNNING_FAST)
    WSTTarget_enterCriticalRegion            0x000065f1   Thumb Code     4  wsttarget.o(CODE_RXF_RUNNING_FAST)
    WSTTarget_exitCriticalRegion             0x000065f5   Thumb Code     4  wsttarget.o(CODE_RXF_RUNNING_FAST)
    WSTTarget_Init                           0x000065f9   Thumb Code     8  wsttarget.o(CODE_RXF_RUNNING_FAST)
    WSTTarget_Cleanup                        0x00006601   Thumb Code     2  wsttarget.o(CODE_RXF_RUNNING_FAST)
    os_def_interrupt()                       0x00006603   Thumb Code     2  wsttarget.o(CODE_RXF_RUNNING_FAST)
    WSTTarget_isInISR                        0x00006605   Thumb Code    16  wsttarget.o(CODE_RXF_RUNNING_FAST)
    SVC_Count                                0x00006614   Data           4  svc_table.o(SVC_TABLE)
    SVC_Table                                0x00006618   Data           0  svc_table.o(SVC_TABLE)
    evReceivedData::~evReceivedData__deallocating() 0x00006619   Thumb Code    22  defaultpkg.o(i._ZN14evReceivedDataD0Ev)
    evReceivedData::~evReceivedData()        0x0000662f   Thumb Code     4  defaultpkg.o(i._ZN14evReceivedDataD1Ev)
    evReceivedData::~evReceivedData__sub_object() 0x0000662f   Thumb Code     0  defaultpkg.o(i._ZN14evReceivedDataD1Ev)
    evNewJoystickPosition::~evNewJoystickPosition__deallocating() 0x00006633   Thumb Code    22  defaultpkg.o(i._ZN21evNewJoystickPositionD0Ev)
    evNewJoystickPosition::~evNewJoystickPosition() 0x00006649   Thumb Code     4  defaultpkg.o(i._ZN21evNewJoystickPositionD1Ev)
    evNewJoystickPosition::~evNewJoystickPosition__sub_object() 0x00006649   Thumb Code     0  defaultpkg.o(i._ZN21evNewJoystickPositionD1Ev)
    evOn::~evOn__deallocating()              0x0000664d   Thumb Code    22  defaultpkg.o(i._ZN4evOnD0Ev)
    evOn::~evOn()                            0x00006663   Thumb Code     4  defaultpkg.o(i._ZN4evOnD1Ev)
    evOn::~evOn__sub_object()                0x00006663   Thumb Code     0  defaultpkg.o(i._ZN4evOnD1Ev)
    evOff::~evOff__deallocating()            0x00006667   Thumb Code    22  defaultpkg.o(i._ZN5evOffD0Ev)
    evOff::~evOff()                          0x0000667d   Thumb Code     4  defaultpkg.o(i._ZN5evOffD1Ev)
    evOff::~evOff__sub_object()              0x0000667d   Thumb Code     0  defaultpkg.o(i._ZN5evOffD1Ev)
    WST_TMR::WST_TMR()                       0x00006681   Thumb Code    16  wst_tmr.o(i._ZN7WST_TMRC1Ev)
    WST_TMR::WST_TMR__sub_object()           0x00006681   Thumb Code     0  wst_tmr.o(i._ZN7WST_TMRC1Ev)
    WST_TMR::~WST_TMR__deallocating()        0x00006699   Thumb Code    18  wst_tmm.o(i._ZN7WST_TMRD0Ev)
    WST_TMR::~WST_TMR()                      0x000066ab   Thumb Code     8  wst_tmm.o(i._ZN7WST_TMRD1Ev)
    WST_TMR::~WST_TMR__sub_object()          0x000066ab   Thumb Code     0  wst_tmm.o(i._ZN7WST_TMRD1Ev)
    evBlink::~evBlink__deallocating()        0x000066b3   Thumb Code    22  defaultpkg.o(i._ZN7evBlinkD0Ev)
    evBlink::~evBlink()                      0x000066c9   Thumb Code     4  defaultpkg.o(i._ZN7evBlinkD1Ev)
    evBlink::~evBlink__sub_object()          0x000066c9   Thumb Code     0  defaultpkg.o(i._ZN7evBlinkD1Ev)
    evToggle::~evToggle__deallocating()      0x000066cd   Thumb Code    22  defaultpkg.o(i._ZN8evToggleD0Ev)
    evToggle::~evToggle()                    0x000066e3   Thumb Code     4  defaultpkg.o(i._ZN8evToggleD1Ev)
    evToggle::~evToggle__sub_object()        0x000066e3   Thumb Code     0  defaultpkg.o(i._ZN8evToggleD1Ev)
    operator delete (void*)                  0x000066e7   Thumb Code     8  delete.o(i._ZdlPv)
    operator new[] (unsigned)                0x000066ef   Thumb Code     8  array_new.o(i._Znaj)
    operator new(unsigned)                   0x000066f9   Thumb Code    34  new.o(i._Znwj)
    __aeabi_vec_ctor_nocookie_nodtor         0x00006721   Thumb Code    36  aeabi_vec_ctor_nocookie_nodtor.o(i.__aeabi_vec_ctor_nocookie_nodtor)
    __cxa_guard_acquire                      0x00006745   Thumb Code    16  cxa_guard_acquire.o(i.__cxa_guard_acquire)
    _init_box                                0x00006755   Thumb Code    70  rt_membox.o(i._init_box)
    dbg_init                                 0x0000679d   Thumb Code    34  hal_cm.o(i.dbg_init)
    dbg_task_notify                          0x000067cd   Thumb Code    32  hal_cm.o(i.dbg_task_notify)
    dbg_task_switch                          0x000067ed   Thumb Code    16  hal_cm.o(i.dbg_task_switch)
    isrMessageGet                            0x000067fd   Thumb Code    42  rt_cmsis.o(i.isrMessageGet)
    isrMessagePut                            0x00006827   Thumb Code    44  rt_cmsis.o(i.isrMessagePut)
    isr_mbx_receive                          0x00006855   Thumb Code    86  rt_mailbox.o(i.isr_mbx_receive)
    isr_mbx_send                             0x000068ab   Thumb Code    14  rt_mailbox.o(i.isr_mbx_send)
    osDelay                                  0x000068b9   Thumb Code    18  rt_cmsis.o(i.osDelay)
    osKernelInitialize                       0x000068d1   Thumb Code    30  rt_cmsis.o(i.osKernelInitialize)
    osKernelRunning                          0x000068f5   Thumb Code    28  rt_cmsis.o(i.osKernelRunning)
    osKernelStart                            0x00006919   Thumb Code    98  rt_cmsis.o(i.osKernelStart)
    osMessageCreate                          0x00006985   Thumb Code    36  rt_cmsis.o(i.osMessageCreate)
    osMessageGet                             0x000069b1   Thumb Code    18  rt_cmsis.o(i.osMessageGet)
    osMessagePut                             0x000069c9   Thumb Code    18  rt_cmsis.o(i.osMessagePut)
    osMutexCreate                            0x000069e1   Thumb Code    36  rt_cmsis.o(i.osMutexCreate)
    osMutexDelete                            0x00006a0d   Thumb Code    18  rt_cmsis.o(i.osMutexDelete)
    osMutexRelease                           0x00006a25   Thumb Code    18  rt_cmsis.o(i.osMutexRelease)
    osMutexWait                              0x00006a3d   Thumb Code    18  rt_cmsis.o(i.osMutexWait)
    osThreadCreate                           0x00006a55   Thumb Code    36  rt_cmsis.o(i.osThreadCreate)
    osThreadExit                             0x00006a81   Thumb Code    14  rt_cmsis.o(i.osThreadExit)
    osThreadGetId                            0x00006a99   Thumb Code    18  rt_cmsis.o(i.osThreadGetId)
    osThreadTerminate                        0x00006ab1   Thumb Code    18  rt_cmsis.o(i.osThreadTerminate)
    osTimerCall                              0x00006ac9   Thumb Code     8  rt_cmsis.o(i.osTimerCall)
    osTimerCreate                            0x00006ad5   Thumb Code    36  rt_cmsis.o(i.osTimerCreate)
    osTimerStart                             0x00006b01   Thumb Code    18  rt_cmsis.o(i.osTimerStart)
    osTimerThread                            0x00006b19   Thumb Code    38  rt_cmsis.o(i.osTimerThread)
    os_tick_init                             0x00006b45   Thumb Code    32  rt_system.o(i.os_tick_init)
    os_tick_irqack                           0x00006b6d   Thumb Code     2  rt_system.o(i.os_tick_irqack)
    rt_alloc_box                             0x00006b6f   Thumb Code    26  rt_membox.o(i.rt_alloc_box)
    rt_alloc_mem                             0x00006b89   Thumb Code    62  rt_memory.o(i.rt_alloc_mem)
    rt_block                                 0x00006bc9   Thumb Code    48  rt_task.o(i.rt_block)
    rt_dec_dly                               0x00006c01   Thumb Code   102  rt_list.o(i.rt_dec_dly)
    rt_dispatch                              0x00006c71   Thumb Code    60  rt_task.o(i.rt_dispatch)
    rt_dly_wait                              0x00006cb5   Thumb Code     6  rt_time.o(i.rt_dly_wait)
    rt_evt_psh                               0x00006cbd   Thumb Code    76  rt_event.o(i.rt_evt_psh)
    rt_free_box                              0x00006d0d   Thumb Code    44  rt_membox.o(i.rt_free_box)
    rt_free_mem                              0x00006d39   Thumb Code    40  rt_memory.o(i.rt_free_mem)
    rt_get_first                             0x00006d61   Thumb Code    40  rt_list.o(i.rt_get_first)
    rt_init_mem                              0x00006dd9   Thumb Code    26  rt_memory.o(i.rt_init_mem)
    rt_init_stack                            0x00006df5   Thumb Code   118  hal_cm.o(i.rt_init_stack)
    rt_mbx_check                             0x00006e75   Thumb Code     8  rt_mailbox.o(i.rt_mbx_check)
    rt_mbx_init                              0x00006e7d   Thumb Code    26  rt_mailbox.o(i.rt_mbx_init)
    rt_mbx_psh                               0x00006e99   Thumb Code   236  rt_mailbox.o(i.rt_mbx_psh)
    rt_mbx_send                              0x00006f89   Thumb Code   148  rt_mailbox.o(i.rt_mbx_send)
    rt_mbx_wait                              0x00007021   Thumb Code   174  rt_mailbox.o(i.rt_mbx_wait)
    rt_mut_delete                            0x00007119   Thumb Code   168  rt_mutex.o(i.rt_mut_delete)
    rt_mut_init                              0x000071c9   Thumb Code    16  rt_mutex.o(i.rt_mut_init)
    rt_mut_release                           0x000071d9   Thumb Code   208  rt_mutex.o(i.rt_mut_release)
    rt_mut_wait                              0x000072b1   Thumb Code   114  rt_mutex.o(i.rt_mut_wait)
    rt_pop_req                               0x00007329   Thumb Code   112  rt_system.o(i.rt_pop_req)
    rt_psh_req                               0x000073a5   Thumb Code    22  rt_system.o(i.rt_psh_req)
    rt_psq_enq                               0x000073c5   Thumb Code    88  rt_list.o(i.rt_psq_enq)
    rt_put_dly                               0x00007421   Thumb Code    68  rt_list.o(i.rt_put_dly)
    rt_put_prio                              0x00007469   Thumb Code    54  rt_list.o(i.rt_put_prio)
    rt_put_rdy_first                         0x000074a1   Thumb Code    14  rt_list.o(i.rt_put_rdy_first)
    rt_resort_prio                           0x000074b5   Thumb Code    46  rt_list.o(i.rt_resort_prio)
    rt_ret_val                               0x000074e9   Thumb Code     6  hal_cm.o(i.rt_ret_val)
    rt_ret_val2                              0x000074ef   Thumb Code     8  hal_cm.o(i.rt_ret_val2)
    rt_rmv_dly                               0x000074f7   Thumb Code    40  rt_list.o(i.rt_rmv_dly)
    rt_rmv_list                              0x00007521   Thumb Code    44  rt_list.o(i.rt_rmv_list)
    rt_sem_psh                               0x00007551   Thumb Code    48  rt_semaphore.o(i.rt_sem_psh)
    rt_stk_check                             0x00007585   Thumb Code    28  rt_system.o(i.rt_stk_check)
    rt_switch_req                            0x000075a9   Thumb Code    30  rt_task.o(i.rt_switch_req)
    rt_sys_init                              0x000075d1   Thumb Code   138  rt_task.o(i.rt_sys_init)
    rt_sys_start                             0x0000769d   Thumb Code   110  rt_task.o(i.rt_sys_start)
    rt_systick                               0x00007715   Thumb Code    50  rt_system.o(i.rt_systick)
    rt_tsk_create                            0x000077d9   Thumb Code   118  rt_task.o(i.rt_tsk_create)
    rt_tsk_delete                            0x00007861   Thumb Code   352  rt_task.o(i.rt_tsk_delete)
    rt_tsk_prio                              0x000079dd   Thumb Code   108  rt_task.o(i.rt_tsk_prio)
    rt_tsk_self                              0x00007a59   Thumb Code    12  rt_task.o(i.rt_tsk_self)
    svcDelay                                 0x00007a69   Thumb Code    18  rt_cmsis.o(i.svcDelay)
    svcKernelInitialize                      0x00007a7d   Thumb Code    80  rt_cmsis.o(i.svcKernelInitialize)
    svcKernelRunning                         0x00007aed   Thumb Code     6  rt_cmsis.o(i.svcKernelRunning)
    svcKernelStart                           0x00007af9   Thumb Code    62  rt_cmsis.o(i.svcKernelStart)
    svcMessageCreate                         0x00007b41   Thumb Code    36  rt_cmsis.o(i.svcMessageCreate)
    svcMessageGet                            0x00007b65   Thumb Code    58  rt_cmsis.o(i.svcMessageGet)
    svcMessagePut                            0x00007b9f   Thumb Code    54  rt_cmsis.o(i.svcMessagePut)
    svcMutexCreate                           0x00007bd5   Thumb Code    28  rt_cmsis.o(i.svcMutexCreate)
    svcMutexDelete                           0x00007bf1   Thumb Code    26  rt_cmsis.o(i.svcMutexDelete)
    svcMutexRelease                          0x00007c0b   Thumb Code    34  rt_cmsis.o(i.svcMutexRelease)
    svcMutexWait                             0x00007c2d   Thumb Code    58  rt_cmsis.o(i.svcMutexWait)
    svcThreadCreate                          0x00007c69   Thumb Code    96  rt_cmsis.o(i.svcThreadCreate)
    svcThreadGetId                           0x00007cd5   Thumb Code    22  rt_cmsis.o(i.svcThreadGetId)
    svcThreadTerminate                       0x00007cf1   Thumb Code    50  rt_cmsis.o(i.svcThreadTerminate)
    svcTimerCall                             0x00007d29   Thumb Code    24  rt_cmsis.o(i.svcTimerCall)
    svcTimerCreate                           0x00007d41   Thumb Code    52  rt_cmsis.o(i.svcTimerCreate)
    svcTimerStart                            0x00007d79   Thumb Code    96  rt_cmsis.o(i.svcTimerStart)
    sysTimerTick                             0x00007ddd   Thumb Code    84  rt_cmsis.o(i.sysTimerTick)
    GLCD_Font_6x8                            0x000096b8   Data          16  glcd_fonts.o(.constdata)
    GLCD_Font_16x24                          0x000096c8   Data          16  glcd_fonts.o(.constdata)
    os_maxtaskrun                            0x000096d8   Data           2  rtx_conf_cm.o(.constdata)
    os_stackinfo                             0x000096dc   Data           4  rtx_conf_cm.o(.constdata)
    os_rrobin                                0x000096e0   Data           4  rtx_conf_cm.o(.constdata)
    os_tickfreq                              0x000096e4   Data           4  rtx_conf_cm.o(.constdata)
    os_tickus_i                              0x000096e8   Data           2  rtx_conf_cm.o(.constdata)
    os_tickus_f                              0x000096ea   Data           2  rtx_conf_cm.o(.constdata)
    os_trv                                   0x000096ec   Data           4  rtx_conf_cm.o(.constdata)
    os_flags                                 0x000096f0   Data           1  rtx_conf_cm.o(.constdata)
    CMSIS_RTOS_API_Version                   0x000096f4   Data           4  rtx_conf_cm.o(.constdata)
    CMSIS_RTOS_RTX_Version                   0x000096f8   Data           4  rtx_conf_cm.o(.constdata)
    os_clockrate                             0x000096fc   Data           4  rtx_conf_cm.o(.constdata)
    os_timernum                              0x00009700   Data           4  rtx_conf_cm.o(.constdata)
    mp_tcb_size                              0x00009704   Data           2  rtx_conf_cm.o(.constdata)
    mp_stk_size                              0x00009708   Data           4  rtx_conf_cm.o(.constdata)
    os_stack_sz                              0x0000970c   Data           4  rtx_conf_cm.o(.constdata)
    os_fifo_size                             0x00009710   Data           1  rtx_conf_cm.o(.constdata)
    os_thread_def_osTimerThread              0x00009714   Data          16  rtx_conf_cm.o(.constdata)
    os_messageQ_def_osTimerMessageQ          0x00009724   Data           8  rtx_conf_cm.o(.constdata)
    mp_tmr_size                              0x0000972c   Data           2  rtx_conf_cm.o(.constdata)
    os_thread_def_main                       0x00009730   Data          16  rtx_conf_cm.o(.constdata)
    Driver_SPI1                              0x00009790   Data          44  ssp_lpc17xx.o(.constdata)
    vtable for TestBuilder                   0x000097bc   Data          44  testbuilder.o(.constdata__ZTV11TestBuilder)
    vtable for UartController                0x000097e8   Data          16  uartcontroller.o(.constdata__ZTV14UartController)
    vtable for evReceivedData                0x000097f8   Data          20  defaultpkg.o(.constdata__ZTV14evReceivedData)
    vtable for RunningIndicatorLed           0x0000980c   Data          68  runningindicatorled.o(.constdata__ZTV19RunningIndicatorLed)
    vtable for evNewJoystickPosition         0x00009850   Data          20  defaultpkg.o(.constdata__ZTV21evNewJoystickPosition)
    vtable for Led                           0x00009864   Data          40  led.o(.constdata__ZTV3Led)
    vtable for evOn                          0x0000988c   Data          20  defaultpkg.o(.constdata__ZTV4evOn)
    vtable for evOff                         0x000098a0   Data          20  defaultpkg.o(.constdata__ZTV5evOff)
    vtable for LedBar                        0x000098b4   Data          44  ledbar.o(.constdata__ZTV6LedBar)
    vtable for Display                       0x000098e0   Data          40  display.o(.constdata__ZTV7Display)
    vtable for WST_EVT                       0x00009908   Data          16  defaultpkg.o(.constdata__ZTV7WST_EVT)
    vtable for WST_FSM                       0x00009918   Data          36  wst_fsm.o(.constdata__ZTV7WST_FSM)
    vtable for WST_TMR                       0x0000993c   Data          16  wst_tmm.o(.constdata__ZTV7WST_TMR)
    vtable for WST_TSK                       0x0000994c   Data          16  wst_tsk.o(.constdata__ZTV7WST_TSK)
    vtable for evBlink                       0x0000995c   Data          20  defaultpkg.o(.constdata__ZTV7evBlink)
    vtable for Joystick                      0x00009970   Data          68  joystick.o(.constdata__ZTV8Joystick)
    vtable for evToggle                      0x000099b4   Data          20  defaultpkg.o(.constdata__ZTV8evToggle)
    Region$$Table$$Base                      0x000099c8   Number         0  anon$$obj.o(Region$$Table)
    Region$$Table$$Limit                     0x000099f8   Number         0  anon$$obj.o(Region$$Table)
    SHT$$INIT_ARRAY$$Base                    0x000099f8   Number         0  wst_tmm.o(.init_array)
    SHT$$INIT_ARRAY$$Limit                   0x00009a04   Number         0  init_aeabi.o(.init_array)
    mp_tcb                                   0x10000000   Data         532  rtx_conf_cm.o(.bss)
    mp_stk                                   0x10000218   Data         816  rtx_conf_cm.o(.bss)
    os_stack_mem                             0x10000548   Data        6928  rtx_conf_cm.o(.bss)
    os_fifo                                  0x10002058   Data         132  rtx_conf_cm.o(.bss)
    os_active_TCB                            0x100020dc   Data          40  rtx_conf_cm.o(.bss)
    os_messageQ_q_osTimerMessageQ            0x10002104   Data          32  rtx_conf_cm.o(.bss)
    WST_CFG_Highwater::smallBuffersMax       0x2007c000   Data           2  wst_cfg_highwater.o(.data)
    WST_CFG_Highwater::mediumBuffersMax      0x2007c002   Data           2  wst_cfg_highwater.o(.data)
    WST_CFG_Highwater::largeBuffersMax       0x2007c004   Data           2  wst_cfg_highwater.o(.data)
    WST_CFG_Highwater::timeoutsMax           0x2007c006   Data           2  wst_cfg_highwater.o(.data)
    WST_CFG_Highwater::bufferOverflow        0x2007c008   Data           2  wst_cfg_highwater.o(.data)
    myInstance                               0x2007c00c   Data           4  wst_mem.o(.data)
    startSmall                               0x2007c010   Data           2  wst_mem.o(.data)
    smallCounter                             0x2007c012   Data           2  wst_mem.o(.data)
    startMedium                              0x2007c014   Data           2  wst_mem.o(.data)
    mediumCounter                            0x2007c016   Data           2  wst_mem.o(.data)
    startLarge                               0x2007c018   Data           2  wst_mem.o(.data)
    largeCounter                             0x2007c01a   Data           2  wst_mem.o(.data)
    itsFreeList                              0x2007c02c   Data           4  wst_tmr.o(.data)
    WST_TSK::initList                        0x2007c030   Data           4  wst_tsk.o(.data)
    WST_TSK::OS_Started                      0x2007c034   Data           1  wst_tsk.o(.data)
    ITM_RxBuffer                             0x2007c060   Data           4  wstmonitorio_keil_cortexm3_itm.o(.data)
    osThreadId_osTimerThread                 0x2007c078   Data           4  rtx_conf_cm.o(.data)
    osMessageQId_osTimerMessageQ             0x2007c07c   Data           4  rtx_conf_cm.o(.data)
    os_tmr                                   0x2007c080   Data           4  rtx_conf_cm.o(.data)
    m_tmr                                    0x2007c084   Data           4  rtx_conf_cm.o(.data)
    SystemCoreClock                          0x2007c0a4   Data           4  system_lpc17xx.o(.data)
    os_initialized                           0x2007c0a8   Data           1  rt_cmsis.o(.data)
    os_running                               0x2007c0a9   Data           1  rt_cmsis.o(.data)
    os_timer_head                            0x2007c0ac   Data           4  rt_cmsis.o(.data)
    os_tsk                                   0x2007c0b0   Data           8  rt_task.o(.data)
    os_tick_irqn                             0x2007c0bc   Data           4  rt_system.o(.data)
    os_time                                  0x2007c0c0   Data           4  rt_time.o(.data)
    dbg_msg                                  0x2007c0c4   Data           1  hal_cm.o(.data)
    monitorStopFlag                          0x2007c0c8   Data           1  wstmonitor.o(DATA_ANIM_RUNNING_UNSPECIFIED_NOINIT_FAST)
    WSTmonitorBytesAvailable                 0x2007c0ca   Data           2  wstmonitor.o(DATA_ANIM_RUNNING_UNSPECIFIED_NOINIT_FAST)
    monitorSendOff                           0x2007c0cc   Data           1  wstmonitor.o(DATA_ANIM_RUNNING_UNSPECIFIED_NOINIT_FAST)
    monitorTimeoutEnableFlag                 0x2007c0cd   Data           1  wstmonitor.o(DATA_ANIM_RUNNING_UNSPECIFIED_NOINIT_FAST)
    firstBreakPoint                          0x2007c0d0   Data           4  wstmonitor.o(DATA_ANIM_RUNNING_UNSPECIFIED_NOINIT_FAST)
    monitorInit                              0x2007c0d4   Data           1  wstmonitor.o(DATA_ANIM_RUNNING_UNSPECIFIED_NOINIT_FAST)
    initDataStart                            0x2007c0d8   Data           4  wstmonitor.o(DATA_ANIM_RUNNING_UNSPECIFIED_NOINIT_FAST)
    initDataEnd                              0x2007c0dc   Data           4  wstmonitor.o(DATA_ANIM_RUNNING_UNSPECIFIED_NOINIT_FAST)
    WSTMonitorEventID                        0x2007c0e0   Data           4  wstmonitor.o(DATA_ANIM_RUNNING_UNSPECIFIED_NOINIT_FAST)
    monitorNbCmd                             0x2007c0e4   Data           1  wstmonitor.o(DATA_ANIM_RUNNING_UNSPECIFIED_NOINIT_FAST)
    monitorMutex                             0x2007c0e8   Data           4  wstmonitor.o(DATA_ANIM_RUNNING_UNSPECIFIED_NOINIT_FAST)
    memoryMutex                              0x2007c0f0   Data           4  wst_osw.o(DATA_RXF_RUNNING_UNSPECIFIED_NOINIT_FAST)
    mutexInitialized                         0x2007c0f4   Data           1  wst_osw.o(DATA_RXF_RUNNING_UNSPECIFIED_NOINIT_FAST)
    smallBuffers                             0x2007c0f8   Data         240  wst_mem.o(.bss)
    mediumBuffers                            0x2007c1e8   Data         216  wst_mem.o(.bss)
    largeBuffers                             0x2007c2c0   Data         200  wst_mem.o(.bss)
    wstMonitorTask                           0x2007c388   Data          20  wst_osw.o(.bss)
    wstTimerMngr                             0x2007c39c   Data          36  wst_osw.o(.bss)
    WST_TMM::inst                            0x2007c3d4   Data          16  wst_tmm.o(.bss)
    itsWST_TMR                               0x2007c3e4   Data        1280  wst_tmr.o(.bss)
    WSTReceiveTaskStackmem                   0x2007c8e4   Data         512  wstmonitor.o(.bss)
    monitorBuffer                            0x2007cae4   Data          32  wstmonitor.o(.bss)
    showedObject                             0x2007cb04   Data          32  wstmonitor.o(.bss)
    theMainTask                              0x2007cb24   Data          64  wstrtos.o(.bss)
    os_idle_TCB                              0x2007cc2c   Data          52  rt_task.o(.bss)
    os_rdy                                   0x2007cc60   Data          24  rt_list.o(.bss)
    os_dly                                   0x2007cc78   Data          24  rt_list.o(.bss)
    __libspace_start                         0x2007cc90   Data          96  libspace.o(.bss)
    __temporary_stack_top$libspace           0x2007ccf0   Data           0  libspace.o(.bss)



==============================================================================

Memory Map of the image

  Image Entry point : 0x000000cd

  Load Region LR_IROM1 (Base: 0x00000000, Size: 0x00009afc, Max: 0x00040000, ABSOLUTE)

    Execution Region ER_IROM1 (Base: 0x00000000, Size: 0x00009a04, Max: 0x00040000, ABSOLUTE)

    Base Addr    Size         Type   Attr      Idx    E Section Name        Object

    0x00000000   0x000000cc   Data   RO         1962    RESET               startup_lpc17xx.o
    0x000000cc   0x00000008   Code   RO         3267  * !!!main             c_w.l(__main.o)
    0x000000d4   0x00000034   Code   RO         3796    !!!scatter          c_w.l(__scatter.o)
    0x00000108   0x0000001a   Code   RO         3798    !!handler_copy      c_w.l(__scatter_copy.o)
    0x00000122   0x00000002   PAD
    0x00000124   0x0000001c   Code   RO         3800    !!handler_zi        c_w.l(__scatter_zi.o)
    0x00000140   0x00000000   Code   RO         3246    .ARM.Collect$$_printf_percent$$00000000  c_w.l(_printf_percent.o)
    0x00000140   0x00000006   Code   RO         3245    .ARM.Collect$$_printf_percent$$00000014  c_w.l(_printf_s.o)
    0x00000146   0x00000004   Code   RO         3484    .ARM.Collect$$_printf_percent$$00000017  c_w.l(_printf_percent_end.o)
    0x0000014a   0x00000002   Code   RO         3734    .ARM.Collect$$libinit$$00000000  c_w.l(libinit.o)
    0x0000014c   0x00000000   Code   RO         3489    .ARM.Collect$$libinit$$00000002  c_w.l(libinit2.o)
    0x0000014c   0x00000000   Code   RO         3491    .ARM.Collect$$libinit$$00000004  c_w.l(libinit2.o)
    0x0000014c   0x00000008   Code   RO         3492    .ARM.Collect$$libinit$$00000005  c_w.l(libinit2.o)
    0x00000154   0x00000000   Code   RO         3494    .ARM.Collect$$libinit$$0000000A  c_w.l(libinit2.o)
    0x00000154   0x00000000   Code   RO         3496    .ARM.Collect$$libinit$$0000000C  c_w.l(libinit2.o)
    0x00000154   0x00000000   Code   RO         3498    .ARM.Collect$$libinit$$0000000E  c_w.l(libinit2.o)
    0x00000154   0x00000000   Code   RO         3501    .ARM.Collect$$libinit$$00000011  c_w.l(libinit2.o)
    0x00000154   0x00000000   Code   RO         3503    .ARM.Collect$$libinit$$00000013  c_w.l(libinit2.o)
    0x00000154   0x00000000   Code   RO         3505    .ARM.Collect$$libinit$$00000015  c_w.l(libinit2.o)
    0x00000154   0x00000000   Code   RO         3507    .ARM.Collect$$libinit$$00000017  c_w.l(libinit2.o)
    0x00000154   0x00000000   Code   RO         3509    .ARM.Collect$$libinit$$00000019  c_w.l(libinit2.o)
    0x00000154   0x00000000   Code   RO         3511    .ARM.Collect$$libinit$$0000001B  c_w.l(libinit2.o)
    0x00000154   0x00000000   Code   RO         3513    .ARM.Collect$$libinit$$0000001D  c_w.l(libinit2.o)
    0x00000154   0x00000000   Code   RO         3515    .ARM.Collect$$libinit$$0000001F  c_w.l(libinit2.o)
    0x00000154   0x00000000   Code   RO         3517    .ARM.Collect$$libinit$$00000021  c_w.l(libinit2.o)
    0x00000154   0x00000000   Code   RO         3519    .ARM.Collect$$libinit$$00000023  c_w.l(libinit2.o)
    0x00000154   0x00000000   Code   RO         3521    .ARM.Collect$$libinit$$00000025  c_w.l(libinit2.o)
    0x00000154   0x00000000   Code   RO         3525    .ARM.Collect$$libinit$$0000002C  c_w.l(libinit2.o)
    0x00000154   0x00000000   Code   RO         3527    .ARM.Collect$$libinit$$0000002E  c_w.l(libinit2.o)
    0x00000154   0x00000000   Code   RO         3529    .ARM.Collect$$libinit$$00000030  c_w.l(libinit2.o)
    0x00000154   0x00000004   Code   RO         3530    .ARM.Collect$$libinit$$00000031  c_w.l(libinit2.o)
    0x00000158   0x00000000   Code   RO         3531    .ARM.Collect$$libinit$$00000032  c_w.l(libinit2.o)
    0x00000158   0x00000002   Code   RO         3532    .ARM.Collect$$libinit$$00000033  c_w.l(libinit2.o)
    0x0000015a   0x00000002   Code   RO         3735    .ARM.Collect$$libshutdown$$00000000  c_w.l(libshutdown.o)
    0x0000015c   0x00000006   Code   RO         3640    .ARM.Collect$$libshutdown$$00000001  c_w.l(libshutdown2.o)
    0x00000162   0x00000000   Code   RO         3641    .ARM.Collect$$libshutdown$$00000002  c_w.l(libshutdown2.o)
    0x00000162   0x00000000   Code   RO         3643    .ARM.Collect$$libshutdown$$00000004  c_w.l(libshutdown2.o)
    0x00000162   0x00000000   Code   RO         3646    .ARM.Collect$$libshutdown$$00000007  c_w.l(libshutdown2.o)
    0x00000162   0x00000000   Code   RO         3649    .ARM.Collect$$libshutdown$$0000000A  c_w.l(libshutdown2.o)
    0x00000162   0x00000000   Code   RO         3651    .ARM.Collect$$libshutdown$$0000000C  c_w.l(libshutdown2.o)
    0x00000162   0x00000000   Code   RO         3654    .ARM.Collect$$libshutdown$$0000000F  c_w.l(libshutdown2.o)
    0x00000162   0x00000002   Code   RO         3655    .ARM.Collect$$libshutdown$$00000010  c_w.l(libshutdown2.o)
    0x00000164   0x00000000   Code   RO         3400    .ARM.Collect$$rtentry$$00000000  c_w.l(__rtentry.o)
    0x00000164   0x00000000   Code   RO         3567    .ARM.Collect$$rtentry$$00000002  c_w.l(__rtentry2.o)
    0x00000164   0x00000006   Code   RO         3579    .ARM.Collect$$rtentry$$00000004  c_w.l(__rtentry4.o)
    0x0000016a   0x00000000   Code   RO         3569    .ARM.Collect$$rtentry$$00000009  c_w.l(__rtentry2.o)
    0x0000016a   0x00000004   Code   RO         3570    .ARM.Collect$$rtentry$$0000000A  c_w.l(__rtentry2.o)
    0x0000016e   0x00000008   Code   RO         3571    .ARM.Collect$$rtentry$$0000000B  c_w.l(__rtentry2.o)
    0x00000176   0x00000008   Code   RO         3573    .ARM.Collect$$rtentry$$0000000D  c_w.l(__rtentry2.o)
    0x0000017e   0x00000002   Code   RO         3401    .ARM.Collect$$rtexit$$00000000  c_w.l(rtexit.o)
    0x00000180   0x00000000   Code   RO         3582    .ARM.Collect$$rtexit$$00000002  c_w.l(rtexit2.o)
    0x00000180   0x00000004   Code   RO         3583    .ARM.Collect$$rtexit$$00000003  c_w.l(rtexit2.o)
    0x00000184   0x00000006   Code   RO         3584    .ARM.Collect$$rtexit$$00000004  c_w.l(rtexit2.o)
    0x0000018a   0x00000002   PAD
    0x0000018c   0x0000001c   Code   RO         1806    .emb_text           rtx_conf_cm.o
    0x000001a8   0x00000130   Code   RO         3174    .emb_text           RTX_CM3.lib(hal_cm3.o)
    0x000002d8   0x00000000   Code   RO         3705    .emb_text           c_w.l(maybetermalloc1.o)
    0x000002d8   0x0000000e   Code   RO          798    .text               rxf_behaviorpkg.o
    0x000002e6   0x00000006   Code   RO          861    .text               wst_err.o
    0x000002ec   0x00000008   Code   RO         3210    .text               c_w.l(libspace.o)
    0x000002f4   0x00000006   Code   RO         3265    .text               c_w.l(heapauxi.o)
    0x000002fa   0x00000002   Code   RO         3749    .text               c_w.l(use_no_semi.o)
    0x000002fc   0x00000004   Code   RO         1963    .ARM.__at_0x02FC    startup_lpc17xx.o
    0x00000300   0x0000015c   Code   RO            1    .text               defaultpkg.o
    0x0000045c   0x0000028c   Code   RO          216    .text               display.o
    0x000006e8   0x00000268   Code   RO          276    .text               joystick.o
    0x00000950   0x00000422   Code   RO          369    .text               led.o
    0x00000d72   0x00000002   PAD
    0x00000d74   0x00000314   Code   RO          400    .text               ledbar.o
    0x00001088   0x00000048   Code   RO          470    .text               mainmcb1700.o
    0x000010d0   0x000002c0   Code   RO          542    .text               runningindicatorled.o
    0x00001390   0x00000318   Code   RO          565    .text               testbuilder.o
    0x000016a8   0x000000f0   Code   RO          636    .text               uartcontroller.o
    0x00001798   0x0000006a   Code   RO          687    .text               wstmonitor_sendtypes.o
    0x00001802   0x0000001a   Code   RO          873    .text               wst_evt.o
    0x0000181c   0x000005b0   Code   RO          885    .text               wst_fsm.o
    0x00001dcc   0x00000350   Code   RO          992    .text               wst_mem.o
    0x0000211c   0x00000134   Code   RO         1020    .text               wst_msq.o
    0x00002250   0x000000a4   Code   RO         1080    .text               wst_mtx.o
    0x000022f4   0x0000001c   Code   RO         1230    .text               wst_rxf.o
    0x00002310   0x000002fc   Code   RO         1242    .text               wst_tmm.o
    0x0000260c   0x000000dc   Code   RO         1331    .text               wst_tmr.o
    0x000026e8   0x00000268   Code   RO         1398    .text               wst_tsk.o
    0x00002950   0x00000080   Code   RO         1558    .text               wstmonitorio_keil_cortexm3_itm.o
    0x000029d0   0x00000038   Code   RO         1580    .text               wstrtos.o
    0x00002a08   0x00000d2c   Code   RO         1747    .text               glcd_mcb1700.o
    0x00003734   0x000000a8   Code   RO         1807    .text               rtx_conf_cm.o
    0x000037dc   0x00000ef0   Code   RO         1837    .text               ssp_lpc17xx.o
    0x000046cc   0x000004e0   Code   RO         1888    .text               gpdma_lpc17xx.o
    0x00004bac   0x000000cc   Code   RO         1915    .text               gpio_lpc17xx.o
    0x00004c78   0x0000013c   Code   RO         1939    .text               pin_lpc17xx.o
    0x00004db4   0x00000040   Code   RO         1964    .text               startup_lpc17xx.o
    0x00004df4   0x000002f0   Code   RO         1973    .text               system_lpc17xx.o
    0x000050e4   0x000000ee   Code   RO         3213    .text               c_w.l(lludivv7m.o)
    0x000051d2   0x00000002   PAD
    0x000051d4   0x00000028   Code   RO         3219    .text               c_w.l(noretval__2sprintf.o)
    0x000051fc   0x00000068   Code   RO         3221    .text               c_w.l(__printf.o)
    0x00005264   0x00000052   Code   RO         3223    .text               c_w.l(_printf_str.o)
    0x000052b6   0x00000012   Code   RO         3247    .text               c_w.l(exit.o)
    0x000052c8   0x0000002e   Code   RO         3252    .text               c_w.l(aeabi_atexit.o)
    0x000052f6   0x0000008a   Code   RO         3257    .text               c_w.l(rt_memcpy_v6.o)
    0x00005380   0x00000064   Code   RO         3259    .text               c_w.l(rt_memcpy_w.o)
    0x000053e4   0x0000004e   Code   RO         3261    .text               c_w.l(rt_memclr_w.o)
    0x00005432   0x00000002   PAD
    0x00005434   0x00000080   Code   RO         3263    .text               c_w.l(strcmpv7m.o)
    0x000054b4   0x00000024   Code   RO         3272    .text               c_w.l(init_aeabi.o)
    0x000054d8   0x00000022   Code   RO         3397    .text               cpprt_w.l(aeabi_vec_dtor_noexceptions.o)
    0x000054fa   0x0000000a   Code   RO         3414    .text               c_w.l(rt_ddtor_pointer_addr_twolibspace.o)
    0x00005504   0x0000009e   Code   RO         3424    .text               c_w.l(h1_alloc_mt.o)
    0x000055a2   0x00000076   Code   RO         3426    .text               c_w.l(h1_free_mt.o)
    0x00005618   0x00000030   Code   RO         3478    .text               c_w.l(_printf_char_common.o)
    0x00005648   0x0000000a   Code   RO         3480    .text               c_w.l(_sputc.o)
    0x00005652   0x0000002c   Code   RO         3482    .text               c_w.l(_printf_char.o)
    0x0000567e   0x00000042   Code   RO         3485    .text               c_w.l(cxa_finalize.o)
    0x000056c0   0x0000000a   Code   RO         3595    .text               c_w.l(rt_heap_descriptor_twolibspace.o)
    0x000056ca   0x0000000a   Code   RO         3609    .text               c_w.l(rt_new_handler_addr_twolibspace.o)
    0x000056d4   0x00000004   Code   RO         3611    .text               c_w.l(hguard.o)
    0x000056d8   0x0000008a   Code   RO         3613    .text               c_w.l(init_alloc.o)
    0x00005762   0x00000012   Code   RO         3619    .text               c_w.l(h1_init_mt.o)
    0x00005774   0x00000004   Code   RO         3659    .text               cpprt_w.l(arm_newhandler_noexceptions.o)
    0x00005778   0x0000001a   Code   RO         3679    .text               cpprt_w.l(arm_exceptions_terminate.o)
    0x00005792   0x00000002   PAD
    0x00005794   0x00000050   Code   RO         3682    .text               cpprt_w.l(arm_exceptions_globs.o)
    0x000057e4   0x0000000c   Code   RO         3692    .text               c_w.l(sys_exit.o)
    0x000057f0   0x0000004a   Code   RO         3694    .text               c_w.l(sys_stackheap_outer.o)
    0x0000583a   0x0000000a   Code   RO         3701    .text               c_w.l(rt_eh_globals_addr_twolibspace.o)
    0x00005844   0x0000003e   Code   RO         3709    .text               c_w.l(h1_extend_mt.o)
    0x00005882   0x00000016   Code   RO         3711    .text               c_w.l(abort.o)
    0x00005898   0x0000000e   Code   RO         3717    .text               c_w.l(defsig_rtmem_outer.o)
    0x000058a6   0x0000003c   Code   RO         3739    .text               cpprt_w.l(arm_exceptions_mem.o)
    0x000058e2   0x00000000   Code   RO         3751    .text               c_w.l(indicate_semi.o)
    0x000058e2   0x0000000a   Code   RO         3758    .text               c_w.l(defsig_exit.o)
    0x000058ec   0x0000000e   Code   RO         3760    .text               c_w.l(defsig_abrt_outer.o)
    0x000058fa   0x00000002   PAD
    0x000058fc   0x00000050   Code   RO         3766    .text               c_w.l(defsig_rtmem_inner.o)
    0x0000594c   0x00000032   Code   RO         3774    .text               c_w.l(defsig_general.o)
    0x0000597e   0x00000002   PAD
    0x00005980   0x00000030   Code   RO         3776    .text               c_w.l(defsig_abrt_inner.o)
    0x000059b0   0x0000000e   Code   RO         3778    .text               c_w.l(sys_wrch.o)
    0x000059be   0x00000002   PAD
    0x000059c0   0x00000648   Code   RO         1465    CODE_ANIM_RUNNING_FAST  wstmonitor.o
    0x00006008   0x00000010   Code   RO           42    CODE_RXF_RUNNING_FAST  defaultpkg.o
    0x00006018   0x00000012   Code   RO           88    CODE_RXF_RUNNING_FAST  defaultpkg.o
    0x0000602a   0x00000002   PAD
    0x0000602c   0x00000516   Code   RO         1092    CODE_RXF_RUNNING_FAST  wst_osw.o
    0x00006542   0x00000002   PAD
    0x00006544   0x000000ac   Code   RO         1581    CODE_RXF_RUNNING_FAST  wstrtos.o
    0x000065f0   0x00000024   Code   RO         1651    CODE_RXF_RUNNING_FAST  wsttarget.o
    0x00006614   0x00000004   Code   RO         3205    SVC_TABLE           RTX_CM3.lib(svc_table.o)
    0x00006618   0x00000016   Code   RO           57    i._ZN14evReceivedDataD0Ev  defaultpkg.o
    0x0000662e   0x00000004   Code   RO           33    i._ZN14evReceivedDataD1Ev  defaultpkg.o
    0x00006632   0x00000016   Code   RO           60    i._ZN21evNewJoystickPositionD0Ev  defaultpkg.o
    0x00006648   0x00000004   Code   RO           36    i._ZN21evNewJoystickPositionD1Ev  defaultpkg.o
    0x0000664c   0x00000016   Code   RO           51    i._ZN4evOnD0Ev      defaultpkg.o
    0x00006662   0x00000004   Code   RO           27    i._ZN4evOnD1Ev      defaultpkg.o
    0x00006666   0x00000016   Code   RO           54    i._ZN5evOffD0Ev     defaultpkg.o
    0x0000667c   0x00000004   Code   RO           30    i._ZN5evOffD1Ev     defaultpkg.o
    0x00006680   0x00000018   Code   RO         1345    i._ZN7WST_TMRC1Ev   wst_tmr.o
    0x00006698   0x00000012   Code   RO         1265    i._ZN7WST_TMRD0Ev   wst_tmm.o
    0x000066aa   0x00000008   Code   RO         1259    i._ZN7WST_TMRD1Ev   wst_tmm.o
    0x000066b2   0x00000016   Code   RO           63    i._ZN7evBlinkD0Ev   defaultpkg.o
    0x000066c8   0x00000004   Code   RO           39    i._ZN7evBlinkD1Ev   defaultpkg.o
    0x000066cc   0x00000016   Code   RO           48    i._ZN8evToggleD0Ev  defaultpkg.o
    0x000066e2   0x00000004   Code   RO           24    i._ZN8evToggleD1Ev  defaultpkg.o
    0x000066e6   0x00000008   Code   RO         3279    i._ZdlPv            cpprt_w.l(delete.o)
    0x000066ee   0x00000008   Code   RO         3275    i._Znaj             cpprt_w.l(array_new.o)
    0x000066f6   0x00000002   PAD
    0x000066f8   0x00000028   Code   RO         3533    i._Znwj             cpprt_w.l(new.o)
    0x00006720   0x00000024   Code   RO         3394    i.__aeabi_vec_ctor_nocookie_nodtor  cpprt_w.l(aeabi_vec_ctor_nocookie_nodtor.o)
    0x00006744   0x00000010   Code   RO         3282    i.__cxa_guard_acquire  cpprt_w.l(cxa_guard_acquire.o)
    0x00006754   0x00000046   Code   RO         3073    i._init_box         RTX_CM3.lib(rt_membox.o)
    0x0000679a   0x00000002   PAD
    0x0000679c   0x00000030   Code   RO         3126    i.dbg_init          RTX_CM3.lib(hal_cm.o)
    0x000067cc   0x00000020   Code   RO         3127    i.dbg_task_notify   RTX_CM3.lib(hal_cm.o)
    0x000067ec   0x00000010   Code   RO         3128    i.dbg_task_switch   RTX_CM3.lib(hal_cm.o)
    0x000067fc   0x0000002a   Code   RO         2003    i.isrMessageGet     RTX_CM3.lib(rt_cmsis.o)
    0x00006826   0x0000002c   Code   RO         2004    i.isrMessagePut     RTX_CM3.lib(rt_cmsis.o)
    0x00006852   0x00000002   PAD
    0x00006854   0x00000056   Code   RO         2949    i.isr_mbx_receive   RTX_CM3.lib(rt_mailbox.o)
    0x000068aa   0x0000000e   Code   RO         2950    i.isr_mbx_send      RTX_CM3.lib(rt_mailbox.o)
    0x000068b8   0x00000018   Code   RO         2007    i.osDelay           RTX_CM3.lib(rt_cmsis.o)
    0x000068d0   0x00000024   Code   RO         2008    i.osKernelInitialize  RTX_CM3.lib(rt_cmsis.o)
    0x000068f4   0x00000024   Code   RO         2009    i.osKernelRunning   RTX_CM3.lib(rt_cmsis.o)
    0x00006918   0x0000006c   Code   RO         2010    i.osKernelStart     RTX_CM3.lib(rt_cmsis.o)
    0x00006984   0x0000002c   Code   RO         2018    i.osMessageCreate   RTX_CM3.lib(rt_cmsis.o)
    0x000069b0   0x00000018   Code   RO         2019    i.osMessageGet      RTX_CM3.lib(rt_cmsis.o)
    0x000069c8   0x00000018   Code   RO         2020    i.osMessagePut      RTX_CM3.lib(rt_cmsis.o)
    0x000069e0   0x0000002c   Code   RO         2021    i.osMutexCreate     RTX_CM3.lib(rt_cmsis.o)
    0x00006a0c   0x00000018   Code   RO         2022    i.osMutexDelete     RTX_CM3.lib(rt_cmsis.o)
    0x00006a24   0x00000018   Code   RO         2023    i.osMutexRelease    RTX_CM3.lib(rt_cmsis.o)
    0x00006a3c   0x00000018   Code   RO         2024    i.osMutexWait       RTX_CM3.lib(rt_cmsis.o)
    0x00006a54   0x0000002c   Code   RO         2036    i.osThreadCreate    RTX_CM3.lib(rt_cmsis.o)
    0x00006a80   0x00000018   Code   RO         2037    i.osThreadExit      RTX_CM3.lib(rt_cmsis.o)
    0x00006a98   0x00000018   Code   RO         2038    i.osThreadGetId     RTX_CM3.lib(rt_cmsis.o)
    0x00006ab0   0x00000018   Code   RO         2041    i.osThreadTerminate  RTX_CM3.lib(rt_cmsis.o)
    0x00006ac8   0x0000000c   Code   RO         2043    i.osTimerCall       RTX_CM3.lib(rt_cmsis.o)
    0x00006ad4   0x0000002c   Code   RO         2044    i.osTimerCreate     RTX_CM3.lib(rt_cmsis.o)
    0x00006b00   0x00000018   Code   RO         2046    i.osTimerStart      RTX_CM3.lib(rt_cmsis.o)
    0x00006b18   0x0000002c   Code   RO         2048    i.osTimerThread     RTX_CM3.lib(rt_cmsis.o)
    0x00006b44   0x00000028   Code   RO         2741    i.os_tick_init      RTX_CM3.lib(rt_system.o)
    0x00006b6c   0x00000002   Code   RO         2742    i.os_tick_irqack    RTX_CM3.lib(rt_system.o)
    0x00006b6e   0x0000001a   Code   RO         3074    i.rt_alloc_box      RTX_CM3.lib(rt_membox.o)
    0x00006b88   0x0000003e   Code   RO         3102    i.rt_alloc_mem      RTX_CM3.lib(rt_memory.o)
    0x00006bc6   0x00000002   PAD
    0x00006bc8   0x00000038   Code   RO         2622    i.rt_block          RTX_CM3.lib(rt_task.o)
    0x00006c00   0x00000070   Code   RO         2873    i.rt_dec_dly        RTX_CM3.lib(rt_list.o)
    0x00006c70   0x00000044   Code   RO         2623    i.rt_dispatch       RTX_CM3.lib(rt_task.o)
    0x00006cb4   0x00000006   Code   RO         3039    i.rt_dly_wait       RTX_CM3.lib(rt_time.o)
    0x00006cba   0x00000002   PAD
    0x00006cbc   0x00000050   Code   RO         2834    i.rt_evt_psh        RTX_CM3.lib(rt_event.o)
    0x00006d0c   0x0000002c   Code   RO         3075    i.rt_free_box       RTX_CM3.lib(rt_membox.o)
    0x00006d38   0x00000028   Code   RO         3103    i.rt_free_mem       RTX_CM3.lib(rt_memory.o)
    0x00006d60   0x00000028   Code   RO         2874    i.rt_get_first      RTX_CM3.lib(rt_list.o)
    0x00006d88   0x00000008   Code   RO         2053    i.rt_id2obj         RTX_CM3.lib(rt_cmsis.o)
    0x00006d90   0x00000048   Code   RO         2624    i.rt_init_context   RTX_CM3.lib(rt_task.o)
    0x00006dd8   0x0000001a   Code   RO         3104    i.rt_init_mem       RTX_CM3.lib(rt_memory.o)
    0x00006df2   0x00000002   PAD
    0x00006df4   0x00000080   Code   RO         3129    i.rt_init_stack     RTX_CM3.lib(hal_cm.o)
    0x00006e74   0x00000008   Code   RO         2951    i.rt_mbx_check      RTX_CM3.lib(rt_mailbox.o)
    0x00006e7c   0x0000001a   Code   RO         2952    i.rt_mbx_init       RTX_CM3.lib(rt_mailbox.o)
    0x00006e96   0x00000002   PAD
    0x00006e98   0x000000f0   Code   RO         2953    i.rt_mbx_psh        RTX_CM3.lib(rt_mailbox.o)
    0x00006f88   0x00000098   Code   RO         2954    i.rt_mbx_send       RTX_CM3.lib(rt_mailbox.o)
    0x00007020   0x000000b4   Code   RO         2955    i.rt_mbx_wait       RTX_CM3.lib(rt_mailbox.o)
    0x000070d4   0x00000044   Code   RO         2054    i.rt_ms2tick        RTX_CM3.lib(rt_cmsis.o)
    0x00007118   0x000000b0   Code   RO         2706    i.rt_mut_delete     RTX_CM3.lib(rt_mutex.o)
    0x000071c8   0x00000010   Code   RO         2707    i.rt_mut_init       RTX_CM3.lib(rt_mutex.o)
    0x000071d8   0x000000d8   Code   RO         2708    i.rt_mut_release    RTX_CM3.lib(rt_mutex.o)
    0x000072b0   0x00000078   Code   RO         2709    i.rt_mut_wait       RTX_CM3.lib(rt_mutex.o)
    0x00007328   0x0000007c   Code   RO         2745    i.rt_pop_req        RTX_CM3.lib(rt_system.o)
    0x000073a4   0x00000020   Code   RO         2746    i.rt_psh_req        RTX_CM3.lib(rt_system.o)
    0x000073c4   0x0000005c   Code   RO         2876    i.rt_psq_enq        RTX_CM3.lib(rt_list.o)
    0x00007420   0x00000048   Code   RO         2877    i.rt_put_dly        RTX_CM3.lib(rt_list.o)
    0x00007468   0x00000036   Code   RO         2878    i.rt_put_prio       RTX_CM3.lib(rt_list.o)
    0x0000749e   0x00000002   PAD
    0x000074a0   0x00000014   Code   RO         2879    i.rt_put_rdy_first  RTX_CM3.lib(rt_list.o)
    0x000074b4   0x00000034   Code   RO         2880    i.rt_resort_prio    RTX_CM3.lib(rt_list.o)
    0x000074e8   0x00000006   Code   RO         3130    i.rt_ret_val        RTX_CM3.lib(hal_cm.o)
    0x000074ee   0x00000008   Code   RO         3131    i.rt_ret_val2       RTX_CM3.lib(hal_cm.o)
    0x000074f6   0x00000028   Code   RO         2881    i.rt_rmv_dly        RTX_CM3.lib(rt_list.o)
    0x0000751e   0x00000002   PAD
    0x00007520   0x00000030   Code   RO         2882    i.rt_rmv_list       RTX_CM3.lib(rt_list.o)
    0x00007550   0x00000034   Code   RO         3000    i.rt_sem_psh        RTX_CM3.lib(rt_semaphore.o)
    0x00007584   0x00000024   Code   RO         2748    i.rt_stk_check      RTX_CM3.lib(rt_system.o)
    0x000075a8   0x00000028   Code   RO         2625    i.rt_switch_req     RTX_CM3.lib(rt_task.o)
    0x000075d0   0x000000cc   Code   RO         2626    i.rt_sys_init       RTX_CM3.lib(rt_task.o)
    0x0000769c   0x00000078   Code   RO         2627    i.rt_sys_start      RTX_CM3.lib(rt_task.o)
    0x00007714   0x00000040   Code   RO         2750    i.rt_systick        RTX_CM3.lib(rt_system.o)
    0x00007754   0x00000012   Code   RO         2055    i.rt_tid2ptcb       RTX_CM3.lib(rt_cmsis.o)
    0x00007766   0x00000002   PAD
    0x00007768   0x00000034   Code   RO         2056    i.rt_timer_insert   RTX_CM3.lib(rt_cmsis.o)
    0x0000779c   0x0000003c   Code   RO         2057    i.rt_timer_remove   RTX_CM3.lib(rt_cmsis.o)
    0x000077d8   0x00000088   Code   RO         2628    i.rt_tsk_create     RTX_CM3.lib(rt_task.o)
    0x00007860   0x0000017c   Code   RO         2629    i.rt_tsk_delete     RTX_CM3.lib(rt_task.o)
    0x000079dc   0x0000007c   Code   RO         2631    i.rt_tsk_prio       RTX_CM3.lib(rt_task.o)
    0x00007a58   0x00000010   Code   RO         2632    i.rt_tsk_self       RTX_CM3.lib(rt_task.o)
    0x00007a68   0x00000012   Code   RO         2058    i.svcDelay          RTX_CM3.lib(rt_cmsis.o)
    0x00007a7a   0x00000002   PAD
    0x00007a7c   0x00000070   Code   RO         2059    i.svcKernelInitialize  RTX_CM3.lib(rt_cmsis.o)
    0x00007aec   0x0000000c   Code   RO         2060    i.svcKernelRunning  RTX_CM3.lib(rt_cmsis.o)
    0x00007af8   0x00000048   Code   RO         2061    i.svcKernelStart    RTX_CM3.lib(rt_cmsis.o)
    0x00007b40   0x00000024   Code   RO         2064    i.svcMessageCreate  RTX_CM3.lib(rt_cmsis.o)
    0x00007b64   0x0000003a   Code   RO         2065    i.svcMessageGet     RTX_CM3.lib(rt_cmsis.o)
    0x00007b9e   0x00000036   Code   RO         2066    i.svcMessagePut     RTX_CM3.lib(rt_cmsis.o)
    0x00007bd4   0x0000001c   Code   RO         2067    i.svcMutexCreate    RTX_CM3.lib(rt_cmsis.o)
    0x00007bf0   0x0000001a   Code   RO         2068    i.svcMutexDelete    RTX_CM3.lib(rt_cmsis.o)
    0x00007c0a   0x00000022   Code   RO         2069    i.svcMutexRelease   RTX_CM3.lib(rt_cmsis.o)
    0x00007c2c   0x0000003a   Code   RO         2070    i.svcMutexWait      RTX_CM3.lib(rt_cmsis.o)
    0x00007c66   0x00000002   PAD
    0x00007c68   0x0000006c   Code   RO         2079    i.svcThreadCreate   RTX_CM3.lib(rt_cmsis.o)
    0x00007cd4   0x0000001c   Code   RO         2080    i.svcThreadGetId    RTX_CM3.lib(rt_cmsis.o)
    0x00007cf0   0x00000038   Code   RO         2083    i.svcThreadTerminate  RTX_CM3.lib(rt_cmsis.o)
    0x00007d28   0x00000018   Code   RO         2085    i.svcTimerCall      RTX_CM3.lib(rt_cmsis.o)
    0x00007d40   0x00000038   Code   RO         2086    i.svcTimerCreate    RTX_CM3.lib(rt_cmsis.o)
    0x00007d78   0x00000064   Code   RO         2088    i.svcTimerStart     RTX_CM3.lib(rt_cmsis.o)
    0x00007ddc   0x0000005c   Code   RO         2094    i.sysTimerTick      RTX_CM3.lib(rt_cmsis.o)
    0x00007e38   0x000018a0   Data   RO         1725    .constdata          glcd_fonts.o
    0x000096d8   0x00000068   Data   RO         1809    .constdata          rtx_conf_cm.o
    0x00009740   0x0000007c   Data   RO         1839    .constdata          ssp_lpc17xx.o
    0x000097bc   0x0000002c   Data   RO          576    .constdata__ZTV11TestBuilder  testbuilder.o
    0x000097e8   0x00000010   Data   RO          655    .constdata__ZTV14UartController  uartcontroller.o
    0x000097f8   0x00000014   Data   RO           19    .constdata__ZTV14evReceivedData  defaultpkg.o
    0x0000980c   0x00000044   Data   RO          553    .constdata__ZTV19RunningIndicatorLed  runningindicatorled.o
    0x00009850   0x00000014   Data   RO           21    .constdata__ZTV21evNewJoystickPosition  defaultpkg.o
    0x00009864   0x00000028   Data   RO          388    .constdata__ZTV3Led  led.o
    0x0000988c   0x00000014   Data   RO           15    .constdata__ZTV4evOn  defaultpkg.o
    0x000098a0   0x00000014   Data   RO           17    .constdata__ZTV5evOff  defaultpkg.o
    0x000098b4   0x0000002c   Data   RO          410    .constdata__ZTV6LedBar  ledbar.o
    0x000098e0   0x00000028   Data   RO          226    .constdata__ZTV7Display  display.o
    0x00009908   0x00000010   Data   RO           67    .constdata__ZTV7WST_EVT  defaultpkg.o
    0x00009918   0x00000024   Data   RO          896    .constdata__ZTV7WST_FSM  wst_fsm.o
    0x0000993c   0x00000010   Data   RO         1256    .constdata__ZTV7WST_TMR  wst_tmm.o
    0x0000994c   0x00000010   Data   RO         1411    .constdata__ZTV7WST_TSK  wst_tsk.o
    0x0000995c   0x00000014   Data   RO           23    .constdata__ZTV7evBlink  defaultpkg.o
    0x00009970   0x00000044   Data   RO          295    .constdata__ZTV8Joystick  joystick.o
    0x000099b4   0x00000014   Data   RO           13    .constdata__ZTV8evToggle  defaultpkg.o
    0x000099c8   0x00000030   Data   RO         3794    Region$$Table       anon$$obj.o
    0x000099f8   0x00000004   Data   RO         1246    .init_array         wst_tmm.o
    0x000099fc   0x00000004   Data   RO         1335    .init_array         wst_tmr.o
    0x00009a00   0x00000004   Data   RO         1585    .init_array         wstrtos.o
    0x00009a04   0x00000000   Data   RO         3270    .init_array         c_w.l(init_aeabi.o)


    Execution Region RW_IRAM1 (Base: 0x10000000, Size: 0x00002564, Max: 0x00008000, ABSOLUTE)

    Base Addr    Size         Type   Attr      Idx    E Section Name        Object

    0x10000000   0x00002564   Zero   RW         1808    .bss                rtx_conf_cm.o


    Execution Region RW_IRAM2 (Base: 0x2007c000, Size: 0x000020f0, Max: 0x00008000, ABSOLUTE)

    Base Addr    Size         Type   Attr      Idx    E Section Name        Object

    0x2007c000   0x0000000a   Data   RW          849    .data               wst_cfg_highwater.o
    0x2007c00a   0x00000002   PAD
    0x2007c00c   0x00000015   Data   RW          995    .data               wst_mem.o
    0x2007c021   0x00000003   PAD
    0x2007c024   0x00000005   Data   RW         1096    .data               wst_osw.o
    0x2007c029   0x00000003   PAD
    0x2007c02c   0x00000004   Data   RW         1334    .data               wst_tmr.o
    0x2007c030   0x00000005   Data   RW         1401    .data               wst_tsk.o
    0x2007c035   0x00000003   PAD
    0x2007c038   0x00000026   Data   RW         1468    .data               wstmonitor.o
    0x2007c05e   0x00000002   PAD
    0x2007c060   0x00000004   Data   RW         1560    .data               wstmonitorio_keil_cortexm3_itm.o
    0x2007c064   0x00000011   Data   RW         1748    .data               glcd_mcb1700.o
    0x2007c075   0x00000003   PAD
    0x2007c078   0x00000014   Data   RW         1810    .data               rtx_conf_cm.o
    0x2007c08c   0x00000010   Data   RW         1840    .data               ssp_lpc17xx.o
    0x2007c09c   0x00000008   Data   RW         1890    .data               gpdma_lpc17xx.o
    0x2007c0a4   0x00000004   Data   RW         1974    .data               system_lpc17xx.o
    0x2007c0a8   0x00000008   Data   RW         2097    .data               RTX_CM3.lib(rt_cmsis.o)
    0x2007c0b0   0x00000008   Data   RW         2634    .data               RTX_CM3.lib(rt_task.o)
    0x2007c0b8   0x00000008   Data   RW         2753    .data               RTX_CM3.lib(rt_system.o)
    0x2007c0c0   0x00000004   Data   RW         3043    .data               RTX_CM3.lib(rt_time.o)
    0x2007c0c4   0x00000001   Data   RW         3132    .data               RTX_CM3.lib(hal_cm.o)
    0x2007c0c5   0x00000003   PAD
    0x2007c0c8   0x00000024   Data   RW         1469    DATA_ANIM_RUNNING_UNSPECIFIED_NOINIT_FAST  wstmonitor.o
    0x2007c0ec   0x00000004   Data   RW         1586    DATA_RXF_RUNNING_32_INIT_FAST  wstrtos.o
    0x2007c0f0   0x00000005   Data   RW         1097    DATA_RXF_RUNNING_UNSPECIFIED_NOINIT_FAST  wst_osw.o
    0x2007c0f5   0x00000003   PAD
    0x2007c0f8   0x00000290   Zero   RW          994    .bss                wst_mem.o
    0x2007c388   0x0000004c   Zero   RW         1095    .bss                wst_osw.o
    0x2007c3d4   0x00000010   Zero   RW         1245    .bss                wst_tmm.o
    0x2007c3e4   0x00000500   Zero   RW         1333    .bss                wst_tmr.o
    0x2007c8e4   0x00000240   Zero   RW         1467    .bss                wstmonitor.o
    0x2007cb24   0x00000040   Zero   RW         1584    .bss                wstrtos.o
    0x2007cb64   0x00000028   Zero   RW         1838    .bss                ssp_lpc17xx.o
    0x2007cb8c   0x000000a0   Zero   RW         1889    .bss                gpdma_lpc17xx.o
    0x2007cc2c   0x00000034   Zero   RW         2633    .bss                RTX_CM3.lib(rt_task.o)
    0x2007cc60   0x00000030   Zero   RW         2883    .bss                RTX_CM3.lib(rt_list.o)
    0x2007cc90   0x00000060   Zero   RW         3211    .bss                c_w.l(libspace.o)
    0x2007ccf0   0x00001000   Zero   RW         1961    HEAP                startup_lpc17xx.o
    0x2007dcf0   0x00000400   Zero   RW         1960    STACK               startup_lpc17xx.o


==============================================================================

Image component sizes


      Code (inc. data)   RO Data    RW Data    ZI Data      Debug   Object Name

       538         30        136          0          0      31295   defaultpkg.o
       652        220         40          0          0      18883   display.o
         0          0       6304          0          0       5724   glcd_fonts.o
      3372         54          0         17          0      32318   glcd_mcb1700.o
      1248         50          0          8        160       5393   gpdma_lpc17xx.o
       204         10          0          0          0       1681   gpio_lpc17xx.o
       616         10         68          0          0      25589   joystick.o
      1058         32         40          0          0       7568   led.o
       788         22         44          0          0      28221   ledbar.o
        72          0          0          0          0      23674   mainmcb1700.o
       316          6          0          0          0       1348   pin_lpc17xx.o
       196         34        104         20       9572       8964   rtx_conf_cm.o
       704          6         68          0          0       6378   runningindicatorled.o
        14          0          0          0          0      13802   rxf_behaviorpkg.o
      3824         34        124         16         40      43943   ssp_lpc17xx.o
        68         30        204          0       5120        992   startup_lpc17xx.o
       752         30          0          4          0       1073   system_lpc17xx.o
       792          6         44          0          0      25965   testbuilder.o
       240         22         16          0          0       1216   uartcontroller.o
         0          0          0         10          0        220   wst_cfg_highwater.o
         6          0          0          0          0        560   wst_err.o
        26          0          0          0          0       1548   wst_evt.o
      1456         38         36          0          0      29995   wst_fsm.o
       848         66          0         21        656       3747   wst_mem.o
       308         10          0          0          0      18263   wst_msq.o
       164          0          0          0          0       1724   wst_mtx.o
      1302         44          0         10         76      27175   wst_osw.o
        28          4          0          0          0        776   wst_rxf.o
       790         20         20          0         16      21895   wst_tmm.o
       244         36          4          4       1280      18675   wst_tmr.o
       616         34         16          5          0      19823   wst_tsk.o
      1608        122          0         74        576      26583   wstmonitor.o
       106          0          0          0          0      18481   wstmonitor_sendtypes.o
       128         24          0          4          0       2193   wstmonitorio_keil_cortexm3_itm.o
       228         44          4          4         64      19983   wstrtos.o
        36          0          0          0          0       4317   wsttarget.o

    ----------------------------------------------------------------------
     23354       1038       7320        216      17560     499985   Object Totals
         0          0         48          0          0          0   (incl. Generated)
         6          0          0         19          0          0   (incl. Padding)

    ----------------------------------------------------------------------

      Code (inc. data)   RO Data    RW Data    ZI Data      Debug   Library Member Name

       238         24          0          1          0       3312   hal_cm.o
       304         36          0          0          0        768   hal_cm3.o
      1916        236          0          8          0      45802   rt_cmsis.o
        80          4          0          0          0        661   rt_event.o
       530         34          0          0         48       8253   rt_list.o
       706         14          0          0          0       4787   rt_mailbox.o
       140          0          0          0          0       1925   rt_membox.o
       128          0          0          0          0       2307   rt_memory.o
       528         22          0          0          0       2861   rt_mutex.o
        52          4          0          0          0        573   rt_semaphore.o
       298         52          0          8          0       6223   rt_system.o
      1216        174          0          8         52       9649   rt_task.o
         6          0          0          4          0        652   rt_time.o
         4          4          0          0          0        208   svc_table.o
         8          0          0          0          0         68   __main.o
       104          0          0          0          0         84   __printf.o
         0          0          0          0          0          0   __rtentry.o
        20          0          0          0          0          0   __rtentry2.o
         6          0          0          0          0          0   __rtentry4.o
        52          8          0          0          0          0   __scatter.o
        26          0          0          0          0          0   __scatter_copy.o
        28          0          0          0          0          0   __scatter_zi.o
        44          0          0          0          0        108   _printf_char.o
        48          6          0          0          0         96   _printf_char_common.o
         0          0          0          0          0          0   _printf_percent.o
         4          0          0          0          0          0   _printf_percent_end.o
         6          0          0          0          0          0   _printf_s.o
        82          0          0          0          0         80   _printf_str.o
        10          0          0          0          0         68   _sputc.o
        22          0          0          0          0         80   abort.o
        46          0          0          0          0         84   aeabi_atexit.o
        66          0          0          0          0         84   cxa_finalize.o
        48         34          0          0          0         76   defsig_abrt_inner.o
        14          0          0          0          0         80   defsig_abrt_outer.o
        10          0          0          0          0         68   defsig_exit.o
        50          0          0          0          0         88   defsig_general.o
        80         58          0          0          0         76   defsig_rtmem_inner.o
        14          0          0          0          0         80   defsig_rtmem_outer.o
        18          0          0          0          0         80   exit.o
       158          0          0          0          0        128   h1_alloc_mt.o
        62          0          0          0          0         80   h1_extend_mt.o
       118          0          0          0          0        108   h1_free_mt.o
        18          0          0          0          0         84   h1_init_mt.o
         6          0          0          0          0        152   heapauxi.o
         4          0          0          0          0        136   hguard.o
         0          0          0          0          0          0   indicate_semi.o
        36         10          0          0          0         80   init_aeabi.o
       138          0          0          0          0        168   init_alloc.o
         2          0          0          0          0          0   libinit.o
        14          0          0          0          0          0   libinit2.o
         2          0          0          0          0          0   libshutdown.o
         8          0          0          0          0          0   libshutdown2.o
         8          4          0          0         96         68   libspace.o
       238          0          0          0          0        100   lludivv7m.o
         0          0          0          0          0          0   maybetermalloc1.o
        40          6          0          0          0         84   noretval__2sprintf.o
        10          0          0          0          0         76   rt_ddtor_pointer_addr_twolibspace.o
        10          0          0          0          0         76   rt_eh_globals_addr_twolibspace.o
        10          0          0          0          0         76   rt_heap_descriptor_twolibspace.o
        78          0          0          0          0         80   rt_memclr_w.o
       138          0          0          0          0         68   rt_memcpy_v6.o
       100          0          0          0          0         80   rt_memcpy_w.o
        10          0          0          0          0         76   rt_new_handler_addr_twolibspace.o
         2          0          0          0          0          0   rtexit.o
        10          0          0          0          0          0   rtexit2.o
       128          0          0          0          0         68   strcmpv7m.o
        12          4          0          0          0         68   sys_exit.o
        74          0          0          0          0         80   sys_stackheap_outer.o
        14          0          0          0          0         76   sys_wrch.o
         2          0          0          0          0         68   use_no_semi.o
        36          0          0          0          0         84   aeabi_vec_ctor_nocookie_nodtor.o
        34          0          0          0          0         84   aeabi_vec_dtor_noexceptions.o
        80         12          0          0          0        104   arm_exceptions_globs.o
        60          0          0          0          0        108   arm_exceptions_mem.o
        26          0          0          0          0         76   arm_exceptions_terminate.o
         4          0          0          0          0         68   arm_newhandler_noexceptions.o
         8          0          0          0          0         76   array_new.o
        16          0          0          0          0         68   cxa_guard_acquire.o
         8          0          0          0          0         76   delete.o
        40          6          0          0          0         76   new.o

    ----------------------------------------------------------------------
      8754        752          0         32        196      92181   Library Totals
        40          0          0          3          0          0   (incl. Padding)

    ----------------------------------------------------------------------

      Code (inc. data)   RO Data    RW Data    ZI Data      Debug   Library Name

      6146        604          0         29        100      87981   RTX_CM3.lib
      2256        130          0          0         96       3380   c_w.l
       312         18          0          0          0        820   cpprt_w.l

    ----------------------------------------------------------------------
      8754        752          0         32        196      92181   Library Totals

    ----------------------------------------------------------------------

==============================================================================


      Code (inc. data)   RO Data    RW Data    ZI Data      Debug   

     32108       1790       7320        248      17756     580618   Grand Totals
     32108       1790       7320        248      17756     580618   ELF Image Totals
     32108       1790       7320        248          0          0   ROM Totals

==============================================================================

    Total RO  Size (Code + RO Data)                39428 (  38.50kB)
    Total RW  Size (RW Data + ZI Data)             18004 (  17.58kB)
    Total ROM Size (Code + RO Data + RW Data)      39676 (  38.75kB)

==============================================================================

